{"obj": {"type": "AssignString", "path": ["sys", "name"], "value": "2-Foldtest_size_0.2_RF"}, "version": 1, "at": 1712078826.1867368}
{"obj": {"type": "AssignString", "path": ["sys", "description"], "value": ""}, "version": 2, "at": 1712078826.186978}
{"obj": {"type": "AssignString", "path": ["monitoring", "9b051070", "hostname"], "value": "156.4.20.172.s.wireless.uri.edu"}, "version": 3, "at": 1712078826.187082}
{"obj": {"type": "AssignString", "path": ["sys", "hostname"], "value": "156.4.20.172.s.wireless.uri.edu"}, "version": 4, "at": 1712078826.187149}
{"obj": {"type": "AssignString", "path": ["monitoring", "9b051070", "pid"], "value": "27094"}, "version": 5, "at": 1712078826.187213}
{"obj": {"type": "AssignString", "path": ["monitoring", "9b051070", "tid"], "value": "140704701883968"}, "version": 6, "at": 1712078826.1872761}
{"obj": {"type": "AssignBool", "path": ["sys", "failed"], "value": false}, "version": 7, "at": 1712078826.1873229}
{"obj": {"type": "UploadFile", "path": ["data", "feature_table"], "ext": "html", "file_path": null, "tmp_file_name": "data_feature_table-1712078829.921653-2024-04-02_13.27.09.921653.html", "clean_after_upload": false}, "version": 8, "at": 1712078829.926025}
{"obj": {"type": "UploadFile", "path": ["data", "test_data"], "ext": "html", "file_path": null, "tmp_file_name": "data_test_data-1712078841.591886-2024-04-02_13.27.21.591886.html", "clean_after_upload": false}, "version": 9, "at": 1712078841.5923688}
{"obj": {"type": "AssignString", "path": ["cls_summary", "all_params", "memory"], "value": "None"}, "version": 10, "at": 1712078843.0125701}
{"obj": {"type": "AssignString", "path": ["cls_summary", "all_params", "steps"], "value": "[('rf', RandomForestClassifier(min_samples_split=5, random_state=8))]"}, "version": 11, "at": 1712078843.013067}
{"obj": {"type": "AssignBool", "path": ["cls_summary", "all_params", "verbose"], "value": false}, "version": 12, "at": 1712078843.013191}
{"obj": {"type": "AssignString", "path": ["cls_summary", "all_params", "rf"], "value": "RandomForestClassifier(min_samples_split=5, random_state=8)"}, "version": 13, "at": 1712078843.013498}
{"obj": {"type": "AssignBool", "path": ["cls_summary", "all_params", "rf__bootstrap"], "value": true}, "version": 14, "at": 1712078843.0135849}
{"obj": {"type": "AssignFloat", "path": ["cls_summary", "all_params", "rf__ccp_alpha"], "value": 0.0}, "version": 15, "at": 1712078843.013728}
{"obj": {"type": "AssignString", "path": ["cls_summary", "all_params", "rf__class_weight"], "value": "None"}, "version": 16, "at": 1712078843.014006}
{"obj": {"type": "AssignString", "path": ["cls_summary", "all_params", "rf__criterion"], "value": "gini"}, "version": 17, "at": 1712078843.014165}
{"obj": {"type": "AssignString", "path": ["cls_summary", "all_params", "rf__max_depth"], "value": "None"}, "version": 18, "at": 1712078843.0142999}
{"obj": {"type": "AssignString", "path": ["cls_summary", "all_params", "rf__max_features"], "value": "sqrt"}, "version": 19, "at": 1712078843.014389}
{"obj": {"type": "AssignString", "path": ["cls_summary", "all_params", "rf__max_leaf_nodes"], "value": "None"}, "version": 20, "at": 1712078843.0144892}
{"obj": {"type": "AssignString", "path": ["cls_summary", "all_params", "rf__max_samples"], "value": "None"}, "version": 21, "at": 1712078843.014564}
{"obj": {"type": "AssignFloat", "path": ["cls_summary", "all_params", "rf__min_impurity_decrease"], "value": 0.0}, "version": 22, "at": 1712078843.0146408}
{"obj": {"type": "AssignInt", "path": ["cls_summary", "all_params", "rf__min_samples_leaf"], "value": 1}, "version": 23, "at": 1712078843.0147352}
{"obj": {"type": "AssignInt", "path": ["cls_summary", "all_params", "rf__min_samples_split"], "value": 5}, "version": 24, "at": 1712078843.014814}
{"obj": {"type": "AssignFloat", "path": ["cls_summary", "all_params", "rf__min_weight_fraction_leaf"], "value": 0.0}, "version": 25, "at": 1712078843.0148962}
{"obj": {"type": "AssignInt", "path": ["cls_summary", "all_params", "rf__n_estimators"], "value": 100}, "version": 26, "at": 1712078843.014977}
{"obj": {"type": "AssignString", "path": ["cls_summary", "all_params", "rf__n_jobs"], "value": "None"}, "version": 27, "at": 1712078843.015109}
{"obj": {"type": "AssignBool", "path": ["cls_summary", "all_params", "rf__oob_score"], "value": false}, "version": 28, "at": 1712078843.0153868}
{"obj": {"type": "AssignInt", "path": ["cls_summary", "all_params", "rf__random_state"], "value": 8}, "version": 29, "at": 1712078843.015746}
{"obj": {"type": "AssignInt", "path": ["cls_summary", "all_params", "rf__verbose"], "value": 0}, "version": 30, "at": 1712078843.015948}
{"obj": {"type": "AssignBool", "path": ["cls_summary", "all_params", "rf__warm_start"], "value": false}, "version": 31, "at": 1712078843.016104}
{"obj": {"type": "UploadFile", "path": ["cls_summary", "pickled_model"], "ext": "pkl", "file_path": null, "tmp_file_name": "cls_summary_pickled_model-1712078843.016352-2024-04-02_13.27.23.016352.pkl", "clean_after_upload": false}, "version": 32, "at": 1712078843.017185}
{"obj": {"type": "UploadFile", "path": ["cls_summary", "test", "preds"], "ext": "html", "file_path": null, "tmp_file_name": "cls_summary_test_preds-1712078843.017529-2024-04-02_13.27.23.017529.html", "clean_after_upload": false}, "version": 33, "at": 1712078843.018477}
{"obj": {"type": "UploadFile", "path": ["cls_summary", "test", "preds_proba"], "ext": "html", "file_path": null, "tmp_file_name": "cls_summary_test_preds_proba-1712078843.018895-2024-04-02_13.27.23.018895.html", "clean_after_upload": false}, "version": 34, "at": 1712078843.019525}
{"obj": {"type": "AssignFloat", "path": ["cls_summary", "test", "scores", "class_0", "precision"], "value": 0.8333333333333334}, "version": 35, "at": 1712078843.020231}
{"obj": {"type": "AssignFloat", "path": ["cls_summary", "test", "scores", "class_0", "recall"], "value": 1.0}, "version": 36, "at": 1712078843.020465}
{"obj": {"type": "AssignFloat", "path": ["cls_summary", "test", "scores", "class_0", "fbeta_score"], "value": 0.9090909090909091}, "version": 37, "at": 1712078843.020704}
{"obj": {"type": "AssignFloat", "path": ["cls_summary", "test", "scores", "class_0", "support"], "value": 25.0}, "version": 38, "at": 1712078843.0209112}
{"obj": {"type": "AssignFloat", "path": ["cls_summary", "test", "scores", "class_1", "precision"], "value": 1.0}, "version": 39, "at": 1712078843.021191}
{"obj": {"type": "AssignFloat", "path": ["cls_summary", "test", "scores", "class_1", "recall"], "value": 0.8}, "version": 40, "at": 1712078843.021364}
{"obj": {"type": "AssignFloat", "path": ["cls_summary", "test", "scores", "class_1", "fbeta_score"], "value": 0.888888888888889}, "version": 41, "at": 1712078843.021541}
{"obj": {"type": "AssignFloat", "path": ["cls_summary", "test", "scores", "class_1", "support"], "value": 25.0}, "version": 42, "at": 1712078843.0216892}
{"obj": {"type": "UploadFile", "path": ["cls_summary", "diagnostics_charts", "classification_report"], "ext": "png", "file_path": null, "tmp_file_name": "cls_summary_diagnostics_charts_classification_report-1712078843.022007-2024-04-02_13.27.23.022007.png", "clean_after_upload": false}, "version": 43, "at": 1712078843.02266}
{"obj": {"type": "UploadFile", "path": ["cls_summary", "diagnostics_charts", "confusion_matrix"], "ext": "png", "file_path": null, "tmp_file_name": "cls_summary_diagnostics_charts_confusion_matrix-1712078843.022983-2024-04-02_13.27.23.022983.png", "clean_after_upload": false}, "version": 44, "at": 1712078843.0235891}
{"obj": {"type": "UploadFile", "path": ["cls_summary", "diagnostics_charts", "ROC_AUC"], "ext": "png", "file_path": null, "tmp_file_name": "cls_summary_diagnostics_charts_ROC_AUC-1712078843.023899-2024-04-02_13.27.23.023899.png", "clean_after_upload": false}, "version": 45, "at": 1712078843.024249}
{"obj": {"type": "UploadFile", "path": ["cls_summary", "diagnostics_charts", "precision_recall"], "ext": "png", "file_path": null, "tmp_file_name": "cls_summary_diagnostics_charts_precision_recall-1712078843.024391-2024-04-02_13.27.23.024391.png", "clean_after_upload": false}, "version": 46, "at": 1712078843.024736}
{"obj": {"type": "UploadFile", "path": ["cls_summary", "diagnostics_charts", "class_prediction_error"], "ext": "png", "file_path": null, "tmp_file_name": "cls_summary_diagnostics_charts_class_prediction_error-1712078843.025054-2024-04-02_13.27.23.025054.png", "clean_after_upload": false}, "version": 47, "at": 1712078843.025398}
{"obj": {"type": "AssignString", "path": ["cls_summary", "integration", "about", "neptune-sklearn"], "value": "2.1.0"}, "version": 48, "at": 1712078843.025612}
{"obj": {"type": "AssignInt", "path": ["params", "rf__min_samples_split"], "value": 5}, "version": 49, "at": 1712078843.025911}
{"obj": {"type": "AssignInt", "path": ["params", "rf__n_estimators"], "value": 100}, "version": 50, "at": 1712078843.026129}
{"obj": {"type": "UploadFile", "path": ["feature_importance"], "ext": "png", "file_path": "/Users/shehjarsadhu/Desktop/UniversityOfRhodeIsland/Graduate/WBL/Project_Q2Behave/GitQ2Bheave/q2behave_data_analysis/jupyternotebooks/ML_Toolbox/feature_importance.png", "tmp_file_name": null, "clean_after_upload": false}, "version": 51, "at": 1712078854.2768881}
{"obj": {"type": "UploadFile", "path": ["roc_curve"], "ext": "png", "file_path": "/Users/shehjarsadhu/Desktop/UniversityOfRhodeIsland/Graduate/WBL/Project_Q2Behave/GitQ2Bheave/q2behave_data_analysis/jupyternotebooks/ML_Toolbox/roc_curve_class.png", "tmp_file_name": null, "clean_after_upload": false}, "version": 52, "at": 1712078854.409866}
{"obj": {"type": "AssignFloat", "path": ["precision"], "value": 0.9166666666666667}, "version": 53, "at": 1712078854.9050791}
{"obj": {"type": "AssignFloat", "path": ["recall"], "value": 0.9}, "version": 54, "at": 1712078854.905608}
{"obj": {"type": "AssignFloat", "path": ["f1_score"], "value": 0.898989898989899}, "version": 55, "at": 1712078854.905848}
{"obj": {"type": "AssignFloat", "path": ["mean_train_accuracy"], "value": 1.0}, "version": 56, "at": 1712078854.906092}
{"obj": {"type": "AssignFloat", "path": ["mean_test_accuracy"], "value": 0.92}, "version": 57, "at": 1712078854.906226}
{"obj": {"type": "AssignFloat", "path": ["mean_sensitivity"], "value": 0.9}, "version": 58, "at": 1712078854.906343}
