{"obj": {"type": "AssignString", "path": ["sys", "name"], "value": "2-Foldtest_size_0.2_RF"}, "version": 1, "at": 1712093361.5878248}
{"obj": {"type": "AssignString", "path": ["sys", "description"], "value": ""}, "version": 2, "at": 1712093361.588077}
{"obj": {"type": "AssignString", "path": ["monitoring", "11ca8da0", "hostname"], "value": "156.4.20.172.s.wireless.uri.edu"}, "version": 3, "at": 1712093361.588192}
{"obj": {"type": "AssignString", "path": ["sys", "hostname"], "value": "156.4.20.172.s.wireless.uri.edu"}, "version": 4, "at": 1712093361.588278}
{"obj": {"type": "AssignString", "path": ["monitoring", "11ca8da0", "pid"], "value": "85285"}, "version": 5, "at": 1712093361.588363}
{"obj": {"type": "AssignString", "path": ["monitoring", "11ca8da0", "tid"], "value": "140704701883968"}, "version": 6, "at": 1712093361.5884428}
{"obj": {"type": "AssignBool", "path": ["sys", "failed"], "value": false}, "version": 7, "at": 1712093361.588508}
{"obj": {"type": "UploadFile", "path": ["data", "feature_table"], "ext": "html", "file_path": null, "tmp_file_name": "data_feature_table-1712093370.932987-2024-04-02_17.29.30.932987.html", "clean_after_upload": false}, "version": 8, "at": 1712093370.955644}
{"obj": {"type": "AssignString", "path": ["original"], "value": "type\n0    10749\n1     6399\nName: count, dtype: int64"}, "version": 9, "at": 1712093370.958285}
{"obj": {"type": "AssignString", "path": ["train_samples_undersampled"], "value": "type\n0    6399\n1    6399\nName: count, dtype: int64"}, "version": 10, "at": 1712093370.958776}
{"obj": {"type": "AssignString", "path": ["test_samples_undersampled"], "value": "type\n1    1280\n0    1280\nName: count, dtype: int64"}, "version": 11, "at": 1712093370.9591649}
{"obj": {"type": "UploadFile", "path": ["data", "test_data"], "ext": "html", "file_path": null, "tmp_file_name": "data_test_data-1712093508.649575-2024-04-02_17.31.48.649575.html", "clean_after_upload": false}, "version": 12, "at": 1712093508.65348}
{"obj": {"type": "AssignString", "path": ["cls_summary", "all_params", "memory"], "value": "None"}, "version": 13, "at": 1712093511.614666}
{"obj": {"type": "AssignString", "path": ["cls_summary", "all_params", "steps"], "value": "[('rf', RandomForestClassifier(n_estimators=300, random_state=8))]"}, "version": 14, "at": 1712093511.6153998}
{"obj": {"type": "AssignBool", "path": ["cls_summary", "all_params", "verbose"], "value": false}, "version": 15, "at": 1712093511.6155698}
{"obj": {"type": "AssignString", "path": ["cls_summary", "all_params", "rf"], "value": "RandomForestClassifier(n_estimators=300, random_state=8)"}, "version": 16, "at": 1712093511.616053}
{"obj": {"type": "AssignBool", "path": ["cls_summary", "all_params", "rf__bootstrap"], "value": true}, "version": 17, "at": 1712093511.616128}
{"obj": {"type": "AssignFloat", "path": ["cls_summary", "all_params", "rf__ccp_alpha"], "value": 0.0}, "version": 18, "at": 1712093511.6162298}
{"obj": {"type": "AssignString", "path": ["cls_summary", "all_params", "rf__class_weight"], "value": "None"}, "version": 19, "at": 1712093511.6163058}
{"obj": {"type": "AssignString", "path": ["cls_summary", "all_params", "rf__criterion"], "value": "gini"}, "version": 20, "at": 1712093511.6163719}
{"obj": {"type": "AssignString", "path": ["cls_summary", "all_params", "rf__max_depth"], "value": "None"}, "version": 21, "at": 1712093511.616438}
{"obj": {"type": "AssignString", "path": ["cls_summary", "all_params", "rf__max_features"], "value": "sqrt"}, "version": 22, "at": 1712093511.6165}
{"obj": {"type": "AssignString", "path": ["cls_summary", "all_params", "rf__max_leaf_nodes"], "value": "None"}, "version": 23, "at": 1712093511.616621}
{"obj": {"type": "AssignString", "path": ["cls_summary", "all_params", "rf__max_samples"], "value": "None"}, "version": 24, "at": 1712093511.616713}
{"obj": {"type": "AssignFloat", "path": ["cls_summary", "all_params", "rf__min_impurity_decrease"], "value": 0.0}, "version": 25, "at": 1712093511.616808}
{"obj": {"type": "AssignInt", "path": ["cls_summary", "all_params", "rf__min_samples_leaf"], "value": 1}, "version": 26, "at": 1712093511.616881}
{"obj": {"type": "AssignInt", "path": ["cls_summary", "all_params", "rf__min_samples_split"], "value": 2}, "version": 27, "at": 1712093511.6169422}
{"obj": {"type": "AssignFloat", "path": ["cls_summary", "all_params", "rf__min_weight_fraction_leaf"], "value": 0.0}, "version": 28, "at": 1712093511.617057}
{"obj": {"type": "AssignInt", "path": ["cls_summary", "all_params", "rf__n_estimators"], "value": 300}, "version": 29, "at": 1712093511.617116}
{"obj": {"type": "AssignString", "path": ["cls_summary", "all_params", "rf__n_jobs"], "value": "None"}, "version": 30, "at": 1712093511.617245}
{"obj": {"type": "AssignBool", "path": ["cls_summary", "all_params", "rf__oob_score"], "value": false}, "version": 31, "at": 1712093511.6173298}
{"obj": {"type": "AssignInt", "path": ["cls_summary", "all_params", "rf__random_state"], "value": 8}, "version": 32, "at": 1712093511.617416}
{"obj": {"type": "AssignInt", "path": ["cls_summary", "all_params", "rf__verbose"], "value": 0}, "version": 33, "at": 1712093511.61747}
{"obj": {"type": "AssignBool", "path": ["cls_summary", "all_params", "rf__warm_start"], "value": false}, "version": 34, "at": 1712093511.617592}
{"obj": {"type": "UploadFile", "path": ["cls_summary", "pickled_model"], "ext": "pkl", "file_path": null, "tmp_file_name": "cls_summary_pickled_model-1712093511.617677-2024-04-02_17.31.51.617677.pkl", "clean_after_upload": false}, "version": 35, "at": 1712093511.7536151}
{"obj": {"type": "UploadFile", "path": ["cls_summary", "test", "preds"], "ext": "html", "file_path": null, "tmp_file_name": "cls_summary_test_preds-1712093511.754027-2024-04-02_17.31.51.754027.html", "clean_after_upload": false}, "version": 36, "at": 1712093511.7546492}
{"obj": {"type": "UploadFile", "path": ["cls_summary", "test", "preds_proba"], "ext": "html", "file_path": null, "tmp_file_name": "cls_summary_test_preds_proba-1712093511.754876-2024-04-02_17.31.51.754876.html", "clean_after_upload": false}, "version": 37, "at": 1712093511.755998}
{"obj": {"type": "AssignFloat", "path": ["cls_summary", "test", "scores", "class_0", "precision"], "value": 0.8270462633451957}, "version": 38, "at": 1712093511.7564769}
{"obj": {"type": "AssignFloat", "path": ["cls_summary", "test", "scores", "class_0", "recall"], "value": 0.9078125}, "version": 39, "at": 1712093511.756757}
{"obj": {"type": "AssignFloat", "path": ["cls_summary", "test", "scores", "class_0", "fbeta_score"], "value": 0.8655493482309125}, "version": 40, "at": 1712093511.756922}
{"obj": {"type": "AssignFloat", "path": ["cls_summary", "test", "scores", "class_0", "support"], "value": 1280.0}, "version": 41, "at": 1712093511.757091}
{"obj": {"type": "AssignFloat", "path": ["cls_summary", "test", "scores", "class_1", "precision"], "value": 0.8978354978354979}, "version": 42, "at": 1712093511.757306}
{"obj": {"type": "AssignFloat", "path": ["cls_summary", "test", "scores", "class_1", "recall"], "value": 0.81015625}, "version": 43, "at": 1712093511.75739}
{"obj": {"type": "AssignFloat", "path": ["cls_summary", "test", "scores", "class_1", "fbeta_score"], "value": 0.8517453798767969}, "version": 44, "at": 1712093511.7574542}
{"obj": {"type": "AssignFloat", "path": ["cls_summary", "test", "scores", "class_1", "support"], "value": 1280.0}, "version": 45, "at": 1712093511.757518}
{"obj": {"type": "UploadFile", "path": ["cls_summary", "diagnostics_charts", "classification_report"], "ext": "png", "file_path": null, "tmp_file_name": "cls_summary_diagnostics_charts_classification_report-1712093511.757676-2024-04-02_17.31.51.757676.png", "clean_after_upload": false}, "version": 46, "at": 1712093511.758046}
{"obj": {"type": "UploadFile", "path": ["cls_summary", "diagnostics_charts", "confusion_matrix"], "ext": "png", "file_path": null, "tmp_file_name": "cls_summary_diagnostics_charts_confusion_matrix-1712093511.758271-2024-04-02_17.31.51.758271.png", "clean_after_upload": false}, "version": 47, "at": 1712093511.758804}
{"obj": {"type": "UploadFile", "path": ["cls_summary", "diagnostics_charts", "ROC_AUC"], "ext": "png", "file_path": null, "tmp_file_name": "cls_summary_diagnostics_charts_ROC_AUC-1712093511.759005-2024-04-02_17.31.51.759005.png", "clean_after_upload": false}, "version": 48, "at": 1712093511.759386}
{"obj": {"type": "UploadFile", "path": ["cls_summary", "diagnostics_charts", "precision_recall"], "ext": "png", "file_path": null, "tmp_file_name": "cls_summary_diagnostics_charts_precision_recall-1712093511.759578-2024-04-02_17.31.51.759578.png", "clean_after_upload": false}, "version": 49, "at": 1712093511.759994}
{"obj": {"type": "UploadFile", "path": ["cls_summary", "diagnostics_charts", "class_prediction_error"], "ext": "png", "file_path": null, "tmp_file_name": "cls_summary_diagnostics_charts_class_prediction_error-1712093511.760189-2024-04-02_17.31.51.760189.png", "clean_after_upload": false}, "version": 50, "at": 1712093511.760522}
{"obj": {"type": "AssignString", "path": ["cls_summary", "integration", "about", "neptune-sklearn"], "value": "2.1.0"}, "version": 51, "at": 1712093511.7606962}
{"obj": {"type": "AssignInt", "path": ["params", "rf__min_samples_split"], "value": 2}, "version": 52, "at": 1712093511.769838}
{"obj": {"type": "AssignInt", "path": ["params", "rf__n_estimators"], "value": 300}, "version": 53, "at": 1712093511.770014}
{"obj": {"type": "UploadFile", "path": ["data", "feature_importance"], "ext": "html", "file_path": null, "tmp_file_name": "data_feature_importance-1712094374.535904-2024-04-02_17.46.14.535904.html", "clean_after_upload": false}, "version": 54, "at": 1712094374.5381918}
{"obj": {"type": "UploadFile", "path": ["feature_importance"], "ext": "png", "file_path": "/Users/shehjarsadhu/Desktop/UniversityOfRhodeIsland/Graduate/WBL/Project_Q2Behave/GitQ2Bheave/q2behave_data_analysis/jupyternotebooks/ML_Toolbox/feature_importance.png", "tmp_file_name": null, "clean_after_upload": false}, "version": 55, "at": 1712094374.617368}
{"obj": {"type": "UploadFile", "path": ["roc_curve"], "ext": "png", "file_path": "/Users/shehjarsadhu/Desktop/UniversityOfRhodeIsland/Graduate/WBL/Project_Q2Behave/GitQ2Bheave/q2behave_data_analysis/jupyternotebooks/ML_Toolbox/roc_curve_class.png", "tmp_file_name": null, "clean_after_upload": false}, "version": 56, "at": 1712094374.721453}
{"obj": {"type": "AssignFloat", "path": ["precision"], "value": 0.8624408805903467}, "version": 57, "at": 1712094374.9425359}
{"obj": {"type": "AssignFloat", "path": ["recall"], "value": 0.858984375}, "version": 58, "at": 1712094374.9427788}
{"obj": {"type": "AssignFloat", "path": ["f1_score"], "value": 0.8586473640538547}, "version": 59, "at": 1712094374.942878}
{"obj": {"type": "AssignFloat", "path": ["mean_train_accuracy"], "value": 0.9862478512267542}, "version": 60, "at": 1712094374.942965}
{"obj": {"type": "AssignFloat", "path": ["mean_test_accuracy"], "value": 0.5883731833098922}, "version": 61, "at": 1712094374.943048}
{"obj": {"type": "AssignFloat", "path": ["mean_sensitivity"], "value": 0.6485391430915912}, "version": 62, "at": 1712094374.943128}
