{"obj": {"type": "AssignString", "path": ["sys", "name"], "value": "6-Foldtest_size_0.2_RF"}, "version": 1, "at": 1708188341.6125839}
{"obj": {"type": "AssignString", "path": ["sys", "description"], "value": ""}, "version": 2, "at": 1708188341.613077}
{"obj": {"type": "AssignString", "path": ["monitoring", "c68c66ed", "hostname"], "value": "156.4.20.172.s.wireless.uri.edu"}, "version": 3, "at": 1708188341.613284}
{"obj": {"type": "AssignString", "path": ["sys", "hostname"], "value": "156.4.20.172.s.wireless.uri.edu"}, "version": 4, "at": 1708188341.61344}
{"obj": {"type": "AssignString", "path": ["monitoring", "c68c66ed", "pid"], "value": "7280"}, "version": 5, "at": 1708188341.613589}
{"obj": {"type": "AssignString", "path": ["monitoring", "c68c66ed", "tid"], "value": "140704465368640"}, "version": 6, "at": 1708188341.6137202}
{"obj": {"type": "AssignBool", "path": ["sys", "failed"], "value": false}, "version": 7, "at": 1708188341.613812}
{"obj": {"type": "UploadFile", "path": ["data", "feature_table"], "ext": "html", "file_path": null, "tmp_file_name": "data_feature_table-1708188343.044036-2024-02-17_11.45.43.044036.html", "clean_after_upload": false}, "version": 8, "at": 1708188343.045643}
{"obj": {"type": "UploadFile", "path": ["data", "test_data"], "ext": "html", "file_path": null, "tmp_file_name": "data_test_data-1708188375.874402-2024-02-17_11.46.15.874402.html", "clean_after_upload": false}, "version": 9, "at": 1708188375.8750029}
{"obj": {"type": "AssignString", "path": ["cls_summary", "all_params", "memory"], "value": "None"}, "version": 10, "at": 1708188376.8687491}
{"obj": {"type": "AssignString", "path": ["cls_summary", "all_params", "steps"], "value": "[('rf', RandomForestClassifier(max_depth=10, random_state=8))]"}, "version": 11, "at": 1708188376.869152}
{"obj": {"type": "AssignBool", "path": ["cls_summary", "all_params", "verbose"], "value": false}, "version": 12, "at": 1708188376.8693461}
{"obj": {"type": "AssignString", "path": ["cls_summary", "all_params", "rf"], "value": "RandomForestClassifier(max_depth=10, random_state=8)"}, "version": 13, "at": 1708188376.869628}
{"obj": {"type": "AssignBool", "path": ["cls_summary", "all_params", "rf__bootstrap"], "value": true}, "version": 14, "at": 1708188376.8697019}
{"obj": {"type": "AssignFloat", "path": ["cls_summary", "all_params", "rf__ccp_alpha"], "value": 0.0}, "version": 15, "at": 1708188376.869774}
{"obj": {"type": "AssignString", "path": ["cls_summary", "all_params", "rf__class_weight"], "value": "None"}, "version": 16, "at": 1708188376.8698492}
{"obj": {"type": "AssignString", "path": ["cls_summary", "all_params", "rf__criterion"], "value": "gini"}, "version": 17, "at": 1708188376.869911}
{"obj": {"type": "AssignInt", "path": ["cls_summary", "all_params", "rf__max_depth"], "value": 10}, "version": 18, "at": 1708188376.869996}
{"obj": {"type": "AssignString", "path": ["cls_summary", "all_params", "rf__max_features"], "value": "sqrt"}, "version": 19, "at": 1708188376.870083}
{"obj": {"type": "AssignString", "path": ["cls_summary", "all_params", "rf__max_leaf_nodes"], "value": "None"}, "version": 20, "at": 1708188376.8701499}
{"obj": {"type": "AssignString", "path": ["cls_summary", "all_params", "rf__max_samples"], "value": "None"}, "version": 21, "at": 1708188376.870247}
{"obj": {"type": "AssignFloat", "path": ["cls_summary", "all_params", "rf__min_impurity_decrease"], "value": 0.0}, "version": 22, "at": 1708188376.870304}
{"obj": {"type": "AssignInt", "path": ["cls_summary", "all_params", "rf__min_samples_leaf"], "value": 1}, "version": 23, "at": 1708188376.870357}
{"obj": {"type": "AssignInt", "path": ["cls_summary", "all_params", "rf__min_samples_split"], "value": 2}, "version": 24, "at": 1708188376.870421}
{"obj": {"type": "AssignFloat", "path": ["cls_summary", "all_params", "rf__min_weight_fraction_leaf"], "value": 0.0}, "version": 25, "at": 1708188376.870475}
{"obj": {"type": "AssignInt", "path": ["cls_summary", "all_params", "rf__n_estimators"], "value": 100}, "version": 26, "at": 1708188376.870528}
{"obj": {"type": "AssignString", "path": ["cls_summary", "all_params", "rf__n_jobs"], "value": "None"}, "version": 27, "at": 1708188376.8705878}
{"obj": {"type": "AssignBool", "path": ["cls_summary", "all_params", "rf__oob_score"], "value": false}, "version": 28, "at": 1708188376.870682}
{"obj": {"type": "AssignInt", "path": ["cls_summary", "all_params", "rf__random_state"], "value": 8}, "version": 29, "at": 1708188376.870738}
{"obj": {"type": "AssignInt", "path": ["cls_summary", "all_params", "rf__verbose"], "value": 0}, "version": 30, "at": 1708188376.870794}
{"obj": {"type": "AssignBool", "path": ["cls_summary", "all_params", "rf__warm_start"], "value": false}, "version": 31, "at": 1708188376.870857}
{"obj": {"type": "UploadFile", "path": ["cls_summary", "pickled_model"], "ext": "pkl", "file_path": null, "tmp_file_name": "cls_summary_pickled_model-1708188376.870921-2024-02-17_11.46.16.870921.pkl", "clean_after_upload": false}, "version": 32, "at": 1708188376.871839}
{"obj": {"type": "UploadFile", "path": ["cls_summary", "test", "preds"], "ext": "html", "file_path": null, "tmp_file_name": "cls_summary_test_preds-1708188376.872025-2024-02-17_11.46.16.872025.html", "clean_after_upload": false}, "version": 33, "at": 1708188376.872341}
{"obj": {"type": "UploadFile", "path": ["cls_summary", "test", "preds_proba"], "ext": "html", "file_path": null, "tmp_file_name": "cls_summary_test_preds_proba-1708188376.872443-2024-02-17_11.46.16.872443.html", "clean_after_upload": false}, "version": 34, "at": 1708188376.8730922}
{"obj": {"type": "AssignFloat", "path": ["cls_summary", "test", "scores", "class_0", "precision"], "value": 0.9334170854271356}, "version": 35, "at": 1708188376.873324}
{"obj": {"type": "AssignFloat", "path": ["cls_summary", "test", "scores", "class_0", "recall"], "value": 0.7862433862433862}, "version": 36, "at": 1708188376.873447}
{"obj": {"type": "AssignFloat", "path": ["cls_summary", "test", "scores", "class_0", "fbeta_score"], "value": 0.8535324526134405}, "version": 37, "at": 1708188376.8735301}
{"obj": {"type": "AssignFloat", "path": ["cls_summary", "test", "scores", "class_0", "support"], "value": 945.0}, "version": 38, "at": 1708188376.873591}
{"obj": {"type": "AssignFloat", "path": ["cls_summary", "test", "scores", "class_1", "precision"], "value": 0.1440677966101695}, "version": 39, "at": 1708188376.8737578}
{"obj": {"type": "AssignFloat", "path": ["cls_summary", "test", "scores", "class_1", "recall"], "value": 0.39080459770114945}, "version": 40, "at": 1708188376.873852}
{"obj": {"type": "AssignFloat", "path": ["cls_summary", "test", "scores", "class_1", "fbeta_score"], "value": 0.2105263157894737}, "version": 41, "at": 1708188376.873919}
{"obj": {"type": "AssignFloat", "path": ["cls_summary", "test", "scores", "class_1", "support"], "value": 87.0}, "version": 42, "at": 1708188376.873975}
{"obj": {"type": "UploadFile", "path": ["cls_summary", "diagnostics_charts", "classification_report"], "ext": "png", "file_path": null, "tmp_file_name": "cls_summary_diagnostics_charts_classification_report-1708188376.874069-2024-02-17_11.46.16.874069.png", "clean_after_upload": false}, "version": 43, "at": 1708188376.874423}
{"obj": {"type": "UploadFile", "path": ["cls_summary", "diagnostics_charts", "confusion_matrix"], "ext": "png", "file_path": null, "tmp_file_name": "cls_summary_diagnostics_charts_confusion_matrix-1708188376.874503-2024-02-17_11.46.16.874503.png", "clean_after_upload": false}, "version": 44, "at": 1708188376.87479}
{"obj": {"type": "UploadFile", "path": ["cls_summary", "diagnostics_charts", "ROC_AUC"], "ext": "png", "file_path": null, "tmp_file_name": "cls_summary_diagnostics_charts_ROC_AUC-1708188376.874885-2024-02-17_11.46.16.874885.png", "clean_after_upload": false}, "version": 45, "at": 1708188376.875231}
{"obj": {"type": "UploadFile", "path": ["cls_summary", "diagnostics_charts", "precision_recall"], "ext": "png", "file_path": null, "tmp_file_name": "cls_summary_diagnostics_charts_precision_recall-1708188376.875311-2024-02-17_11.46.16.875311.png", "clean_after_upload": false}, "version": 46, "at": 1708188376.875531}
{"obj": {"type": "UploadFile", "path": ["cls_summary", "diagnostics_charts", "class_prediction_error"], "ext": "png", "file_path": null, "tmp_file_name": "cls_summary_diagnostics_charts_class_prediction_error-1708188376.875601-2024-02-17_11.46.16.875601.png", "clean_after_upload": false}, "version": 47, "at": 1708188376.875819}
{"obj": {"type": "AssignString", "path": ["cls_summary", "integration", "about", "neptune-sklearn"], "value": "2.1.0"}, "version": 48, "at": 1708188376.875916}
{"obj": {"type": "AssignInt", "path": ["params", "rf__max_depth"], "value": 10}, "version": 49, "at": 1708188376.876561}
{"obj": {"type": "AssignInt", "path": ["params", "rf__min_samples_split"], "value": 2}, "version": 50, "at": 1708188376.876662}
{"obj": {"type": "AssignInt", "path": ["params", "rf__n_estimators"], "value": 100}, "version": 51, "at": 1708188376.876718}
{"obj": {"type": "UploadFile", "path": ["roc_curve"], "ext": "png", "file_path": "/Users/shehjarsadhu/Desktop/UniversityOfRhodeIsland/Graduate/WBL/Project_Q2Behave/GitQ2Bheave/q2behave_data_analysis/jupyternotebooks/roc_curve_class.png", "tmp_file_name": null, "clean_after_upload": false}, "version": 52, "at": 1708188378.660699}
{"obj": {"type": "AssignFloat", "path": ["precision"], "value": 0.8668731046838449}, "version": 53, "at": 1708188378.8005812}
{"obj": {"type": "AssignFloat", "path": ["recall"], "value": 0.752906976744186}, "version": 54, "at": 1708188378.8010108}
{"obj": {"type": "AssignFloat", "path": ["f1_score"], "value": 0.7993255399160711}, "version": 55, "at": 1708188378.801107}
{"obj": {"type": "AssignFloat", "path": ["mean_train_accuracy"], "value": 0.9992323435080213}, "version": 56, "at": 1708188378.801188}
{"obj": {"type": "AssignFloat", "path": ["mean_test_accuracy"], "value": 0.6777940888627912}, "version": 57, "at": 1708188378.801264}
{"obj": {"type": "AssignFloat", "path": ["mean_sensitivity"], "value": 0.677933177933178}, "version": 58, "at": 1708188378.8013382}
