{"obj": {"type": "AssignString", "path": ["sys", "name"], "value": "2-Foldtest_size_0.2_RF"}, "version": 1, "at": 1712692348.988597}
{"obj": {"type": "AssignString", "path": ["sys", "description"], "value": ""}, "version": 2, "at": 1712692348.9888792}
{"obj": {"type": "AssignString", "path": ["monitoring", "b1279506", "hostname"], "value": "156.4.20.172.s.wireless.uri.edu"}, "version": 3, "at": 1712692348.9889762}
{"obj": {"type": "AssignString", "path": ["sys", "hostname"], "value": "156.4.20.172.s.wireless.uri.edu"}, "version": 4, "at": 1712692348.989046}
{"obj": {"type": "AssignString", "path": ["monitoring", "b1279506", "pid"], "value": "65268"}, "version": 5, "at": 1712692348.989116}
{"obj": {"type": "AssignString", "path": ["monitoring", "b1279506", "tid"], "value": "140704351295040"}, "version": 6, "at": 1712692348.9891798}
{"obj": {"type": "AssignBool", "path": ["sys", "failed"], "value": false}, "version": 7, "at": 1712692348.9892402}
{"obj": {"type": "AssignString", "path": ["pid"], "value": "none"}, "version": 8, "at": 1712692348.9964101}
{"obj": {"type": "UploadFile", "path": ["data", "feature_table"], "ext": "html", "file_path": null, "tmp_file_name": "data_feature_table-1712692350.855239-2024-04-09_15.52.30.855239.html", "clean_after_upload": false}, "version": 9, "at": 1712692350.857538}
{"obj": {"type": "AssignString", "path": ["original"], "value": "type\n0    6968\n1     338\nName: count, dtype: int64"}, "version": 10, "at": 1712692350.859276}
{"obj": {"type": "AssignString", "path": ["train_samples_undersampled"], "value": "type\n0    338\n1    338\nName: count, dtype: int64"}, "version": 11, "at": 1712692350.859721}
{"obj": {"type": "AssignString", "path": ["test_samples_undersampled"], "value": "type\n1    68\n0    68\nName: count, dtype: int64"}, "version": 12, "at": 1712692350.8600829}
{"obj": {"type": "AssignString", "path": ["tag"], "value": "Clus"}, "version": 13, "at": 1712692350.860149}
{"obj": {"type": "UploadFile", "path": ["data", "test_data"], "ext": "html", "file_path": null, "tmp_file_name": "data_test_data-1712692362.310413-2024-04-09_15.52.42.310413.html", "clean_after_upload": false}, "version": 14, "at": 1712692362.310852}
{"obj": {"type": "AssignString", "path": ["cls_summary", "all_params", "memory"], "value": "None"}, "version": 15, "at": 1712692363.139068}
{"obj": {"type": "AssignString", "path": ["cls_summary", "all_params", "steps"], "value": "[('rf', RandomForestClassifier(random_state=8))]"}, "version": 16, "at": 1712692363.140981}
{"obj": {"type": "AssignBool", "path": ["cls_summary", "all_params", "verbose"], "value": false}, "version": 17, "at": 1712692363.141252}
{"obj": {"type": "AssignString", "path": ["cls_summary", "all_params", "rf"], "value": "RandomForestClassifier(random_state=8)"}, "version": 18, "at": 1712692363.141858}
{"obj": {"type": "AssignBool", "path": ["cls_summary", "all_params", "rf__bootstrap"], "value": true}, "version": 19, "at": 1712692363.1420531}
{"obj": {"type": "AssignFloat", "path": ["cls_summary", "all_params", "rf__ccp_alpha"], "value": 0.0}, "version": 20, "at": 1712692363.1421728}
{"obj": {"type": "AssignString", "path": ["cls_summary", "all_params", "rf__class_weight"], "value": "None"}, "version": 21, "at": 1712692363.142394}
{"obj": {"type": "AssignString", "path": ["cls_summary", "all_params", "rf__criterion"], "value": "gini"}, "version": 22, "at": 1712692363.142584}
{"obj": {"type": "AssignString", "path": ["cls_summary", "all_params", "rf__max_depth"], "value": "None"}, "version": 23, "at": 1712692363.142742}
{"obj": {"type": "AssignString", "path": ["cls_summary", "all_params", "rf__max_features"], "value": "sqrt"}, "version": 24, "at": 1712692363.142823}
{"obj": {"type": "AssignString", "path": ["cls_summary", "all_params", "rf__max_leaf_nodes"], "value": "None"}, "version": 25, "at": 1712692363.142891}
{"obj": {"type": "AssignString", "path": ["cls_summary", "all_params", "rf__max_samples"], "value": "None"}, "version": 26, "at": 1712692363.1429539}
{"obj": {"type": "AssignFloat", "path": ["cls_summary", "all_params", "rf__min_impurity_decrease"], "value": 0.0}, "version": 27, "at": 1712692363.1430159}
{"obj": {"type": "AssignInt", "path": ["cls_summary", "all_params", "rf__min_samples_leaf"], "value": 1}, "version": 28, "at": 1712692363.143104}
{"obj": {"type": "AssignInt", "path": ["cls_summary", "all_params", "rf__min_samples_split"], "value": 2}, "version": 29, "at": 1712692363.143172}
{"obj": {"type": "AssignFloat", "path": ["cls_summary", "all_params", "rf__min_weight_fraction_leaf"], "value": 0.0}, "version": 30, "at": 1712692363.1432278}
{"obj": {"type": "AssignInt", "path": ["cls_summary", "all_params", "rf__n_estimators"], "value": 100}, "version": 31, "at": 1712692363.143283}
{"obj": {"type": "AssignString", "path": ["cls_summary", "all_params", "rf__n_jobs"], "value": "None"}, "version": 32, "at": 1712692363.143347}
{"obj": {"type": "AssignBool", "path": ["cls_summary", "all_params", "rf__oob_score"], "value": false}, "version": 33, "at": 1712692363.143405}
{"obj": {"type": "AssignInt", "path": ["cls_summary", "all_params", "rf__random_state"], "value": 8}, "version": 34, "at": 1712692363.143459}
{"obj": {"type": "AssignInt", "path": ["cls_summary", "all_params", "rf__verbose"], "value": 0}, "version": 35, "at": 1712692363.143512}
{"obj": {"type": "AssignBool", "path": ["cls_summary", "all_params", "rf__warm_start"], "value": false}, "version": 36, "at": 1712692363.143614}
{"obj": {"type": "UploadFile", "path": ["cls_summary", "pickled_model"], "ext": "pkl", "file_path": null, "tmp_file_name": "cls_summary_pickled_model-1712692363.143734-2024-04-09_15.52.43.143734.pkl", "clean_after_upload": false}, "version": 37, "at": 1712692363.144481}
{"obj": {"type": "UploadFile", "path": ["cls_summary", "test", "preds"], "ext": "html", "file_path": null, "tmp_file_name": "cls_summary_test_preds-1712692363.144991-2024-04-09_15.52.43.144991.html", "clean_after_upload": false}, "version": 38, "at": 1712692363.145343}
{"obj": {"type": "UploadFile", "path": ["cls_summary", "test", "preds_proba"], "ext": "html", "file_path": null, "tmp_file_name": "cls_summary_test_preds_proba-1712692363.145474-2024-04-09_15.52.43.145474.html", "clean_after_upload": false}, "version": 39, "at": 1712692363.1457121}
{"obj": {"type": "AssignFloat", "path": ["cls_summary", "test", "scores", "class_0", "precision"], "value": 0.638095238095238}, "version": 40, "at": 1712692363.1459389}
{"obj": {"type": "AssignFloat", "path": ["cls_summary", "test", "scores", "class_0", "recall"], "value": 0.9852941176470589}, "version": 41, "at": 1712692363.1460118}
{"obj": {"type": "AssignFloat", "path": ["cls_summary", "test", "scores", "class_0", "fbeta_score"], "value": 0.7745664739884393}, "version": 42, "at": 1712692363.1460721}
{"obj": {"type": "AssignFloat", "path": ["cls_summary", "test", "scores", "class_0", "support"], "value": 68.0}, "version": 43, "at": 1712692363.146134}
{"obj": {"type": "AssignFloat", "path": ["cls_summary", "test", "scores", "class_1", "precision"], "value": 0.967741935483871}, "version": 44, "at": 1712692363.146234}
{"obj": {"type": "AssignFloat", "path": ["cls_summary", "test", "scores", "class_1", "recall"], "value": 0.4411764705882353}, "version": 45, "at": 1712692363.146296}
{"obj": {"type": "AssignFloat", "path": ["cls_summary", "test", "scores", "class_1", "fbeta_score"], "value": 0.6060606060606061}, "version": 46, "at": 1712692363.146352}
{"obj": {"type": "AssignFloat", "path": ["cls_summary", "test", "scores", "class_1", "support"], "value": 68.0}, "version": 47, "at": 1712692363.1464121}
{"obj": {"type": "UploadFile", "path": ["cls_summary", "diagnostics_charts", "classification_report"], "ext": "png", "file_path": null, "tmp_file_name": "cls_summary_diagnostics_charts_classification_report-1712692363.146503-2024-04-09_15.52.43.146503.png", "clean_after_upload": false}, "version": 48, "at": 1712692363.146843}
{"obj": {"type": "UploadFile", "path": ["cls_summary", "diagnostics_charts", "confusion_matrix"], "ext": "png", "file_path": null, "tmp_file_name": "cls_summary_diagnostics_charts_confusion_matrix-1712692363.147017-2024-04-09_15.52.43.147017.png", "clean_after_upload": false}, "version": 49, "at": 1712692363.1473038}
{"obj": {"type": "UploadFile", "path": ["cls_summary", "diagnostics_charts", "ROC_AUC"], "ext": "png", "file_path": null, "tmp_file_name": "cls_summary_diagnostics_charts_ROC_AUC-1712692363.147428-2024-04-09_15.52.43.147428.png", "clean_after_upload": false}, "version": 50, "at": 1712692363.147763}
{"obj": {"type": "UploadFile", "path": ["cls_summary", "diagnostics_charts", "precision_recall"], "ext": "png", "file_path": null, "tmp_file_name": "cls_summary_diagnostics_charts_precision_recall-1712692363.147916-2024-04-09_15.52.43.147916.png", "clean_after_upload": false}, "version": 51, "at": 1712692363.1483}
{"obj": {"type": "UploadFile", "path": ["cls_summary", "diagnostics_charts", "class_prediction_error"], "ext": "png", "file_path": null, "tmp_file_name": "cls_summary_diagnostics_charts_class_prediction_error-1712692363.148431-2024-04-09_15.52.43.148431.png", "clean_after_upload": false}, "version": 52, "at": 1712692363.148748}
{"obj": {"type": "AssignString", "path": ["cls_summary", "integration", "about", "neptune-sklearn"], "value": "2.1.0"}, "version": 53, "at": 1712692363.148937}
{"obj": {"type": "AssignInt", "path": ["params", "rf__min_samples_split"], "value": 2}, "version": 54, "at": 1712692363.1550038}
{"obj": {"type": "AssignInt", "path": ["params", "rf__n_estimators"], "value": 100}, "version": 55, "at": 1712692363.1553369}
{"obj": {"type": "UploadFile", "path": ["data", "feature_importance"], "ext": "html", "file_path": null, "tmp_file_name": "data_feature_importance-1712692369.3997-2024-04-09_15.52.49.399700.html", "clean_after_upload": false}, "version": 56, "at": 1712692369.4003992}
{"obj": {"type": "UploadFile", "path": ["feature_importance"], "ext": "png", "file_path": "/Users/shehjarsadhu/Desktop/UniversityOfRhodeIsland/Graduate/WBL/Project_Q2Behave/GitQ2Bheave/q2behave_data_analysis/jupyternotebooks/ML_Toolbox/feature_importance.png", "tmp_file_name": null, "clean_after_upload": false}, "version": 57, "at": 1712692369.4931479}
{"obj": {"type": "UploadFile", "path": ["roc_curve"], "ext": "png", "file_path": "/Users/shehjarsadhu/Desktop/UniversityOfRhodeIsland/Graduate/WBL/Project_Q2Behave/GitQ2Bheave/q2behave_data_analysis/jupyternotebooks/ML_Toolbox/roc_curve_class.png", "tmp_file_name": null, "clean_after_upload": false}, "version": 58, "at": 1712692369.6147342}
{"obj": {"type": "AssignFloat", "path": ["precision"], "value": 0.8029185867895546}, "version": 59, "at": 1712692369.8503559}
{"obj": {"type": "AssignFloat", "path": ["recall"], "value": 0.7132352941176471}, "version": 60, "at": 1712692369.850654}
{"obj": {"type": "AssignFloat", "path": ["f1_score"], "value": 0.6903135400245226}, "version": 61, "at": 1712692369.851003}
{"obj": {"type": "AssignFloat", "path": ["mean_train_accuracy"], "value": 1.0}, "version": 62, "at": 1712692369.851101}
{"obj": {"type": "AssignFloat", "path": ["mean_test_accuracy"], "value": 0.9230769230769231}, "version": 63, "at": 1712692369.85118}
{"obj": {"type": "AssignFloat", "path": ["mean_sensitivity"], "value": 0.9171597633136095}, "version": 64, "at": 1712692369.851263}
