{"obj": {"type": "AssignString", "path": ["sys", "name"], "value": "2-Foldtest_size_0.2_RF"}, "version": 1, "at": 1712676962.849935}
{"obj": {"type": "AssignString", "path": ["sys", "description"], "value": ""}, "version": 2, "at": 1712676962.850264}
{"obj": {"type": "AssignString", "path": ["monitoring", "ea49857a", "hostname"], "value": "156.4.20.172.s.wireless.uri.edu"}, "version": 3, "at": 1712676962.8504179}
{"obj": {"type": "AssignString", "path": ["sys", "hostname"], "value": "156.4.20.172.s.wireless.uri.edu"}, "version": 4, "at": 1712676962.850796}
{"obj": {"type": "AssignString", "path": ["monitoring", "ea49857a", "pid"], "value": "33481"}, "version": 5, "at": 1712676962.850959}
{"obj": {"type": "AssignString", "path": ["monitoring", "ea49857a", "tid"], "value": "140704351295040"}, "version": 6, "at": 1712676962.8511019}
{"obj": {"type": "AssignBool", "path": ["sys", "failed"], "value": false}, "version": 7, "at": 1712676962.8511748}
{"obj": {"type": "AssignString", "path": ["pid"], "value": "P10"}, "version": 8, "at": 1712676962.8593972}
{"obj": {"type": "UploadFile", "path": ["data", "feature_table"], "ext": "html", "file_path": null, "tmp_file_name": "data_feature_table-1712676964.085291-2024-04-09_11.36.04.085291.html", "clean_after_upload": false}, "version": 9, "at": 1712676964.090344}
{"obj": {"type": "AssignString", "path": ["original"], "value": "type\n0    2413\n1      14\nName: count, dtype: int64"}, "version": 10, "at": 1712676964.091563}
{"obj": {"type": "AssignString", "path": ["train_samples_undersampled"], "value": "type\n0    14\n1    14\nName: count, dtype: int64"}, "version": 11, "at": 1712676964.092044}
{"obj": {"type": "AssignString", "path": ["test_samples_undersampled"], "value": "type\n1    3\n0    3\nName: count, dtype: int64"}, "version": 12, "at": 1712676964.0924082}
{"obj": {"type": "AssignString", "path": ["tag"], "value": "Clus"}, "version": 13, "at": 1712676964.092486}
{"obj": {"type": "UploadFile", "path": ["data", "test_data"], "ext": "html", "file_path": null, "tmp_file_name": "data_test_data-1712676968.038822-2024-04-09_11.36.08.038822.html", "clean_after_upload": false}, "version": 14, "at": 1712676968.039247}
{"obj": {"type": "AssignString", "path": ["cls_summary", "all_params", "memory"], "value": "None"}, "version": 15, "at": 1712676968.773115}
{"obj": {"type": "AssignString", "path": ["cls_summary", "all_params", "steps"], "value": "[('rf', RandomForestClassifier(random_state=8))]"}, "version": 16, "at": 1712676968.773489}
{"obj": {"type": "AssignBool", "path": ["cls_summary", "all_params", "verbose"], "value": false}, "version": 17, "at": 1712676968.7735748}
{"obj": {"type": "AssignString", "path": ["cls_summary", "all_params", "rf"], "value": "RandomForestClassifier(random_state=8)"}, "version": 18, "at": 1712676968.7737842}
{"obj": {"type": "AssignBool", "path": ["cls_summary", "all_params", "rf__bootstrap"], "value": true}, "version": 19, "at": 1712676968.7738528}
{"obj": {"type": "AssignFloat", "path": ["cls_summary", "all_params", "rf__ccp_alpha"], "value": 0.0}, "version": 20, "at": 1712676968.773922}
{"obj": {"type": "AssignString", "path": ["cls_summary", "all_params", "rf__class_weight"], "value": "None"}, "version": 21, "at": 1712676968.773987}
{"obj": {"type": "AssignString", "path": ["cls_summary", "all_params", "rf__criterion"], "value": "gini"}, "version": 22, "at": 1712676968.774048}
{"obj": {"type": "AssignString", "path": ["cls_summary", "all_params", "rf__max_depth"], "value": "None"}, "version": 23, "at": 1712676968.774109}
{"obj": {"type": "AssignString", "path": ["cls_summary", "all_params", "rf__max_features"], "value": "sqrt"}, "version": 24, "at": 1712676968.774166}
{"obj": {"type": "AssignString", "path": ["cls_summary", "all_params", "rf__max_leaf_nodes"], "value": "None"}, "version": 25, "at": 1712676968.774225}
{"obj": {"type": "AssignString", "path": ["cls_summary", "all_params", "rf__max_samples"], "value": "None"}, "version": 26, "at": 1712676968.7742841}
{"obj": {"type": "AssignFloat", "path": ["cls_summary", "all_params", "rf__min_impurity_decrease"], "value": 0.0}, "version": 27, "at": 1712676968.774337}
{"obj": {"type": "AssignInt", "path": ["cls_summary", "all_params", "rf__min_samples_leaf"], "value": 1}, "version": 28, "at": 1712676968.774396}
{"obj": {"type": "AssignInt", "path": ["cls_summary", "all_params", "rf__min_samples_split"], "value": 2}, "version": 29, "at": 1712676968.7744489}
{"obj": {"type": "AssignFloat", "path": ["cls_summary", "all_params", "rf__min_weight_fraction_leaf"], "value": 0.0}, "version": 30, "at": 1712676968.7745018}
{"obj": {"type": "AssignInt", "path": ["cls_summary", "all_params", "rf__n_estimators"], "value": 100}, "version": 31, "at": 1712676968.774554}
{"obj": {"type": "AssignString", "path": ["cls_summary", "all_params", "rf__n_jobs"], "value": "None"}, "version": 32, "at": 1712676968.774611}
{"obj": {"type": "AssignBool", "path": ["cls_summary", "all_params", "rf__oob_score"], "value": false}, "version": 33, "at": 1712676968.774663}
{"obj": {"type": "AssignInt", "path": ["cls_summary", "all_params", "rf__random_state"], "value": 8}, "version": 34, "at": 1712676968.774714}
{"obj": {"type": "AssignInt", "path": ["cls_summary", "all_params", "rf__verbose"], "value": 0}, "version": 35, "at": 1712676968.774764}
{"obj": {"type": "AssignBool", "path": ["cls_summary", "all_params", "rf__warm_start"], "value": false}, "version": 36, "at": 1712676968.774815}
{"obj": {"type": "UploadFile", "path": ["cls_summary", "pickled_model"], "ext": "pkl", "file_path": null, "tmp_file_name": "cls_summary_pickled_model-1712676968.774877-2024-04-09_11.36.08.774877.pkl", "clean_after_upload": false}, "version": 37, "at": 1712676968.77523}
{"obj": {"type": "UploadFile", "path": ["cls_summary", "test", "preds"], "ext": "html", "file_path": null, "tmp_file_name": "cls_summary_test_preds-1712676968.775334-2024-04-09_11.36.08.775334.html", "clean_after_upload": false}, "version": 38, "at": 1712676968.775597}
{"obj": {"type": "UploadFile", "path": ["cls_summary", "test", "preds_proba"], "ext": "html", "file_path": null, "tmp_file_name": "cls_summary_test_preds_proba-1712676968.775747-2024-04-09_11.36.08.775747.html", "clean_after_upload": false}, "version": 39, "at": 1712676968.776094}
{"obj": {"type": "AssignFloat", "path": ["cls_summary", "test", "scores", "class_0", "precision"], "value": 1.0}, "version": 40, "at": 1712676968.776266}
{"obj": {"type": "AssignFloat", "path": ["cls_summary", "test", "scores", "class_0", "recall"], "value": 1.0}, "version": 41, "at": 1712676968.7763321}
{"obj": {"type": "AssignFloat", "path": ["cls_summary", "test", "scores", "class_0", "fbeta_score"], "value": 1.0}, "version": 42, "at": 1712676968.7763898}
{"obj": {"type": "AssignFloat", "path": ["cls_summary", "test", "scores", "class_0", "support"], "value": 3.0}, "version": 43, "at": 1712676968.776451}
{"obj": {"type": "AssignFloat", "path": ["cls_summary", "test", "scores", "class_1", "precision"], "value": 1.0}, "version": 44, "at": 1712676968.776535}
{"obj": {"type": "AssignFloat", "path": ["cls_summary", "test", "scores", "class_1", "recall"], "value": 1.0}, "version": 45, "at": 1712676968.776594}
{"obj": {"type": "AssignFloat", "path": ["cls_summary", "test", "scores", "class_1", "fbeta_score"], "value": 1.0}, "version": 46, "at": 1712676968.776651}
{"obj": {"type": "AssignFloat", "path": ["cls_summary", "test", "scores", "class_1", "support"], "value": 3.0}, "version": 47, "at": 1712676968.7767072}
{"obj": {"type": "UploadFile", "path": ["cls_summary", "diagnostics_charts", "classification_report"], "ext": "png", "file_path": null, "tmp_file_name": "cls_summary_diagnostics_charts_classification_report-1712676968.776798-2024-04-09_11.36.08.776798.png", "clean_after_upload": false}, "version": 48, "at": 1712676968.776983}
{"obj": {"type": "UploadFile", "path": ["cls_summary", "diagnostics_charts", "confusion_matrix"], "ext": "png", "file_path": null, "tmp_file_name": "cls_summary_diagnostics_charts_confusion_matrix-1712676968.77715-2024-04-09_11.36.08.777150.png", "clean_after_upload": false}, "version": 49, "at": 1712676968.7774389}
{"obj": {"type": "UploadFile", "path": ["cls_summary", "diagnostics_charts", "ROC_AUC"], "ext": "png", "file_path": null, "tmp_file_name": "cls_summary_diagnostics_charts_ROC_AUC-1712676968.777532-2024-04-09_11.36.08.777532.png", "clean_after_upload": false}, "version": 50, "at": 1712676968.777747}
{"obj": {"type": "UploadFile", "path": ["cls_summary", "diagnostics_charts", "precision_recall"], "ext": "png", "file_path": null, "tmp_file_name": "cls_summary_diagnostics_charts_precision_recall-1712676968.777836-2024-04-09_11.36.08.777836.png", "clean_after_upload": false}, "version": 51, "at": 1712676968.778025}
{"obj": {"type": "UploadFile", "path": ["cls_summary", "diagnostics_charts", "class_prediction_error"], "ext": "png", "file_path": null, "tmp_file_name": "cls_summary_diagnostics_charts_class_prediction_error-1712676968.778096-2024-04-09_11.36.08.778096.png", "clean_after_upload": false}, "version": 52, "at": 1712676968.778282}
{"obj": {"type": "AssignString", "path": ["cls_summary", "integration", "about", "neptune-sklearn"], "value": "2.1.0"}, "version": 53, "at": 1712676968.778385}
{"obj": {"type": "AssignInt", "path": ["params", "rf__min_samples_split"], "value": 2}, "version": 54, "at": 1712676968.7798998}
{"obj": {"type": "AssignInt", "path": ["params", "rf__n_estimators"], "value": 100}, "version": 55, "at": 1712676968.78}
{"obj": {"type": "UploadFile", "path": ["data", "feature_importance"], "ext": "html", "file_path": null, "tmp_file_name": "data_feature_importance-1712676977.399268-2024-04-09_11.36.17.399268.html", "clean_after_upload": false}, "version": 56, "at": 1712676977.399729}
{"obj": {"type": "UploadFile", "path": ["feature_importance"], "ext": "png", "file_path": "/Users/shehjarsadhu/Desktop/UniversityOfRhodeIsland/Graduate/WBL/Project_Q2Behave/GitQ2Bheave/q2behave_data_analysis/jupyternotebooks/ML_Toolbox/feature_importance.png", "tmp_file_name": null, "clean_after_upload": false}, "version": 57, "at": 1712676977.491534}
{"obj": {"type": "UploadFile", "path": ["roc_curve"], "ext": "png", "file_path": "/Users/shehjarsadhu/Desktop/UniversityOfRhodeIsland/Graduate/WBL/Project_Q2Behave/GitQ2Bheave/q2behave_data_analysis/jupyternotebooks/ML_Toolbox/roc_curve_class.png", "tmp_file_name": null, "clean_after_upload": false}, "version": 58, "at": 1712676977.608984}
{"obj": {"type": "AssignFloat", "path": ["precision"], "value": 1.0}, "version": 59, "at": 1712676977.826804}
{"obj": {"type": "AssignFloat", "path": ["recall"], "value": 1.0}, "version": 60, "at": 1712676977.827359}
{"obj": {"type": "AssignFloat", "path": ["f1_score"], "value": 1.0}, "version": 61, "at": 1712676977.827668}
{"obj": {"type": "AssignFloat", "path": ["mean_train_accuracy"], "value": 1.0}, "version": 62, "at": 1712676977.827765}
{"obj": {"type": "AssignFloat", "path": ["mean_test_accuracy"], "value": 0.9642857142857143}, "version": 63, "at": 1712676977.827849}
{"obj": {"type": "AssignFloat", "path": ["mean_sensitivity"], "value": 1.0}, "version": 64, "at": 1712676977.8279302}
