{"obj": {"type": "AssignString", "path": ["sys", "name"], "value": "7-Foldtest_size_0.4_RF"}, "version": 1, "at": 1708189270.728361}
{"obj": {"type": "AssignString", "path": ["sys", "description"], "value": ""}, "version": 2, "at": 1708189270.728805}
{"obj": {"type": "AssignString", "path": ["monitoring", "9cf7f3c7", "hostname"], "value": "156.4.20.172.s.wireless.uri.edu"}, "version": 3, "at": 1708189270.729023}
{"obj": {"type": "AssignString", "path": ["sys", "hostname"], "value": "156.4.20.172.s.wireless.uri.edu"}, "version": 4, "at": 1708189270.729195}
{"obj": {"type": "AssignString", "path": ["monitoring", "9cf7f3c7", "pid"], "value": "7372"}, "version": 5, "at": 1708189270.729362}
{"obj": {"type": "AssignString", "path": ["monitoring", "9cf7f3c7", "tid"], "value": "140704465368640"}, "version": 6, "at": 1708189270.729525}
{"obj": {"type": "AssignBool", "path": ["sys", "failed"], "value": false}, "version": 7, "at": 1708189270.729642}
{"obj": {"type": "UploadFile", "path": ["data", "feature_table"], "ext": "html", "file_path": null, "tmp_file_name": "data_feature_table-1708189270.798217-2024-02-17_12.01.10.798217.html", "clean_after_upload": false}, "version": 8, "at": 1708189270.799333}
{"obj": {"type": "UploadFile", "path": ["data", "test_data"], "ext": "html", "file_path": null, "tmp_file_name": "data_test_data-1708189285.599848-2024-02-17_12.01.25.599848.html", "clean_after_upload": false}, "version": 9, "at": 1708189285.600239}
{"obj": {"type": "AssignString", "path": ["cls_summary", "all_params", "memory"], "value": "None"}, "version": 10, "at": 1708189286.47597}
{"obj": {"type": "AssignString", "path": ["cls_summary", "all_params", "steps"], "value": "[('rf', RandomForestClassifier(min_samples_split=10, random_state=8))]"}, "version": 11, "at": 1708189286.4764328}
{"obj": {"type": "AssignBool", "path": ["cls_summary", "all_params", "verbose"], "value": false}, "version": 12, "at": 1708189286.476523}
{"obj": {"type": "AssignString", "path": ["cls_summary", "all_params", "rf"], "value": "RandomForestClassifier(min_samples_split=10, random_state=8)"}, "version": 13, "at": 1708189286.476754}
{"obj": {"type": "AssignBool", "path": ["cls_summary", "all_params", "rf__bootstrap"], "value": true}, "version": 14, "at": 1708189286.476821}
{"obj": {"type": "AssignFloat", "path": ["cls_summary", "all_params", "rf__ccp_alpha"], "value": 0.0}, "version": 15, "at": 1708189286.476887}
{"obj": {"type": "AssignString", "path": ["cls_summary", "all_params", "rf__class_weight"], "value": "None"}, "version": 16, "at": 1708189286.4769542}
{"obj": {"type": "AssignString", "path": ["cls_summary", "all_params", "rf__criterion"], "value": "gini"}, "version": 17, "at": 1708189286.477014}
{"obj": {"type": "AssignString", "path": ["cls_summary", "all_params", "rf__max_depth"], "value": "None"}, "version": 18, "at": 1708189286.4770749}
{"obj": {"type": "AssignString", "path": ["cls_summary", "all_params", "rf__max_features"], "value": "sqrt"}, "version": 19, "at": 1708189286.477132}
{"obj": {"type": "AssignString", "path": ["cls_summary", "all_params", "rf__max_leaf_nodes"], "value": "None"}, "version": 20, "at": 1708189286.4771898}
{"obj": {"type": "AssignString", "path": ["cls_summary", "all_params", "rf__max_samples"], "value": "None"}, "version": 21, "at": 1708189286.477251}
{"obj": {"type": "AssignFloat", "path": ["cls_summary", "all_params", "rf__min_impurity_decrease"], "value": 0.0}, "version": 22, "at": 1708189286.4773061}
{"obj": {"type": "AssignInt", "path": ["cls_summary", "all_params", "rf__min_samples_leaf"], "value": 1}, "version": 23, "at": 1708189286.477365}
{"obj": {"type": "AssignInt", "path": ["cls_summary", "all_params", "rf__min_samples_split"], "value": 10}, "version": 24, "at": 1708189286.477419}
{"obj": {"type": "AssignFloat", "path": ["cls_summary", "all_params", "rf__min_weight_fraction_leaf"], "value": 0.0}, "version": 25, "at": 1708189286.477472}
{"obj": {"type": "AssignInt", "path": ["cls_summary", "all_params", "rf__n_estimators"], "value": 100}, "version": 26, "at": 1708189286.477524}
{"obj": {"type": "AssignString", "path": ["cls_summary", "all_params", "rf__n_jobs"], "value": "None"}, "version": 27, "at": 1708189286.4775848}
{"obj": {"type": "AssignBool", "path": ["cls_summary", "all_params", "rf__oob_score"], "value": false}, "version": 28, "at": 1708189286.477639}
{"obj": {"type": "AssignInt", "path": ["cls_summary", "all_params", "rf__random_state"], "value": 8}, "version": 29, "at": 1708189286.477691}
{"obj": {"type": "AssignInt", "path": ["cls_summary", "all_params", "rf__verbose"], "value": 0}, "version": 30, "at": 1708189286.4777431}
{"obj": {"type": "AssignBool", "path": ["cls_summary", "all_params", "rf__warm_start"], "value": false}, "version": 31, "at": 1708189286.477796}
{"obj": {"type": "UploadFile", "path": ["cls_summary", "pickled_model"], "ext": "pkl", "file_path": null, "tmp_file_name": "cls_summary_pickled_model-1708189286.47786-2024-02-17_12.01.26.477860.pkl", "clean_after_upload": false}, "version": 32, "at": 1708189286.478251}
{"obj": {"type": "UploadFile", "path": ["cls_summary", "test", "preds"], "ext": "html", "file_path": null, "tmp_file_name": "cls_summary_test_preds-1708189286.478362-2024-02-17_12.01.26.478362.html", "clean_after_upload": false}, "version": 33, "at": 1708189286.478614}
{"obj": {"type": "UploadFile", "path": ["cls_summary", "test", "preds_proba"], "ext": "html", "file_path": null, "tmp_file_name": "cls_summary_test_preds_proba-1708189286.478688-2024-02-17_12.01.26.478688.html", "clean_after_upload": false}, "version": 34, "at": 1708189286.479043}
{"obj": {"type": "AssignFloat", "path": ["cls_summary", "test", "scores", "class_0", "precision"], "value": 0.875}, "version": 35, "at": 1708189286.479326}
{"obj": {"type": "AssignFloat", "path": ["cls_summary", "test", "scores", "class_0", "recall"], "value": 0.7777777777777778}, "version": 36, "at": 1708189286.479409}
{"obj": {"type": "AssignFloat", "path": ["cls_summary", "test", "scores", "class_0", "fbeta_score"], "value": 0.823529411764706}, "version": 37, "at": 1708189286.4794838}
{"obj": {"type": "AssignFloat", "path": ["cls_summary", "test", "scores", "class_0", "support"], "value": 54.0}, "version": 38, "at": 1708189286.479615}
{"obj": {"type": "AssignFloat", "path": ["cls_summary", "test", "scores", "class_1", "precision"], "value": 0.3333333333333333}, "version": 39, "at": 1708189286.4798248}
{"obj": {"type": "AssignFloat", "path": ["cls_summary", "test", "scores", "class_1", "recall"], "value": 0.5}, "version": 40, "at": 1708189286.479923}
{"obj": {"type": "AssignFloat", "path": ["cls_summary", "test", "scores", "class_1", "fbeta_score"], "value": 0.4}, "version": 41, "at": 1708189286.480003}
{"obj": {"type": "AssignFloat", "path": ["cls_summary", "test", "scores", "class_1", "support"], "value": 12.0}, "version": 42, "at": 1708189286.4800918}
{"obj": {"type": "UploadFile", "path": ["cls_summary", "diagnostics_charts", "classification_report"], "ext": "png", "file_path": null, "tmp_file_name": "cls_summary_diagnostics_charts_classification_report-1708189286.480204-2024-02-17_12.01.26.480204.png", "clean_after_upload": false}, "version": 43, "at": 1708189286.480698}
{"obj": {"type": "UploadFile", "path": ["cls_summary", "diagnostics_charts", "confusion_matrix"], "ext": "png", "file_path": null, "tmp_file_name": "cls_summary_diagnostics_charts_confusion_matrix-1708189286.480908-2024-02-17_12.01.26.480908.png", "clean_after_upload": false}, "version": 44, "at": 1708189286.481462}
{"obj": {"type": "UploadFile", "path": ["cls_summary", "diagnostics_charts", "ROC_AUC"], "ext": "png", "file_path": null, "tmp_file_name": "cls_summary_diagnostics_charts_ROC_AUC-1708189286.481616-2024-02-17_12.01.26.481616.png", "clean_after_upload": false}, "version": 45, "at": 1708189286.481997}
{"obj": {"type": "UploadFile", "path": ["cls_summary", "diagnostics_charts", "precision_recall"], "ext": "png", "file_path": null, "tmp_file_name": "cls_summary_diagnostics_charts_precision_recall-1708189286.482203-2024-02-17_12.01.26.482203.png", "clean_after_upload": false}, "version": 46, "at": 1708189286.482487}
{"obj": {"type": "UploadFile", "path": ["cls_summary", "diagnostics_charts", "class_prediction_error"], "ext": "png", "file_path": null, "tmp_file_name": "cls_summary_diagnostics_charts_class_prediction_error-1708189286.482563-2024-02-17_12.01.26.482563.png", "clean_after_upload": false}, "version": 47, "at": 1708189286.48275}
{"obj": {"type": "AssignString", "path": ["cls_summary", "integration", "about", "neptune-sklearn"], "value": "2.1.0"}, "version": 48, "at": 1708189286.482857}
{"obj": {"type": "AssignInt", "path": ["params", "rf__min_samples_split"], "value": 10}, "version": 49, "at": 1708189286.483011}
{"obj": {"type": "AssignInt", "path": ["params", "rf__n_estimators"], "value": 100}, "version": 50, "at": 1708189286.48307}
{"obj": {"type": "UploadFile", "path": ["roc_curve"], "ext": "png", "file_path": "/Users/shehjarsadhu/Desktop/UniversityOfRhodeIsland/Graduate/WBL/Project_Q2Behave/GitQ2Bheave/q2behave_data_analysis/jupyternotebooks/roc_curve_class.png", "tmp_file_name": null, "clean_after_upload": false}, "version": 51, "at": 1708189287.549394}
{"obj": {"type": "AssignFloat", "path": ["precision"], "value": 0.7765151515151515}, "version": 52, "at": 1708189287.683446}
{"obj": {"type": "AssignFloat", "path": ["recall"], "value": 0.7272727272727273}, "version": 53, "at": 1708189287.684056}
{"obj": {"type": "AssignFloat", "path": ["f1_score"], "value": 0.7465240641711232}, "version": 54, "at": 1708189287.684156}
{"obj": {"type": "AssignFloat", "path": ["mean_train_accuracy"], "value": 0.9325396825396826}, "version": 55, "at": 1708189287.6842391}
{"obj": {"type": "AssignFloat", "path": ["mean_test_accuracy"], "value": 0.75}, "version": 56, "at": 1708189287.684364}
{"obj": {"type": "AssignFloat", "path": ["mean_sensitivity"], "value": 0.7619047619047619}, "version": 57, "at": 1708189287.684441}
