{"obj": {"type": "AssignString", "path": ["sys", "name"], "value": "3-Foldtest_size_0.2_RF"}, "version": 1, "at": 1709306877.9976199}
{"obj": {"type": "AssignString", "path": ["sys", "description"], "value": ""}, "version": 2, "at": 1709306877.998003}
{"obj": {"type": "AssignString", "path": ["monitoring", "b8543b68", "hostname"], "value": "156.4.20.172.s.wireless.uri.edu"}, "version": 3, "at": 1709306877.998195}
{"obj": {"type": "AssignString", "path": ["sys", "hostname"], "value": "156.4.20.172.s.wireless.uri.edu"}, "version": 4, "at": 1709306877.998346}
{"obj": {"type": "AssignString", "path": ["monitoring", "b8543b68", "pid"], "value": "6191"}, "version": 5, "at": 1709306877.9984908}
{"obj": {"type": "AssignString", "path": ["monitoring", "b8543b68", "tid"], "value": "140704505513536"}, "version": 6, "at": 1709306877.998632}
{"obj": {"type": "AssignBool", "path": ["sys", "failed"], "value": false}, "version": 7, "at": 1709306877.9987369}
{"obj": {"type": "UploadFile", "path": ["data", "feature_table"], "ext": "html", "file_path": null, "tmp_file_name": "data_feature_table-1709306880.404282-2024-03-01_10.28.00.404282.html", "clean_after_upload": false}, "version": 8, "at": 1709306880.40889}
{"obj": {"type": "UploadFile", "path": ["data", "test_data"], "ext": "html", "file_path": null, "tmp_file_name": "data_test_data-1709306957.678918-2024-03-01_10.29.17.678918.html", "clean_after_upload": false}, "version": 9, "at": 1709306957.679623}
{"obj": {"type": "AssignString", "path": ["cls_summary", "all_params", "memory"], "value": "None"}, "version": 10, "at": 1709306958.890841}
{"obj": {"type": "AssignString", "path": ["cls_summary", "all_params", "steps"], "value": "[('rf', RandomForestClassifier(max_depth=30, min_samples_split=5, n_estimators=200,\n                       random_state=8))]"}, "version": 11, "at": 1709306958.89169}
{"obj": {"type": "AssignBool", "path": ["cls_summary", "all_params", "verbose"], "value": false}, "version": 12, "at": 1709306958.891915}
{"obj": {"type": "AssignString", "path": ["cls_summary", "all_params", "rf"], "value": "RandomForestClassifier(max_depth=30, min_samples_split=5, n_estimators=200,\n                       random_state=8)"}, "version": 13, "at": 1709306958.892429}
{"obj": {"type": "AssignBool", "path": ["cls_summary", "all_params", "rf__bootstrap"], "value": true}, "version": 14, "at": 1709306958.89251}
{"obj": {"type": "AssignFloat", "path": ["cls_summary", "all_params", "rf__ccp_alpha"], "value": 0.0}, "version": 15, "at": 1709306958.8925812}
{"obj": {"type": "AssignString", "path": ["cls_summary", "all_params", "rf__class_weight"], "value": "None"}, "version": 16, "at": 1709306958.892652}
{"obj": {"type": "AssignString", "path": ["cls_summary", "all_params", "rf__criterion"], "value": "gini"}, "version": 17, "at": 1709306958.892715}
{"obj": {"type": "AssignInt", "path": ["cls_summary", "all_params", "rf__max_depth"], "value": 30}, "version": 18, "at": 1709306958.892781}
{"obj": {"type": "AssignString", "path": ["cls_summary", "all_params", "rf__max_features"], "value": "sqrt"}, "version": 19, "at": 1709306958.892843}
{"obj": {"type": "AssignString", "path": ["cls_summary", "all_params", "rf__max_leaf_nodes"], "value": "None"}, "version": 20, "at": 1709306958.89291}
{"obj": {"type": "AssignString", "path": ["cls_summary", "all_params", "rf__max_samples"], "value": "None"}, "version": 21, "at": 1709306958.8929741}
{"obj": {"type": "AssignFloat", "path": ["cls_summary", "all_params", "rf__min_impurity_decrease"], "value": 0.0}, "version": 22, "at": 1709306958.8930318}
{"obj": {"type": "AssignInt", "path": ["cls_summary", "all_params", "rf__min_samples_leaf"], "value": 1}, "version": 23, "at": 1709306958.89309}
{"obj": {"type": "AssignInt", "path": ["cls_summary", "all_params", "rf__min_samples_split"], "value": 5}, "version": 24, "at": 1709306958.893145}
{"obj": {"type": "AssignFloat", "path": ["cls_summary", "all_params", "rf__min_weight_fraction_leaf"], "value": 0.0}, "version": 25, "at": 1709306958.8932}
{"obj": {"type": "AssignInt", "path": ["cls_summary", "all_params", "rf__n_estimators"], "value": 200}, "version": 26, "at": 1709306958.893256}
{"obj": {"type": "AssignString", "path": ["cls_summary", "all_params", "rf__n_jobs"], "value": "None"}, "version": 27, "at": 1709306958.893318}
{"obj": {"type": "AssignBool", "path": ["cls_summary", "all_params", "rf__oob_score"], "value": false}, "version": 28, "at": 1709306958.893376}
{"obj": {"type": "AssignInt", "path": ["cls_summary", "all_params", "rf__random_state"], "value": 8}, "version": 29, "at": 1709306958.893431}
{"obj": {"type": "AssignInt", "path": ["cls_summary", "all_params", "rf__verbose"], "value": 0}, "version": 30, "at": 1709306958.8934872}
{"obj": {"type": "AssignBool", "path": ["cls_summary", "all_params", "rf__warm_start"], "value": false}, "version": 31, "at": 1709306958.893544}
{"obj": {"type": "UploadFile", "path": ["cls_summary", "pickled_model"], "ext": "pkl", "file_path": null, "tmp_file_name": "cls_summary_pickled_model-1709306958.893608-2024-03-01_10.29.18.893608.pkl", "clean_after_upload": false}, "version": 32, "at": 1709306958.908868}
{"obj": {"type": "UploadFile", "path": ["cls_summary", "test", "preds"], "ext": "html", "file_path": null, "tmp_file_name": "cls_summary_test_preds-1709306958.909092-2024-03-01_10.29.18.909092.html", "clean_after_upload": false}, "version": 33, "at": 1709306958.9094121}
{"obj": {"type": "UploadFile", "path": ["cls_summary", "test", "preds_proba"], "ext": "html", "file_path": null, "tmp_file_name": "cls_summary_test_preds_proba-1709306958.909511-2024-03-01_10.29.18.909511.html", "clean_after_upload": false}, "version": 34, "at": 1709306958.909718}
{"obj": {"type": "AssignFloat", "path": ["cls_summary", "test", "scores", "class_0", "precision"], "value": 0.5525423728813559}, "version": 35, "at": 1709306958.909881}
{"obj": {"type": "AssignFloat", "path": ["cls_summary", "test", "scores", "class_0", "recall"], "value": 0.659919028340081}, "version": 36, "at": 1709306958.909956}
{"obj": {"type": "AssignFloat", "path": ["cls_summary", "test", "scores", "class_0", "fbeta_score"], "value": 0.6014760147601477}, "version": 37, "at": 1709306958.91002}
{"obj": {"type": "AssignFloat", "path": ["cls_summary", "test", "scores", "class_0", "support"], "value": 247.0}, "version": 38, "at": 1709306958.910084}
{"obj": {"type": "AssignFloat", "path": ["cls_summary", "test", "scores", "class_1", "precision"], "value": 0.58}, "version": 39, "at": 1709306958.910175}
{"obj": {"type": "AssignFloat", "path": ["cls_summary", "test", "scores", "class_1", "recall"], "value": 0.46774193548387094}, "version": 40, "at": 1709306958.910236}
{"obj": {"type": "AssignFloat", "path": ["cls_summary", "test", "scores", "class_1", "fbeta_score"], "value": 0.5178571428571428}, "version": 41, "at": 1709306958.910295}
{"obj": {"type": "AssignFloat", "path": ["cls_summary", "test", "scores", "class_1", "support"], "value": 248.0}, "version": 42, "at": 1709306958.910356}
{"obj": {"type": "UploadFile", "path": ["cls_summary", "diagnostics_charts", "classification_report"], "ext": "png", "file_path": null, "tmp_file_name": "cls_summary_diagnostics_charts_classification_report-1709306958.910442-2024-03-01_10.29.18.910442.png", "clean_after_upload": false}, "version": 43, "at": 1709306958.910639}
{"obj": {"type": "UploadFile", "path": ["cls_summary", "diagnostics_charts", "confusion_matrix"], "ext": "png", "file_path": null, "tmp_file_name": "cls_summary_diagnostics_charts_confusion_matrix-1709306958.910711-2024-03-01_10.29.18.910711.png", "clean_after_upload": false}, "version": 44, "at": 1709306958.910903}
{"obj": {"type": "UploadFile", "path": ["cls_summary", "diagnostics_charts", "ROC_AUC"], "ext": "png", "file_path": null, "tmp_file_name": "cls_summary_diagnostics_charts_ROC_AUC-1709306958.911047-2024-03-01_10.29.18.911047.png", "clean_after_upload": false}, "version": 45, "at": 1709306958.911461}
{"obj": {"type": "UploadFile", "path": ["cls_summary", "diagnostics_charts", "precision_recall"], "ext": "png", "file_path": null, "tmp_file_name": "cls_summary_diagnostics_charts_precision_recall-1709306958.911609-2024-03-01_10.29.18.911609.png", "clean_after_upload": false}, "version": 46, "at": 1709306958.9119449}
{"obj": {"type": "UploadFile", "path": ["cls_summary", "diagnostics_charts", "class_prediction_error"], "ext": "png", "file_path": null, "tmp_file_name": "cls_summary_diagnostics_charts_class_prediction_error-1709306958.912091-2024-03-01_10.29.18.912091.png", "clean_after_upload": false}, "version": 47, "at": 1709306958.9124322}
{"obj": {"type": "AssignString", "path": ["cls_summary", "integration", "about", "neptune-sklearn"], "value": "2.1.0"}, "version": 48, "at": 1709306958.912659}
{"obj": {"type": "AssignInt", "path": ["params", "rf__max_depth"], "value": 30}, "version": 49, "at": 1709306958.9140139}
{"obj": {"type": "AssignInt", "path": ["params", "rf__min_samples_split"], "value": 5}, "version": 50, "at": 1709306958.914144}
{"obj": {"type": "AssignInt", "path": ["params", "rf__n_estimators"], "value": 200}, "version": 51, "at": 1709306958.914206}
{"obj": {"type": "UploadFile", "path": ["roc_curve"], "ext": "png", "file_path": "/Users/shehjarsadhu/Desktop/UniversityOfRhodeIsland/Graduate/WBL/Project_Q2Behave/GitQ2Bheave/q2behave_data_analysis/jupyternotebooks/roc_curve_class.png", "tmp_file_name": null, "clean_after_upload": false}, "version": 52, "at": 1709306966.5361211}
{"obj": {"type": "AssignFloat", "path": ["precision"], "value": 0.5662989214175654}, "version": 53, "at": 1709306966.70719}
{"obj": {"type": "AssignFloat", "path": ["recall"], "value": 0.5636363636363636}, "version": 54, "at": 1709306966.707783}
{"obj": {"type": "AssignFloat", "path": ["f1_score"], "value": 0.5595821153016726}, "version": 55, "at": 1709306966.7078888}
{"obj": {"type": "AssignFloat", "path": ["mean_train_accuracy"], "value": 0.9998876151944257}, "version": 56, "at": 1709306966.708013}
{"obj": {"type": "AssignFloat", "path": ["mean_test_accuracy"], "value": 0.7012811867835468}, "version": 57, "at": 1709306966.708255}
{"obj": {"type": "AssignFloat", "path": ["mean_sensitivity"], "value": 0.7117752048238642}, "version": 58, "at": 1709306966.708481}
