{"obj": {"type": "AssignString", "path": ["sys", "name"], "value": "3-Foldtest_size_0.2_RF"}, "version": 1, "at": 1711210364.172002}
{"obj": {"type": "AssignString", "path": ["sys", "description"], "value": ""}, "version": 2, "at": 1711210364.17247}
{"obj": {"type": "AssignString", "path": ["monitoring", "6aa31d75", "hostname"], "value": "156.4.20.172.s.wireless.uri.edu"}, "version": 3, "at": 1711210364.172719}
{"obj": {"type": "AssignString", "path": ["sys", "hostname"], "value": "156.4.20.172.s.wireless.uri.edu"}, "version": 4, "at": 1711210364.1729012}
{"obj": {"type": "AssignString", "path": ["monitoring", "6aa31d75", "pid"], "value": "1465"}, "version": 5, "at": 1711210364.17311}
{"obj": {"type": "AssignString", "path": ["monitoring", "6aa31d75", "tid"], "value": "140704496821824"}, "version": 6, "at": 1711210364.173248}
{"obj": {"type": "AssignBool", "path": ["sys", "failed"], "value": false}, "version": 7, "at": 1711210364.1733482}
{"obj": {"type": "UploadFile", "path": ["data", "feature_table"], "ext": "html", "file_path": null, "tmp_file_name": "data_feature_table-1711210366.254448-2024-03-23_12.12.46.254448.html", "clean_after_upload": false}, "version": 8, "at": 1711210366.261573}
{"obj": {"type": "UploadFile", "path": ["data", "test_data"], "ext": "html", "file_path": null, "tmp_file_name": "data_test_data-1711210399.33275-2024-03-23_12.13.19.332750.html", "clean_after_upload": false}, "version": 9, "at": 1711210399.333324}
{"obj": {"type": "AssignString", "path": ["cls_summary", "all_params", "memory"], "value": "None"}, "version": 10, "at": 1711210400.546439}
{"obj": {"type": "AssignString", "path": ["cls_summary", "all_params", "steps"], "value": "[('rf', RandomForestClassifier(min_samples_split=5, n_estimators=200, random_state=8))]"}, "version": 11, "at": 1711210400.546884}
{"obj": {"type": "AssignBool", "path": ["cls_summary", "all_params", "verbose"], "value": false}, "version": 12, "at": 1711210400.546985}
{"obj": {"type": "AssignString", "path": ["cls_summary", "all_params", "rf"], "value": "RandomForestClassifier(min_samples_split=5, n_estimators=200, random_state=8)"}, "version": 13, "at": 1711210400.547252}
{"obj": {"type": "AssignBool", "path": ["cls_summary", "all_params", "rf__bootstrap"], "value": true}, "version": 14, "at": 1711210400.547332}
{"obj": {"type": "AssignFloat", "path": ["cls_summary", "all_params", "rf__ccp_alpha"], "value": 0.0}, "version": 15, "at": 1711210400.547405}
{"obj": {"type": "AssignString", "path": ["cls_summary", "all_params", "rf__class_weight"], "value": "None"}, "version": 16, "at": 1711210400.547478}
{"obj": {"type": "AssignString", "path": ["cls_summary", "all_params", "rf__criterion"], "value": "gini"}, "version": 17, "at": 1711210400.5475452}
{"obj": {"type": "AssignString", "path": ["cls_summary", "all_params", "rf__max_depth"], "value": "None"}, "version": 18, "at": 1711210400.547628}
{"obj": {"type": "AssignString", "path": ["cls_summary", "all_params", "rf__max_features"], "value": "sqrt"}, "version": 19, "at": 1711210400.547694}
{"obj": {"type": "AssignString", "path": ["cls_summary", "all_params", "rf__max_leaf_nodes"], "value": "None"}, "version": 20, "at": 1711210400.547773}
{"obj": {"type": "AssignString", "path": ["cls_summary", "all_params", "rf__max_samples"], "value": "None"}, "version": 21, "at": 1711210400.5478451}
{"obj": {"type": "AssignFloat", "path": ["cls_summary", "all_params", "rf__min_impurity_decrease"], "value": 0.0}, "version": 22, "at": 1711210400.547908}
{"obj": {"type": "AssignInt", "path": ["cls_summary", "all_params", "rf__min_samples_leaf"], "value": 1}, "version": 23, "at": 1711210400.5479732}
{"obj": {"type": "AssignInt", "path": ["cls_summary", "all_params", "rf__min_samples_split"], "value": 5}, "version": 24, "at": 1711210400.548034}
{"obj": {"type": "AssignFloat", "path": ["cls_summary", "all_params", "rf__min_weight_fraction_leaf"], "value": 0.0}, "version": 25, "at": 1711210400.5480928}
{"obj": {"type": "AssignInt", "path": ["cls_summary", "all_params", "rf__n_estimators"], "value": 200}, "version": 26, "at": 1711210400.548152}
{"obj": {"type": "AssignString", "path": ["cls_summary", "all_params", "rf__n_jobs"], "value": "None"}, "version": 27, "at": 1711210400.548218}
{"obj": {"type": "AssignBool", "path": ["cls_summary", "all_params", "rf__oob_score"], "value": false}, "version": 28, "at": 1711210400.54828}
{"obj": {"type": "AssignInt", "path": ["cls_summary", "all_params", "rf__random_state"], "value": 8}, "version": 29, "at": 1711210400.54834}
{"obj": {"type": "AssignInt", "path": ["cls_summary", "all_params", "rf__verbose"], "value": 0}, "version": 30, "at": 1711210400.548398}
{"obj": {"type": "AssignBool", "path": ["cls_summary", "all_params", "rf__warm_start"], "value": false}, "version": 31, "at": 1711210400.548458}
{"obj": {"type": "UploadFile", "path": ["cls_summary", "pickled_model"], "ext": "pkl", "file_path": null, "tmp_file_name": "cls_summary_pickled_model-1711210400.548525-2024-03-23_12.13.20.548525.pkl", "clean_after_upload": false}, "version": 32, "at": 1711210400.5619001}
{"obj": {"type": "UploadFile", "path": ["cls_summary", "test", "preds"], "ext": "html", "file_path": null, "tmp_file_name": "cls_summary_test_preds-1711210400.562261-2024-03-23_12.13.20.562261.html", "clean_after_upload": false}, "version": 33, "at": 1711210400.56273}
{"obj": {"type": "UploadFile", "path": ["cls_summary", "test", "preds_proba"], "ext": "html", "file_path": null, "tmp_file_name": "cls_summary_test_preds_proba-1711210400.562918-2024-03-23_12.13.20.562918.html", "clean_after_upload": false}, "version": 34, "at": 1711210400.564161}
{"obj": {"type": "AssignFloat", "path": ["cls_summary", "test", "scores", "class_0", "precision"], "value": 0.7840909090909091}, "version": 35, "at": 1711210400.5644841}
{"obj": {"type": "AssignFloat", "path": ["cls_summary", "test", "scores", "class_0", "recall"], "value": 0.5702479338842975}, "version": 36, "at": 1711210400.564595}
{"obj": {"type": "AssignFloat", "path": ["cls_summary", "test", "scores", "class_0", "fbeta_score"], "value": 0.6602870813397129}, "version": 37, "at": 1711210400.564676}
{"obj": {"type": "AssignFloat", "path": ["cls_summary", "test", "scores", "class_0", "support"], "value": 121.0}, "version": 38, "at": 1711210400.5647528}
{"obj": {"type": "AssignFloat", "path": ["cls_summary", "test", "scores", "class_1", "precision"], "value": 0.6623376623376623}, "version": 39, "at": 1711210400.564851}
{"obj": {"type": "AssignFloat", "path": ["cls_summary", "test", "scores", "class_1", "recall"], "value": 0.8429752066115702}, "version": 40, "at": 1711210400.564916}
{"obj": {"type": "AssignFloat", "path": ["cls_summary", "test", "scores", "class_1", "fbeta_score"], "value": 0.7418181818181817}, "version": 41, "at": 1711210400.5649788}
{"obj": {"type": "AssignFloat", "path": ["cls_summary", "test", "scores", "class_1", "support"], "value": 121.0}, "version": 42, "at": 1711210400.565042}
{"obj": {"type": "UploadFile", "path": ["cls_summary", "diagnostics_charts", "classification_report"], "ext": "png", "file_path": null, "tmp_file_name": "cls_summary_diagnostics_charts_classification_report-1711210400.56514-2024-03-23_12.13.20.565140.png", "clean_after_upload": false}, "version": 43, "at": 1711210400.5654469}
{"obj": {"type": "UploadFile", "path": ["cls_summary", "diagnostics_charts", "confusion_matrix"], "ext": "png", "file_path": null, "tmp_file_name": "cls_summary_diagnostics_charts_confusion_matrix-1711210400.565542-2024-03-23_12.13.20.565542.png", "clean_after_upload": false}, "version": 44, "at": 1711210400.56574}
{"obj": {"type": "UploadFile", "path": ["cls_summary", "diagnostics_charts", "ROC_AUC"], "ext": "png", "file_path": null, "tmp_file_name": "cls_summary_diagnostics_charts_ROC_AUC-1711210400.565853-2024-03-23_12.13.20.565853.png", "clean_after_upload": false}, "version": 45, "at": 1711210400.566158}
{"obj": {"type": "UploadFile", "path": ["cls_summary", "diagnostics_charts", "precision_recall"], "ext": "png", "file_path": null, "tmp_file_name": "cls_summary_diagnostics_charts_precision_recall-1711210400.566274-2024-03-23_12.13.20.566274.png", "clean_after_upload": false}, "version": 46, "at": 1711210400.566518}
{"obj": {"type": "UploadFile", "path": ["cls_summary", "diagnostics_charts", "class_prediction_error"], "ext": "png", "file_path": null, "tmp_file_name": "cls_summary_diagnostics_charts_class_prediction_error-1711210400.566678-2024-03-23_12.13.20.566678.png", "clean_after_upload": false}, "version": 47, "at": 1711210400.566925}
{"obj": {"type": "AssignString", "path": ["cls_summary", "integration", "about", "neptune-sklearn"], "value": "2.1.0"}, "version": 48, "at": 1711210400.567028}
{"obj": {"type": "AssignInt", "path": ["params", "rf__min_samples_split"], "value": 5}, "version": 49, "at": 1711210400.571507}
{"obj": {"type": "AssignInt", "path": ["params", "rf__n_estimators"], "value": 200}, "version": 50, "at": 1711210400.57203}
{"obj": {"type": "UploadFile", "path": ["roc_curve"], "ext": "png", "file_path": "/Users/shehjarsadhu/Desktop/UniversityOfRhodeIsland/Graduate/WBL/Project_Q2Behave/GitQ2Bheave/q2behave_data_analysis/jupyternotebooks/roc_curve_class.png", "tmp_file_name": null, "clean_after_upload": false}, "version": 51, "at": 1711210403.816777}
{"obj": {"type": "AssignFloat", "path": ["precision"], "value": 0.7232142857142857}, "version": 52, "at": 1711210403.948176}
{"obj": {"type": "AssignFloat", "path": ["recall"], "value": 0.7066115702479339}, "version": 53, "at": 1711210403.9486458}
{"obj": {"type": "AssignFloat", "path": ["f1_score"], "value": 0.7010526315789474}, "version": 54, "at": 1711210403.949135}
{"obj": {"type": "AssignFloat", "path": ["mean_train_accuracy"], "value": 0.9979262670608623}, "version": 55, "at": 1711210403.9493709}
{"obj": {"type": "AssignFloat", "path": ["mean_test_accuracy"], "value": 0.7290327798282683}, "version": 56, "at": 1711210403.949554}
{"obj": {"type": "AssignFloat", "path": ["mean_sensitivity"], "value": 0.7834259245088586}, "version": 57, "at": 1711210403.9496908}
