{"obj": {"type": "AssignString", "path": ["sys", "name"], "value": "2-Foldtest_size_0.2_RF"}, "version": 1, "at": 1711209314.7167969}
{"obj": {"type": "AssignString", "path": ["sys", "description"], "value": ""}, "version": 2, "at": 1711209314.717194}
{"obj": {"type": "AssignString", "path": ["monitoring", "6aa31d75", "hostname"], "value": "156.4.20.172.s.wireless.uri.edu"}, "version": 3, "at": 1711209314.7174048}
{"obj": {"type": "AssignString", "path": ["sys", "hostname"], "value": "156.4.20.172.s.wireless.uri.edu"}, "version": 4, "at": 1711209314.717524}
{"obj": {"type": "AssignString", "path": ["monitoring", "6aa31d75", "pid"], "value": "1465"}, "version": 5, "at": 1711209314.717618}
{"obj": {"type": "AssignString", "path": ["monitoring", "6aa31d75", "tid"], "value": "140704496821824"}, "version": 6, "at": 1711209314.717699}
{"obj": {"type": "AssignBool", "path": ["sys", "failed"], "value": false}, "version": 7, "at": 1711209314.7177868}
{"obj": {"type": "UploadFile", "path": ["data", "feature_table"], "ext": "html", "file_path": null, "tmp_file_name": "data_feature_table-1711209316.739685-2024-03-23_11.55.16.739685.html", "clean_after_upload": false}, "version": 8, "at": 1711209316.741353}
{"obj": {"type": "UploadFile", "path": ["data", "test_data"], "ext": "html", "file_path": null, "tmp_file_name": "data_test_data-1711209342.645868-2024-03-23_11.55.42.645868.html", "clean_after_upload": false}, "version": 9, "at": 1711209342.646559}
{"obj": {"type": "AssignString", "path": ["cls_summary", "all_params", "memory"], "value": "None"}, "version": 10, "at": 1711209344.409583}
{"obj": {"type": "AssignString", "path": ["cls_summary", "all_params", "steps"], "value": "[('rf', RandomForestClassifier(max_depth=10, min_samples_split=5, random_state=8))]"}, "version": 11, "at": 1711209344.4124842}
{"obj": {"type": "AssignBool", "path": ["cls_summary", "all_params", "verbose"], "value": false}, "version": 12, "at": 1711209344.4126909}
{"obj": {"type": "AssignString", "path": ["cls_summary", "all_params", "rf"], "value": "RandomForestClassifier(max_depth=10, min_samples_split=5, random_state=8)"}, "version": 13, "at": 1711209344.413544}
{"obj": {"type": "AssignBool", "path": ["cls_summary", "all_params", "rf__bootstrap"], "value": true}, "version": 14, "at": 1711209344.413772}
{"obj": {"type": "AssignFloat", "path": ["cls_summary", "all_params", "rf__ccp_alpha"], "value": 0.0}, "version": 15, "at": 1711209344.41408}
{"obj": {"type": "AssignString", "path": ["cls_summary", "all_params", "rf__class_weight"], "value": "None"}, "version": 16, "at": 1711209344.414285}
{"obj": {"type": "AssignString", "path": ["cls_summary", "all_params", "rf__criterion"], "value": "gini"}, "version": 17, "at": 1711209344.414436}
{"obj": {"type": "AssignInt", "path": ["cls_summary", "all_params", "rf__max_depth"], "value": 10}, "version": 18, "at": 1711209344.41461}
{"obj": {"type": "AssignString", "path": ["cls_summary", "all_params", "rf__max_features"], "value": "sqrt"}, "version": 19, "at": 1711209344.414706}
{"obj": {"type": "AssignString", "path": ["cls_summary", "all_params", "rf__max_leaf_nodes"], "value": "None"}, "version": 20, "at": 1711209344.414884}
{"obj": {"type": "AssignString", "path": ["cls_summary", "all_params", "rf__max_samples"], "value": "None"}, "version": 21, "at": 1711209344.415064}
{"obj": {"type": "AssignFloat", "path": ["cls_summary", "all_params", "rf__min_impurity_decrease"], "value": 0.0}, "version": 22, "at": 1711209344.415244}
{"obj": {"type": "AssignInt", "path": ["cls_summary", "all_params", "rf__min_samples_leaf"], "value": 1}, "version": 23, "at": 1711209344.415392}
{"obj": {"type": "AssignInt", "path": ["cls_summary", "all_params", "rf__min_samples_split"], "value": 5}, "version": 24, "at": 1711209344.415477}
{"obj": {"type": "AssignFloat", "path": ["cls_summary", "all_params", "rf__min_weight_fraction_leaf"], "value": 0.0}, "version": 25, "at": 1711209344.415551}
{"obj": {"type": "AssignInt", "path": ["cls_summary", "all_params", "rf__n_estimators"], "value": 100}, "version": 26, "at": 1711209344.415626}
{"obj": {"type": "AssignString", "path": ["cls_summary", "all_params", "rf__n_jobs"], "value": "None"}, "version": 27, "at": 1711209344.415722}
{"obj": {"type": "AssignBool", "path": ["cls_summary", "all_params", "rf__oob_score"], "value": false}, "version": 28, "at": 1711209344.415806}
{"obj": {"type": "AssignInt", "path": ["cls_summary", "all_params", "rf__random_state"], "value": 8}, "version": 29, "at": 1711209344.415881}
{"obj": {"type": "AssignInt", "path": ["cls_summary", "all_params", "rf__verbose"], "value": 0}, "version": 30, "at": 1711209344.415956}
{"obj": {"type": "AssignBool", "path": ["cls_summary", "all_params", "rf__warm_start"], "value": false}, "version": 31, "at": 1711209344.4160352}
{"obj": {"type": "UploadFile", "path": ["cls_summary", "pickled_model"], "ext": "pkl", "file_path": null, "tmp_file_name": "cls_summary_pickled_model-1711209344.416127-2024-03-23_11.55.44.416127.pkl", "clean_after_upload": false}, "version": 32, "at": 1711209344.418827}
{"obj": {"type": "UploadFile", "path": ["cls_summary", "test", "preds"], "ext": "html", "file_path": null, "tmp_file_name": "cls_summary_test_preds-1711209344.41911-2024-03-23_11.55.44.419110.html", "clean_after_upload": false}, "version": 33, "at": 1711209344.419497}
{"obj": {"type": "UploadFile", "path": ["cls_summary", "test", "preds_proba"], "ext": "html", "file_path": null, "tmp_file_name": "cls_summary_test_preds_proba-1711209344.419627-2024-03-23_11.55.44.419627.html", "clean_after_upload": false}, "version": 34, "at": 1711209344.4199271}
{"obj": {"type": "AssignFloat", "path": ["cls_summary", "test", "scores", "class_0", "precision"], "value": 0.5252525252525253}, "version": 35, "at": 1711209344.420355}
{"obj": {"type": "AssignFloat", "path": ["cls_summary", "test", "scores", "class_0", "recall"], "value": 0.4297520661157025}, "version": 36, "at": 1711209344.420485}
{"obj": {"type": "AssignFloat", "path": ["cls_summary", "test", "scores", "class_0", "fbeta_score"], "value": 0.4727272727272728}, "version": 37, "at": 1711209344.420562}
{"obj": {"type": "AssignFloat", "path": ["cls_summary", "test", "scores", "class_0", "support"], "value": 121.0}, "version": 38, "at": 1711209344.4209752}
{"obj": {"type": "AssignFloat", "path": ["cls_summary", "test", "scores", "class_1", "precision"], "value": 0.5174825174825175}, "version": 39, "at": 1711209344.421375}
{"obj": {"type": "AssignFloat", "path": ["cls_summary", "test", "scores", "class_1", "recall"], "value": 0.6115702479338843}, "version": 40, "at": 1711209344.421628}
{"obj": {"type": "AssignFloat", "path": ["cls_summary", "test", "scores", "class_1", "fbeta_score"], "value": 0.5606060606060606}, "version": 41, "at": 1711209344.421783}
{"obj": {"type": "AssignFloat", "path": ["cls_summary", "test", "scores", "class_1", "support"], "value": 121.0}, "version": 42, "at": 1711209344.421916}
{"obj": {"type": "UploadFile", "path": ["cls_summary", "diagnostics_charts", "classification_report"], "ext": "png", "file_path": null, "tmp_file_name": "cls_summary_diagnostics_charts_classification_report-1711209344.422108-2024-03-23_11.55.44.422108.png", "clean_after_upload": false}, "version": 43, "at": 1711209344.422675}
{"obj": {"type": "UploadFile", "path": ["cls_summary", "diagnostics_charts", "confusion_matrix"], "ext": "png", "file_path": null, "tmp_file_name": "cls_summary_diagnostics_charts_confusion_matrix-1711209344.422887-2024-03-23_11.55.44.422887.png", "clean_after_upload": false}, "version": 44, "at": 1711209344.4232352}
{"obj": {"type": "UploadFile", "path": ["cls_summary", "diagnostics_charts", "ROC_AUC"], "ext": "png", "file_path": null, "tmp_file_name": "cls_summary_diagnostics_charts_ROC_AUC-1711209344.423378-2024-03-23_11.55.44.423378.png", "clean_after_upload": false}, "version": 45, "at": 1711209344.423885}
{"obj": {"type": "UploadFile", "path": ["cls_summary", "diagnostics_charts", "precision_recall"], "ext": "png", "file_path": null, "tmp_file_name": "cls_summary_diagnostics_charts_precision_recall-1711209344.424096-2024-03-23_11.55.44.424096.png", "clean_after_upload": false}, "version": 46, "at": 1711209344.4244459}
{"obj": {"type": "UploadFile", "path": ["cls_summary", "diagnostics_charts", "class_prediction_error"], "ext": "png", "file_path": null, "tmp_file_name": "cls_summary_diagnostics_charts_class_prediction_error-1711209344.424913-2024-03-23_11.55.44.424913.png", "clean_after_upload": false}, "version": 47, "at": 1711209344.425517}
{"obj": {"type": "AssignString", "path": ["cls_summary", "integration", "about", "neptune-sklearn"], "value": "2.1.0"}, "version": 48, "at": 1711209344.425823}
{"obj": {"type": "AssignInt", "path": ["params", "rf__max_depth"], "value": 10}, "version": 49, "at": 1711209344.426799}
{"obj": {"type": "AssignInt", "path": ["params", "rf__min_samples_split"], "value": 5}, "version": 50, "at": 1711209344.427052}
{"obj": {"type": "AssignInt", "path": ["params", "rf__n_estimators"], "value": 100}, "version": 51, "at": 1711209344.427197}
{"obj": {"type": "UploadFile", "path": ["roc_curve"], "ext": "png", "file_path": "/Users/shehjarsadhu/Desktop/UniversityOfRhodeIsland/Graduate/WBL/Project_Q2Behave/GitQ2Bheave/q2behave_data_analysis/jupyternotebooks/roc_curve_class.png", "tmp_file_name": null, "clean_after_upload": false}, "version": 52, "at": 1711209345.62637}
{"obj": {"type": "AssignFloat", "path": ["precision"], "value": 0.5213675213675214}, "version": 53, "at": 1711209345.805425}
{"obj": {"type": "AssignFloat", "path": ["recall"], "value": 0.5206611570247934}, "version": 54, "at": 1711209345.805977}
{"obj": {"type": "AssignFloat", "path": ["f1_score"], "value": 0.5166666666666666}, "version": 55, "at": 1711209345.806129}
{"obj": {"type": "AssignFloat", "path": ["mean_train_accuracy"], "value": 0.9820276497695852}, "version": 56, "at": 1711209345.806305}
{"obj": {"type": "AssignFloat", "path": ["mean_test_accuracy"], "value": 0.5903225806451613}, "version": 57, "at": 1711209345.8063989}
{"obj": {"type": "AssignFloat", "path": ["mean_sensitivity"], "value": 0.6479463551541593}, "version": 58, "at": 1711209345.8064861}
