{"obj": {"type": "AssignString", "path": ["sys", "name"], "value": "2-Foldtest_size_0.2_RF"}, "version": 1, "at": 1711902203.473878}
{"obj": {"type": "AssignString", "path": ["sys", "description"], "value": ""}, "version": 2, "at": 1711902203.474331}
{"obj": {"type": "AssignString", "path": ["monitoring", "0dc1831a", "hostname"], "value": "156.4.20.172.s.wireless.uri.edu"}, "version": 3, "at": 1711902203.4745688}
{"obj": {"type": "AssignString", "path": ["sys", "hostname"], "value": "156.4.20.172.s.wireless.uri.edu"}, "version": 4, "at": 1711902203.474745}
{"obj": {"type": "AssignString", "path": ["monitoring", "0dc1831a", "pid"], "value": "67163"}, "version": 5, "at": 1711902203.474916}
{"obj": {"type": "AssignString", "path": ["monitoring", "0dc1831a", "tid"], "value": "140704736732736"}, "version": 6, "at": 1711902203.475233}
{"obj": {"type": "AssignBool", "path": ["sys", "failed"], "value": false}, "version": 7, "at": 1711902203.475441}
{"obj": {"type": "UploadFile", "path": ["data", "feature_table"], "ext": "html", "file_path": null, "tmp_file_name": "data_feature_table-1711902205.795458-2024-03-31_12.23.25.795458.html", "clean_after_upload": false}, "version": 8, "at": 1711902205.8042948}
{"obj": {"type": "UploadFile", "path": ["pred_prob"], "ext": "png", "file_path": "/Users/shehjarsadhu/Desktop/UniversityOfRhodeIsland/Graduate/WBL/Project_Q2Behave/GitQ2Bheave/q2behave_data_analysis/jupyternotebooks/probability_plot.png", "tmp_file_name": null, "clean_after_upload": false}, "version": 9, "at": 1711902217.896933}
{"obj": {"type": "UploadFile", "path": ["data", "test_data"], "ext": "html", "file_path": null, "tmp_file_name": "data_test_data-1711902217.970749-2024-03-31_12.23.37.970749.html", "clean_after_upload": false}, "version": 10, "at": 1711902217.9712021}
{"obj": {"type": "AssignString", "path": ["cls_summary", "all_params", "memory"], "value": "None"}, "version": 11, "at": 1711902219.0107892}
{"obj": {"type": "AssignString", "path": ["cls_summary", "all_params", "steps"], "value": "[('rf', RandomForestClassifier(max_depth=10, random_state=8))]"}, "version": 12, "at": 1711902219.011484}
{"obj": {"type": "AssignBool", "path": ["cls_summary", "all_params", "verbose"], "value": false}, "version": 13, "at": 1711902219.011654}
{"obj": {"type": "AssignString", "path": ["cls_summary", "all_params", "rf"], "value": "RandomForestClassifier(max_depth=10, random_state=8)"}, "version": 14, "at": 1711902219.0120032}
{"obj": {"type": "AssignBool", "path": ["cls_summary", "all_params", "rf__bootstrap"], "value": true}, "version": 15, "at": 1711902219.0121431}
{"obj": {"type": "AssignFloat", "path": ["cls_summary", "all_params", "rf__ccp_alpha"], "value": 0.0}, "version": 16, "at": 1711902219.012238}
{"obj": {"type": "AssignString", "path": ["cls_summary", "all_params", "rf__class_weight"], "value": "None"}, "version": 17, "at": 1711902219.012311}
{"obj": {"type": "AssignString", "path": ["cls_summary", "all_params", "rf__criterion"], "value": "gini"}, "version": 18, "at": 1711902219.012407}
{"obj": {"type": "AssignInt", "path": ["cls_summary", "all_params", "rf__max_depth"], "value": 10}, "version": 19, "at": 1711902219.0124989}
{"obj": {"type": "AssignString", "path": ["cls_summary", "all_params", "rf__max_features"], "value": "sqrt"}, "version": 20, "at": 1711902219.0125608}
{"obj": {"type": "AssignString", "path": ["cls_summary", "all_params", "rf__max_leaf_nodes"], "value": "None"}, "version": 21, "at": 1711902219.012627}
{"obj": {"type": "AssignString", "path": ["cls_summary", "all_params", "rf__max_samples"], "value": "None"}, "version": 22, "at": 1711902219.012727}
{"obj": {"type": "AssignFloat", "path": ["cls_summary", "all_params", "rf__min_impurity_decrease"], "value": 0.0}, "version": 23, "at": 1711902219.01281}
{"obj": {"type": "AssignInt", "path": ["cls_summary", "all_params", "rf__min_samples_leaf"], "value": 1}, "version": 24, "at": 1711902219.0128691}
{"obj": {"type": "AssignInt", "path": ["cls_summary", "all_params", "rf__min_samples_split"], "value": 2}, "version": 25, "at": 1711902219.0129259}
{"obj": {"type": "AssignFloat", "path": ["cls_summary", "all_params", "rf__min_weight_fraction_leaf"], "value": 0.0}, "version": 26, "at": 1711902219.0129821}
{"obj": {"type": "AssignInt", "path": ["cls_summary", "all_params", "rf__n_estimators"], "value": 100}, "version": 27, "at": 1711902219.013071}
{"obj": {"type": "AssignString", "path": ["cls_summary", "all_params", "rf__n_jobs"], "value": "None"}, "version": 28, "at": 1711902219.013161}
{"obj": {"type": "AssignBool", "path": ["cls_summary", "all_params", "rf__oob_score"], "value": false}, "version": 29, "at": 1711902219.0132182}
{"obj": {"type": "AssignInt", "path": ["cls_summary", "all_params", "rf__random_state"], "value": 8}, "version": 30, "at": 1711902219.013272}
{"obj": {"type": "AssignInt", "path": ["cls_summary", "all_params", "rf__verbose"], "value": 0}, "version": 31, "at": 1711902219.0133271}
{"obj": {"type": "AssignBool", "path": ["cls_summary", "all_params", "rf__warm_start"], "value": false}, "version": 32, "at": 1711902219.0133839}
{"obj": {"type": "UploadFile", "path": ["cls_summary", "pickled_model"], "ext": "pkl", "file_path": null, "tmp_file_name": "cls_summary_pickled_model-1711902219.013467-2024-03-31_12.23.39.013467.pkl", "clean_after_upload": false}, "version": 33, "at": 1711902219.015595}
{"obj": {"type": "UploadFile", "path": ["cls_summary", "test", "preds"], "ext": "html", "file_path": null, "tmp_file_name": "cls_summary_test_preds-1711902219.015814-2024-03-31_12.23.39.015814.html", "clean_after_upload": false}, "version": 34, "at": 1711902219.016119}
{"obj": {"type": "UploadFile", "path": ["cls_summary", "test", "preds_proba"], "ext": "html", "file_path": null, "tmp_file_name": "cls_summary_test_preds_proba-1711902219.016233-2024-03-31_12.23.39.016233.html", "clean_after_upload": false}, "version": 35, "at": 1711902219.016475}
{"obj": {"type": "AssignFloat", "path": ["cls_summary", "test", "scores", "class_0", "precision"], "value": 0.5}, "version": 36, "at": 1711902219.016652}
{"obj": {"type": "AssignFloat", "path": ["cls_summary", "test", "scores", "class_0", "recall"], "value": 0.8557692307692307}, "version": 37, "at": 1711902219.016722}
{"obj": {"type": "AssignFloat", "path": ["cls_summary", "test", "scores", "class_0", "fbeta_score"], "value": 0.6312056737588652}, "version": 38, "at": 1711902219.016784}
{"obj": {"type": "AssignFloat", "path": ["cls_summary", "test", "scores", "class_0", "support"], "value": 104.0}, "version": 39, "at": 1711902219.016852}
{"obj": {"type": "AssignFloat", "path": ["cls_summary", "test", "scores", "class_1", "precision"], "value": 0.4827586206896552}, "version": 40, "at": 1711902219.016947}
{"obj": {"type": "AssignFloat", "path": ["cls_summary", "test", "scores", "class_1", "recall"], "value": 0.13592233009708737}, "version": 41, "at": 1711902219.017008}
{"obj": {"type": "AssignFloat", "path": ["cls_summary", "test", "scores", "class_1", "fbeta_score"], "value": 0.21212121212121213}, "version": 42, "at": 1711902219.017069}
{"obj": {"type": "AssignFloat", "path": ["cls_summary", "test", "scores", "class_1", "support"], "value": 103.0}, "version": 43, "at": 1711902219.017131}
{"obj": {"type": "UploadFile", "path": ["cls_summary", "diagnostics_charts", "classification_report"], "ext": "png", "file_path": null, "tmp_file_name": "cls_summary_diagnostics_charts_classification_report-1711902219.017226-2024-03-31_12.23.39.017226.png", "clean_after_upload": false}, "version": 44, "at": 1711902219.017494}
{"obj": {"type": "UploadFile", "path": ["cls_summary", "diagnostics_charts", "confusion_matrix"], "ext": "png", "file_path": null, "tmp_file_name": "cls_summary_diagnostics_charts_confusion_matrix-1711902219.017585-2024-03-31_12.23.39.017585.png", "clean_after_upload": false}, "version": 45, "at": 1711902219.0178308}
{"obj": {"type": "UploadFile", "path": ["cls_summary", "diagnostics_charts", "ROC_AUC"], "ext": "png", "file_path": null, "tmp_file_name": "cls_summary_diagnostics_charts_ROC_AUC-1711902219.017917-2024-03-31_12.23.39.017917.png", "clean_after_upload": false}, "version": 46, "at": 1711902219.018188}
{"obj": {"type": "UploadFile", "path": ["cls_summary", "diagnostics_charts", "precision_recall"], "ext": "png", "file_path": null, "tmp_file_name": "cls_summary_diagnostics_charts_precision_recall-1711902219.018355-2024-03-31_12.23.39.018355.png", "clean_after_upload": false}, "version": 47, "at": 1711902219.018633}
{"obj": {"type": "UploadFile", "path": ["cls_summary", "diagnostics_charts", "class_prediction_error"], "ext": "png", "file_path": null, "tmp_file_name": "cls_summary_diagnostics_charts_class_prediction_error-1711902219.018737-2024-03-31_12.23.39.018737.png", "clean_after_upload": false}, "version": 48, "at": 1711902219.018989}
{"obj": {"type": "AssignString", "path": ["cls_summary", "integration", "about", "neptune-sklearn"], "value": "2.1.0"}, "version": 49, "at": 1711902219.019114}
{"obj": {"type": "AssignInt", "path": ["params", "rf__max_depth"], "value": 10}, "version": 50, "at": 1711902219.019851}
{"obj": {"type": "AssignInt", "path": ["params", "rf__min_samples_split"], "value": 2}, "version": 51, "at": 1711902219.019955}
{"obj": {"type": "AssignInt", "path": ["params", "rf__n_estimators"], "value": 100}, "version": 52, "at": 1711902219.020013}
{"obj": {"type": "UploadFile", "path": ["feature_importance"], "ext": "png", "file_path": "/Users/shehjarsadhu/Desktop/UniversityOfRhodeIsland/Graduate/WBL/Project_Q2Behave/GitQ2Bheave/q2behave_data_analysis/jupyternotebooks/feature_importance.png", "tmp_file_name": null, "clean_after_upload": false}, "version": 53, "at": 1711902232.691911}
{"obj": {"type": "UploadFile", "path": ["roc_curve"], "ext": "png", "file_path": "/Users/shehjarsadhu/Desktop/UniversityOfRhodeIsland/Graduate/WBL/Project_Q2Behave/GitQ2Bheave/q2behave_data_analysis/jupyternotebooks/roc_curve_class.png", "tmp_file_name": null, "clean_after_upload": false}, "version": 54, "at": 1711902232.819733}
{"obj": {"type": "AssignFloat", "path": ["precision"], "value": 0.49142095618857234}, "version": 55, "at": 1711902233.2518961}
{"obj": {"type": "AssignFloat", "path": ["recall"], "value": 0.4975845410628019}, "version": 56, "at": 1711902233.252327}
{"obj": {"type": "AssignFloat", "path": ["f1_score"], "value": 0.42267572424834216}, "version": 57, "at": 1711902233.252458}
{"obj": {"type": "AssignFloat", "path": ["mean_train_accuracy"], "value": 0.9644663338406146}, "version": 58, "at": 1711902233.2525492}
{"obj": {"type": "AssignFloat", "path": ["mean_test_accuracy"], "value": 0.5875048717568019}, "version": 59, "at": 1711902233.252637}
{"obj": {"type": "AssignFloat", "path": ["mean_sensitivity"], "value": 0.6415762884686689}, "version": 60, "at": 1711902233.2527418}
