{"obj": {"type": "AssignString", "path": ["sys", "name"], "value": "2-Foldtest_size_0.2_RF"}, "version": 1, "at": 1712702550.884106}
{"obj": {"type": "AssignString", "path": ["sys", "description"], "value": ""}, "version": 2, "at": 1712702550.8846972}
{"obj": {"type": "AssignString", "path": ["monitoring", "b1279506", "hostname"], "value": "156.4.20.172.s.wireless.uri.edu"}, "version": 3, "at": 1712702550.885057}
{"obj": {"type": "AssignString", "path": ["sys", "hostname"], "value": "156.4.20.172.s.wireless.uri.edu"}, "version": 4, "at": 1712702550.885371}
{"obj": {"type": "AssignString", "path": ["monitoring", "b1279506", "pid"], "value": "65268"}, "version": 5, "at": 1712702550.885679}
{"obj": {"type": "AssignString", "path": ["monitoring", "b1279506", "tid"], "value": "140704351295040"}, "version": 6, "at": 1712702550.885973}
{"obj": {"type": "AssignBool", "path": ["sys", "failed"], "value": false}, "version": 7, "at": 1712702550.8861818}
{"obj": {"type": "AssignString", "path": ["pid"], "value": "None"}, "version": 8, "at": 1712702550.9338062}
{"obj": {"type": "UploadFile", "path": ["data", "feature_table"], "ext": "html", "file_path": null, "tmp_file_name": "data_feature_table-1712702599.673585-2024-04-09_18.43.19.673585.html", "clean_after_upload": false}, "version": 9, "at": 1712702599.7199402}
{"obj": {"type": "AssignString", "path": ["original"], "value": "type\n0    29980\n1     5543\nName: count, dtype: int64"}, "version": 10, "at": 1712702599.7283342}
{"obj": {"type": "AssignString", "path": ["train_samples_undersampled"], "value": "type\n0    5543\n1    5543\nName: count, dtype: int64"}, "version": 11, "at": 1712702599.729907}
{"obj": {"type": "AssignString", "path": ["test_samples_undersampled"], "value": "type\n1    1109\n0    1109\nName: count, dtype: int64"}, "version": 12, "at": 1712702599.731138}
{"obj": {"type": "AssignString", "path": ["tag"], "value": "Rus"}, "version": 13, "at": 1712702599.731395}
{"obj": {"type": "UploadFile", "path": ["data", "test_data"], "ext": "html", "file_path": null, "tmp_file_name": "data_test_data-1712702859.915704-2024-04-09_18.47.39.915704.html", "clean_after_upload": false}, "version": 14, "at": 1712702859.9182951}
{"obj": {"type": "AssignString", "path": ["cls_summary", "all_params", "memory"], "value": "None"}, "version": 15, "at": 1712702864.071195}
{"obj": {"type": "AssignString", "path": ["cls_summary", "all_params", "steps"], "value": "[('rf', RandomForestClassifier(max_depth=20, n_estimators=300, random_state=8))]"}, "version": 16, "at": 1712702864.071967}
{"obj": {"type": "AssignBool", "path": ["cls_summary", "all_params", "verbose"], "value": false}, "version": 17, "at": 1712702864.072277}
{"obj": {"type": "AssignString", "path": ["cls_summary", "all_params", "rf"], "value": "RandomForestClassifier(max_depth=20, n_estimators=300, random_state=8)"}, "version": 18, "at": 1712702864.0729642}
{"obj": {"type": "AssignBool", "path": ["cls_summary", "all_params", "rf__bootstrap"], "value": true}, "version": 19, "at": 1712702864.073222}
{"obj": {"type": "AssignFloat", "path": ["cls_summary", "all_params", "rf__ccp_alpha"], "value": 0.0}, "version": 20, "at": 1712702864.073411}
{"obj": {"type": "AssignString", "path": ["cls_summary", "all_params", "rf__class_weight"], "value": "None"}, "version": 21, "at": 1712702864.0735822}
{"obj": {"type": "AssignString", "path": ["cls_summary", "all_params", "rf__criterion"], "value": "gini"}, "version": 22, "at": 1712702864.073726}
{"obj": {"type": "AssignInt", "path": ["cls_summary", "all_params", "rf__max_depth"], "value": 20}, "version": 23, "at": 1712702864.0738602}
{"obj": {"type": "AssignString", "path": ["cls_summary", "all_params", "rf__max_features"], "value": "sqrt"}, "version": 24, "at": 1712702864.073985}
{"obj": {"type": "AssignString", "path": ["cls_summary", "all_params", "rf__max_leaf_nodes"], "value": "None"}, "version": 25, "at": 1712702864.074121}
{"obj": {"type": "AssignString", "path": ["cls_summary", "all_params", "rf__max_samples"], "value": "None"}, "version": 26, "at": 1712702864.074241}
{"obj": {"type": "AssignFloat", "path": ["cls_summary", "all_params", "rf__min_impurity_decrease"], "value": 0.0}, "version": 27, "at": 1712702864.074352}
{"obj": {"type": "AssignInt", "path": ["cls_summary", "all_params", "rf__min_samples_leaf"], "value": 1}, "version": 28, "at": 1712702864.0744572}
{"obj": {"type": "AssignInt", "path": ["cls_summary", "all_params", "rf__min_samples_split"], "value": 2}, "version": 29, "at": 1712702864.07456}
{"obj": {"type": "AssignFloat", "path": ["cls_summary", "all_params", "rf__min_weight_fraction_leaf"], "value": 0.0}, "version": 30, "at": 1712702864.07468}
{"obj": {"type": "AssignInt", "path": ["cls_summary", "all_params", "rf__n_estimators"], "value": 300}, "version": 31, "at": 1712702864.074781}
{"obj": {"type": "AssignString", "path": ["cls_summary", "all_params", "rf__n_jobs"], "value": "None"}, "version": 32, "at": 1712702864.074908}
{"obj": {"type": "AssignBool", "path": ["cls_summary", "all_params", "rf__oob_score"], "value": false}, "version": 33, "at": 1712702864.0750122}
{"obj": {"type": "AssignInt", "path": ["cls_summary", "all_params", "rf__random_state"], "value": 8}, "version": 34, "at": 1712702864.0751228}
{"obj": {"type": "AssignInt", "path": ["cls_summary", "all_params", "rf__verbose"], "value": 0}, "version": 35, "at": 1712702864.075233}
{"obj": {"type": "AssignBool", "path": ["cls_summary", "all_params", "rf__warm_start"], "value": false}, "version": 36, "at": 1712702864.07535}
{"obj": {"type": "UploadFile", "path": ["cls_summary", "pickled_model"], "ext": "pkl", "file_path": null, "tmp_file_name": "cls_summary_pickled_model-1712702864.075472-2024-04-09_18.47.44.075472.pkl", "clean_after_upload": false}, "version": 37, "at": 1712702864.1479082}
{"obj": {"type": "UploadFile", "path": ["cls_summary", "test", "preds"], "ext": "html", "file_path": null, "tmp_file_name": "cls_summary_test_preds-1712702864.148235-2024-04-09_18.47.44.148235.html", "clean_after_upload": false}, "version": 38, "at": 1712702864.148843}
{"obj": {"type": "UploadFile", "path": ["cls_summary", "test", "preds_proba"], "ext": "html", "file_path": null, "tmp_file_name": "cls_summary_test_preds_proba-1712702864.149071-2024-04-09_18.47.44.149071.html", "clean_after_upload": false}, "version": 39, "at": 1712702864.149628}
{"obj": {"type": "AssignFloat", "path": ["cls_summary", "test", "scores", "class_0", "precision"], "value": 0.5663924794359577}, "version": 40, "at": 1712702864.149994}
{"obj": {"type": "AssignFloat", "path": ["cls_summary", "test", "scores", "class_0", "recall"], "value": 0.43462578899909826}, "version": 41, "at": 1712702864.150167}
{"obj": {"type": "AssignFloat", "path": ["cls_summary", "test", "scores", "class_0", "fbeta_score"], "value": 0.49183673469387756}, "version": 42, "at": 1712702864.150281}
{"obj": {"type": "AssignFloat", "path": ["cls_summary", "test", "scores", "class_0", "support"], "value": 1109.0}, "version": 43, "at": 1712702864.15039}
{"obj": {"type": "AssignFloat", "path": ["cls_summary", "test", "scores", "class_1", "precision"], "value": 0.5413313825896123}, "version": 44, "at": 1712702864.150582}
{"obj": {"type": "AssignFloat", "path": ["cls_summary", "test", "scores", "class_1", "recall"], "value": 0.6672678088367899}, "version": 45, "at": 1712702864.1507041}
{"obj": {"type": "AssignFloat", "path": ["cls_summary", "test", "scores", "class_1", "fbeta_score"], "value": 0.5977382875605816}, "version": 46, "at": 1712702864.150819}
{"obj": {"type": "AssignFloat", "path": ["cls_summary", "test", "scores", "class_1", "support"], "value": 1109.0}, "version": 47, "at": 1712702864.150947}
{"obj": {"type": "UploadFile", "path": ["cls_summary", "diagnostics_charts", "classification_report"], "ext": "png", "file_path": null, "tmp_file_name": "cls_summary_diagnostics_charts_classification_report-1712702864.151154-2024-04-09_18.47.44.151154.png", "clean_after_upload": false}, "version": 48, "at": 1712702864.151726}
{"obj": {"type": "UploadFile", "path": ["cls_summary", "diagnostics_charts", "confusion_matrix"], "ext": "png", "file_path": null, "tmp_file_name": "cls_summary_diagnostics_charts_confusion_matrix-1712702864.151942-2024-04-09_18.47.44.151942.png", "clean_after_upload": false}, "version": 49, "at": 1712702864.1524339}
{"obj": {"type": "UploadFile", "path": ["cls_summary", "diagnostics_charts", "ROC_AUC"], "ext": "png", "file_path": null, "tmp_file_name": "cls_summary_diagnostics_charts_ROC_AUC-1712702864.152629-2024-04-09_18.47.44.152629.png", "clean_after_upload": false}, "version": 50, "at": 1712702864.153085}
{"obj": {"type": "UploadFile", "path": ["cls_summary", "diagnostics_charts", "precision_recall"], "ext": "png", "file_path": null, "tmp_file_name": "cls_summary_diagnostics_charts_precision_recall-1712702864.15327-2024-04-09_18.47.44.153270.png", "clean_after_upload": false}, "version": 51, "at": 1712702864.1537201}
{"obj": {"type": "UploadFile", "path": ["cls_summary", "diagnostics_charts", "class_prediction_error"], "ext": "png", "file_path": null, "tmp_file_name": "cls_summary_diagnostics_charts_class_prediction_error-1712702864.153906-2024-04-09_18.47.44.153906.png", "clean_after_upload": false}, "version": 52, "at": 1712702864.1543639}
{"obj": {"type": "AssignString", "path": ["cls_summary", "integration", "about", "neptune-sklearn"], "value": "2.1.0"}, "version": 53, "at": 1712702864.154606}
{"obj": {"type": "AssignInt", "path": ["params", "rf__max_depth"], "value": 20}, "version": 54, "at": 1712702864.1616461}
{"obj": {"type": "AssignInt", "path": ["params", "rf__min_samples_split"], "value": 2}, "version": 55, "at": 1712702864.1619442}
{"obj": {"type": "AssignInt", "path": ["params", "rf__n_estimators"], "value": 300}, "version": 56, "at": 1712702864.1621351}
{"obj": {"type": "UploadFile", "path": ["data", "feature_importance"], "ext": "html", "file_path": null, "tmp_file_name": "data_feature_importance-1712703903.716748-2024-04-09_19.05.03.716748.html", "clean_after_upload": false}, "version": 57, "at": 1712703903.717438}
{"obj": {"type": "UploadFile", "path": ["feature_importance"], "ext": "png", "file_path": "/Users/shehjarsadhu/Desktop/UniversityOfRhodeIsland/Graduate/WBL/Project_Q2Behave/GitQ2Bheave/q2behave_data_analysis/jupyternotebooks/ML_Toolbox/feature_importance.png", "tmp_file_name": null, "clean_after_upload": false}, "version": 58, "at": 1712703903.923344}
{"obj": {"type": "UploadFile", "path": ["roc_curve"], "ext": "png", "file_path": "/Users/shehjarsadhu/Desktop/UniversityOfRhodeIsland/Graduate/WBL/Project_Q2Behave/GitQ2Bheave/q2behave_data_analysis/jupyternotebooks/ML_Toolbox/roc_curve_class.png", "tmp_file_name": null, "clean_after_upload": false}, "version": 59, "at": 1712703904.2286541}
{"obj": {"type": "AssignFloat", "path": ["precision"], "value": 0.553861931012785}, "version": 60, "at": 1712703904.895993}
{"obj": {"type": "AssignFloat", "path": ["recall"], "value": 0.5509467989179441}, "version": 61, "at": 1712703904.896946}
{"obj": {"type": "AssignFloat", "path": ["f1_score"], "value": 0.5447875111272296}, "version": 62, "at": 1712703904.8974552}
{"obj": {"type": "AssignFloat", "path": ["mean_train_accuracy"], "value": 0.9931445065848818}, "version": 63, "at": 1712703904.897755}
{"obj": {"type": "AssignFloat", "path": ["mean_test_accuracy"], "value": 0.570178603644236}, "version": 64, "at": 1712703904.898026}
{"obj": {"type": "AssignFloat", "path": ["mean_sensitivity"], "value": 0.6106789527486027}, "version": 65, "at": 1712703904.898266}
