{"obj": {"type": "AssignString", "path": ["sys", "name"], "value": "6-Foldtest_size_0.2_RF"}, "version": 1, "at": 1708189116.074058}
{"obj": {"type": "AssignString", "path": ["sys", "description"], "value": ""}, "version": 2, "at": 1708189116.0743492}
{"obj": {"type": "AssignString", "path": ["monitoring", "9cf7f3c7", "hostname"], "value": "156.4.20.172.s.wireless.uri.edu"}, "version": 3, "at": 1708189116.0744781}
{"obj": {"type": "AssignString", "path": ["sys", "hostname"], "value": "156.4.20.172.s.wireless.uri.edu"}, "version": 4, "at": 1708189116.074576}
{"obj": {"type": "AssignString", "path": ["monitoring", "9cf7f3c7", "pid"], "value": "7372"}, "version": 5, "at": 1708189116.0746722}
{"obj": {"type": "AssignString", "path": ["monitoring", "9cf7f3c7", "tid"], "value": "140704465368640"}, "version": 6, "at": 1708189116.074765}
{"obj": {"type": "AssignBool", "path": ["sys", "failed"], "value": false}, "version": 7, "at": 1708189116.074832}
{"obj": {"type": "UploadFile", "path": ["data", "feature_table"], "ext": "html", "file_path": null, "tmp_file_name": "data_feature_table-1708189116.141172-2024-02-17_11.58.36.141172.html", "clean_after_upload": false}, "version": 8, "at": 1708189116.142574}
{"obj": {"type": "UploadFile", "path": ["data", "test_data"], "ext": "html", "file_path": null, "tmp_file_name": "data_test_data-1708189128.465501-2024-02-17_11.58.48.465501.html", "clean_after_upload": false}, "version": 9, "at": 1708189128.4659991}
{"obj": {"type": "AssignString", "path": ["cls_summary", "all_params", "memory"], "value": "None"}, "version": 10, "at": 1708189129.227741}
{"obj": {"type": "AssignString", "path": ["cls_summary", "all_params", "steps"], "value": "[('rf', RandomForestClassifier(min_samples_split=10, random_state=8))]"}, "version": 11, "at": 1708189129.2281458}
{"obj": {"type": "AssignBool", "path": ["cls_summary", "all_params", "verbose"], "value": false}, "version": 12, "at": 1708189129.228226}
{"obj": {"type": "AssignString", "path": ["cls_summary", "all_params", "rf"], "value": "RandomForestClassifier(min_samples_split=10, random_state=8)"}, "version": 13, "at": 1708189129.228439}
{"obj": {"type": "AssignBool", "path": ["cls_summary", "all_params", "rf__bootstrap"], "value": true}, "version": 14, "at": 1708189129.228499}
{"obj": {"type": "AssignFloat", "path": ["cls_summary", "all_params", "rf__ccp_alpha"], "value": 0.0}, "version": 15, "at": 1708189129.228559}
{"obj": {"type": "AssignString", "path": ["cls_summary", "all_params", "rf__class_weight"], "value": "None"}, "version": 16, "at": 1708189129.228617}
{"obj": {"type": "AssignString", "path": ["cls_summary", "all_params", "rf__criterion"], "value": "gini"}, "version": 17, "at": 1708189129.22867}
{"obj": {"type": "AssignString", "path": ["cls_summary", "all_params", "rf__max_depth"], "value": "None"}, "version": 18, "at": 1708189129.228723}
{"obj": {"type": "AssignString", "path": ["cls_summary", "all_params", "rf__max_features"], "value": "sqrt"}, "version": 19, "at": 1708189129.2287738}
{"obj": {"type": "AssignString", "path": ["cls_summary", "all_params", "rf__max_leaf_nodes"], "value": "None"}, "version": 20, "at": 1708189129.2288268}
{"obj": {"type": "AssignString", "path": ["cls_summary", "all_params", "rf__max_samples"], "value": "None"}, "version": 21, "at": 1708189129.22888}
{"obj": {"type": "AssignFloat", "path": ["cls_summary", "all_params", "rf__min_impurity_decrease"], "value": 0.0}, "version": 22, "at": 1708189129.228928}
{"obj": {"type": "AssignInt", "path": ["cls_summary", "all_params", "rf__min_samples_leaf"], "value": 1}, "version": 23, "at": 1708189129.228982}
{"obj": {"type": "AssignInt", "path": ["cls_summary", "all_params", "rf__min_samples_split"], "value": 10}, "version": 24, "at": 1708189129.22903}
{"obj": {"type": "AssignFloat", "path": ["cls_summary", "all_params", "rf__min_weight_fraction_leaf"], "value": 0.0}, "version": 25, "at": 1708189129.229078}
{"obj": {"type": "AssignInt", "path": ["cls_summary", "all_params", "rf__n_estimators"], "value": 100}, "version": 26, "at": 1708189129.229124}
{"obj": {"type": "AssignString", "path": ["cls_summary", "all_params", "rf__n_jobs"], "value": "None"}, "version": 27, "at": 1708189129.229184}
{"obj": {"type": "AssignBool", "path": ["cls_summary", "all_params", "rf__oob_score"], "value": false}, "version": 28, "at": 1708189129.229235}
{"obj": {"type": "AssignInt", "path": ["cls_summary", "all_params", "rf__random_state"], "value": 8}, "version": 29, "at": 1708189129.2292821}
{"obj": {"type": "AssignInt", "path": ["cls_summary", "all_params", "rf__verbose"], "value": 0}, "version": 30, "at": 1708189129.2293289}
{"obj": {"type": "AssignBool", "path": ["cls_summary", "all_params", "rf__warm_start"], "value": false}, "version": 31, "at": 1708189129.229376}
{"obj": {"type": "UploadFile", "path": ["cls_summary", "pickled_model"], "ext": "pkl", "file_path": null, "tmp_file_name": "cls_summary_pickled_model-1708189129.229432-2024-02-17_11.58.49.229432.pkl", "clean_after_upload": false}, "version": 32, "at": 1708189129.229811}
{"obj": {"type": "UploadFile", "path": ["cls_summary", "test", "preds"], "ext": "html", "file_path": null, "tmp_file_name": "cls_summary_test_preds-1708189129.229919-2024-02-17_11.58.49.229919.html", "clean_after_upload": false}, "version": 33, "at": 1708189129.2301068}
{"obj": {"type": "UploadFile", "path": ["cls_summary", "test", "preds_proba"], "ext": "html", "file_path": null, "tmp_file_name": "cls_summary_test_preds_proba-1708189129.230209-2024-02-17_11.58.49.230209.html", "clean_after_upload": false}, "version": 34, "at": 1708189129.230535}
{"obj": {"type": "AssignFloat", "path": ["cls_summary", "test", "scores", "class_0", "precision"], "value": 0.8260869565217391}, "version": 35, "at": 1708189129.230724}
{"obj": {"type": "AssignFloat", "path": ["cls_summary", "test", "scores", "class_0", "recall"], "value": 0.76}, "version": 36, "at": 1708189129.230797}
{"obj": {"type": "AssignFloat", "path": ["cls_summary", "test", "scores", "class_0", "fbeta_score"], "value": 0.7916666666666667}, "version": 37, "at": 1708189129.230887}
{"obj": {"type": "AssignFloat", "path": ["cls_summary", "test", "scores", "class_0", "support"], "value": 25.0}, "version": 38, "at": 1708189129.2309399}
{"obj": {"type": "AssignFloat", "path": ["cls_summary", "test", "scores", "class_1", "precision"], "value": 0.4}, "version": 39, "at": 1708189129.231016}
{"obj": {"type": "AssignFloat", "path": ["cls_summary", "test", "scores", "class_1", "recall"], "value": 0.5}, "version": 40, "at": 1708189129.2310662}
{"obj": {"type": "AssignFloat", "path": ["cls_summary", "test", "scores", "class_1", "fbeta_score"], "value": 0.4444444444444445}, "version": 41, "at": 1708189129.231115}
{"obj": {"type": "AssignFloat", "path": ["cls_summary", "test", "scores", "class_1", "support"], "value": 8.0}, "version": 42, "at": 1708189129.231172}
{"obj": {"type": "UploadFile", "path": ["cls_summary", "diagnostics_charts", "classification_report"], "ext": "png", "file_path": null, "tmp_file_name": "cls_summary_diagnostics_charts_classification_report-1708189129.231245-2024-02-17_11.58.49.231245.png", "clean_after_upload": false}, "version": 43, "at": 1708189129.231426}
{"obj": {"type": "UploadFile", "path": ["cls_summary", "diagnostics_charts", "confusion_matrix"], "ext": "png", "file_path": null, "tmp_file_name": "cls_summary_diagnostics_charts_confusion_matrix-1708189129.231489-2024-02-17_11.58.49.231489.png", "clean_after_upload": false}, "version": 44, "at": 1708189129.2317271}
{"obj": {"type": "UploadFile", "path": ["cls_summary", "diagnostics_charts", "ROC_AUC"], "ext": "png", "file_path": null, "tmp_file_name": "cls_summary_diagnostics_charts_ROC_AUC-1708189129.231786-2024-02-17_11.58.49.231786.png", "clean_after_upload": false}, "version": 45, "at": 1708189129.232127}
{"obj": {"type": "UploadFile", "path": ["cls_summary", "diagnostics_charts", "precision_recall"], "ext": "png", "file_path": null, "tmp_file_name": "cls_summary_diagnostics_charts_precision_recall-1708189129.232201-2024-02-17_11.58.49.232201.png", "clean_after_upload": false}, "version": 46, "at": 1708189129.232577}
{"obj": {"type": "UploadFile", "path": ["cls_summary", "diagnostics_charts", "class_prediction_error"], "ext": "png", "file_path": null, "tmp_file_name": "cls_summary_diagnostics_charts_class_prediction_error-1708189129.23275-2024-02-17_11.58.49.232750.png", "clean_after_upload": false}, "version": 47, "at": 1708189129.2329988}
{"obj": {"type": "AssignString", "path": ["cls_summary", "integration", "about", "neptune-sklearn"], "value": "2.1.0"}, "version": 48, "at": 1708189129.233135}
{"obj": {"type": "AssignInt", "path": ["params", "rf__min_samples_split"], "value": 10}, "version": 49, "at": 1708189129.233375}
{"obj": {"type": "AssignInt", "path": ["params", "rf__n_estimators"], "value": 100}, "version": 50, "at": 1708189129.233429}
{"obj": {"type": "UploadFile", "path": ["roc_curve"], "ext": "png", "file_path": "/Users/shehjarsadhu/Desktop/UniversityOfRhodeIsland/Graduate/WBL/Project_Q2Behave/GitQ2Bheave/q2behave_data_analysis/jupyternotebooks/roc_curve_class.png", "tmp_file_name": null, "clean_after_upload": false}, "version": 51, "at": 1708189129.9654112}
{"obj": {"type": "AssignFloat", "path": ["precision"], "value": 0.7227931488801054}, "version": 52, "at": 1708189130.0900211}
{"obj": {"type": "AssignFloat", "path": ["recall"], "value": 0.696969696969697}, "version": 53, "at": 1708189130.091049}
{"obj": {"type": "AssignFloat", "path": ["f1_score"], "value": 0.7074915824915826}, "version": 54, "at": 1708189130.091265}
{"obj": {"type": "AssignFloat", "path": ["mean_train_accuracy"], "value": 0.9150326797385621}, "version": 55, "at": 1708189130.091362}
{"obj": {"type": "AssignFloat", "path": ["mean_test_accuracy"], "value": 0.6904761904761904}, "version": 56, "at": 1708189130.0914419}
{"obj": {"type": "AssignFloat", "path": ["mean_sensitivity"], "value": 0.6805555555555555}, "version": 57, "at": 1708189130.091522}
