{"obj": {"type": "AssignString", "path": ["sys", "name"], "value": "2-Foldtest_size_0.2_RF"}, "version": 1, "at": 1712676874.936759}
{"obj": {"type": "AssignString", "path": ["sys", "description"], "value": ""}, "version": 2, "at": 1712676874.937204}
{"obj": {"type": "AssignString", "path": ["monitoring", "ea49857a", "hostname"], "value": "156.4.20.172.s.wireless.uri.edu"}, "version": 3, "at": 1712676874.937431}
{"obj": {"type": "AssignString", "path": ["sys", "hostname"], "value": "156.4.20.172.s.wireless.uri.edu"}, "version": 4, "at": 1712676874.93761}
{"obj": {"type": "AssignString", "path": ["monitoring", "ea49857a", "pid"], "value": "33481"}, "version": 5, "at": 1712676874.9377868}
{"obj": {"type": "AssignString", "path": ["monitoring", "ea49857a", "tid"], "value": "140704351295040"}, "version": 6, "at": 1712676874.9379551}
{"obj": {"type": "AssignBool", "path": ["sys", "failed"], "value": false}, "version": 7, "at": 1712676874.938082}
{"obj": {"type": "AssignString", "path": ["pid"], "value": "P7"}, "version": 8, "at": 1712676874.947832}
{"obj": {"type": "UploadFile", "path": ["data", "feature_table"], "ext": "html", "file_path": null, "tmp_file_name": "data_feature_table-1712676875.87317-2024-04-09_11.34.35.873170.html", "clean_after_upload": false}, "version": 9, "at": 1712676875.876353}
{"obj": {"type": "AssignString", "path": ["original"], "value": "type\n0    1568\n1     142\nName: count, dtype: int64"}, "version": 10, "at": 1712676875.877884}
{"obj": {"type": "AssignString", "path": ["train_samples_undersampled"], "value": "type\n0    142\n1    142\nName: count, dtype: int64"}, "version": 11, "at": 1712676875.878923}
{"obj": {"type": "AssignString", "path": ["test_samples_undersampled"], "value": "type\n1    29\n0    28\nName: count, dtype: int64"}, "version": 12, "at": 1712676875.879928}
{"obj": {"type": "AssignString", "path": ["tag"], "value": "Clus"}, "version": 13, "at": 1712676875.8807502}
{"obj": {"type": "UploadFile", "path": ["data", "test_data"], "ext": "html", "file_path": null, "tmp_file_name": "data_test_data-1712676881.780822-2024-04-09_11.34.41.780822.html", "clean_after_upload": false}, "version": 14, "at": 1712676881.781246}
{"obj": {"type": "AssignString", "path": ["cls_summary", "all_params", "memory"], "value": "None"}, "version": 15, "at": 1712676882.749331}
{"obj": {"type": "AssignString", "path": ["cls_summary", "all_params", "steps"], "value": "[('rf', RandomForestClassifier(n_estimators=200, random_state=8))]"}, "version": 16, "at": 1712676882.749773}
{"obj": {"type": "AssignBool", "path": ["cls_summary", "all_params", "verbose"], "value": false}, "version": 17, "at": 1712676882.749869}
{"obj": {"type": "AssignString", "path": ["cls_summary", "all_params", "rf"], "value": "RandomForestClassifier(n_estimators=200, random_state=8)"}, "version": 18, "at": 1712676882.75011}
{"obj": {"type": "AssignBool", "path": ["cls_summary", "all_params", "rf__bootstrap"], "value": true}, "version": 19, "at": 1712676882.7501829}
{"obj": {"type": "AssignFloat", "path": ["cls_summary", "all_params", "rf__ccp_alpha"], "value": 0.0}, "version": 20, "at": 1712676882.7502668}
{"obj": {"type": "AssignString", "path": ["cls_summary", "all_params", "rf__class_weight"], "value": "None"}, "version": 21, "at": 1712676882.750336}
{"obj": {"type": "AssignString", "path": ["cls_summary", "all_params", "rf__criterion"], "value": "gini"}, "version": 22, "at": 1712676882.7503989}
{"obj": {"type": "AssignString", "path": ["cls_summary", "all_params", "rf__max_depth"], "value": "None"}, "version": 23, "at": 1712676882.750463}
{"obj": {"type": "AssignString", "path": ["cls_summary", "all_params", "rf__max_features"], "value": "sqrt"}, "version": 24, "at": 1712676882.7505229}
{"obj": {"type": "AssignString", "path": ["cls_summary", "all_params", "rf__max_leaf_nodes"], "value": "None"}, "version": 25, "at": 1712676882.750586}
{"obj": {"type": "AssignString", "path": ["cls_summary", "all_params", "rf__max_samples"], "value": "None"}, "version": 26, "at": 1712676882.750648}
{"obj": {"type": "AssignFloat", "path": ["cls_summary", "all_params", "rf__min_impurity_decrease"], "value": 0.0}, "version": 27, "at": 1712676882.750705}
{"obj": {"type": "AssignInt", "path": ["cls_summary", "all_params", "rf__min_samples_leaf"], "value": 1}, "version": 28, "at": 1712676882.750765}
{"obj": {"type": "AssignInt", "path": ["cls_summary", "all_params", "rf__min_samples_split"], "value": 2}, "version": 29, "at": 1712676882.7508202}
{"obj": {"type": "AssignFloat", "path": ["cls_summary", "all_params", "rf__min_weight_fraction_leaf"], "value": 0.0}, "version": 30, "at": 1712676882.750877}
{"obj": {"type": "AssignInt", "path": ["cls_summary", "all_params", "rf__n_estimators"], "value": 200}, "version": 31, "at": 1712676882.751162}
{"obj": {"type": "AssignString", "path": ["cls_summary", "all_params", "rf__n_jobs"], "value": "None"}, "version": 32, "at": 1712676882.751263}
{"obj": {"type": "AssignBool", "path": ["cls_summary", "all_params", "rf__oob_score"], "value": false}, "version": 33, "at": 1712676882.751329}
{"obj": {"type": "AssignInt", "path": ["cls_summary", "all_params", "rf__random_state"], "value": 8}, "version": 34, "at": 1712676882.75139}
{"obj": {"type": "AssignInt", "path": ["cls_summary", "all_params", "rf__verbose"], "value": 0}, "version": 35, "at": 1712676882.7514482}
{"obj": {"type": "AssignBool", "path": ["cls_summary", "all_params", "rf__warm_start"], "value": false}, "version": 36, "at": 1712676882.751508}
{"obj": {"type": "UploadFile", "path": ["cls_summary", "pickled_model"], "ext": "pkl", "file_path": null, "tmp_file_name": "cls_summary_pickled_model-1712676882.751575-2024-04-09_11.34.42.751575.pkl", "clean_after_upload": false}, "version": 37, "at": 1712676882.7521029}
{"obj": {"type": "UploadFile", "path": ["cls_summary", "test", "preds"], "ext": "html", "file_path": null, "tmp_file_name": "cls_summary_test_preds-1712676882.752227-2024-04-09_11.34.42.752227.html", "clean_after_upload": false}, "version": 38, "at": 1712676882.752461}
{"obj": {"type": "UploadFile", "path": ["cls_summary", "test", "preds_proba"], "ext": "html", "file_path": null, "tmp_file_name": "cls_summary_test_preds_proba-1712676882.75254-2024-04-09_11.34.42.752540.html", "clean_after_upload": false}, "version": 39, "at": 1712676882.752722}
{"obj": {"type": "AssignFloat", "path": ["cls_summary", "test", "scores", "class_0", "precision"], "value": 0.9310344827586207}, "version": 40, "at": 1712676882.752866}
{"obj": {"type": "AssignFloat", "path": ["cls_summary", "test", "scores", "class_0", "recall"], "value": 0.9642857142857143}, "version": 41, "at": 1712676882.752932}
{"obj": {"type": "AssignFloat", "path": ["cls_summary", "test", "scores", "class_0", "fbeta_score"], "value": 0.9473684210526316}, "version": 42, "at": 1712676882.752993}
{"obj": {"type": "AssignFloat", "path": ["cls_summary", "test", "scores", "class_0", "support"], "value": 28.0}, "version": 43, "at": 1712676882.753054}
{"obj": {"type": "AssignFloat", "path": ["cls_summary", "test", "scores", "class_1", "precision"], "value": 0.9642857142857143}, "version": 44, "at": 1712676882.75314}
{"obj": {"type": "AssignFloat", "path": ["cls_summary", "test", "scores", "class_1", "recall"], "value": 0.9310344827586207}, "version": 45, "at": 1712676882.7532}
{"obj": {"type": "AssignFloat", "path": ["cls_summary", "test", "scores", "class_1", "fbeta_score"], "value": 0.9473684210526316}, "version": 46, "at": 1712676882.7532558}
{"obj": {"type": "AssignFloat", "path": ["cls_summary", "test", "scores", "class_1", "support"], "value": 29.0}, "version": 47, "at": 1712676882.753314}
{"obj": {"type": "UploadFile", "path": ["cls_summary", "diagnostics_charts", "classification_report"], "ext": "png", "file_path": null, "tmp_file_name": "cls_summary_diagnostics_charts_classification_report-1712676882.753398-2024-04-09_11.34.42.753398.png", "clean_after_upload": false}, "version": 48, "at": 1712676882.753587}
{"obj": {"type": "UploadFile", "path": ["cls_summary", "diagnostics_charts", "confusion_matrix"], "ext": "png", "file_path": null, "tmp_file_name": "cls_summary_diagnostics_charts_confusion_matrix-1712676882.753698-2024-04-09_11.34.42.753698.png", "clean_after_upload": false}, "version": 49, "at": 1712676882.7540119}
{"obj": {"type": "UploadFile", "path": ["cls_summary", "diagnostics_charts", "ROC_AUC"], "ext": "png", "file_path": null, "tmp_file_name": "cls_summary_diagnostics_charts_ROC_AUC-1712676882.754224-2024-04-09_11.34.42.754224.png", "clean_after_upload": false}, "version": 50, "at": 1712676882.754592}
{"obj": {"type": "UploadFile", "path": ["cls_summary", "diagnostics_charts", "precision_recall"], "ext": "png", "file_path": null, "tmp_file_name": "cls_summary_diagnostics_charts_precision_recall-1712676882.754719-2024-04-09_11.34.42.754719.png", "clean_after_upload": false}, "version": 51, "at": 1712676882.75499}
{"obj": {"type": "UploadFile", "path": ["cls_summary", "diagnostics_charts", "class_prediction_error"], "ext": "png", "file_path": null, "tmp_file_name": "cls_summary_diagnostics_charts_class_prediction_error-1712676882.755069-2024-04-09_11.34.42.755069.png", "clean_after_upload": false}, "version": 52, "at": 1712676882.755266}
{"obj": {"type": "AssignString", "path": ["cls_summary", "integration", "about", "neptune-sklearn"], "value": "2.1.0"}, "version": 53, "at": 1712676882.755371}
{"obj": {"type": "AssignInt", "path": ["params", "rf__min_samples_split"], "value": 2}, "version": 54, "at": 1712676882.7560902}
{"obj": {"type": "AssignInt", "path": ["params", "rf__n_estimators"], "value": 200}, "version": 55, "at": 1712676882.756207}
{"obj": {"type": "UploadFile", "path": ["data", "feature_importance"], "ext": "html", "file_path": null, "tmp_file_name": "data_feature_importance-1712676903.968952-2024-04-09_11.35.03.968952.html", "clean_after_upload": false}, "version": 56, "at": 1712676903.9693592}
{"obj": {"type": "UploadFile", "path": ["feature_importance"], "ext": "png", "file_path": "/Users/shehjarsadhu/Desktop/UniversityOfRhodeIsland/Graduate/WBL/Project_Q2Behave/GitQ2Bheave/q2behave_data_analysis/jupyternotebooks/ML_Toolbox/feature_importance.png", "tmp_file_name": null, "clean_after_upload": false}, "version": 57, "at": 1712676904.053898}
{"obj": {"type": "UploadFile", "path": ["roc_curve"], "ext": "png", "file_path": "/Users/shehjarsadhu/Desktop/UniversityOfRhodeIsland/Graduate/WBL/Project_Q2Behave/GitQ2Bheave/q2behave_data_analysis/jupyternotebooks/ML_Toolbox/roc_curve_class.png", "tmp_file_name": null, "clean_after_upload": false}, "version": 58, "at": 1712676904.1720572}
{"obj": {"type": "AssignFloat", "path": ["precision"], "value": 0.9479517759917033}, "version": 59, "at": 1712676904.4144268}
{"obj": {"type": "AssignFloat", "path": ["recall"], "value": 0.9473684210526315}, "version": 60, "at": 1712676904.414913}
{"obj": {"type": "AssignFloat", "path": ["f1_score"], "value": 0.9473684210526315}, "version": 61, "at": 1712676904.4150069}
{"obj": {"type": "AssignFloat", "path": ["mean_train_accuracy"], "value": 1.0}, "version": 62, "at": 1712676904.415093}
{"obj": {"type": "AssignFloat", "path": ["mean_test_accuracy"], "value": 0.8732394366197183}, "version": 63, "at": 1712676904.4151738}
{"obj": {"type": "AssignFloat", "path": ["mean_sensitivity"], "value": 0.852112676056338}, "version": 64, "at": 1712676904.415255}
