{"obj": {"type": "AssignString", "path": ["sys", "name"], "value": "3-Foldtest_size_0.2_RF"}, "version": 1, "at": 1712175245.714272}
{"obj": {"type": "AssignString", "path": ["sys", "description"], "value": ""}, "version": 2, "at": 1712175245.714734}
{"obj": {"type": "AssignString", "path": ["monitoring", "ec81925f", "hostname"], "value": "156.4.20.172.s.wireless.uri.edu"}, "version": 3, "at": 1712175245.7149692}
{"obj": {"type": "AssignString", "path": ["sys", "hostname"], "value": "156.4.20.172.s.wireless.uri.edu"}, "version": 4, "at": 1712175245.7151492}
{"obj": {"type": "AssignString", "path": ["monitoring", "ec81925f", "pid"], "value": "2918"}, "version": 5, "at": 1712175245.715323}
{"obj": {"type": "AssignString", "path": ["monitoring", "ec81925f", "tid"], "value": "140704319387200"}, "version": 6, "at": 1712175245.715487}
{"obj": {"type": "AssignBool", "path": ["sys", "failed"], "value": false}, "version": 7, "at": 1712175245.7156029}
{"obj": {"type": "AssignString", "path": ["pid"], "value": "P16"}, "version": 8, "at": 1712175245.72576}
{"obj": {"type": "UploadFile", "path": ["data", "feature_table"], "ext": "html", "file_path": null, "tmp_file_name": "data_feature_table-1712175247.093403-2024-04-03_16.14.07.093403.html", "clean_after_upload": false}, "version": 9, "at": 1712175247.097632}
{"obj": {"type": "AssignString", "path": ["original"], "value": "type\n0    1764\n1    1198\nName: count, dtype: int64"}, "version": 10, "at": 1712175247.098621}
{"obj": {"type": "AssignString", "path": ["train_samples_undersampled"], "value": "type\n0    1198\n1    1198\nName: count, dtype: int64"}, "version": 11, "at": 1712175247.0991209}
{"obj": {"type": "AssignString", "path": ["test_samples_undersampled"], "value": "type\n0    240\n1    240\nName: count, dtype: int64"}, "version": 12, "at": 1712175247.099456}
{"obj": {"type": "AssignString", "path": ["tag"], "value": "Clus"}, "version": 13, "at": 1712175247.099522}
{"obj": {"type": "UploadFile", "path": ["data", "test_data"], "ext": "html", "file_path": null, "tmp_file_name": "data_test_data-1712175278.24755-2024-04-03_16.14.38.247550.html", "clean_after_upload": false}, "version": 14, "at": 1712175278.2481081}
{"obj": {"type": "AssignString", "path": ["cls_summary", "all_params", "memory"], "value": "None"}, "version": 15, "at": 1712175279.230978}
{"obj": {"type": "AssignString", "path": ["cls_summary", "all_params", "steps"], "value": "[('rf', RandomForestClassifier(min_samples_split=10, n_estimators=300, random_state=8))]"}, "version": 16, "at": 1712175279.231381}
{"obj": {"type": "AssignBool", "path": ["cls_summary", "all_params", "verbose"], "value": false}, "version": 17, "at": 1712175279.231466}
{"obj": {"type": "AssignString", "path": ["cls_summary", "all_params", "rf"], "value": "RandomForestClassifier(min_samples_split=10, n_estimators=300, random_state=8)"}, "version": 18, "at": 1712175279.2317052}
{"obj": {"type": "AssignBool", "path": ["cls_summary", "all_params", "rf__bootstrap"], "value": true}, "version": 19, "at": 1712175279.231772}
{"obj": {"type": "AssignFloat", "path": ["cls_summary", "all_params", "rf__ccp_alpha"], "value": 0.0}, "version": 20, "at": 1712175279.231837}
{"obj": {"type": "AssignString", "path": ["cls_summary", "all_params", "rf__class_weight"], "value": "None"}, "version": 21, "at": 1712175279.231903}
{"obj": {"type": "AssignString", "path": ["cls_summary", "all_params", "rf__criterion"], "value": "gini"}, "version": 22, "at": 1712175279.2319622}
{"obj": {"type": "AssignString", "path": ["cls_summary", "all_params", "rf__max_depth"], "value": "None"}, "version": 23, "at": 1712175279.232021}
{"obj": {"type": "AssignString", "path": ["cls_summary", "all_params", "rf__max_features"], "value": "sqrt"}, "version": 24, "at": 1712175279.232078}
{"obj": {"type": "AssignString", "path": ["cls_summary", "all_params", "rf__max_leaf_nodes"], "value": "None"}, "version": 25, "at": 1712175279.232136}
{"obj": {"type": "AssignString", "path": ["cls_summary", "all_params", "rf__max_samples"], "value": "None"}, "version": 26, "at": 1712175279.2321951}
{"obj": {"type": "AssignFloat", "path": ["cls_summary", "all_params", "rf__min_impurity_decrease"], "value": 0.0}, "version": 27, "at": 1712175279.2322502}
{"obj": {"type": "AssignInt", "path": ["cls_summary", "all_params", "rf__min_samples_leaf"], "value": 1}, "version": 28, "at": 1712175279.232309}
{"obj": {"type": "AssignInt", "path": ["cls_summary", "all_params", "rf__min_samples_split"], "value": 10}, "version": 29, "at": 1712175279.232364}
{"obj": {"type": "AssignFloat", "path": ["cls_summary", "all_params", "rf__min_weight_fraction_leaf"], "value": 0.0}, "version": 30, "at": 1712175279.232417}
{"obj": {"type": "AssignInt", "path": ["cls_summary", "all_params", "rf__n_estimators"], "value": 300}, "version": 31, "at": 1712175279.23247}
{"obj": {"type": "AssignString", "path": ["cls_summary", "all_params", "rf__n_jobs"], "value": "None"}, "version": 32, "at": 1712175279.2325299}
{"obj": {"type": "AssignBool", "path": ["cls_summary", "all_params", "rf__oob_score"], "value": false}, "version": 33, "at": 1712175279.2325828}
{"obj": {"type": "AssignInt", "path": ["cls_summary", "all_params", "rf__random_state"], "value": 8}, "version": 34, "at": 1712175279.23266}
{"obj": {"type": "AssignInt", "path": ["cls_summary", "all_params", "rf__verbose"], "value": 0}, "version": 35, "at": 1712175279.232734}
{"obj": {"type": "AssignBool", "path": ["cls_summary", "all_params", "rf__warm_start"], "value": false}, "version": 36, "at": 1712175279.232787}
{"obj": {"type": "UploadFile", "path": ["cls_summary", "pickled_model"], "ext": "pkl", "file_path": null, "tmp_file_name": "cls_summary_pickled_model-1712175279.232847-2024-04-03_16.14.39.232847.pkl", "clean_after_upload": false}, "version": 37, "at": 1712175279.2425442}
{"obj": {"type": "UploadFile", "path": ["cls_summary", "test", "preds"], "ext": "html", "file_path": null, "tmp_file_name": "cls_summary_test_preds-1712175279.242843-2024-04-03_16.14.39.242843.html", "clean_after_upload": false}, "version": 38, "at": 1712175279.243339}
{"obj": {"type": "UploadFile", "path": ["cls_summary", "test", "preds_proba"], "ext": "html", "file_path": null, "tmp_file_name": "cls_summary_test_preds_proba-1712175279.243451-2024-04-03_16.14.39.243451.html", "clean_after_upload": false}, "version": 39, "at": 1712175279.243783}
{"obj": {"type": "AssignFloat", "path": ["cls_summary", "test", "scores", "class_0", "precision"], "value": 0.7526132404181185}, "version": 40, "at": 1712175279.2440152}
{"obj": {"type": "AssignFloat", "path": ["cls_summary", "test", "scores", "class_0", "recall"], "value": 0.9}, "version": 41, "at": 1712175279.244094}
{"obj": {"type": "AssignFloat", "path": ["cls_summary", "test", "scores", "class_0", "fbeta_score"], "value": 0.8197343453510437}, "version": 42, "at": 1712175279.244163}
{"obj": {"type": "AssignFloat", "path": ["cls_summary", "test", "scores", "class_0", "support"], "value": 240.0}, "version": 43, "at": 1712175279.244234}
{"obj": {"type": "AssignFloat", "path": ["cls_summary", "test", "scores", "class_1", "precision"], "value": 0.8756476683937824}, "version": 44, "at": 1712175279.244342}
{"obj": {"type": "AssignFloat", "path": ["cls_summary", "test", "scores", "class_1", "recall"], "value": 0.7041666666666667}, "version": 45, "at": 1712175279.244409}
{"obj": {"type": "AssignFloat", "path": ["cls_summary", "test", "scores", "class_1", "fbeta_score"], "value": 0.7806004618937645}, "version": 46, "at": 1712175279.244475}
{"obj": {"type": "AssignFloat", "path": ["cls_summary", "test", "scores", "class_1", "support"], "value": 240.0}, "version": 47, "at": 1712175279.244544}
{"obj": {"type": "UploadFile", "path": ["cls_summary", "diagnostics_charts", "classification_report"], "ext": "png", "file_path": null, "tmp_file_name": "cls_summary_diagnostics_charts_classification_report-1712175279.244644-2024-04-03_16.14.39.244644.png", "clean_after_upload": false}, "version": 48, "at": 1712175279.244894}
{"obj": {"type": "UploadFile", "path": ["cls_summary", "diagnostics_charts", "confusion_matrix"], "ext": "png", "file_path": null, "tmp_file_name": "cls_summary_diagnostics_charts_confusion_matrix-1712175279.244979-2024-04-03_16.14.39.244979.png", "clean_after_upload": false}, "version": 49, "at": 1712175279.245184}
{"obj": {"type": "UploadFile", "path": ["cls_summary", "diagnostics_charts", "ROC_AUC"], "ext": "png", "file_path": null, "tmp_file_name": "cls_summary_diagnostics_charts_ROC_AUC-1712175279.245267-2024-04-03_16.14.39.245267.png", "clean_after_upload": false}, "version": 50, "at": 1712175279.245484}
{"obj": {"type": "UploadFile", "path": ["cls_summary", "diagnostics_charts", "precision_recall"], "ext": "png", "file_path": null, "tmp_file_name": "cls_summary_diagnostics_charts_precision_recall-1712175279.24557-2024-04-03_16.14.39.245570.png", "clean_after_upload": false}, "version": 51, "at": 1712175279.24579}
{"obj": {"type": "UploadFile", "path": ["cls_summary", "diagnostics_charts", "class_prediction_error"], "ext": "png", "file_path": null, "tmp_file_name": "cls_summary_diagnostics_charts_class_prediction_error-1712175279.245875-2024-04-03_16.14.39.245875.png", "clean_after_upload": false}, "version": 52, "at": 1712175279.246086}
{"obj": {"type": "AssignString", "path": ["cls_summary", "integration", "about", "neptune-sklearn"], "value": "2.1.0"}, "version": 53, "at": 1712175279.246198}
{"obj": {"type": "AssignInt", "path": ["params", "rf__min_samples_split"], "value": 10}, "version": 54, "at": 1712175279.2502851}
{"obj": {"type": "AssignInt", "path": ["params", "rf__n_estimators"], "value": 300}, "version": 55, "at": 1712175279.251094}
{"obj": {"type": "UploadFile", "path": ["data", "feature_importance"], "ext": "html", "file_path": null, "tmp_file_name": "data_feature_importance-1712175412.130715-2024-04-03_16.16.52.130715.html", "clean_after_upload": false}, "version": 56, "at": 1712175412.131271}
{"obj": {"type": "UploadFile", "path": ["feature_importance"], "ext": "png", "file_path": "/Users/shehjarsadhu/Desktop/UniversityOfRhodeIsland/Graduate/WBL/Project_Q2Behave/GitQ2Bheave/q2behave_data_analysis/jupyternotebooks/ML_Toolbox/feature_importance.png", "tmp_file_name": null, "clean_after_upload": false}, "version": 57, "at": 1712175412.233821}
{"obj": {"type": "UploadFile", "path": ["roc_curve"], "ext": "png", "file_path": "/Users/shehjarsadhu/Desktop/UniversityOfRhodeIsland/Graduate/WBL/Project_Q2Behave/GitQ2Bheave/q2behave_data_analysis/jupyternotebooks/ML_Toolbox/roc_curve_class.png", "tmp_file_name": null, "clean_after_upload": false}, "version": 58, "at": 1712175412.356529}
{"obj": {"type": "AssignFloat", "path": ["precision"], "value": 0.8141304544059504}, "version": 59, "at": 1712175412.618659}
{"obj": {"type": "AssignFloat", "path": ["recall"], "value": 0.8020833333333334}, "version": 60, "at": 1712175412.619318}
{"obj": {"type": "AssignFloat", "path": ["f1_score"], "value": 0.8001674036224041}, "version": 61, "at": 1712175412.6194701}
{"obj": {"type": "AssignFloat", "path": ["mean_train_accuracy"], "value": 0.9920702903258586}, "version": 62, "at": 1712175412.619575}
{"obj": {"type": "AssignFloat", "path": ["mean_test_accuracy"], "value": 0.7533372438187668}, "version": 63, "at": 1712175412.61967}
{"obj": {"type": "AssignFloat", "path": ["mean_sensitivity"], "value": 0.7128216374269005}, "version": 64, "at": 1712175412.6197782}
