{"obj": {"type": "AssignString", "path": ["sys", "name"], "value": "3-Foldtest_size_0.2_RF"}, "version": 1, "at": 1712694430.8545558}
{"obj": {"type": "AssignString", "path": ["sys", "description"], "value": ""}, "version": 2, "at": 1712694430.854746}
{"obj": {"type": "AssignString", "path": ["monitoring", "b1279506", "hostname"], "value": "156.4.20.172.s.wireless.uri.edu"}, "version": 3, "at": 1712694430.854826}
{"obj": {"type": "AssignString", "path": ["sys", "hostname"], "value": "156.4.20.172.s.wireless.uri.edu"}, "version": 4, "at": 1712694430.854887}
{"obj": {"type": "AssignString", "path": ["monitoring", "b1279506", "pid"], "value": "65268"}, "version": 5, "at": 1712694430.8549461}
{"obj": {"type": "AssignString", "path": ["monitoring", "b1279506", "tid"], "value": "140704351295040"}, "version": 6, "at": 1712694430.855001}
{"obj": {"type": "AssignBool", "path": ["sys", "failed"], "value": false}, "version": 7, "at": 1712694430.8550432}
{"obj": {"type": "AssignString", "path": ["pid"], "value": "None"}, "version": 8, "at": 1712694430.859647}
{"obj": {"type": "UploadFile", "path": ["data", "feature_table"], "ext": "html", "file_path": null, "tmp_file_name": "data_feature_table-1712694433.906963-2024-04-09_16.27.13.906963.html", "clean_after_upload": false}, "version": 9, "at": 1712694433.910841}
{"obj": {"type": "AssignString", "path": ["original"], "value": "type\n0    10750\n1     3410\nName: count, dtype: int64"}, "version": 10, "at": 1712694433.912692}
{"obj": {"type": "AssignString", "path": ["train_samples_undersampled"], "value": "type\n0    3410\n1    3410\nName: count, dtype: int64"}, "version": 11, "at": 1712694433.9133818}
{"obj": {"type": "AssignString", "path": ["test_samples_undersampled"], "value": "type\n0    682\n1    682\nName: count, dtype: int64"}, "version": 12, "at": 1712694433.913773}
{"obj": {"type": "AssignString", "path": ["tag"], "value": "Rus"}, "version": 13, "at": 1712694433.9138482}
{"obj": {"type": "UploadFile", "path": ["data", "test_data"], "ext": "html", "file_path": null, "tmp_file_name": "data_test_data-1712694510.518601-2024-04-09_16.28.30.518601.html", "clean_after_upload": false}, "version": 14, "at": 1712694510.519922}
{"obj": {"type": "AssignString", "path": ["cls_summary", "all_params", "memory"], "value": "None"}, "version": 15, "at": 1712694511.737132}
{"obj": {"type": "AssignString", "path": ["cls_summary", "all_params", "steps"], "value": "[('rf', RandomForestClassifier(max_depth=20, min_samples_split=10, n_estimators=300,\n                       random_state=8))]"}, "version": 16, "at": 1712694511.737646}
{"obj": {"type": "AssignBool", "path": ["cls_summary", "all_params", "verbose"], "value": false}, "version": 17, "at": 1712694511.737728}
{"obj": {"type": "AssignString", "path": ["cls_summary", "all_params", "rf"], "value": "RandomForestClassifier(max_depth=20, min_samples_split=10, n_estimators=300,\n                       random_state=8)"}, "version": 18, "at": 1712694511.738073}
{"obj": {"type": "AssignBool", "path": ["cls_summary", "all_params", "rf__bootstrap"], "value": true}, "version": 19, "at": 1712694511.7381382}
{"obj": {"type": "AssignFloat", "path": ["cls_summary", "all_params", "rf__ccp_alpha"], "value": 0.0}, "version": 20, "at": 1712694511.738197}
{"obj": {"type": "AssignString", "path": ["cls_summary", "all_params", "rf__class_weight"], "value": "None"}, "version": 21, "at": 1712694511.738257}
{"obj": {"type": "AssignString", "path": ["cls_summary", "all_params", "rf__criterion"], "value": "gini"}, "version": 22, "at": 1712694511.738312}
{"obj": {"type": "AssignInt", "path": ["cls_summary", "all_params", "rf__max_depth"], "value": 20}, "version": 23, "at": 1712694511.738369}
{"obj": {"type": "AssignString", "path": ["cls_summary", "all_params", "rf__max_features"], "value": "sqrt"}, "version": 24, "at": 1712694511.738423}
{"obj": {"type": "AssignString", "path": ["cls_summary", "all_params", "rf__max_leaf_nodes"], "value": "None"}, "version": 25, "at": 1712694511.73848}
{"obj": {"type": "AssignString", "path": ["cls_summary", "all_params", "rf__max_samples"], "value": "None"}, "version": 26, "at": 1712694511.738535}
{"obj": {"type": "AssignFloat", "path": ["cls_summary", "all_params", "rf__min_impurity_decrease"], "value": 0.0}, "version": 27, "at": 1712694511.7385862}
{"obj": {"type": "AssignInt", "path": ["cls_summary", "all_params", "rf__min_samples_leaf"], "value": 1}, "version": 28, "at": 1712694511.738635}
{"obj": {"type": "AssignInt", "path": ["cls_summary", "all_params", "rf__min_samples_split"], "value": 10}, "version": 29, "at": 1712694511.738684}
{"obj": {"type": "AssignFloat", "path": ["cls_summary", "all_params", "rf__min_weight_fraction_leaf"], "value": 0.0}, "version": 30, "at": 1712694511.738733}
{"obj": {"type": "AssignInt", "path": ["cls_summary", "all_params", "rf__n_estimators"], "value": 300}, "version": 31, "at": 1712694511.738783}
{"obj": {"type": "AssignString", "path": ["cls_summary", "all_params", "rf__n_jobs"], "value": "None"}, "version": 32, "at": 1712694511.73884}
{"obj": {"type": "AssignBool", "path": ["cls_summary", "all_params", "rf__oob_score"], "value": false}, "version": 33, "at": 1712694511.738889}
{"obj": {"type": "AssignInt", "path": ["cls_summary", "all_params", "rf__random_state"], "value": 8}, "version": 34, "at": 1712694511.7389371}
{"obj": {"type": "AssignInt", "path": ["cls_summary", "all_params", "rf__verbose"], "value": 0}, "version": 35, "at": 1712694511.7389839}
{"obj": {"type": "AssignBool", "path": ["cls_summary", "all_params", "rf__warm_start"], "value": false}, "version": 36, "at": 1712694511.739033}
{"obj": {"type": "UploadFile", "path": ["cls_summary", "pickled_model"], "ext": "pkl", "file_path": null, "tmp_file_name": "cls_summary_pickled_model-1712694511.739088-2024-04-09_16.28.31.739088.pkl", "clean_after_upload": false}, "version": 37, "at": 1712694511.764176}
{"obj": {"type": "UploadFile", "path": ["cls_summary", "test", "preds"], "ext": "html", "file_path": null, "tmp_file_name": "cls_summary_test_preds-1712694511.764425-2024-04-09_16.28.31.764425.html", "clean_after_upload": false}, "version": 38, "at": 1712694511.764858}
{"obj": {"type": "UploadFile", "path": ["cls_summary", "test", "preds_proba"], "ext": "html", "file_path": null, "tmp_file_name": "cls_summary_test_preds_proba-1712694511.764958-2024-04-09_16.28.31.764958.html", "clean_after_upload": false}, "version": 39, "at": 1712694511.765235}
{"obj": {"type": "AssignFloat", "path": ["cls_summary", "test", "scores", "class_0", "precision"], "value": 0.51272166538165}, "version": 40, "at": 1712694511.76546}
{"obj": {"type": "AssignFloat", "path": ["cls_summary", "test", "scores", "class_0", "recall"], "value": 0.9750733137829912}, "version": 41, "at": 1712694511.7655628}
{"obj": {"type": "AssignFloat", "path": ["cls_summary", "test", "scores", "class_0", "fbeta_score"], "value": 0.6720565942395149}, "version": 42, "at": 1712694511.76565}
{"obj": {"type": "AssignFloat", "path": ["cls_summary", "test", "scores", "class_0", "support"], "value": 682.0}, "version": 43, "at": 1712694511.7657468}
{"obj": {"type": "AssignFloat", "path": ["cls_summary", "test", "scores", "class_1", "precision"], "value": 0.746268656716418}, "version": 44, "at": 1712694511.7658648}
{"obj": {"type": "AssignFloat", "path": ["cls_summary", "test", "scores", "class_1", "recall"], "value": 0.07331378299120235}, "version": 45, "at": 1712694511.7659252}
{"obj": {"type": "AssignFloat", "path": ["cls_summary", "test", "scores", "class_1", "fbeta_score"], "value": 0.1335113484646195}, "version": 46, "at": 1712694511.765982}
{"obj": {"type": "AssignFloat", "path": ["cls_summary", "test", "scores", "class_1", "support"], "value": 682.0}, "version": 47, "at": 1712694511.7660391}
{"obj": {"type": "UploadFile", "path": ["cls_summary", "diagnostics_charts", "classification_report"], "ext": "png", "file_path": null, "tmp_file_name": "cls_summary_diagnostics_charts_classification_report-1712694511.766131-2024-04-09_16.28.31.766131.png", "clean_after_upload": false}, "version": 48, "at": 1712694511.766335}
{"obj": {"type": "UploadFile", "path": ["cls_summary", "diagnostics_charts", "confusion_matrix"], "ext": "png", "file_path": null, "tmp_file_name": "cls_summary_diagnostics_charts_confusion_matrix-1712694511.766449-2024-04-09_16.28.31.766449.png", "clean_after_upload": false}, "version": 49, "at": 1712694511.7666361}
{"obj": {"type": "UploadFile", "path": ["cls_summary", "diagnostics_charts", "ROC_AUC"], "ext": "png", "file_path": null, "tmp_file_name": "cls_summary_diagnostics_charts_ROC_AUC-1712694511.766724-2024-04-09_16.28.31.766724.png", "clean_after_upload": false}, "version": 50, "at": 1712694511.766953}
{"obj": {"type": "UploadFile", "path": ["cls_summary", "diagnostics_charts", "precision_recall"], "ext": "png", "file_path": null, "tmp_file_name": "cls_summary_diagnostics_charts_precision_recall-1712694511.767089-2024-04-09_16.28.31.767089.png", "clean_after_upload": false}, "version": 51, "at": 1712694511.7673862}
{"obj": {"type": "UploadFile", "path": ["cls_summary", "diagnostics_charts", "class_prediction_error"], "ext": "png", "file_path": null, "tmp_file_name": "cls_summary_diagnostics_charts_class_prediction_error-1712694511.767539-2024-04-09_16.28.31.767539.png", "clean_after_upload": false}, "version": 52, "at": 1712694511.767723}
{"obj": {"type": "AssignString", "path": ["cls_summary", "integration", "about", "neptune-sklearn"], "value": "2.1.0"}, "version": 53, "at": 1712694511.7678778}
{"obj": {"type": "AssignInt", "path": ["params", "rf__max_depth"], "value": 20}, "version": 54, "at": 1712694511.7700632}
{"obj": {"type": "AssignInt", "path": ["params", "rf__min_samples_split"], "value": 10}, "version": 55, "at": 1712694511.7701702}
{"obj": {"type": "AssignInt", "path": ["params", "rf__n_estimators"], "value": 300}, "version": 56, "at": 1712694511.770228}
{"obj": {"type": "UploadFile", "path": ["data", "feature_importance"], "ext": "html", "file_path": null, "tmp_file_name": "data_feature_importance-1712694693.6244-2024-04-09_16.31.33.624400.html", "clean_after_upload": false}, "version": 57, "at": 1712694693.624799}
{"obj": {"type": "UploadFile", "path": ["feature_importance"], "ext": "png", "file_path": "/Users/shehjarsadhu/Desktop/UniversityOfRhodeIsland/Graduate/WBL/Project_Q2Behave/GitQ2Bheave/q2behave_data_analysis/jupyternotebooks/ML_Toolbox/feature_importance.png", "tmp_file_name": null, "clean_after_upload": false}, "version": 58, "at": 1712694693.70309}
{"obj": {"type": "UploadFile", "path": ["roc_curve"], "ext": "png", "file_path": "/Users/shehjarsadhu/Desktop/UniversityOfRhodeIsland/Graduate/WBL/Project_Q2Behave/GitQ2Bheave/q2behave_data_analysis/jupyternotebooks/ML_Toolbox/roc_curve_class.png", "tmp_file_name": null, "clean_after_upload": false}, "version": 59, "at": 1712694693.8069482}
{"obj": {"type": "AssignFloat", "path": ["precision"], "value": 0.6294951610490339}, "version": 60, "at": 1712694694.019454}
{"obj": {"type": "AssignFloat", "path": ["recall"], "value": 0.5241935483870968}, "version": 61, "at": 1712694694.0200949}
{"obj": {"type": "AssignFloat", "path": ["f1_score"], "value": 0.40278397135206717}, "version": 62, "at": 1712694694.020184}
{"obj": {"type": "AssignFloat", "path": ["mean_train_accuracy"], "value": 0.9819648414421044}, "version": 63, "at": 1712694694.0202591}
{"obj": {"type": "AssignFloat", "path": ["mean_test_accuracy"], "value": 0.5683276963082226}, "version": 64, "at": 1712694694.020329}
{"obj": {"type": "AssignFloat", "path": ["mean_sensitivity"], "value": 0.5997022887840086}, "version": 65, "at": 1712694694.020395}
