{"obj": {"type": "AssignString", "path": ["sys", "name"], "value": "3-Foldtest_size_0.2_GB"}, "version": 1, "at": 1712966164.832628}
{"obj": {"type": "AssignString", "path": ["sys", "description"], "value": ""}, "version": 2, "at": 1712966164.8331258}
{"obj": {"type": "AssignString", "path": ["monitoring", "755f46bd", "hostname"], "value": "156.4.20.172.s.wireless.uri.edu"}, "version": 3, "at": 1712966164.8334699}
{"obj": {"type": "AssignString", "path": ["sys", "hostname"], "value": "156.4.20.172.s.wireless.uri.edu"}, "version": 4, "at": 1712966164.833668}
{"obj": {"type": "AssignString", "path": ["monitoring", "755f46bd", "pid"], "value": "77864"}, "version": 5, "at": 1712966164.833846}
{"obj": {"type": "AssignString", "path": ["monitoring", "755f46bd", "tid"], "value": "140704433595968"}, "version": 6, "at": 1712966164.834014}
{"obj": {"type": "AssignBool", "path": ["sys", "failed"], "value": false}, "version": 7, "at": 1712966164.834226}
{"obj": {"type": "AssignString", "path": ["pid"], "value": "none"}, "version": 8, "at": 1712966164.8500328}
{"obj": {"type": "UploadFile", "path": ["data", "feature_table"], "ext": "html", "file_path": null, "tmp_file_name": "data_feature_table-1712966211.590436-2024-04-12_19.56.51.590436.html", "clean_after_upload": false}, "version": 9, "at": 1712966211.6648052}
{"obj": {"type": "AssignString", "path": ["original"], "value": "type\n0    29980\n1     5543\nName: count, dtype: int64"}, "version": 10, "at": 1712966211.677079}
{"obj": {"type": "AssignString", "path": ["train_samples_undersampled"], "value": "type\n0    5543\n1    5543\nName: count, dtype: int64"}, "version": 11, "at": 1712966211.677772}
{"obj": {"type": "AssignString", "path": ["test_samples_undersampled"], "value": "type\n0    1109\n1    1109\nName: count, dtype: int64"}, "version": 12, "at": 1712966211.6782231}
{"obj": {"type": "AssignString", "path": ["tag"], "value": "Clus"}, "version": 13, "at": 1712966211.678302}
{"obj": {"type": "UploadFile", "path": ["data", "test_data"], "ext": "html", "file_path": null, "tmp_file_name": "data_test_data-1712967942.884282-2024-04-12_20.25.42.884282.html", "clean_after_upload": false}, "version": 14, "at": 1712967942.889067}
{"obj": {"type": "AssignString", "path": ["cls"], "value": "GradientBoost"}, "version": 15, "at": 1712967942.889942}
{"obj": {"type": "AssignString", "path": ["cls_summary", "all_params", "memory"], "value": "None"}, "version": 16, "at": 1712967945.3204632}
{"obj": {"type": "AssignString", "path": ["cls_summary", "all_params", "steps"], "value": "[('gb', GradientBoostingClassifier(max_depth=5, n_estimators=200, random_state=8))]"}, "version": 17, "at": 1712967945.321097}
{"obj": {"type": "AssignBool", "path": ["cls_summary", "all_params", "verbose"], "value": false}, "version": 18, "at": 1712967945.321242}
{"obj": {"type": "AssignString", "path": ["cls_summary", "all_params", "gb"], "value": "GradientBoostingClassifier(max_depth=5, n_estimators=200, random_state=8)"}, "version": 19, "at": 1712967945.32164}
{"obj": {"type": "AssignFloat", "path": ["cls_summary", "all_params", "gb__ccp_alpha"], "value": 0.0}, "version": 20, "at": 1712967945.321759}
{"obj": {"type": "AssignString", "path": ["cls_summary", "all_params", "gb__criterion"], "value": "friedman_mse"}, "version": 21, "at": 1712967945.32187}
{"obj": {"type": "AssignString", "path": ["cls_summary", "all_params", "gb__init"], "value": "None"}, "version": 22, "at": 1712967945.321974}
{"obj": {"type": "AssignFloat", "path": ["cls_summary", "all_params", "gb__learning_rate"], "value": 0.1}, "version": 23, "at": 1712967945.322064}
{"obj": {"type": "AssignString", "path": ["cls_summary", "all_params", "gb__loss"], "value": "log_loss"}, "version": 24, "at": 1712967945.3221602}
{"obj": {"type": "AssignInt", "path": ["cls_summary", "all_params", "gb__max_depth"], "value": 5}, "version": 25, "at": 1712967945.3222568}
{"obj": {"type": "AssignString", "path": ["cls_summary", "all_params", "gb__max_features"], "value": "None"}, "version": 26, "at": 1712967945.322359}
{"obj": {"type": "AssignString", "path": ["cls_summary", "all_params", "gb__max_leaf_nodes"], "value": "None"}, "version": 27, "at": 1712967945.322455}
{"obj": {"type": "AssignFloat", "path": ["cls_summary", "all_params", "gb__min_impurity_decrease"], "value": 0.0}, "version": 28, "at": 1712967945.322541}
{"obj": {"type": "AssignInt", "path": ["cls_summary", "all_params", "gb__min_samples_leaf"], "value": 1}, "version": 29, "at": 1712967945.322623}
{"obj": {"type": "AssignInt", "path": ["cls_summary", "all_params", "gb__min_samples_split"], "value": 2}, "version": 30, "at": 1712967945.3227038}
{"obj": {"type": "AssignFloat", "path": ["cls_summary", "all_params", "gb__min_weight_fraction_leaf"], "value": 0.0}, "version": 31, "at": 1712967945.322786}
{"obj": {"type": "AssignInt", "path": ["cls_summary", "all_params", "gb__n_estimators"], "value": 200}, "version": 32, "at": 1712967945.322866}
{"obj": {"type": "AssignString", "path": ["cls_summary", "all_params", "gb__n_iter_no_change"], "value": "None"}, "version": 33, "at": 1712967945.3229592}
{"obj": {"type": "AssignInt", "path": ["cls_summary", "all_params", "gb__random_state"], "value": 8}, "version": 34, "at": 1712967945.3230422}
{"obj": {"type": "AssignFloat", "path": ["cls_summary", "all_params", "gb__subsample"], "value": 1.0}, "version": 35, "at": 1712967945.323124}
{"obj": {"type": "AssignFloat", "path": ["cls_summary", "all_params", "gb__tol"], "value": 0.0001}, "version": 36, "at": 1712967945.323204}
{"obj": {"type": "AssignFloat", "path": ["cls_summary", "all_params", "gb__validation_fraction"], "value": 0.1}, "version": 37, "at": 1712967945.323287}
{"obj": {"type": "AssignInt", "path": ["cls_summary", "all_params", "gb__verbose"], "value": 0}, "version": 38, "at": 1712967945.323369}
{"obj": {"type": "AssignBool", "path": ["cls_summary", "all_params", "gb__warm_start"], "value": false}, "version": 39, "at": 1712967945.3234482}
{"obj": {"type": "UploadFile", "path": ["cls_summary", "pickled_model"], "ext": "pkl", "file_path": null, "tmp_file_name": "cls_summary_pickled_model-1712967945.323538-2024-04-12_20.25.45.323538.pkl", "clean_after_upload": false}, "version": 40, "at": 1712967945.3244312}
{"obj": {"type": "UploadFile", "path": ["cls_summary", "test", "preds"], "ext": "html", "file_path": null, "tmp_file_name": "cls_summary_test_preds-1712967945.324608-2024-04-12_20.25.45.324608.html", "clean_after_upload": false}, "version": 41, "at": 1712967945.3249621}
{"obj": {"type": "UploadFile", "path": ["cls_summary", "test", "preds_proba"], "ext": "html", "file_path": null, "tmp_file_name": "cls_summary_test_preds_proba-1712967945.325077-2024-04-12_20.25.45.325077.html", "clean_after_upload": false}, "version": 42, "at": 1712967945.325425}
{"obj": {"type": "AssignFloat", "path": ["cls_summary", "test", "scores", "class_0", "precision"], "value": 0.871939736346516}, "version": 43, "at": 1712967945.325643}
{"obj": {"type": "AssignFloat", "path": ["cls_summary", "test", "scores", "class_0", "recall"], "value": 0.8349864743011722}, "version": 44, "at": 1712967945.3257449}
{"obj": {"type": "AssignFloat", "path": ["cls_summary", "test", "scores", "class_0", "fbeta_score"], "value": 0.8530631045601105}, "version": 45, "at": 1712967945.325838}
{"obj": {"type": "AssignFloat", "path": ["cls_summary", "test", "scores", "class_0", "support"], "value": 1109.0}, "version": 46, "at": 1712967945.3259299}
{"obj": {"type": "AssignFloat", "path": ["cls_summary", "test", "scores", "class_1", "precision"], "value": 0.8416955017301038}, "version": 47, "at": 1712967945.326062}
{"obj": {"type": "AssignFloat", "path": ["cls_summary", "test", "scores", "class_1", "recall"], "value": 0.8773669972948602}, "version": 48, "at": 1712967945.326151}
{"obj": {"type": "AssignFloat", "path": ["cls_summary", "test", "scores", "class_1", "fbeta_score"], "value": 0.8591611479028697}, "version": 49, "at": 1712967945.326237}
{"obj": {"type": "AssignFloat", "path": ["cls_summary", "test", "scores", "class_1", "support"], "value": 1109.0}, "version": 50, "at": 1712967945.326324}
{"obj": {"type": "UploadFile", "path": ["cls_summary", "diagnostics_charts", "classification_report"], "ext": "png", "file_path": null, "tmp_file_name": "cls_summary_diagnostics_charts_classification_report-1712967945.326449-2024-04-12_20.25.45.326449.png", "clean_after_upload": false}, "version": 51, "at": 1712967945.326781}
{"obj": {"type": "UploadFile", "path": ["cls_summary", "diagnostics_charts", "confusion_matrix"], "ext": "png", "file_path": null, "tmp_file_name": "cls_summary_diagnostics_charts_confusion_matrix-1712967945.326893-2024-04-12_20.25.45.326893.png", "clean_after_upload": false}, "version": 52, "at": 1712967945.327175}
{"obj": {"type": "UploadFile", "path": ["cls_summary", "diagnostics_charts", "ROC_AUC"], "ext": "png", "file_path": null, "tmp_file_name": "cls_summary_diagnostics_charts_ROC_AUC-1712967945.327283-2024-04-12_20.25.45.327283.png", "clean_after_upload": false}, "version": 53, "at": 1712967945.327629}
{"obj": {"type": "UploadFile", "path": ["cls_summary", "diagnostics_charts", "precision_recall"], "ext": "png", "file_path": null, "tmp_file_name": "cls_summary_diagnostics_charts_precision_recall-1712967945.327745-2024-04-12_20.25.45.327745.png", "clean_after_upload": false}, "version": 54, "at": 1712967945.328067}
{"obj": {"type": "UploadFile", "path": ["cls_summary", "diagnostics_charts", "class_prediction_error"], "ext": "png", "file_path": null, "tmp_file_name": "cls_summary_diagnostics_charts_class_prediction_error-1712967945.328176-2024-04-12_20.25.45.328176.png", "clean_after_upload": false}, "version": 55, "at": 1712967945.328484}
{"obj": {"type": "AssignString", "path": ["cls_summary", "integration", "about", "neptune-sklearn"], "value": "2.1.0"}, "version": 56, "at": 1712967945.328632}
{"obj": {"type": "AssignFloat", "path": ["params", "gb__learning_rate"], "value": 0.1}, "version": 57, "at": 1712967945.32894}
{"obj": {"type": "AssignInt", "path": ["params", "gb__max_depth"], "value": 5}, "version": 58, "at": 1712967945.329043}
{"obj": {"type": "AssignInt", "path": ["params", "gb__n_estimators"], "value": 200}, "version": 59, "at": 1712967945.3291268}
