{"obj": {"type": "AssignString", "path": ["sys", "name"], "value": "2-Foldtest_size_0.2_RF"}, "version": 1, "at": 1711899106.921089}
{"obj": {"type": "AssignString", "path": ["sys", "description"], "value": ""}, "version": 2, "at": 1711899106.921563}
{"obj": {"type": "AssignString", "path": ["monitoring", "0dc1831a", "hostname"], "value": "156.4.20.172.s.wireless.uri.edu"}, "version": 3, "at": 1711899106.921791}
{"obj": {"type": "AssignString", "path": ["sys", "hostname"], "value": "156.4.20.172.s.wireless.uri.edu"}, "version": 4, "at": 1711899106.9219682}
{"obj": {"type": "AssignString", "path": ["monitoring", "0dc1831a", "pid"], "value": "67163"}, "version": 5, "at": 1711899106.922142}
{"obj": {"type": "AssignString", "path": ["monitoring", "0dc1831a", "tid"], "value": "140704736732736"}, "version": 6, "at": 1711899106.922305}
{"obj": {"type": "AssignBool", "path": ["sys", "failed"], "value": false}, "version": 7, "at": 1711899106.922421}
{"obj": {"type": "UploadFile", "path": ["data", "feature_table"], "ext": "html", "file_path": null, "tmp_file_name": "data_feature_table-1711899108.665976-2024-03-31_11.31.48.665976.html", "clean_after_upload": false}, "version": 8, "at": 1711899108.669787}
{"obj": {"type": "UploadFile", "path": ["data", "test_data"], "ext": "html", "file_path": null, "tmp_file_name": "data_test_data-1711899113.252644-2024-03-31_11.31.53.252644.html", "clean_after_upload": false}, "version": 9, "at": 1711899113.2532082}
{"obj": {"type": "AssignString", "path": ["cls_summary", "all_params", "memory"], "value": "None"}, "version": 10, "at": 1711899114.221897}
{"obj": {"type": "AssignString", "path": ["cls_summary", "all_params", "steps"], "value": "[('rf', RandomForestClassifier(random_state=8))]"}, "version": 11, "at": 1711899114.222395}
{"obj": {"type": "AssignBool", "path": ["cls_summary", "all_params", "verbose"], "value": false}, "version": 12, "at": 1711899114.222498}
{"obj": {"type": "AssignString", "path": ["cls_summary", "all_params", "rf"], "value": "RandomForestClassifier(random_state=8)"}, "version": 13, "at": 1711899114.222738}
{"obj": {"type": "AssignBool", "path": ["cls_summary", "all_params", "rf__bootstrap"], "value": true}, "version": 14, "at": 1711899114.22281}
{"obj": {"type": "AssignFloat", "path": ["cls_summary", "all_params", "rf__ccp_alpha"], "value": 0.0}, "version": 15, "at": 1711899114.222878}
{"obj": {"type": "AssignString", "path": ["cls_summary", "all_params", "rf__class_weight"], "value": "None"}, "version": 16, "at": 1711899114.222948}
{"obj": {"type": "AssignString", "path": ["cls_summary", "all_params", "rf__criterion"], "value": "gini"}, "version": 17, "at": 1711899114.22301}
{"obj": {"type": "AssignString", "path": ["cls_summary", "all_params", "rf__max_depth"], "value": "None"}, "version": 18, "at": 1711899114.2230709}
{"obj": {"type": "AssignString", "path": ["cls_summary", "all_params", "rf__max_features"], "value": "sqrt"}, "version": 19, "at": 1711899114.223128}
{"obj": {"type": "AssignString", "path": ["cls_summary", "all_params", "rf__max_leaf_nodes"], "value": "None"}, "version": 20, "at": 1711899114.2231889}
{"obj": {"type": "AssignString", "path": ["cls_summary", "all_params", "rf__max_samples"], "value": "None"}, "version": 21, "at": 1711899114.223249}
{"obj": {"type": "AssignFloat", "path": ["cls_summary", "all_params", "rf__min_impurity_decrease"], "value": 0.0}, "version": 22, "at": 1711899114.2233028}
{"obj": {"type": "AssignInt", "path": ["cls_summary", "all_params", "rf__min_samples_leaf"], "value": 1}, "version": 23, "at": 1711899114.2233632}
{"obj": {"type": "AssignInt", "path": ["cls_summary", "all_params", "rf__min_samples_split"], "value": 2}, "version": 24, "at": 1711899114.223418}
{"obj": {"type": "AssignFloat", "path": ["cls_summary", "all_params", "rf__min_weight_fraction_leaf"], "value": 0.0}, "version": 25, "at": 1711899114.2234728}
{"obj": {"type": "AssignInt", "path": ["cls_summary", "all_params", "rf__n_estimators"], "value": 100}, "version": 26, "at": 1711899114.223526}
{"obj": {"type": "AssignString", "path": ["cls_summary", "all_params", "rf__n_jobs"], "value": "None"}, "version": 27, "at": 1711899114.223586}
{"obj": {"type": "AssignBool", "path": ["cls_summary", "all_params", "rf__oob_score"], "value": false}, "version": 28, "at": 1711899114.22364}
{"obj": {"type": "AssignInt", "path": ["cls_summary", "all_params", "rf__random_state"], "value": 8}, "version": 29, "at": 1711899114.223692}
{"obj": {"type": "AssignInt", "path": ["cls_summary", "all_params", "rf__verbose"], "value": 0}, "version": 30, "at": 1711899114.223743}
{"obj": {"type": "AssignBool", "path": ["cls_summary", "all_params", "rf__warm_start"], "value": false}, "version": 31, "at": 1711899114.223797}
{"obj": {"type": "UploadFile", "path": ["cls_summary", "pickled_model"], "ext": "pkl", "file_path": null, "tmp_file_name": "cls_summary_pickled_model-1711899114.223858-2024-03-31_11.31.54.223858.pkl", "clean_after_upload": false}, "version": 32, "at": 1711899114.22534}
{"obj": {"type": "UploadFile", "path": ["cls_summary", "test", "preds"], "ext": "html", "file_path": null, "tmp_file_name": "cls_summary_test_preds-1711899114.225534-2024-03-31_11.31.54.225534.html", "clean_after_upload": false}, "version": 33, "at": 1711899114.225858}
{"obj": {"type": "UploadFile", "path": ["cls_summary", "test", "preds_proba"], "ext": "html", "file_path": null, "tmp_file_name": "cls_summary_test_preds_proba-1711899114.225945-2024-03-31_11.31.54.225945.html", "clean_after_upload": false}, "version": 34, "at": 1711899114.2261992}
{"obj": {"type": "AssignFloat", "path": ["cls_summary", "test", "scores", "class_0", "precision"], "value": 0.5}, "version": 35, "at": 1711899114.226458}
{"obj": {"type": "AssignFloat", "path": ["cls_summary", "test", "scores", "class_0", "recall"], "value": 0.46153846153846156}, "version": 36, "at": 1711899114.2265449}
{"obj": {"type": "AssignFloat", "path": ["cls_summary", "test", "scores", "class_0", "fbeta_score"], "value": 0.48000000000000004}, "version": 37, "at": 1711899114.226607}
{"obj": {"type": "AssignFloat", "path": ["cls_summary", "test", "scores", "class_0", "support"], "value": 13.0}, "version": 38, "at": 1711899114.2266681}
{"obj": {"type": "AssignFloat", "path": ["cls_summary", "test", "scores", "class_1", "precision"], "value": 0.46153846153846156}, "version": 39, "at": 1711899114.226757}
{"obj": {"type": "AssignFloat", "path": ["cls_summary", "test", "scores", "class_1", "recall"], "value": 0.5}, "version": 40, "at": 1711899114.226819}
{"obj": {"type": "AssignFloat", "path": ["cls_summary", "test", "scores", "class_1", "fbeta_score"], "value": 0.48000000000000004}, "version": 41, "at": 1711899114.226877}
{"obj": {"type": "AssignFloat", "path": ["cls_summary", "test", "scores", "class_1", "support"], "value": 12.0}, "version": 42, "at": 1711899114.226934}
{"obj": {"type": "UploadFile", "path": ["cls_summary", "diagnostics_charts", "classification_report"], "ext": "png", "file_path": null, "tmp_file_name": "cls_summary_diagnostics_charts_classification_report-1711899114.227022-2024-03-31_11.31.54.227022.png", "clean_after_upload": false}, "version": 43, "at": 1711899114.2272909}
{"obj": {"type": "UploadFile", "path": ["cls_summary", "diagnostics_charts", "confusion_matrix"], "ext": "png", "file_path": null, "tmp_file_name": "cls_summary_diagnostics_charts_confusion_matrix-1711899114.227452-2024-03-31_11.31.54.227452.png", "clean_after_upload": false}, "version": 44, "at": 1711899114.227818}
{"obj": {"type": "UploadFile", "path": ["cls_summary", "diagnostics_charts", "ROC_AUC"], "ext": "png", "file_path": null, "tmp_file_name": "cls_summary_diagnostics_charts_ROC_AUC-1711899114.227913-2024-03-31_11.31.54.227913.png", "clean_after_upload": false}, "version": 45, "at": 1711899114.2282329}
{"obj": {"type": "UploadFile", "path": ["cls_summary", "diagnostics_charts", "precision_recall"], "ext": "png", "file_path": null, "tmp_file_name": "cls_summary_diagnostics_charts_precision_recall-1711899114.228323-2024-03-31_11.31.54.228323.png", "clean_after_upload": false}, "version": 46, "at": 1711899114.2285619}
{"obj": {"type": "UploadFile", "path": ["cls_summary", "diagnostics_charts", "class_prediction_error"], "ext": "png", "file_path": null, "tmp_file_name": "cls_summary_diagnostics_charts_class_prediction_error-1711899114.228675-2024-03-31_11.31.54.228675.png", "clean_after_upload": false}, "version": 47, "at": 1711899114.229033}
{"obj": {"type": "AssignString", "path": ["cls_summary", "integration", "about", "neptune-sklearn"], "value": "2.1.0"}, "version": 48, "at": 1711899114.2293582}
{"obj": {"type": "AssignInt", "path": ["params", "rf__min_samples_split"], "value": 2}, "version": 49, "at": 1711899114.229759}
{"obj": {"type": "AssignInt", "path": ["params", "rf__n_estimators"], "value": 100}, "version": 50, "at": 1711899114.22989}
{"obj": {"type": "UploadFile", "path": ["roc_curve"], "ext": "png", "file_path": "/Users/shehjarsadhu/Desktop/UniversityOfRhodeIsland/Graduate/WBL/Project_Q2Behave/GitQ2Bheave/q2behave_data_analysis/jupyternotebooks/roc_curve_class.png", "tmp_file_name": null, "clean_after_upload": false}, "version": 51, "at": 1711899114.711475}
{"obj": {"type": "AssignFloat", "path": ["precision"], "value": 0.4815384615384615}, "version": 52, "at": 1711899114.873497}
{"obj": {"type": "AssignFloat", "path": ["recall"], "value": 0.48}, "version": 53, "at": 1711899114.873929}
{"obj": {"type": "AssignFloat", "path": ["f1_score"], "value": 0.48}, "version": 54, "at": 1711899114.87418}
{"obj": {"type": "AssignFloat", "path": ["mean_train_accuracy"], "value": 1.0}, "version": 55, "at": 1711899114.874284}
{"obj": {"type": "AssignFloat", "path": ["mean_test_accuracy"], "value": 0.5775521491782554}, "version": 56, "at": 1711899114.874378}
{"obj": {"type": "AssignFloat", "path": ["mean_sensitivity"], "value": 0.6102756892230576}, "version": 57, "at": 1711899114.874491}
