{"obj": {"type": "AssignString", "path": ["sys", "name"], "value": "3-Foldtest_size_0.2_RF"}, "version": 1, "at": 1711986708.673131}
{"obj": {"type": "AssignString", "path": ["sys", "description"], "value": ""}, "version": 2, "at": 1711986708.6735349}
{"obj": {"type": "AssignString", "path": ["monitoring", "0448648c", "hostname"], "value": "156.4.20.172.s.wireless.uri.edu"}, "version": 3, "at": 1711986708.673724}
{"obj": {"type": "AssignString", "path": ["sys", "hostname"], "value": "156.4.20.172.s.wireless.uri.edu"}, "version": 4, "at": 1711986708.673856}
{"obj": {"type": "AssignString", "path": ["monitoring", "0448648c", "pid"], "value": "1802"}, "version": 5, "at": 1711986708.6739829}
{"obj": {"type": "AssignString", "path": ["monitoring", "0448648c", "tid"], "value": "140704652170816"}, "version": 6, "at": 1711986708.674102}
{"obj": {"type": "AssignBool", "path": ["sys", "failed"], "value": false}, "version": 7, "at": 1711986708.674199}
{"obj": {"type": "UploadFile", "path": ["data", "feature_table"], "ext": "html", "file_path": null, "tmp_file_name": "data_feature_table-1711986713.404056-2024-04-01_11.51.53.404056.html", "clean_after_upload": false}, "version": 8, "at": 1711986713.418185}
{"obj": {"type": "UploadFile", "path": ["data", "test_data"], "ext": "html", "file_path": null, "tmp_file_name": "data_test_data-1711986720.907639-2024-04-01_11.52.00.907639.html", "clean_after_upload": false}, "version": 9, "at": 1711986720.908441}
{"obj": {"type": "AssignString", "path": ["cls_summary", "all_params", "memory"], "value": "None"}, "version": 10, "at": 1711986721.725596}
{"obj": {"type": "AssignString", "path": ["cls_summary", "all_params", "steps"], "value": "[('rf', RandomForestClassifier(min_samples_split=10, random_state=8))]"}, "version": 11, "at": 1711986721.726047}
{"obj": {"type": "AssignBool", "path": ["cls_summary", "all_params", "verbose"], "value": false}, "version": 12, "at": 1711986721.7261372}
{"obj": {"type": "AssignString", "path": ["cls_summary", "all_params", "rf"], "value": "RandomForestClassifier(min_samples_split=10, random_state=8)"}, "version": 13, "at": 1711986721.7263749}
{"obj": {"type": "AssignBool", "path": ["cls_summary", "all_params", "rf__bootstrap"], "value": true}, "version": 14, "at": 1711986721.726449}
{"obj": {"type": "AssignFloat", "path": ["cls_summary", "all_params", "rf__ccp_alpha"], "value": 0.0}, "version": 15, "at": 1711986721.72652}
{"obj": {"type": "AssignString", "path": ["cls_summary", "all_params", "rf__class_weight"], "value": "None"}, "version": 16, "at": 1711986721.72659}
{"obj": {"type": "AssignString", "path": ["cls_summary", "all_params", "rf__criterion"], "value": "gini"}, "version": 17, "at": 1711986721.7266529}
{"obj": {"type": "AssignString", "path": ["cls_summary", "all_params", "rf__max_depth"], "value": "None"}, "version": 18, "at": 1711986721.726725}
{"obj": {"type": "AssignString", "path": ["cls_summary", "all_params", "rf__max_features"], "value": "sqrt"}, "version": 19, "at": 1711986721.7267892}
{"obj": {"type": "AssignString", "path": ["cls_summary", "all_params", "rf__max_leaf_nodes"], "value": "None"}, "version": 20, "at": 1711986721.726856}
{"obj": {"type": "AssignString", "path": ["cls_summary", "all_params", "rf__max_samples"], "value": "None"}, "version": 21, "at": 1711986721.7269208}
{"obj": {"type": "AssignFloat", "path": ["cls_summary", "all_params", "rf__min_impurity_decrease"], "value": 0.0}, "version": 22, "at": 1711986721.7269812}
{"obj": {"type": "AssignInt", "path": ["cls_summary", "all_params", "rf__min_samples_leaf"], "value": 1}, "version": 23, "at": 1711986721.727045}
{"obj": {"type": "AssignInt", "path": ["cls_summary", "all_params", "rf__min_samples_split"], "value": 10}, "version": 24, "at": 1711986721.727102}
{"obj": {"type": "AssignFloat", "path": ["cls_summary", "all_params", "rf__min_weight_fraction_leaf"], "value": 0.0}, "version": 25, "at": 1711986721.7271612}
{"obj": {"type": "AssignInt", "path": ["cls_summary", "all_params", "rf__n_estimators"], "value": 100}, "version": 26, "at": 1711986721.727218}
{"obj": {"type": "AssignString", "path": ["cls_summary", "all_params", "rf__n_jobs"], "value": "None"}, "version": 27, "at": 1711986721.7272818}
{"obj": {"type": "AssignBool", "path": ["cls_summary", "all_params", "rf__oob_score"], "value": false}, "version": 28, "at": 1711986721.72734}
{"obj": {"type": "AssignInt", "path": ["cls_summary", "all_params", "rf__random_state"], "value": 8}, "version": 29, "at": 1711986721.727396}
{"obj": {"type": "AssignInt", "path": ["cls_summary", "all_params", "rf__verbose"], "value": 0}, "version": 30, "at": 1711986721.7274508}
{"obj": {"type": "AssignBool", "path": ["cls_summary", "all_params", "rf__warm_start"], "value": false}, "version": 31, "at": 1711986721.7275069}
{"obj": {"type": "UploadFile", "path": ["cls_summary", "pickled_model"], "ext": "pkl", "file_path": null, "tmp_file_name": "cls_summary_pickled_model-1711986721.727571-2024-04-01_11.52.01.727571.pkl", "clean_after_upload": false}, "version": 32, "at": 1711986721.728065}
{"obj": {"type": "UploadFile", "path": ["cls_summary", "test", "preds"], "ext": "html", "file_path": null, "tmp_file_name": "cls_summary_test_preds-1711986721.728269-2024-04-01_11.52.01.728269.html", "clean_after_upload": false}, "version": 33, "at": 1711986721.728856}
{"obj": {"type": "UploadFile", "path": ["cls_summary", "test", "preds_proba"], "ext": "html", "file_path": null, "tmp_file_name": "cls_summary_test_preds_proba-1711986721.728978-2024-04-01_11.52.01.728978.html", "clean_after_upload": false}, "version": 34, "at": 1711986721.729425}
{"obj": {"type": "AssignFloat", "path": ["cls_summary", "test", "scores", "class_0", "precision"], "value": 0.4772727272727273}, "version": 35, "at": 1711986721.729652}
{"obj": {"type": "AssignFloat", "path": ["cls_summary", "test", "scores", "class_0", "recall"], "value": 0.7}, "version": 36, "at": 1711986721.7297568}
{"obj": {"type": "AssignFloat", "path": ["cls_summary", "test", "scores", "class_0", "fbeta_score"], "value": 0.5675675675675677}, "version": 37, "at": 1711986721.729905}
{"obj": {"type": "AssignFloat", "path": ["cls_summary", "test", "scores", "class_0", "support"], "value": 30.0}, "version": 38, "at": 1711986721.7300491}
{"obj": {"type": "AssignFloat", "path": ["cls_summary", "test", "scores", "class_1", "precision"], "value": 0.4375}, "version": 39, "at": 1711986721.7302}
{"obj": {"type": "AssignFloat", "path": ["cls_summary", "test", "scores", "class_1", "recall"], "value": 0.23333333333333334}, "version": 40, "at": 1711986721.730269}
{"obj": {"type": "AssignFloat", "path": ["cls_summary", "test", "scores", "class_1", "fbeta_score"], "value": 0.3043478260869565}, "version": 41, "at": 1711986721.7303329}
{"obj": {"type": "AssignFloat", "path": ["cls_summary", "test", "scores", "class_1", "support"], "value": 30.0}, "version": 42, "at": 1711986721.7303958}
{"obj": {"type": "UploadFile", "path": ["cls_summary", "diagnostics_charts", "classification_report"], "ext": "png", "file_path": null, "tmp_file_name": "cls_summary_diagnostics_charts_classification_report-1711986721.730489-2024-04-01_11.52.01.730489.png", "clean_after_upload": false}, "version": 43, "at": 1711986721.730794}
{"obj": {"type": "UploadFile", "path": ["cls_summary", "diagnostics_charts", "confusion_matrix"], "ext": "png", "file_path": null, "tmp_file_name": "cls_summary_diagnostics_charts_confusion_matrix-1711986721.730919-2024-04-01_11.52.01.730919.png", "clean_after_upload": false}, "version": 44, "at": 1711986721.7312582}
{"obj": {"type": "UploadFile", "path": ["cls_summary", "diagnostics_charts", "ROC_AUC"], "ext": "png", "file_path": null, "tmp_file_name": "cls_summary_diagnostics_charts_ROC_AUC-1711986721.731394-2024-04-01_11.52.01.731394.png", "clean_after_upload": false}, "version": 45, "at": 1711986721.731634}
{"obj": {"type": "UploadFile", "path": ["cls_summary", "diagnostics_charts", "precision_recall"], "ext": "png", "file_path": null, "tmp_file_name": "cls_summary_diagnostics_charts_precision_recall-1711986721.731795-2024-04-01_11.52.01.731795.png", "clean_after_upload": false}, "version": 46, "at": 1711986721.73213}
{"obj": {"type": "UploadFile", "path": ["cls_summary", "diagnostics_charts", "class_prediction_error"], "ext": "png", "file_path": null, "tmp_file_name": "cls_summary_diagnostics_charts_class_prediction_error-1711986721.73223-2024-04-01_11.52.01.732230.png", "clean_after_upload": false}, "version": 47, "at": 1711986721.732437}
{"obj": {"type": "AssignString", "path": ["cls_summary", "integration", "about", "neptune-sklearn"], "value": "2.1.0"}, "version": 48, "at": 1711986721.73255}
{"obj": {"type": "AssignInt", "path": ["params", "rf__min_samples_split"], "value": 10}, "version": 49, "at": 1711986721.738425}
{"obj": {"type": "AssignInt", "path": ["params", "rf__n_estimators"], "value": 100}, "version": 50, "at": 1711986721.7385778}
{"obj": {"type": "UploadFile", "path": ["feature_importance"], "ext": "png", "file_path": "/Users/shehjarsadhu/Desktop/UniversityOfRhodeIsland/Graduate/WBL/Project_Q2Behave/GitQ2Bheave/q2behave_data_analysis/jupyternotebooks/ML_Toolbox/feature_importance.png", "tmp_file_name": null, "clean_after_upload": false}, "version": 51, "at": 1711986725.937511}
{"obj": {"type": "UploadFile", "path": ["roc_curve"], "ext": "png", "file_path": "/Users/shehjarsadhu/Desktop/UniversityOfRhodeIsland/Graduate/WBL/Project_Q2Behave/GitQ2Bheave/q2behave_data_analysis/jupyternotebooks/ML_Toolbox/roc_curve_class.png", "tmp_file_name": null, "clean_after_upload": false}, "version": 52, "at": 1711986726.0595222}
{"obj": {"type": "AssignFloat", "path": ["precision"], "value": 0.45738636363636365}, "version": 53, "at": 1711986726.355256}
{"obj": {"type": "AssignFloat", "path": ["recall"], "value": 0.4666666666666667}, "version": 54, "at": 1711986726.355673}
{"obj": {"type": "AssignFloat", "path": ["f1_score"], "value": 0.43595769682726204}, "version": 55, "at": 1711986726.3557692}
{"obj": {"type": "AssignFloat", "path": ["mean_train_accuracy"], "value": 0.9873815778998486}, "version": 56, "at": 1711986726.355857}
{"obj": {"type": "AssignFloat", "path": ["mean_test_accuracy"], "value": 0.5631856540084388}, "version": 57, "at": 1711986726.3559701}
{"obj": {"type": "AssignFloat", "path": ["mean_sensitivity"], "value": 0.5547008547008546}, "version": 58, "at": 1711986726.356052}
