{"obj": {"type": "AssignString", "path": ["sys", "name"], "value": "3-Foldtest_size_0.2_RF"}, "version": 1, "at": 1712676904.7521112}
{"obj": {"type": "AssignString", "path": ["sys", "description"], "value": ""}, "version": 2, "at": 1712676904.752345}
{"obj": {"type": "AssignString", "path": ["monitoring", "ea49857a", "hostname"], "value": "156.4.20.172.s.wireless.uri.edu"}, "version": 3, "at": 1712676904.752447}
{"obj": {"type": "AssignString", "path": ["sys", "hostname"], "value": "156.4.20.172.s.wireless.uri.edu"}, "version": 4, "at": 1712676904.7525172}
{"obj": {"type": "AssignString", "path": ["monitoring", "ea49857a", "pid"], "value": "33481"}, "version": 5, "at": 1712676904.752584}
{"obj": {"type": "AssignString", "path": ["monitoring", "ea49857a", "tid"], "value": "140704351295040"}, "version": 6, "at": 1712676904.752703}
{"obj": {"type": "AssignBool", "path": ["sys", "failed"], "value": false}, "version": 7, "at": 1712676904.7528021}
{"obj": {"type": "AssignString", "path": ["pid"], "value": "P7"}, "version": 8, "at": 1712676904.758066}
{"obj": {"type": "UploadFile", "path": ["data", "feature_table"], "ext": "html", "file_path": null, "tmp_file_name": "data_feature_table-1712676905.665097-2024-04-09_11.35.05.665097.html", "clean_after_upload": false}, "version": 9, "at": 1712676905.668135}
{"obj": {"type": "AssignString", "path": ["original"], "value": "type\n0    1568\n1     142\nName: count, dtype: int64"}, "version": 10, "at": 1712676905.668993}
{"obj": {"type": "AssignString", "path": ["train_samples_undersampled"], "value": "type\n0    142\n1    142\nName: count, dtype: int64"}, "version": 11, "at": 1712676905.669649}
{"obj": {"type": "AssignString", "path": ["test_samples_undersampled"], "value": "type\n1    29\n0    28\nName: count, dtype: int64"}, "version": 12, "at": 1712676905.670264}
{"obj": {"type": "AssignString", "path": ["tag"], "value": "Clus"}, "version": 13, "at": 1712676905.670381}
{"obj": {"type": "UploadFile", "path": ["data", "test_data"], "ext": "html", "file_path": null, "tmp_file_name": "data_test_data-1712676913.732831-2024-04-09_11.35.13.732831.html", "clean_after_upload": false}, "version": 14, "at": 1712676913.7332401}
{"obj": {"type": "AssignString", "path": ["cls_summary", "all_params", "memory"], "value": "None"}, "version": 15, "at": 1712676914.450428}
{"obj": {"type": "AssignString", "path": ["cls_summary", "all_params", "steps"], "value": "[('rf', RandomForestClassifier(min_samples_split=5, random_state=8))]"}, "version": 16, "at": 1712676914.4508228}
{"obj": {"type": "AssignBool", "path": ["cls_summary", "all_params", "verbose"], "value": false}, "version": 17, "at": 1712676914.450908}
{"obj": {"type": "AssignString", "path": ["cls_summary", "all_params", "rf"], "value": "RandomForestClassifier(min_samples_split=5, random_state=8)"}, "version": 18, "at": 1712676914.451144}
{"obj": {"type": "AssignBool", "path": ["cls_summary", "all_params", "rf__bootstrap"], "value": true}, "version": 19, "at": 1712676914.451206}
{"obj": {"type": "AssignFloat", "path": ["cls_summary", "all_params", "rf__ccp_alpha"], "value": 0.0}, "version": 20, "at": 1712676914.451267}
{"obj": {"type": "AssignString", "path": ["cls_summary", "all_params", "rf__class_weight"], "value": "None"}, "version": 21, "at": 1712676914.451327}
{"obj": {"type": "AssignString", "path": ["cls_summary", "all_params", "rf__criterion"], "value": "gini"}, "version": 22, "at": 1712676914.45138}
{"obj": {"type": "AssignString", "path": ["cls_summary", "all_params", "rf__max_depth"], "value": "None"}, "version": 23, "at": 1712676914.451474}
{"obj": {"type": "AssignString", "path": ["cls_summary", "all_params", "rf__max_features"], "value": "sqrt"}, "version": 24, "at": 1712676914.451575}
{"obj": {"type": "AssignString", "path": ["cls_summary", "all_params", "rf__max_leaf_nodes"], "value": "None"}, "version": 25, "at": 1712676914.451683}
{"obj": {"type": "AssignString", "path": ["cls_summary", "all_params", "rf__max_samples"], "value": "None"}, "version": 26, "at": 1712676914.451783}
{"obj": {"type": "AssignFloat", "path": ["cls_summary", "all_params", "rf__min_impurity_decrease"], "value": 0.0}, "version": 27, "at": 1712676914.4518552}
{"obj": {"type": "AssignInt", "path": ["cls_summary", "all_params", "rf__min_samples_leaf"], "value": 1}, "version": 28, "at": 1712676914.451945}
{"obj": {"type": "AssignInt", "path": ["cls_summary", "all_params", "rf__min_samples_split"], "value": 5}, "version": 29, "at": 1712676914.452009}
{"obj": {"type": "AssignFloat", "path": ["cls_summary", "all_params", "rf__min_weight_fraction_leaf"], "value": 0.0}, "version": 30, "at": 1712676914.452071}
{"obj": {"type": "AssignInt", "path": ["cls_summary", "all_params", "rf__n_estimators"], "value": 100}, "version": 31, "at": 1712676914.452127}
{"obj": {"type": "AssignString", "path": ["cls_summary", "all_params", "rf__n_jobs"], "value": "None"}, "version": 32, "at": 1712676914.45219}
{"obj": {"type": "AssignBool", "path": ["cls_summary", "all_params", "rf__oob_score"], "value": false}, "version": 33, "at": 1712676914.452391}
{"obj": {"type": "AssignInt", "path": ["cls_summary", "all_params", "rf__random_state"], "value": 8}, "version": 34, "at": 1712676914.452439}
{"obj": {"type": "AssignInt", "path": ["cls_summary", "all_params", "rf__verbose"], "value": 0}, "version": 35, "at": 1712676914.452485}
{"obj": {"type": "AssignBool", "path": ["cls_summary", "all_params", "rf__warm_start"], "value": false}, "version": 36, "at": 1712676914.452533}
{"obj": {"type": "UploadFile", "path": ["cls_summary", "pickled_model"], "ext": "pkl", "file_path": null, "tmp_file_name": "cls_summary_pickled_model-1712676914.452588-2024-04-09_11.35.14.452588.pkl", "clean_after_upload": false}, "version": 37, "at": 1712676914.453009}
{"obj": {"type": "UploadFile", "path": ["cls_summary", "test", "preds"], "ext": "html", "file_path": null, "tmp_file_name": "cls_summary_test_preds-1712676914.453122-2024-04-09_11.35.14.453122.html", "clean_after_upload": false}, "version": 38, "at": 1712676914.453314}
{"obj": {"type": "UploadFile", "path": ["cls_summary", "test", "preds_proba"], "ext": "html", "file_path": null, "tmp_file_name": "cls_summary_test_preds_proba-1712676914.453464-2024-04-09_11.35.14.453464.html", "clean_after_upload": false}, "version": 39, "at": 1712676914.453721}
{"obj": {"type": "AssignFloat", "path": ["cls_summary", "test", "scores", "class_0", "precision"], "value": 0.9310344827586207}, "version": 40, "at": 1712676914.4539242}
{"obj": {"type": "AssignFloat", "path": ["cls_summary", "test", "scores", "class_0", "recall"], "value": 0.9642857142857143}, "version": 41, "at": 1712676914.453983}
{"obj": {"type": "AssignFloat", "path": ["cls_summary", "test", "scores", "class_0", "fbeta_score"], "value": 0.9473684210526316}, "version": 42, "at": 1712676914.454037}
{"obj": {"type": "AssignFloat", "path": ["cls_summary", "test", "scores", "class_0", "support"], "value": 28.0}, "version": 43, "at": 1712676914.454092}
{"obj": {"type": "AssignFloat", "path": ["cls_summary", "test", "scores", "class_1", "precision"], "value": 0.9642857142857143}, "version": 44, "at": 1712676914.454169}
{"obj": {"type": "AssignFloat", "path": ["cls_summary", "test", "scores", "class_1", "recall"], "value": 0.9310344827586207}, "version": 45, "at": 1712676914.454222}
{"obj": {"type": "AssignFloat", "path": ["cls_summary", "test", "scores", "class_1", "fbeta_score"], "value": 0.9473684210526316}, "version": 46, "at": 1712676914.454274}
{"obj": {"type": "AssignFloat", "path": ["cls_summary", "test", "scores", "class_1", "support"], "value": 29.0}, "version": 47, "at": 1712676914.454324}
{"obj": {"type": "UploadFile", "path": ["cls_summary", "diagnostics_charts", "classification_report"], "ext": "png", "file_path": null, "tmp_file_name": "cls_summary_diagnostics_charts_classification_report-1712676914.454397-2024-04-09_11.35.14.454397.png", "clean_after_upload": false}, "version": 48, "at": 1712676914.454568}
{"obj": {"type": "UploadFile", "path": ["cls_summary", "diagnostics_charts", "confusion_matrix"], "ext": "png", "file_path": null, "tmp_file_name": "cls_summary_diagnostics_charts_confusion_matrix-1712676914.454742-2024-04-09_11.35.14.454742.png", "clean_after_upload": false}, "version": 49, "at": 1712676914.45505}
{"obj": {"type": "UploadFile", "path": ["cls_summary", "diagnostics_charts", "ROC_AUC"], "ext": "png", "file_path": null, "tmp_file_name": "cls_summary_diagnostics_charts_ROC_AUC-1712676914.455211-2024-04-09_11.35.14.455211.png", "clean_after_upload": false}, "version": 50, "at": 1712676914.455405}
{"obj": {"type": "UploadFile", "path": ["cls_summary", "diagnostics_charts", "precision_recall"], "ext": "png", "file_path": null, "tmp_file_name": "cls_summary_diagnostics_charts_precision_recall-1712676914.455508-2024-04-09_11.35.14.455508.png", "clean_after_upload": false}, "version": 51, "at": 1712676914.455682}
{"obj": {"type": "UploadFile", "path": ["cls_summary", "diagnostics_charts", "class_prediction_error"], "ext": "png", "file_path": null, "tmp_file_name": "cls_summary_diagnostics_charts_class_prediction_error-1712676914.455749-2024-04-09_11.35.14.455749.png", "clean_after_upload": false}, "version": 52, "at": 1712676914.455926}
{"obj": {"type": "AssignString", "path": ["cls_summary", "integration", "about", "neptune-sklearn"], "value": "2.1.0"}, "version": 53, "at": 1712676914.456018}
{"obj": {"type": "AssignInt", "path": ["params", "rf__min_samples_split"], "value": 5}, "version": 54, "at": 1712676914.456418}
{"obj": {"type": "AssignInt", "path": ["params", "rf__n_estimators"], "value": 100}, "version": 55, "at": 1712676914.456486}
{"obj": {"type": "UploadFile", "path": ["data", "feature_importance"], "ext": "html", "file_path": null, "tmp_file_name": "data_feature_importance-1712676926.62705-2024-04-09_11.35.26.627050.html", "clean_after_upload": false}, "version": 56, "at": 1712676926.627455}
{"obj": {"type": "UploadFile", "path": ["feature_importance"], "ext": "png", "file_path": "/Users/shehjarsadhu/Desktop/UniversityOfRhodeIsland/Graduate/WBL/Project_Q2Behave/GitQ2Bheave/q2behave_data_analysis/jupyternotebooks/ML_Toolbox/feature_importance.png", "tmp_file_name": null, "clean_after_upload": false}, "version": 57, "at": 1712676926.71228}
{"obj": {"type": "UploadFile", "path": ["roc_curve"], "ext": "png", "file_path": "/Users/shehjarsadhu/Desktop/UniversityOfRhodeIsland/Graduate/WBL/Project_Q2Behave/GitQ2Bheave/q2behave_data_analysis/jupyternotebooks/ML_Toolbox/roc_curve_class.png", "tmp_file_name": null, "clean_after_upload": false}, "version": 58, "at": 1712676926.8279428}
{"obj": {"type": "AssignFloat", "path": ["precision"], "value": 0.9479517759917033}, "version": 59, "at": 1712676927.062047}
{"obj": {"type": "AssignFloat", "path": ["recall"], "value": 0.9473684210526315}, "version": 60, "at": 1712676927.0624452}
{"obj": {"type": "AssignFloat", "path": ["f1_score"], "value": 0.9473684210526315}, "version": 61, "at": 1712676927.062541}
{"obj": {"type": "AssignFloat", "path": ["mean_train_accuracy"], "value": 0.9947275596398404}, "version": 62, "at": 1712676927.0626292}
{"obj": {"type": "AssignFloat", "path": ["mean_test_accuracy"], "value": 0.8873086972751026}, "version": 63, "at": 1712676927.062711}
{"obj": {"type": "AssignFloat", "path": ["mean_sensitivity"], "value": 0.8662825059101654}, "version": 64, "at": 1712676927.0627909}
