{"obj": {"type": "AssignString", "path": ["sys", "name"], "value": "8-Foldtest_size_0.2_RF"}, "version": 1, "at": 1708184723.82303}
{"obj": {"type": "AssignString", "path": ["sys", "description"], "value": ""}, "version": 2, "at": 1708184723.823391}
{"obj": {"type": "AssignString", "path": ["monitoring", "1d5958ca", "hostname"], "value": "156.4.20.172.s.wireless.uri.edu"}, "version": 3, "at": 1708184723.8235881}
{"obj": {"type": "AssignString", "path": ["sys", "hostname"], "value": "156.4.20.172.s.wireless.uri.edu"}, "version": 4, "at": 1708184723.823745}
{"obj": {"type": "AssignString", "path": ["monitoring", "1d5958ca", "pid"], "value": "4220"}, "version": 5, "at": 1708184723.8238878}
{"obj": {"type": "AssignString", "path": ["monitoring", "1d5958ca", "tid"], "value": "140704465368640"}, "version": 6, "at": 1708184723.824024}
{"obj": {"type": "AssignBool", "path": ["sys", "failed"], "value": false}, "version": 7, "at": 1708184723.824126}
{"obj": {"type": "UploadFile", "path": ["data", "feature_table"], "ext": "html", "file_path": null, "tmp_file_name": "data_feature_table-1708184724.647667-2024-02-17_10.45.24.647667.html", "clean_after_upload": false}, "version": 8, "at": 1708184724.649635}
{"obj": {"type": "UploadFile", "path": ["data", "test_data"], "ext": "html", "file_path": null, "tmp_file_name": "data_test_data-1708184763.870069-2024-02-17_10.46.03.870069.html", "clean_after_upload": false}, "version": 9, "at": 1708184763.870665}
{"obj": {"type": "AssignString", "path": ["cls_summary", "all_params", "memory"], "value": "None"}, "version": 10, "at": 1708184765.285016}
{"obj": {"type": "AssignString", "path": ["cls_summary", "all_params", "steps"], "value": "[('rf', RandomForestClassifier(min_samples_split=5, n_estimators=300, random_state=8))]"}, "version": 11, "at": 1708184765.286226}
{"obj": {"type": "AssignBool", "path": ["cls_summary", "all_params", "verbose"], "value": false}, "version": 12, "at": 1708184765.286377}
{"obj": {"type": "AssignString", "path": ["cls_summary", "all_params", "rf"], "value": "RandomForestClassifier(min_samples_split=5, n_estimators=300, random_state=8)"}, "version": 13, "at": 1708184765.286735}
{"obj": {"type": "AssignBool", "path": ["cls_summary", "all_params", "rf__bootstrap"], "value": true}, "version": 14, "at": 1708184765.286857}
{"obj": {"type": "AssignFloat", "path": ["cls_summary", "all_params", "rf__ccp_alpha"], "value": 0.0}, "version": 15, "at": 1708184765.2877738}
{"obj": {"type": "AssignString", "path": ["cls_summary", "all_params", "rf__class_weight"], "value": "None"}, "version": 16, "at": 1708184765.288125}
{"obj": {"type": "AssignString", "path": ["cls_summary", "all_params", "rf__criterion"], "value": "gini"}, "version": 17, "at": 1708184765.288215}
{"obj": {"type": "AssignString", "path": ["cls_summary", "all_params", "rf__max_depth"], "value": "None"}, "version": 18, "at": 1708184765.288288}
{"obj": {"type": "AssignString", "path": ["cls_summary", "all_params", "rf__max_features"], "value": "sqrt"}, "version": 19, "at": 1708184765.288388}
{"obj": {"type": "AssignString", "path": ["cls_summary", "all_params", "rf__max_leaf_nodes"], "value": "None"}, "version": 20, "at": 1708184765.2884731}
{"obj": {"type": "AssignString", "path": ["cls_summary", "all_params", "rf__max_samples"], "value": "None"}, "version": 21, "at": 1708184765.2888901}
{"obj": {"type": "AssignFloat", "path": ["cls_summary", "all_params", "rf__min_impurity_decrease"], "value": 0.0}, "version": 22, "at": 1708184765.289265}
{"obj": {"type": "AssignInt", "path": ["cls_summary", "all_params", "rf__min_samples_leaf"], "value": 1}, "version": 23, "at": 1708184765.289357}
{"obj": {"type": "AssignInt", "path": ["cls_summary", "all_params", "rf__min_samples_split"], "value": 5}, "version": 24, "at": 1708184765.2894258}
{"obj": {"type": "AssignFloat", "path": ["cls_summary", "all_params", "rf__min_weight_fraction_leaf"], "value": 0.0}, "version": 25, "at": 1708184765.289491}
{"obj": {"type": "AssignInt", "path": ["cls_summary", "all_params", "rf__n_estimators"], "value": 300}, "version": 26, "at": 1708184765.289553}
{"obj": {"type": "AssignString", "path": ["cls_summary", "all_params", "rf__n_jobs"], "value": "None"}, "version": 27, "at": 1708184765.2896261}
{"obj": {"type": "AssignBool", "path": ["cls_summary", "all_params", "rf__oob_score"], "value": false}, "version": 28, "at": 1708184765.28969}
{"obj": {"type": "AssignInt", "path": ["cls_summary", "all_params", "rf__random_state"], "value": 8}, "version": 29, "at": 1708184765.289962}
{"obj": {"type": "AssignInt", "path": ["cls_summary", "all_params", "rf__verbose"], "value": 0}, "version": 30, "at": 1708184765.290069}
{"obj": {"type": "AssignBool", "path": ["cls_summary", "all_params", "rf__warm_start"], "value": false}, "version": 31, "at": 1708184765.290136}
{"obj": {"type": "UploadFile", "path": ["cls_summary", "pickled_model"], "ext": "pkl", "file_path": null, "tmp_file_name": "cls_summary_pickled_model-1708184765.290207-2024-02-17_10.46.05.290207.pkl", "clean_after_upload": false}, "version": 32, "at": 1708184765.295815}
{"obj": {"type": "UploadFile", "path": ["cls_summary", "test", "preds"], "ext": "html", "file_path": null, "tmp_file_name": "cls_summary_test_preds-1708184765.296059-2024-02-17_10.46.05.296059.html", "clean_after_upload": false}, "version": 33, "at": 1708184765.29676}
{"obj": {"type": "UploadFile", "path": ["cls_summary", "test", "preds_proba"], "ext": "html", "file_path": null, "tmp_file_name": "cls_summary_test_preds_proba-1708184765.297046-2024-02-17_10.46.05.297046.html", "clean_after_upload": false}, "version": 34, "at": 1708184765.297354}
{"obj": {"type": "AssignFloat", "path": ["cls_summary", "test", "scores", "class_0", "precision"], "value": 0.8930885529157667}, "version": 35, "at": 1708184765.297554}
{"obj": {"type": "AssignFloat", "path": ["cls_summary", "test", "scores", "class_0", "recall"], "value": 0.6846026490066225}, "version": 36, "at": 1708184765.297626}
{"obj": {"type": "AssignFloat", "path": ["cls_summary", "test", "scores", "class_0", "fbeta_score"], "value": 0.775070290534208}, "version": 37, "at": 1708184765.297688}
{"obj": {"type": "AssignFloat", "path": ["cls_summary", "test", "scores", "class_0", "support"], "value": 1208.0}, "version": 38, "at": 1708184765.29775}
{"obj": {"type": "AssignFloat", "path": ["cls_summary", "test", "scores", "class_1", "precision"], "value": 0.16812227074235808}, "version": 39, "at": 1708184765.297837}
{"obj": {"type": "AssignFloat", "path": ["cls_summary", "test", "scores", "class_1", "recall"], "value": 0.4375}, "version": 40, "at": 1708184765.2978969}
{"obj": {"type": "AssignFloat", "path": ["cls_summary", "test", "scores", "class_1", "fbeta_score"], "value": 0.24290220820189273}, "version": 41, "at": 1708184765.297955}
{"obj": {"type": "AssignFloat", "path": ["cls_summary", "test", "scores", "class_1", "support"], "value": 176.0}, "version": 42, "at": 1708184765.298014}
{"obj": {"type": "UploadFile", "path": ["cls_summary", "diagnostics_charts", "classification_report"], "ext": "png", "file_path": null, "tmp_file_name": "cls_summary_diagnostics_charts_classification_report-1708184765.2981-2024-02-17_10.46.05.298100.png", "clean_after_upload": false}, "version": 43, "at": 1708184765.2983282}
{"obj": {"type": "UploadFile", "path": ["cls_summary", "diagnostics_charts", "confusion_matrix"], "ext": "png", "file_path": null, "tmp_file_name": "cls_summary_diagnostics_charts_confusion_matrix-1708184765.298404-2024-02-17_10.46.05.298404.png", "clean_after_upload": false}, "version": 44, "at": 1708184765.298604}
{"obj": {"type": "UploadFile", "path": ["cls_summary", "diagnostics_charts", "ROC_AUC"], "ext": "png", "file_path": null, "tmp_file_name": "cls_summary_diagnostics_charts_ROC_AUC-1708184765.298693-2024-02-17_10.46.05.298693.png", "clean_after_upload": false}, "version": 45, "at": 1708184765.2989361}
{"obj": {"type": "UploadFile", "path": ["cls_summary", "diagnostics_charts", "precision_recall"], "ext": "png", "file_path": null, "tmp_file_name": "cls_summary_diagnostics_charts_precision_recall-1708184765.299017-2024-02-17_10.46.05.299017.png", "clean_after_upload": false}, "version": 46, "at": 1708184765.299253}
{"obj": {"type": "UploadFile", "path": ["cls_summary", "diagnostics_charts", "class_prediction_error"], "ext": "png", "file_path": null, "tmp_file_name": "cls_summary_diagnostics_charts_class_prediction_error-1708184765.299324-2024-02-17_10.46.05.299324.png", "clean_after_upload": false}, "version": 47, "at": 1708184765.2995572}
{"obj": {"type": "AssignString", "path": ["cls_summary", "integration", "about", "neptune-sklearn"], "value": "2.1.0"}, "version": 48, "at": 1708184765.299653}
{"obj": {"type": "AssignInt", "path": ["params", "rf__min_samples_split"], "value": 5}, "version": 49, "at": 1708184765.300382}
{"obj": {"type": "AssignInt", "path": ["params", "rf__n_estimators"], "value": 300}, "version": 50, "at": 1708184765.300462}
{"obj": {"type": "UploadFile", "path": ["roc_curve"], "ext": "png", "file_path": "/Users/shehjarsadhu/Desktop/UniversityOfRhodeIsland/Graduate/WBL/Project_Q2Behave/GitQ2Bheave/q2behave_data_analysis/jupyternotebooks/roc_curve_class.png", "tmp_file_name": null, "clean_after_upload": false}, "version": 51, "at": 1708184774.112703}
{"obj": {"type": "AssignFloat", "path": ["precision"], "value": 0.8008963089399576}, "version": 52, "at": 1708184774.277983}
{"obj": {"type": "AssignFloat", "path": ["recall"], "value": 0.653179190751445}, "version": 53, "at": 1708184774.278521}
{"obj": {"type": "AssignFloat", "path": ["f1_score"], "value": 0.7073957367116014}, "version": 54, "at": 1708184774.278733}
{"obj": {"type": "AssignFloat", "path": ["mean_train_accuracy"], "value": 0.9998972039473684}, "version": 55, "at": 1708184774.278825}
{"obj": {"type": "AssignFloat", "path": ["mean_test_accuracy"], "value": 0.7237600491661684}, "version": 56, "at": 1708184774.27897}
{"obj": {"type": "AssignFloat", "path": ["mean_sensitivity"], "value": 0.7467755947607592}, "version": 57, "at": 1708184774.279093}
