{"obj": {"type": "AssignString", "path": ["sys", "name"], "value": "2-Foldtest_size_0.2_RF"}, "version": 1, "at": 1712679203.2483351}
{"obj": {"type": "AssignString", "path": ["sys", "description"], "value": ""}, "version": 2, "at": 1712679203.248757}
{"obj": {"type": "AssignString", "path": ["monitoring", "59880398", "hostname"], "value": "156.4.20.172.s.wireless.uri.edu"}, "version": 3, "at": 1712679203.248945}
{"obj": {"type": "AssignString", "path": ["sys", "hostname"], "value": "156.4.20.172.s.wireless.uri.edu"}, "version": 4, "at": 1712679203.249085}
{"obj": {"type": "AssignString", "path": ["monitoring", "59880398", "pid"], "value": "34031"}, "version": 5, "at": 1712679203.2492318}
{"obj": {"type": "AssignString", "path": ["monitoring", "59880398", "tid"], "value": "140704351295040"}, "version": 6, "at": 1712679203.249473}
{"obj": {"type": "AssignBool", "path": ["sys", "failed"], "value": false}, "version": 7, "at": 1712679203.2496471}
{"obj": {"type": "AssignString", "path": ["pid"], "value": "None"}, "version": 8, "at": 1712679203.2611918}
{"obj": {"type": "UploadFile", "path": ["data", "feature_table"], "ext": "html", "file_path": null, "tmp_file_name": "data_feature_table-1712679223.678965-2024-04-09_12.13.43.678965.html", "clean_after_upload": false}, "version": 9, "at": 1712679223.696655}
{"obj": {"type": "AssignString", "path": ["original"], "value": "type\n0    29981\n1     1541\nName: count, dtype: int64"}, "version": 10, "at": 1712679223.701511}
{"obj": {"type": "AssignString", "path": ["train_samples_undersampled"], "value": "type\n0    1541\n1    1541\nName: count, dtype: int64"}, "version": 11, "at": 1712679223.7019992}
{"obj": {"type": "AssignString", "path": ["test_samples_undersampled"], "value": "type\n0    309\n1    308\nName: count, dtype: int64"}, "version": 12, "at": 1712679223.70238}
{"obj": {"type": "AssignString", "path": ["tag"], "value": "Clus"}, "version": 13, "at": 1712679223.702451}
{"obj": {"type": "UploadFile", "path": ["data", "test_data"], "ext": "html", "file_path": null, "tmp_file_name": "data_test_data-1712679242.952313-2024-04-09_12.14.02.952313.html", "clean_after_upload": false}, "version": 14, "at": 1712679242.9538891}
{"obj": {"type": "AssignString", "path": ["cls_summary", "all_params", "memory"], "value": "None"}, "version": 15, "at": 1712679243.824594}
{"obj": {"type": "AssignString", "path": ["cls_summary", "all_params", "steps"], "value": "[('rf', RandomForestClassifier(random_state=8))]"}, "version": 16, "at": 1712679243.825012}
{"obj": {"type": "AssignBool", "path": ["cls_summary", "all_params", "verbose"], "value": false}, "version": 17, "at": 1712679243.8251}
{"obj": {"type": "AssignString", "path": ["cls_summary", "all_params", "rf"], "value": "RandomForestClassifier(random_state=8)"}, "version": 18, "at": 1712679243.825332}
{"obj": {"type": "AssignBool", "path": ["cls_summary", "all_params", "rf__bootstrap"], "value": true}, "version": 19, "at": 1712679243.825418}
{"obj": {"type": "AssignFloat", "path": ["cls_summary", "all_params", "rf__ccp_alpha"], "value": 0.0}, "version": 20, "at": 1712679243.825483}
{"obj": {"type": "AssignString", "path": ["cls_summary", "all_params", "rf__class_weight"], "value": "None"}, "version": 21, "at": 1712679243.825552}
{"obj": {"type": "AssignString", "path": ["cls_summary", "all_params", "rf__criterion"], "value": "gini"}, "version": 22, "at": 1712679243.825612}
{"obj": {"type": "AssignString", "path": ["cls_summary", "all_params", "rf__max_depth"], "value": "None"}, "version": 23, "at": 1712679243.825675}
{"obj": {"type": "AssignString", "path": ["cls_summary", "all_params", "rf__max_features"], "value": "sqrt"}, "version": 24, "at": 1712679243.825732}
{"obj": {"type": "AssignString", "path": ["cls_summary", "all_params", "rf__max_leaf_nodes"], "value": "None"}, "version": 25, "at": 1712679243.825792}
{"obj": {"type": "AssignString", "path": ["cls_summary", "all_params", "rf__max_samples"], "value": "None"}, "version": 26, "at": 1712679243.825852}
{"obj": {"type": "AssignFloat", "path": ["cls_summary", "all_params", "rf__min_impurity_decrease"], "value": 0.0}, "version": 27, "at": 1712679243.825907}
{"obj": {"type": "AssignInt", "path": ["cls_summary", "all_params", "rf__min_samples_leaf"], "value": 1}, "version": 28, "at": 1712679243.825967}
{"obj": {"type": "AssignInt", "path": ["cls_summary", "all_params", "rf__min_samples_split"], "value": 2}, "version": 29, "at": 1712679243.8260212}
{"obj": {"type": "AssignFloat", "path": ["cls_summary", "all_params", "rf__min_weight_fraction_leaf"], "value": 0.0}, "version": 30, "at": 1712679243.8260748}
{"obj": {"type": "AssignInt", "path": ["cls_summary", "all_params", "rf__n_estimators"], "value": 100}, "version": 31, "at": 1712679243.826129}
{"obj": {"type": "AssignString", "path": ["cls_summary", "all_params", "rf__n_jobs"], "value": "None"}, "version": 32, "at": 1712679243.826189}
{"obj": {"type": "AssignBool", "path": ["cls_summary", "all_params", "rf__oob_score"], "value": false}, "version": 33, "at": 1712679243.826244}
{"obj": {"type": "AssignInt", "path": ["cls_summary", "all_params", "rf__random_state"], "value": 8}, "version": 34, "at": 1712679243.826296}
{"obj": {"type": "AssignInt", "path": ["cls_summary", "all_params", "rf__verbose"], "value": 0}, "version": 35, "at": 1712679243.826347}
{"obj": {"type": "AssignBool", "path": ["cls_summary", "all_params", "rf__warm_start"], "value": false}, "version": 36, "at": 1712679243.8264}
{"obj": {"type": "UploadFile", "path": ["cls_summary", "pickled_model"], "ext": "pkl", "file_path": null, "tmp_file_name": "cls_summary_pickled_model-1712679243.826461-2024-04-09_12.14.03.826461.pkl", "clean_after_upload": false}, "version": 37, "at": 1712679243.829814}
{"obj": {"type": "UploadFile", "path": ["cls_summary", "test", "preds"], "ext": "html", "file_path": null, "tmp_file_name": "cls_summary_test_preds-1712679243.83006-2024-04-09_12.14.03.830060.html", "clean_after_upload": false}, "version": 38, "at": 1712679243.830454}
{"obj": {"type": "UploadFile", "path": ["cls_summary", "test", "preds_proba"], "ext": "html", "file_path": null, "tmp_file_name": "cls_summary_test_preds_proba-1712679243.830611-2024-04-09_12.14.03.830611.html", "clean_after_upload": false}, "version": 39, "at": 1712679243.830952}
{"obj": {"type": "AssignFloat", "path": ["cls_summary", "test", "scores", "class_0", "precision"], "value": 0.9300911854103343}, "version": 40, "at": 1712679243.8311439}
{"obj": {"type": "AssignFloat", "path": ["cls_summary", "test", "scores", "class_0", "recall"], "value": 0.9902912621359223}, "version": 41, "at": 1712679243.831212}
{"obj": {"type": "AssignFloat", "path": ["cls_summary", "test", "scores", "class_0", "fbeta_score"], "value": 0.9592476489028213}, "version": 42, "at": 1712679243.831271}
{"obj": {"type": "AssignFloat", "path": ["cls_summary", "test", "scores", "class_0", "support"], "value": 309.0}, "version": 43, "at": 1712679243.8313322}
{"obj": {"type": "AssignFloat", "path": ["cls_summary", "test", "scores", "class_1", "precision"], "value": 0.9895833333333334}, "version": 44, "at": 1712679243.831418}
{"obj": {"type": "AssignFloat", "path": ["cls_summary", "test", "scores", "class_1", "recall"], "value": 0.9253246753246753}, "version": 45, "at": 1712679243.831476}
{"obj": {"type": "AssignFloat", "path": ["cls_summary", "test", "scores", "class_1", "fbeta_score"], "value": 0.9563758389261745}, "version": 46, "at": 1712679243.831532}
{"obj": {"type": "AssignFloat", "path": ["cls_summary", "test", "scores", "class_1", "support"], "value": 308.0}, "version": 47, "at": 1712679243.8315892}
{"obj": {"type": "UploadFile", "path": ["cls_summary", "diagnostics_charts", "classification_report"], "ext": "png", "file_path": null, "tmp_file_name": "cls_summary_diagnostics_charts_classification_report-1712679243.831673-2024-04-09_12.14.03.831673.png", "clean_after_upload": false}, "version": 48, "at": 1712679243.831879}
{"obj": {"type": "UploadFile", "path": ["cls_summary", "diagnostics_charts", "confusion_matrix"], "ext": "png", "file_path": null, "tmp_file_name": "cls_summary_diagnostics_charts_confusion_matrix-1712679243.831987-2024-04-09_12.14.03.831987.png", "clean_after_upload": false}, "version": 49, "at": 1712679243.832363}
{"obj": {"type": "UploadFile", "path": ["cls_summary", "diagnostics_charts", "ROC_AUC"], "ext": "png", "file_path": null, "tmp_file_name": "cls_summary_diagnostics_charts_ROC_AUC-1712679243.832505-2024-04-09_12.14.03.832505.png", "clean_after_upload": false}, "version": 50, "at": 1712679243.8327522}
{"obj": {"type": "UploadFile", "path": ["cls_summary", "diagnostics_charts", "precision_recall"], "ext": "png", "file_path": null, "tmp_file_name": "cls_summary_diagnostics_charts_precision_recall-1712679243.83283-2024-04-09_12.14.03.832830.png", "clean_after_upload": false}, "version": 51, "at": 1712679243.833118}
{"obj": {"type": "UploadFile", "path": ["cls_summary", "diagnostics_charts", "class_prediction_error"], "ext": "png", "file_path": null, "tmp_file_name": "cls_summary_diagnostics_charts_class_prediction_error-1712679243.833192-2024-04-09_12.14.03.833192.png", "clean_after_upload": false}, "version": 52, "at": 1712679243.8333719}
{"obj": {"type": "AssignString", "path": ["cls_summary", "integration", "about", "neptune-sklearn"], "value": "2.1.0"}, "version": 53, "at": 1712679243.833478}
{"obj": {"type": "AssignInt", "path": ["params", "rf__min_samples_split"], "value": 2}, "version": 54, "at": 1712679243.8363001}
{"obj": {"type": "AssignInt", "path": ["params", "rf__n_estimators"], "value": 100}, "version": 55, "at": 1712679243.836436}
{"obj": {"type": "UploadFile", "path": ["data", "feature_importance"], "ext": "html", "file_path": null, "tmp_file_name": "data_feature_importance-1712679288.415258-2024-04-09_12.14.48.415258.html", "clean_after_upload": false}, "version": 56, "at": 1712679288.4157062}
{"obj": {"type": "UploadFile", "path": ["feature_importance"], "ext": "png", "file_path": "/Users/shehjarsadhu/Desktop/UniversityOfRhodeIsland/Graduate/WBL/Project_Q2Behave/GitQ2Bheave/q2behave_data_analysis/jupyternotebooks/ML_Toolbox/feature_importance.png", "tmp_file_name": null, "clean_after_upload": false}, "version": 57, "at": 1712679288.493456}
{"obj": {"type": "UploadFile", "path": ["roc_curve"], "ext": "png", "file_path": "/Users/shehjarsadhu/Desktop/UniversityOfRhodeIsland/Graduate/WBL/Project_Q2Behave/GitQ2Bheave/q2behave_data_analysis/jupyternotebooks/ML_Toolbox/roc_curve_class.png", "tmp_file_name": null, "clean_after_upload": false}, "version": 58, "at": 1712679288.605577}
{"obj": {"type": "AssignFloat", "path": ["precision"], "value": 0.9597890485550404}, "version": 59, "at": 1712679288.809589}
{"obj": {"type": "AssignFloat", "path": ["recall"], "value": 0.9578606158833063}, "version": 60, "at": 1712679288.810209}
{"obj": {"type": "AssignFloat", "path": ["f1_score"], "value": 0.9578140711511078}, "version": 61, "at": 1712679288.8103402}
{"obj": {"type": "AssignFloat", "path": ["mean_train_accuracy"], "value": 0.9987021414665802}, "version": 62, "at": 1712679288.8104162}
{"obj": {"type": "AssignFloat", "path": ["mean_test_accuracy"], "value": 0.935756002595717}, "version": 63, "at": 1712679288.810485}
{"obj": {"type": "AssignFloat", "path": ["mean_sensitivity"], "value": 0.9104443546077787}, "version": 64, "at": 1712679288.810553}
