{"obj": {"type": "AssignString", "path": ["sys", "name"], "value": "2-Foldtest_size_0.2_RF"}, "version": 1, "at": 1712940784.664172}
{"obj": {"type": "AssignString", "path": ["sys", "description"], "value": ""}, "version": 2, "at": 1712940784.664725}
{"obj": {"type": "AssignString", "path": ["monitoring", "755f46bd", "hostname"], "value": "156.4.20.172.s.wireless.uri.edu"}, "version": 3, "at": 1712940784.664952}
{"obj": {"type": "AssignString", "path": ["sys", "hostname"], "value": "156.4.20.172.s.wireless.uri.edu"}, "version": 4, "at": 1712940784.665121}
{"obj": {"type": "AssignString", "path": ["monitoring", "755f46bd", "pid"], "value": "77864"}, "version": 5, "at": 1712940784.66528}
{"obj": {"type": "AssignString", "path": ["monitoring", "755f46bd", "tid"], "value": "140704433595968"}, "version": 6, "at": 1712940784.66543}
{"obj": {"type": "AssignBool", "path": ["sys", "failed"], "value": false}, "version": 7, "at": 1712940784.665578}
{"obj": {"type": "AssignString", "path": ["pid"], "value": "none"}, "version": 8, "at": 1712940784.679754}
{"obj": {"type": "UploadFile", "path": ["data", "feature_table"], "ext": "html", "file_path": null, "tmp_file_name": "data_feature_table-1712940801.237852-2024-04-12_12.53.21.237852.html", "clean_after_upload": false}, "version": 9, "at": 1712940801.295935}
{"obj": {"type": "AssignString", "path": ["original"], "value": "type\n0    29981\n1     5543\nName: count, dtype: int64"}, "version": 10, "at": 1712940801.303766}
{"obj": {"type": "AssignString", "path": ["train_samples_undersampled"], "value": "type\n0    5543\n1    5543\nName: count, dtype: int64"}, "version": 11, "at": 1712940801.304849}
{"obj": {"type": "AssignString", "path": ["test_samples_undersampled"], "value": "type\n1    1109\n0    1109\nName: count, dtype: int64"}, "version": 12, "at": 1712940801.305621}
{"obj": {"type": "AssignString", "path": ["tag"], "value": "Clus"}, "version": 13, "at": 1712940801.305761}
{"obj": {"type": "UploadFile", "path": ["data", "test_data"], "ext": "html", "file_path": null, "tmp_file_name": "data_test_data-1712940886.609537-2024-04-12_12.54.46.609537.html", "clean_after_upload": false}, "version": 14, "at": 1712940886.614847}
{"obj": {"type": "AssignString", "path": ["cls"], "value": "RandomForest"}, "version": 15, "at": 1712940886.6157749}
{"obj": {"type": "AssignString", "path": ["cls_summary", "all_params", "memory"], "value": "None"}, "version": 16, "at": 1712940888.205546}
{"obj": {"type": "AssignString", "path": ["cls_summary", "all_params", "steps"], "value": "[('rf', RandomForestClassifier(n_estimators=200, random_state=8))]"}, "version": 17, "at": 1712940888.207503}
{"obj": {"type": "AssignBool", "path": ["cls_summary", "all_params", "verbose"], "value": false}, "version": 18, "at": 1712940888.2077801}
{"obj": {"type": "AssignString", "path": ["cls_summary", "all_params", "rf"], "value": "RandomForestClassifier(n_estimators=200, random_state=8)"}, "version": 19, "at": 1712940888.208229}
{"obj": {"type": "AssignBool", "path": ["cls_summary", "all_params", "rf__bootstrap"], "value": true}, "version": 20, "at": 1712940888.208312}
{"obj": {"type": "AssignFloat", "path": ["cls_summary", "all_params", "rf__ccp_alpha"], "value": 0.0}, "version": 21, "at": 1712940888.208395}
{"obj": {"type": "AssignString", "path": ["cls_summary", "all_params", "rf__class_weight"], "value": "None"}, "version": 22, "at": 1712940888.208471}
{"obj": {"type": "AssignString", "path": ["cls_summary", "all_params", "rf__criterion"], "value": "gini"}, "version": 23, "at": 1712940888.208533}
{"obj": {"type": "AssignString", "path": ["cls_summary", "all_params", "rf__max_depth"], "value": "None"}, "version": 24, "at": 1712940888.208598}
{"obj": {"type": "AssignString", "path": ["cls_summary", "all_params", "rf__max_features"], "value": "sqrt"}, "version": 25, "at": 1712940888.208659}
{"obj": {"type": "AssignString", "path": ["cls_summary", "all_params", "rf__max_leaf_nodes"], "value": "None"}, "version": 26, "at": 1712940888.2087219}
{"obj": {"type": "AssignString", "path": ["cls_summary", "all_params", "rf__max_samples"], "value": "None"}, "version": 27, "at": 1712940888.2087848}
{"obj": {"type": "AssignFloat", "path": ["cls_summary", "all_params", "rf__min_impurity_decrease"], "value": 0.0}, "version": 28, "at": 1712940888.208843}
{"obj": {"type": "AssignInt", "path": ["cls_summary", "all_params", "rf__min_samples_leaf"], "value": 1}, "version": 29, "at": 1712940888.208918}
{"obj": {"type": "AssignInt", "path": ["cls_summary", "all_params", "rf__min_samples_split"], "value": 2}, "version": 30, "at": 1712940888.208977}
{"obj": {"type": "AssignFloat", "path": ["cls_summary", "all_params", "rf__min_weight_fraction_leaf"], "value": 0.0}, "version": 31, "at": 1712940888.209035}
{"obj": {"type": "AssignInt", "path": ["cls_summary", "all_params", "rf__n_estimators"], "value": 200}, "version": 32, "at": 1712940888.2090912}
{"obj": {"type": "AssignString", "path": ["cls_summary", "all_params", "rf__n_jobs"], "value": "None"}, "version": 33, "at": 1712940888.209152}
{"obj": {"type": "AssignBool", "path": ["cls_summary", "all_params", "rf__oob_score"], "value": false}, "version": 34, "at": 1712940888.209208}
{"obj": {"type": "AssignInt", "path": ["cls_summary", "all_params", "rf__random_state"], "value": 8}, "version": 35, "at": 1712940888.209265}
{"obj": {"type": "AssignInt", "path": ["cls_summary", "all_params", "rf__verbose"], "value": 0}, "version": 36, "at": 1712940888.2093189}
{"obj": {"type": "AssignBool", "path": ["cls_summary", "all_params", "rf__warm_start"], "value": false}, "version": 37, "at": 1712940888.209374}
{"obj": {"type": "UploadFile", "path": ["cls_summary", "pickled_model"], "ext": "pkl", "file_path": null, "tmp_file_name": "cls_summary_pickled_model-1712940888.209453-2024-04-12_12.54.48.209453.pkl", "clean_after_upload": false}, "version": 38, "at": 1712940888.232036}
{"obj": {"type": "UploadFile", "path": ["cls_summary", "test", "preds"], "ext": "html", "file_path": null, "tmp_file_name": "cls_summary_test_preds-1712940888.23228-2024-04-12_12.54.48.232280.html", "clean_after_upload": false}, "version": 39, "at": 1712940888.232617}
{"obj": {"type": "UploadFile", "path": ["cls_summary", "test", "preds_proba"], "ext": "html", "file_path": null, "tmp_file_name": "cls_summary_test_preds_proba-1712940888.232701-2024-04-12_12.54.48.232701.html", "clean_after_upload": false}, "version": 40, "at": 1712940888.2329311}
{"obj": {"type": "AssignFloat", "path": ["cls_summary", "test", "scores", "class_0", "precision"], "value": 0.8591772151898734}, "version": 41, "at": 1712940888.233089}
{"obj": {"type": "AssignFloat", "path": ["cls_summary", "test", "scores", "class_0", "recall"], "value": 0.9792605951307484}, "version": 42, "at": 1712940888.233161}
{"obj": {"type": "AssignFloat", "path": ["cls_summary", "test", "scores", "class_0", "fbeta_score"], "value": 0.9152970922882427}, "version": 43, "at": 1712940888.233221}
{"obj": {"type": "AssignFloat", "path": ["cls_summary", "test", "scores", "class_0", "support"], "value": 1109.0}, "version": 44, "at": 1712940888.233286}
{"obj": {"type": "AssignFloat", "path": ["cls_summary", "test", "scores", "class_1", "precision"], "value": 0.9758909853249476}, "version": 45, "at": 1712940888.233394}
{"obj": {"type": "AssignFloat", "path": ["cls_summary", "test", "scores", "class_1", "recall"], "value": 0.8394950405770965}, "version": 46, "at": 1712940888.233461}
{"obj": {"type": "AssignFloat", "path": ["cls_summary", "test", "scores", "class_1", "fbeta_score"], "value": 0.902569074163839}, "version": 47, "at": 1712940888.233522}
{"obj": {"type": "AssignFloat", "path": ["cls_summary", "test", "scores", "class_1", "support"], "value": 1109.0}, "version": 48, "at": 1712940888.23358}
{"obj": {"type": "UploadFile", "path": ["cls_summary", "diagnostics_charts", "classification_report"], "ext": "png", "file_path": null, "tmp_file_name": "cls_summary_diagnostics_charts_classification_report-1712940888.233664-2024-04-12_12.54.48.233664.png", "clean_after_upload": false}, "version": 49, "at": 1712940888.233875}
{"obj": {"type": "UploadFile", "path": ["cls_summary", "diagnostics_charts", "confusion_matrix"], "ext": "png", "file_path": null, "tmp_file_name": "cls_summary_diagnostics_charts_confusion_matrix-1712940888.233947-2024-04-12_12.54.48.233947.png", "clean_after_upload": false}, "version": 50, "at": 1712940888.234127}
{"obj": {"type": "UploadFile", "path": ["cls_summary", "diagnostics_charts", "ROC_AUC"], "ext": "png", "file_path": null, "tmp_file_name": "cls_summary_diagnostics_charts_ROC_AUC-1712940888.234203-2024-04-12_12.54.48.234203.png", "clean_after_upload": false}, "version": 51, "at": 1712940888.234415}
{"obj": {"type": "UploadFile", "path": ["cls_summary", "diagnostics_charts", "precision_recall"], "ext": "png", "file_path": null, "tmp_file_name": "cls_summary_diagnostics_charts_precision_recall-1712940888.23452-2024-04-12_12.54.48.234520.png", "clean_after_upload": false}, "version": 52, "at": 1712940888.234793}
{"obj": {"type": "UploadFile", "path": ["cls_summary", "diagnostics_charts", "class_prediction_error"], "ext": "png", "file_path": null, "tmp_file_name": "cls_summary_diagnostics_charts_class_prediction_error-1712940888.234895-2024-04-12_12.54.48.234895.png", "clean_after_upload": false}, "version": 53, "at": 1712940888.2350988}
{"obj": {"type": "AssignString", "path": ["cls_summary", "integration", "about", "neptune-sklearn"], "value": "2.1.0"}, "version": 54, "at": 1712940888.2352052}
{"obj": {"type": "AssignInt", "path": ["params", "rf__min_samples_split"], "value": 2}, "version": 55, "at": 1712940888.240344}
{"obj": {"type": "AssignInt", "path": ["params", "rf__n_estimators"], "value": 200}, "version": 56, "at": 1712940888.2408571}
{"obj": {"type": "AssignString", "path": ["loss"], "value": "0.09695671776375114"}, "version": 57, "at": 1712942707.464175}
{"obj": {"type": "AssignFloat", "path": ["bias"], "value": 0.09738503155996393}, "version": 58, "at": 1712942707.466039}
{"obj": {"type": "AssignFloat", "path": ["variance"], "value": 0.03101893597835888}, "version": 59, "at": 1712942707.466423}
{"obj": {"type": "UploadFile", "path": ["data", "feature_importance"], "ext": "html", "file_path": null, "tmp_file_name": "data_feature_importance-1712943015.241416-2024-04-12_13.30.15.241416.html", "clean_after_upload": false}, "version": 60, "at": 1712943015.2418618}
{"obj": {"type": "UploadFile", "path": ["feature_importance"], "ext": "png", "file_path": "/Users/shehjarsadhu/Desktop/UniversityOfRhodeIsland/Graduate/WBL/Project_Q2Behave/GitQ2Bheave/q2behave_data_analysis/jupyternotebooks/ML_Toolbox/feature_importance.png", "tmp_file_name": null, "clean_after_upload": false}, "version": 61, "at": 1712943015.3366039}
{"obj": {"type": "UploadFile", "path": ["roc_curve"], "ext": "png", "file_path": "/Users/shehjarsadhu/Desktop/UniversityOfRhodeIsland/Graduate/WBL/Project_Q2Behave/GitQ2Bheave/q2behave_data_analysis/jupyternotebooks/ML_Toolbox/roc_curve_class.png", "tmp_file_name": null, "clean_after_upload": false}, "version": 62, "at": 1712943015.441529}
{"obj": {"type": "AssignFloat", "path": ["precision"], "value": 0.9175341002574106}, "version": 63, "at": 1712943015.6319702}
{"obj": {"type": "AssignFloat", "path": ["recall"], "value": 0.9093778178539225}, "version": 64, "at": 1712943015.632586}
{"obj": {"type": "AssignFloat", "path": ["f1_score"], "value": 0.9089330832260409}, "version": 65, "at": 1712943015.632679}
{"obj": {"type": "AssignFloat", "path": ["mean_train_accuracy"], "value": 0.9974742918996933}, "version": 66, "at": 1712943015.632755}
{"obj": {"type": "AssignFloat", "path": ["mean_test_accuracy"], "value": 0.8811113115641349}, "version": 67, "at": 1712943015.632822}
{"obj": {"type": "AssignFloat", "path": ["mean_sensitivity"], "value": 0.800468663018284}, "version": 68, "at": 1712943015.632891}
