{"obj": {"type": "AssignString", "path": ["sys", "name"], "value": "2-Foldtest_size_0.2_RF"}, "version": 1, "at": 1712714457.975599}
{"obj": {"type": "AssignString", "path": ["sys", "description"], "value": ""}, "version": 2, "at": 1712714457.97597}
{"obj": {"type": "AssignString", "path": ["monitoring", "b1279506", "hostname"], "value": "156.4.20.172.s.wireless.uri.edu"}, "version": 3, "at": 1712714457.97617}
{"obj": {"type": "AssignString", "path": ["sys", "hostname"], "value": "156.4.20.172.s.wireless.uri.edu"}, "version": 4, "at": 1712714457.976393}
{"obj": {"type": "AssignString", "path": ["monitoring", "b1279506", "pid"], "value": "65268"}, "version": 5, "at": 1712714457.976535}
{"obj": {"type": "AssignString", "path": ["monitoring", "b1279506", "tid"], "value": "140704351295040"}, "version": 6, "at": 1712714457.976685}
{"obj": {"type": "AssignBool", "path": ["sys", "failed"], "value": false}, "version": 7, "at": 1712714457.97689}
{"obj": {"type": "AssignString", "path": ["pid"], "value": "None"}, "version": 8, "at": 1712714457.989596}
{"obj": {"type": "UploadFile", "path": ["data", "feature_table"], "ext": "html", "file_path": null, "tmp_file_name": "data_feature_table-1712714485.697932-2024-04-09_22.01.25.697932.html", "clean_after_upload": false}, "version": 9, "at": 1712714485.744385}
{"obj": {"type": "AssignString", "path": ["original"], "value": "type\n0    29980\n1     5543\nName: count, dtype: int64"}, "version": 10, "at": 1712714485.74932}
{"obj": {"type": "AssignString", "path": ["train_samples_undersampled"], "value": "type\n0    5543\n1    5543\nName: count, dtype: int64"}, "version": 11, "at": 1712714485.750304}
{"obj": {"type": "AssignString", "path": ["test_samples_undersampled"], "value": "type\n0    1109\n1    1109\nName: count, dtype: int64"}, "version": 12, "at": 1712714485.751243}
{"obj": {"type": "AssignString", "path": ["tag"], "value": "Clus"}, "version": 13, "at": 1712714485.7514591}
{"obj": {"type": "UploadFile", "path": ["data", "test_data"], "ext": "html", "file_path": null, "tmp_file_name": "data_test_data-1712714673.851098-2024-04-09_22.04.33.851098.html", "clean_after_upload": false}, "version": 14, "at": 1712714673.854974}
{"obj": {"type": "AssignString", "path": ["cls_summary", "all_params", "memory"], "value": "None"}, "version": 15, "at": 1712714675.467475}
{"obj": {"type": "AssignString", "path": ["cls_summary", "all_params", "steps"], "value": "[('rf', RandomForestClassifier(n_estimators=200, random_state=8))]"}, "version": 16, "at": 1712714675.46793}
{"obj": {"type": "AssignBool", "path": ["cls_summary", "all_params", "verbose"], "value": false}, "version": 17, "at": 1712714675.468029}
{"obj": {"type": "AssignString", "path": ["cls_summary", "all_params", "rf"], "value": "RandomForestClassifier(n_estimators=200, random_state=8)"}, "version": 18, "at": 1712714675.468269}
{"obj": {"type": "AssignBool", "path": ["cls_summary", "all_params", "rf__bootstrap"], "value": true}, "version": 19, "at": 1712714675.468339}
{"obj": {"type": "AssignFloat", "path": ["cls_summary", "all_params", "rf__ccp_alpha"], "value": 0.0}, "version": 20, "at": 1712714675.46842}
{"obj": {"type": "AssignString", "path": ["cls_summary", "all_params", "rf__class_weight"], "value": "None"}, "version": 21, "at": 1712714675.468493}
{"obj": {"type": "AssignString", "path": ["cls_summary", "all_params", "rf__criterion"], "value": "gini"}, "version": 22, "at": 1712714675.468556}
{"obj": {"type": "AssignString", "path": ["cls_summary", "all_params", "rf__max_depth"], "value": "None"}, "version": 23, "at": 1712714675.468619}
{"obj": {"type": "AssignString", "path": ["cls_summary", "all_params", "rf__max_features"], "value": "sqrt"}, "version": 24, "at": 1712714675.468679}
{"obj": {"type": "AssignString", "path": ["cls_summary", "all_params", "rf__max_leaf_nodes"], "value": "None"}, "version": 25, "at": 1712714675.468742}
{"obj": {"type": "AssignString", "path": ["cls_summary", "all_params", "rf__max_samples"], "value": "None"}, "version": 26, "at": 1712714675.4688058}
{"obj": {"type": "AssignFloat", "path": ["cls_summary", "all_params", "rf__min_impurity_decrease"], "value": 0.0}, "version": 27, "at": 1712714675.4689322}
{"obj": {"type": "AssignInt", "path": ["cls_summary", "all_params", "rf__min_samples_leaf"], "value": 1}, "version": 28, "at": 1712714675.4690518}
{"obj": {"type": "AssignInt", "path": ["cls_summary", "all_params", "rf__min_samples_split"], "value": 2}, "version": 29, "at": 1712714675.4691288}
{"obj": {"type": "AssignFloat", "path": ["cls_summary", "all_params", "rf__min_weight_fraction_leaf"], "value": 0.0}, "version": 30, "at": 1712714675.4692008}
{"obj": {"type": "AssignInt", "path": ["cls_summary", "all_params", "rf__n_estimators"], "value": 200}, "version": 31, "at": 1712714675.469293}
{"obj": {"type": "AssignString", "path": ["cls_summary", "all_params", "rf__n_jobs"], "value": "None"}, "version": 32, "at": 1712714675.4694169}
{"obj": {"type": "AssignBool", "path": ["cls_summary", "all_params", "rf__oob_score"], "value": false}, "version": 33, "at": 1712714675.4695349}
{"obj": {"type": "AssignInt", "path": ["cls_summary", "all_params", "rf__random_state"], "value": 8}, "version": 34, "at": 1712714675.4696221}
{"obj": {"type": "AssignInt", "path": ["cls_summary", "all_params", "rf__verbose"], "value": 0}, "version": 35, "at": 1712714675.469717}
{"obj": {"type": "AssignBool", "path": ["cls_summary", "all_params", "rf__warm_start"], "value": false}, "version": 36, "at": 1712714675.4698188}
{"obj": {"type": "UploadFile", "path": ["cls_summary", "pickled_model"], "ext": "pkl", "file_path": null, "tmp_file_name": "cls_summary_pickled_model-1712714675.469893-2024-04-09_22.04.35.469893.pkl", "clean_after_upload": false}, "version": 37, "at": 1712714675.495109}
{"obj": {"type": "UploadFile", "path": ["cls_summary", "test", "preds"], "ext": "html", "file_path": null, "tmp_file_name": "cls_summary_test_preds-1712714675.4954-2024-04-09_22.04.35.495400.html", "clean_after_upload": false}, "version": 38, "at": 1712714675.495842}
{"obj": {"type": "UploadFile", "path": ["cls_summary", "test", "preds_proba"], "ext": "html", "file_path": null, "tmp_file_name": "cls_summary_test_preds_proba-1712714675.496003-2024-04-09_22.04.35.496003.html", "clean_after_upload": false}, "version": 39, "at": 1712714675.496424}
{"obj": {"type": "AssignFloat", "path": ["cls_summary", "test", "scores", "class_0", "precision"], "value": 0.7670623145400594}, "version": 40, "at": 1712714675.496673}
{"obj": {"type": "AssignFloat", "path": ["cls_summary", "test", "scores", "class_0", "recall"], "value": 0.4661857529305681}, "version": 41, "at": 1712714675.496758}
{"obj": {"type": "AssignFloat", "path": ["cls_summary", "test", "scores", "class_0", "fbeta_score"], "value": 0.5799214806505889}, "version": 42, "at": 1712714675.49682}
{"obj": {"type": "AssignFloat", "path": ["cls_summary", "test", "scores", "class_0", "support"], "value": 1109.0}, "version": 43, "at": 1712714675.4968839}
{"obj": {"type": "AssignFloat", "path": ["cls_summary", "test", "scores", "class_1", "precision"], "value": 0.616580310880829}, "version": 44, "at": 1712714675.4969769}
{"obj": {"type": "AssignFloat", "path": ["cls_summary", "test", "scores", "class_1", "recall"], "value": 0.8584310189359784}, "version": 45, "at": 1712714675.4970381}
{"obj": {"type": "AssignFloat", "path": ["cls_summary", "test", "scores", "class_1", "fbeta_score"], "value": 0.7176781002638521}, "version": 46, "at": 1712714675.4970958}
{"obj": {"type": "AssignFloat", "path": ["cls_summary", "test", "scores", "class_1", "support"], "value": 1109.0}, "version": 47, "at": 1712714675.497154}
{"obj": {"type": "UploadFile", "path": ["cls_summary", "diagnostics_charts", "classification_report"], "ext": "png", "file_path": null, "tmp_file_name": "cls_summary_diagnostics_charts_classification_report-1712714675.497248-2024-04-09_22.04.35.497248.png", "clean_after_upload": false}, "version": 48, "at": 1712714675.497577}
{"obj": {"type": "UploadFile", "path": ["cls_summary", "diagnostics_charts", "confusion_matrix"], "ext": "png", "file_path": null, "tmp_file_name": "cls_summary_diagnostics_charts_confusion_matrix-1712714675.497682-2024-04-09_22.04.35.497682.png", "clean_after_upload": false}, "version": 49, "at": 1712714675.497903}
{"obj": {"type": "UploadFile", "path": ["cls_summary", "diagnostics_charts", "ROC_AUC"], "ext": "png", "file_path": null, "tmp_file_name": "cls_summary_diagnostics_charts_ROC_AUC-1712714675.498058-2024-04-09_22.04.35.498058.png", "clean_after_upload": false}, "version": 50, "at": 1712714675.4985101}
{"obj": {"type": "UploadFile", "path": ["cls_summary", "diagnostics_charts", "precision_recall"], "ext": "png", "file_path": null, "tmp_file_name": "cls_summary_diagnostics_charts_precision_recall-1712714675.49865-2024-04-09_22.04.35.498650.png", "clean_after_upload": false}, "version": 51, "at": 1712714675.498899}
{"obj": {"type": "UploadFile", "path": ["cls_summary", "diagnostics_charts", "class_prediction_error"], "ext": "png", "file_path": null, "tmp_file_name": "cls_summary_diagnostics_charts_class_prediction_error-1712714675.498993-2024-04-09_22.04.35.498993.png", "clean_after_upload": false}, "version": 52, "at": 1712714675.499208}
{"obj": {"type": "AssignString", "path": ["cls_summary", "integration", "about", "neptune-sklearn"], "value": "2.1.0"}, "version": 53, "at": 1712714675.49933}
{"obj": {"type": "AssignInt", "path": ["params", "rf__min_samples_split"], "value": 2}, "version": 54, "at": 1712714675.50252}
{"obj": {"type": "AssignInt", "path": ["params", "rf__n_estimators"], "value": 200}, "version": 55, "at": 1712714675.502791}
{"obj": {"type": "UploadFile", "path": ["data", "feature_importance"], "ext": "html", "file_path": null, "tmp_file_name": "data_feature_importance-1712715039.282898-2024-04-09_22.10.39.282898.html", "clean_after_upload": false}, "version": 56, "at": 1712715039.283426}
{"obj": {"type": "UploadFile", "path": ["feature_importance"], "ext": "png", "file_path": "/Users/shehjarsadhu/Desktop/UniversityOfRhodeIsland/Graduate/WBL/Project_Q2Behave/GitQ2Bheave/q2behave_data_analysis/jupyternotebooks/ML_Toolbox/feature_importance.png", "tmp_file_name": null, "clean_after_upload": false}, "version": 57, "at": 1712715039.375024}
{"obj": {"type": "UploadFile", "path": ["roc_curve"], "ext": "png", "file_path": "/Users/shehjarsadhu/Desktop/UniversityOfRhodeIsland/Graduate/WBL/Project_Q2Behave/GitQ2Bheave/q2behave_data_analysis/jupyternotebooks/ML_Toolbox/roc_curve_class.png", "tmp_file_name": null, "clean_after_upload": false}, "version": 58, "at": 1712715039.495408}
{"obj": {"type": "AssignFloat", "path": ["precision"], "value": 0.6918213127104441}, "version": 59, "at": 1712715039.7448351}
{"obj": {"type": "AssignFloat", "path": ["recall"], "value": 0.6623083859332732}, "version": 60, "at": 1712715039.745383}
{"obj": {"type": "AssignFloat", "path": ["f1_score"], "value": 0.6487997904572206}, "version": 61, "at": 1712715039.745482}
{"obj": {"type": "AssignFloat", "path": ["mean_train_accuracy"], "value": 0.997023272596067}, "version": 62, "at": 1712715039.745565}
{"obj": {"type": "AssignFloat", "path": ["mean_test_accuracy"], "value": 0.8236514522821576}, "version": 63, "at": 1712715039.745642}
{"obj": {"type": "AssignFloat", "path": ["mean_sensitivity"], "value": 0.7838701756962312}, "version": 64, "at": 1712715039.745715}
