{"obj": {"type": "AssignString", "path": ["sys", "name"], "value": "3-Foldtest_size_0.2_RF"}, "version": 1, "at": 1711728887.065085}
{"obj": {"type": "AssignString", "path": ["sys", "description"], "value": ""}, "version": 2, "at": 1711728887.065453}
{"obj": {"type": "AssignString", "path": ["monitoring", "5ef6746e", "hostname"], "value": "156.4.20.172.s.wireless.uri.edu"}, "version": 3, "at": 1711728887.0656168}
{"obj": {"type": "AssignString", "path": ["sys", "hostname"], "value": "156.4.20.172.s.wireless.uri.edu"}, "version": 4, "at": 1711728887.065726}
{"obj": {"type": "AssignString", "path": ["monitoring", "5ef6746e", "pid"], "value": "1552"}, "version": 5, "at": 1711728887.065826}
{"obj": {"type": "AssignString", "path": ["monitoring", "5ef6746e", "tid"], "value": "140704281589312"}, "version": 6, "at": 1711728887.065921}
{"obj": {"type": "AssignBool", "path": ["sys", "failed"], "value": false}, "version": 7, "at": 1711728887.0659919}
{"obj": {"type": "UploadFile", "path": ["data", "feature_table"], "ext": "html", "file_path": null, "tmp_file_name": "data_feature_table-1711728889.495073-2024-03-29_12.14.49.495073.html", "clean_after_upload": false}, "version": 8, "at": 1711728889.508332}
{"obj": {"type": "UploadFile", "path": ["data", "test_data"], "ext": "html", "file_path": null, "tmp_file_name": "data_test_data-1711728915.576931-2024-03-29_12.15.15.576931.html", "clean_after_upload": false}, "version": 9, "at": 1711728915.577375}
{"obj": {"type": "AssignString", "path": ["cls_summary", "all_params", "memory"], "value": "None"}, "version": 10, "at": 1711728916.4439511}
{"obj": {"type": "AssignString", "path": ["cls_summary", "all_params", "steps"], "value": "[('rf', RandomForestClassifier(max_depth=10, min_samples_split=10, random_state=8))]"}, "version": 11, "at": 1711728916.444402}
{"obj": {"type": "AssignBool", "path": ["cls_summary", "all_params", "verbose"], "value": false}, "version": 12, "at": 1711728916.4444969}
{"obj": {"type": "AssignString", "path": ["cls_summary", "all_params", "rf"], "value": "RandomForestClassifier(max_depth=10, min_samples_split=10, random_state=8)"}, "version": 13, "at": 1711728916.444739}
{"obj": {"type": "AssignBool", "path": ["cls_summary", "all_params", "rf__bootstrap"], "value": true}, "version": 14, "at": 1711728916.444814}
{"obj": {"type": "AssignFloat", "path": ["cls_summary", "all_params", "rf__ccp_alpha"], "value": 0.0}, "version": 15, "at": 1711728916.4449122}
{"obj": {"type": "AssignString", "path": ["cls_summary", "all_params", "rf__class_weight"], "value": "None"}, "version": 16, "at": 1711728916.44501}
{"obj": {"type": "AssignString", "path": ["cls_summary", "all_params", "rf__criterion"], "value": "gini"}, "version": 17, "at": 1711728916.445132}
{"obj": {"type": "AssignInt", "path": ["cls_summary", "all_params", "rf__max_depth"], "value": 10}, "version": 18, "at": 1711728916.445229}
{"obj": {"type": "AssignString", "path": ["cls_summary", "all_params", "rf__max_features"], "value": "sqrt"}, "version": 19, "at": 1711728916.445306}
{"obj": {"type": "AssignString", "path": ["cls_summary", "all_params", "rf__max_leaf_nodes"], "value": "None"}, "version": 20, "at": 1711728916.4453702}
{"obj": {"type": "AssignString", "path": ["cls_summary", "all_params", "rf__max_samples"], "value": "None"}, "version": 21, "at": 1711728916.4454558}
{"obj": {"type": "AssignFloat", "path": ["cls_summary", "all_params", "rf__min_impurity_decrease"], "value": 0.0}, "version": 22, "at": 1711728916.445517}
{"obj": {"type": "AssignInt", "path": ["cls_summary", "all_params", "rf__min_samples_leaf"], "value": 1}, "version": 23, "at": 1711728916.445575}
{"obj": {"type": "AssignInt", "path": ["cls_summary", "all_params", "rf__min_samples_split"], "value": 10}, "version": 24, "at": 1711728916.445632}
{"obj": {"type": "AssignFloat", "path": ["cls_summary", "all_params", "rf__min_weight_fraction_leaf"], "value": 0.0}, "version": 25, "at": 1711728916.4456892}
{"obj": {"type": "AssignInt", "path": ["cls_summary", "all_params", "rf__n_estimators"], "value": 100}, "version": 26, "at": 1711728916.445745}
{"obj": {"type": "AssignString", "path": ["cls_summary", "all_params", "rf__n_jobs"], "value": "None"}, "version": 27, "at": 1711728916.445809}
{"obj": {"type": "AssignBool", "path": ["cls_summary", "all_params", "rf__oob_score"], "value": false}, "version": 28, "at": 1711728916.4458659}
{"obj": {"type": "AssignInt", "path": ["cls_summary", "all_params", "rf__random_state"], "value": 8}, "version": 29, "at": 1711728916.4459221}
{"obj": {"type": "AssignInt", "path": ["cls_summary", "all_params", "rf__verbose"], "value": 0}, "version": 30, "at": 1711728916.445976}
{"obj": {"type": "AssignBool", "path": ["cls_summary", "all_params", "rf__warm_start"], "value": false}, "version": 31, "at": 1711728916.4460318}
{"obj": {"type": "UploadFile", "path": ["cls_summary", "pickled_model"], "ext": "pkl", "file_path": null, "tmp_file_name": "cls_summary_pickled_model-1711728916.446095-2024-03-29_12.15.16.446095.pkl", "clean_after_upload": false}, "version": 32, "at": 1711728916.447124}
{"obj": {"type": "UploadFile", "path": ["cls_summary", "test", "preds"], "ext": "html", "file_path": null, "tmp_file_name": "cls_summary_test_preds-1711728916.447284-2024-03-29_12.15.16.447284.html", "clean_after_upload": false}, "version": 33, "at": 1711728916.4475331}
{"obj": {"type": "UploadFile", "path": ["cls_summary", "test", "preds_proba"], "ext": "html", "file_path": null, "tmp_file_name": "cls_summary_test_preds_proba-1711728916.44761-2024-03-29_12.15.16.447610.html", "clean_after_upload": false}, "version": 34, "at": 1711728916.4478898}
{"obj": {"type": "AssignFloat", "path": ["cls_summary", "test", "scores", "class_0", "precision"], "value": 0.5058823529411764}, "version": 35, "at": 1711728916.448114}
{"obj": {"type": "AssignFloat", "path": ["cls_summary", "test", "scores", "class_0", "recall"], "value": 0.8269230769230769}, "version": 36, "at": 1711728916.4481878}
{"obj": {"type": "AssignFloat", "path": ["cls_summary", "test", "scores", "class_0", "fbeta_score"], "value": 0.6277372262773723}, "version": 37, "at": 1711728916.448253}
{"obj": {"type": "AssignFloat", "path": ["cls_summary", "test", "scores", "class_0", "support"], "value": 104.0}, "version": 38, "at": 1711728916.4483159}
{"obj": {"type": "AssignFloat", "path": ["cls_summary", "test", "scores", "class_1", "precision"], "value": 0.5135135135135135}, "version": 39, "at": 1711728916.448403}
{"obj": {"type": "AssignFloat", "path": ["cls_summary", "test", "scores", "class_1", "recall"], "value": 0.18446601941747573}, "version": 40, "at": 1711728916.448469}
{"obj": {"type": "AssignFloat", "path": ["cls_summary", "test", "scores", "class_1", "fbeta_score"], "value": 0.2714285714285714}, "version": 41, "at": 1711728916.448527}
{"obj": {"type": "AssignFloat", "path": ["cls_summary", "test", "scores", "class_1", "support"], "value": 103.0}, "version": 42, "at": 1711728916.448585}
{"obj": {"type": "UploadFile", "path": ["cls_summary", "diagnostics_charts", "classification_report"], "ext": "png", "file_path": null, "tmp_file_name": "cls_summary_diagnostics_charts_classification_report-1711728916.44867-2024-03-29_12.15.16.448670.png", "clean_after_upload": false}, "version": 43, "at": 1711728916.448918}
{"obj": {"type": "UploadFile", "path": ["cls_summary", "diagnostics_charts", "confusion_matrix"], "ext": "png", "file_path": null, "tmp_file_name": "cls_summary_diagnostics_charts_confusion_matrix-1711728916.449031-2024-03-29_12.15.16.449031.png", "clean_after_upload": false}, "version": 44, "at": 1711728916.449496}
{"obj": {"type": "UploadFile", "path": ["cls_summary", "diagnostics_charts", "ROC_AUC"], "ext": "png", "file_path": null, "tmp_file_name": "cls_summary_diagnostics_charts_ROC_AUC-1711728916.449612-2024-03-29_12.15.16.449612.png", "clean_after_upload": false}, "version": 45, "at": 1711728916.449912}
{"obj": {"type": "UploadFile", "path": ["cls_summary", "diagnostics_charts", "precision_recall"], "ext": "png", "file_path": null, "tmp_file_name": "cls_summary_diagnostics_charts_precision_recall-1711728916.45005-2024-03-29_12.15.16.450050.png", "clean_after_upload": false}, "version": 46, "at": 1711728916.450249}
{"obj": {"type": "UploadFile", "path": ["cls_summary", "diagnostics_charts", "class_prediction_error"], "ext": "png", "file_path": null, "tmp_file_name": "cls_summary_diagnostics_charts_class_prediction_error-1711728916.450324-2024-03-29_12.15.16.450324.png", "clean_after_upload": false}, "version": 47, "at": 1711728916.450507}
{"obj": {"type": "AssignString", "path": ["cls_summary", "integration", "about", "neptune-sklearn"], "value": "2.1.0"}, "version": 48, "at": 1711728916.4506109}
{"obj": {"type": "AssignInt", "path": ["params", "rf__max_depth"], "value": 10}, "version": 49, "at": 1711728916.4536462}
{"obj": {"type": "AssignInt", "path": ["params", "rf__min_samples_split"], "value": 10}, "version": 50, "at": 1711728916.453913}
{"obj": {"type": "AssignInt", "path": ["params", "rf__n_estimators"], "value": 100}, "version": 51, "at": 1711728916.45407}
{"obj": {"type": "UploadFile", "path": ["roc_curve"], "ext": "png", "file_path": "/Users/shehjarsadhu/Desktop/UniversityOfRhodeIsland/Graduate/WBL/Project_Q2Behave/GitQ2Bheave/q2behave_data_analysis/jupyternotebooks/roc_curve_class.png", "tmp_file_name": null, "clean_after_upload": false}, "version": 52, "at": 1711728917.872045}
{"obj": {"type": "AssignFloat", "path": ["precision"], "value": 0.5096795004723393}, "version": 53, "at": 1711728918.008693}
{"obj": {"type": "AssignFloat", "path": ["recall"], "value": 0.5072463768115942}, "version": 54, "at": 1711728918.0090659}
{"obj": {"type": "AssignFloat", "path": ["f1_score"], "value": 0.4504435477777274}, "version": 55, "at": 1711728918.009172}
{"obj": {"type": "AssignFloat", "path": ["mean_train_accuracy"], "value": 0.9089929994614971}, "version": 56, "at": 1711728918.009272}
{"obj": {"type": "AssignFloat", "path": ["mean_test_accuracy"], "value": 0.6160473882606354}, "version": 57, "at": 1711728918.0093591}
{"obj": {"type": "AssignFloat", "path": ["mean_sensitivity"], "value": 0.6834916657967081}, "version": 58, "at": 1711728918.00944}
