{"obj": {"type": "AssignString", "path": ["sys", "name"], "value": "2-Foldtest_size_0.2_RF"}, "version": 1, "at": 1712103533.697516}
{"obj": {"type": "AssignString", "path": ["sys", "description"], "value": ""}, "version": 2, "at": 1712103533.697957}
{"obj": {"type": "AssignString", "path": ["monitoring", "11ca8da0", "hostname"], "value": "156.4.20.172.s.wireless.uri.edu"}, "version": 3, "at": 1712103533.698178}
{"obj": {"type": "AssignString", "path": ["sys", "hostname"], "value": "156.4.20.172.s.wireless.uri.edu"}, "version": 4, "at": 1712103533.6983511}
{"obj": {"type": "AssignString", "path": ["monitoring", "11ca8da0", "pid"], "value": "85285"}, "version": 5, "at": 1712103533.698518}
{"obj": {"type": "AssignString", "path": ["monitoring", "11ca8da0", "tid"], "value": "140704701883968"}, "version": 6, "at": 1712103533.698681}
{"obj": {"type": "AssignBool", "path": ["sys", "failed"], "value": false}, "version": 7, "at": 1712103533.698796}
{"obj": {"type": "UploadFile", "path": ["data", "feature_table"], "ext": "html", "file_path": null, "tmp_file_name": "data_feature_table-1712103539.401512-2024-04-02_20.18.59.401512.html", "clean_after_upload": false}, "version": 8, "at": 1712103539.414516}
{"obj": {"type": "AssignString", "path": ["original"], "value": "type\n0    10749\n1     1032\nName: count, dtype: int64"}, "version": 9, "at": 1712103539.417085}
{"obj": {"type": "AssignString", "path": ["train_samples_undersampled"], "value": "type\n0    1032\n1    1032\nName: count, dtype: int64"}, "version": 10, "at": 1712103539.417656}
{"obj": {"type": "AssignString", "path": ["test_samples_undersampled"], "value": "type\n1    207\n0    206\nName: count, dtype: int64"}, "version": 11, "at": 1712103539.418167}
{"obj": {"type": "UploadFile", "path": ["data", "test_data"], "ext": "html", "file_path": null, "tmp_file_name": "data_test_data-1712103554.953781-2024-04-02_20.19.14.953781.html", "clean_after_upload": false}, "version": 12, "at": 1712103554.955654}
{"obj": {"type": "AssignString", "path": ["cls_summary", "all_params", "memory"], "value": "None"}, "version": 13, "at": 1712103555.908017}
{"obj": {"type": "AssignString", "path": ["cls_summary", "all_params", "steps"], "value": "[('rf', RandomForestClassifier(max_depth=10, min_samples_split=10, n_estimators=300,\n                       random_state=8))]"}, "version": 14, "at": 1712103555.908609}
{"obj": {"type": "AssignBool", "path": ["cls_summary", "all_params", "verbose"], "value": false}, "version": 15, "at": 1712103555.908711}
{"obj": {"type": "AssignString", "path": ["cls_summary", "all_params", "rf"], "value": "RandomForestClassifier(max_depth=10, min_samples_split=10, n_estimators=300,\n                       random_state=8)"}, "version": 16, "at": 1712103555.9091}
{"obj": {"type": "AssignBool", "path": ["cls_summary", "all_params", "rf__bootstrap"], "value": true}, "version": 17, "at": 1712103555.90917}
{"obj": {"type": "AssignFloat", "path": ["cls_summary", "all_params", "rf__ccp_alpha"], "value": 0.0}, "version": 18, "at": 1712103555.909238}
{"obj": {"type": "AssignString", "path": ["cls_summary", "all_params", "rf__class_weight"], "value": "None"}, "version": 19, "at": 1712103555.909313}
{"obj": {"type": "AssignString", "path": ["cls_summary", "all_params", "rf__criterion"], "value": "gini"}, "version": 20, "at": 1712103555.909376}
{"obj": {"type": "AssignInt", "path": ["cls_summary", "all_params", "rf__max_depth"], "value": 10}, "version": 21, "at": 1712103555.909441}
{"obj": {"type": "AssignString", "path": ["cls_summary", "all_params", "rf__max_features"], "value": "sqrt"}, "version": 22, "at": 1712103555.9095309}
{"obj": {"type": "AssignString", "path": ["cls_summary", "all_params", "rf__max_leaf_nodes"], "value": "None"}, "version": 23, "at": 1712103555.9096}
{"obj": {"type": "AssignString", "path": ["cls_summary", "all_params", "rf__max_samples"], "value": "None"}, "version": 24, "at": 1712103555.909662}
{"obj": {"type": "AssignFloat", "path": ["cls_summary", "all_params", "rf__min_impurity_decrease"], "value": 0.0}, "version": 25, "at": 1712103555.909719}
{"obj": {"type": "AssignInt", "path": ["cls_summary", "all_params", "rf__min_samples_leaf"], "value": 1}, "version": 26, "at": 1712103555.909776}
{"obj": {"type": "AssignInt", "path": ["cls_summary", "all_params", "rf__min_samples_split"], "value": 10}, "version": 27, "at": 1712103555.9098291}
{"obj": {"type": "AssignFloat", "path": ["cls_summary", "all_params", "rf__min_weight_fraction_leaf"], "value": 0.0}, "version": 28, "at": 1712103555.9098828}
{"obj": {"type": "AssignInt", "path": ["cls_summary", "all_params", "rf__n_estimators"], "value": 300}, "version": 29, "at": 1712103555.9099362}
{"obj": {"type": "AssignString", "path": ["cls_summary", "all_params", "rf__n_jobs"], "value": "None"}, "version": 30, "at": 1712103555.909995}
{"obj": {"type": "AssignBool", "path": ["cls_summary", "all_params", "rf__oob_score"], "value": false}, "version": 31, "at": 1712103555.910049}
{"obj": {"type": "AssignInt", "path": ["cls_summary", "all_params", "rf__random_state"], "value": 8}, "version": 32, "at": 1712103555.9101021}
{"obj": {"type": "AssignInt", "path": ["cls_summary", "all_params", "rf__verbose"], "value": 0}, "version": 33, "at": 1712103555.910153}
{"obj": {"type": "AssignBool", "path": ["cls_summary", "all_params", "rf__warm_start"], "value": false}, "version": 34, "at": 1712103555.910207}
{"obj": {"type": "UploadFile", "path": ["cls_summary", "pickled_model"], "ext": "pkl", "file_path": null, "tmp_file_name": "cls_summary_pickled_model-1712103555.910284-2024-04-02_20.19.15.910284.pkl", "clean_after_upload": false}, "version": 35, "at": 1712103555.914146}
{"obj": {"type": "UploadFile", "path": ["cls_summary", "test", "preds"], "ext": "html", "file_path": null, "tmp_file_name": "cls_summary_test_preds-1712103555.914365-2024-04-02_20.19.15.914365.html", "clean_after_upload": false}, "version": 36, "at": 1712103555.9146922}
{"obj": {"type": "UploadFile", "path": ["cls_summary", "test", "preds_proba"], "ext": "html", "file_path": null, "tmp_file_name": "cls_summary_test_preds_proba-1712103555.914802-2024-04-02_20.19.15.914802.html", "clean_after_upload": false}, "version": 37, "at": 1712103555.915031}
{"obj": {"type": "AssignFloat", "path": ["cls_summary", "test", "scores", "class_0", "precision"], "value": 0.5347593582887701}, "version": 38, "at": 1712103555.915196}
{"obj": {"type": "AssignFloat", "path": ["cls_summary", "test", "scores", "class_0", "recall"], "value": 0.970873786407767}, "version": 39, "at": 1712103555.915272}
{"obj": {"type": "AssignFloat", "path": ["cls_summary", "test", "scores", "class_0", "fbeta_score"], "value": 0.6896551724137933}, "version": 40, "at": 1712103555.9153368}
{"obj": {"type": "AssignFloat", "path": ["cls_summary", "test", "scores", "class_0", "support"], "value": 206.0}, "version": 41, "at": 1712103555.9154618}
{"obj": {"type": "AssignFloat", "path": ["cls_summary", "test", "scores", "class_1", "precision"], "value": 0.8461538461538461}, "version": 42, "at": 1712103555.9155369}
{"obj": {"type": "AssignFloat", "path": ["cls_summary", "test", "scores", "class_1", "recall"], "value": 0.15942028985507245}, "version": 43, "at": 1712103555.915586}
{"obj": {"type": "AssignFloat", "path": ["cls_summary", "test", "scores", "class_1", "fbeta_score"], "value": 0.2682926829268293}, "version": 44, "at": 1712103555.915633}
{"obj": {"type": "AssignFloat", "path": ["cls_summary", "test", "scores", "class_1", "support"], "value": 207.0}, "version": 45, "at": 1712103555.91568}
{"obj": {"type": "UploadFile", "path": ["cls_summary", "diagnostics_charts", "classification_report"], "ext": "png", "file_path": null, "tmp_file_name": "cls_summary_diagnostics_charts_classification_report-1712103555.915751-2024-04-02_20.19.15.915751.png", "clean_after_upload": false}, "version": 46, "at": 1712103555.915933}
{"obj": {"type": "UploadFile", "path": ["cls_summary", "diagnostics_charts", "confusion_matrix"], "ext": "png", "file_path": null, "tmp_file_name": "cls_summary_diagnostics_charts_confusion_matrix-1712103555.915994-2024-04-02_20.19.15.915994.png", "clean_after_upload": false}, "version": 47, "at": 1712103555.916236}
{"obj": {"type": "UploadFile", "path": ["cls_summary", "diagnostics_charts", "ROC_AUC"], "ext": "png", "file_path": null, "tmp_file_name": "cls_summary_diagnostics_charts_ROC_AUC-1712103555.916295-2024-04-02_20.19.15.916295.png", "clean_after_upload": false}, "version": 48, "at": 1712103555.916617}
{"obj": {"type": "UploadFile", "path": ["cls_summary", "diagnostics_charts", "precision_recall"], "ext": "png", "file_path": null, "tmp_file_name": "cls_summary_diagnostics_charts_precision_recall-1712103555.91669-2024-04-02_20.19.15.916690.png", "clean_after_upload": false}, "version": 49, "at": 1712103555.916916}
{"obj": {"type": "UploadFile", "path": ["cls_summary", "diagnostics_charts", "class_prediction_error"], "ext": "png", "file_path": null, "tmp_file_name": "cls_summary_diagnostics_charts_class_prediction_error-1712103555.916987-2024-04-02_20.19.15.916987.png", "clean_after_upload": false}, "version": 50, "at": 1712103555.917192}
{"obj": {"type": "AssignString", "path": ["cls_summary", "integration", "about", "neptune-sklearn"], "value": "2.1.0"}, "version": 51, "at": 1712103555.917292}
{"obj": {"type": "AssignInt", "path": ["params", "rf__max_depth"], "value": 10}, "version": 52, "at": 1712103555.91794}
{"obj": {"type": "AssignInt", "path": ["params", "rf__min_samples_split"], "value": 10}, "version": 53, "at": 1712103555.9180071}
{"obj": {"type": "AssignInt", "path": ["params", "rf__n_estimators"], "value": 300}, "version": 54, "at": 1712103555.918057}
{"obj": {"type": "UploadFile", "path": ["data", "feature_importance"], "ext": "html", "file_path": null, "tmp_file_name": "data_feature_importance-1712103646.970001-2024-04-02_20.20.46.970001.html", "clean_after_upload": false}, "version": 55, "at": 1712103646.97043}
{"obj": {"type": "UploadFile", "path": ["feature_importance"], "ext": "png", "file_path": "/Users/shehjarsadhu/Desktop/UniversityOfRhodeIsland/Graduate/WBL/Project_Q2Behave/GitQ2Bheave/q2behave_data_analysis/jupyternotebooks/ML_Toolbox/feature_importance.png", "tmp_file_name": null, "clean_after_upload": false}, "version": 56, "at": 1712103647.044258}
{"obj": {"type": "UploadFile", "path": ["roc_curve"], "ext": "png", "file_path": "/Users/shehjarsadhu/Desktop/UniversityOfRhodeIsland/Graduate/WBL/Project_Q2Behave/GitQ2Bheave/q2behave_data_analysis/jupyternotebooks/ML_Toolbox/roc_curve_class.png", "tmp_file_name": null, "clean_after_upload": false}, "version": 57, "at": 1712103647.141472}
{"obj": {"type": "AssignFloat", "path": ["precision"], "value": 0.6908335931267138}, "version": 58, "at": 1712103647.33968}
{"obj": {"type": "AssignFloat", "path": ["recall"], "value": 0.5641646489104116}, "version": 59, "at": 1712103647.340051}
{"obj": {"type": "AssignFloat", "path": ["f1_score"], "value": 0.47846380359102925}, "version": 60, "at": 1712103647.3401558}
{"obj": {"type": "AssignFloat", "path": ["mean_train_accuracy"], "value": 0.9626937984496124}, "version": 61, "at": 1712103647.340241}
{"obj": {"type": "AssignFloat", "path": ["mean_test_accuracy"], "value": 0.5755813953488372}, "version": 62, "at": 1712103647.340319}
{"obj": {"type": "AssignFloat", "path": ["mean_sensitivity"], "value": 0.6308139534883721}, "version": 63, "at": 1712103647.340394}
