{"obj": {"type": "AssignString", "path": ["sys", "name"], "value": "2-Foldtest_size_0.2_RF"}, "version": 1, "at": 1712108953.832373}
{"obj": {"type": "AssignString", "path": ["sys", "description"], "value": ""}, "version": 2, "at": 1712108953.832813}
{"obj": {"type": "AssignString", "path": ["monitoring", "38481bb5", "hostname"], "value": "156.4.20.172.s.wireless.uri.edu"}, "version": 3, "at": 1712108953.833034}
{"obj": {"type": "AssignString", "path": ["sys", "hostname"], "value": "156.4.20.172.s.wireless.uri.edu"}, "version": 4, "at": 1712108953.833205}
{"obj": {"type": "AssignString", "path": ["monitoring", "38481bb5", "pid"], "value": "55672"}, "version": 5, "at": 1712108953.833375}
{"obj": {"type": "AssignString", "path": ["monitoring", "38481bb5", "tid"], "value": "140704701883968"}, "version": 6, "at": 1712108953.833538}
{"obj": {"type": "AssignBool", "path": ["sys", "failed"], "value": false}, "version": 7, "at": 1712108953.833655}
{"obj": {"type": "AssignString", "path": ["pid"], "value": "P5"}, "version": 8, "at": 1712108953.842943}
{"obj": {"type": "UploadFile", "path": ["data", "feature_table"], "ext": "html", "file_path": null, "tmp_file_name": "data_feature_table-1712108954.456328-2024-04-02_21.49.14.456328.html", "clean_after_upload": false}, "version": 9, "at": 1712108954.4571369}
{"obj": {"type": "AssignString", "path": ["original"], "value": "type\n0    1240\n1      44\nName: count, dtype: int64"}, "version": 10, "at": 1712108954.458261}
{"obj": {"type": "AssignString", "path": ["train_samples_undersampled"], "value": "type\n0    44\n1    44\nName: count, dtype: int64"}, "version": 11, "at": 1712108954.4587011}
{"obj": {"type": "AssignString", "path": ["test_samples_undersampled"], "value": "type\n0    9\n1    9\nName: count, dtype: int64"}, "version": 12, "at": 1712108954.4590578}
{"obj": {"type": "UploadFile", "path": ["data", "test_data"], "ext": "html", "file_path": null, "tmp_file_name": "data_test_data-1712108958.411319-2024-04-02_21.49.18.411319.html", "clean_after_upload": false}, "version": 13, "at": 1712108958.4117298}
{"obj": {"type": "AssignString", "path": ["cls_summary", "all_params", "memory"], "value": "None"}, "version": 14, "at": 1712108959.1233861}
{"obj": {"type": "AssignString", "path": ["cls_summary", "all_params", "steps"], "value": "[('rf', RandomForestClassifier(min_samples_split=10, n_estimators=200, random_state=8))]"}, "version": 15, "at": 1712108959.123785}
{"obj": {"type": "AssignBool", "path": ["cls_summary", "all_params", "verbose"], "value": false}, "version": 16, "at": 1712108959.123871}
{"obj": {"type": "AssignString", "path": ["cls_summary", "all_params", "rf"], "value": "RandomForestClassifier(min_samples_split=10, n_estimators=200, random_state=8)"}, "version": 17, "at": 1712108959.124106}
{"obj": {"type": "AssignBool", "path": ["cls_summary", "all_params", "rf__bootstrap"], "value": true}, "version": 18, "at": 1712108959.124175}
{"obj": {"type": "AssignFloat", "path": ["cls_summary", "all_params", "rf__ccp_alpha"], "value": 0.0}, "version": 19, "at": 1712108959.1242418}
{"obj": {"type": "AssignString", "path": ["cls_summary", "all_params", "rf__class_weight"], "value": "None"}, "version": 20, "at": 1712108959.1243079}
{"obj": {"type": "AssignString", "path": ["cls_summary", "all_params", "rf__criterion"], "value": "gini"}, "version": 21, "at": 1712108959.124368}
{"obj": {"type": "AssignString", "path": ["cls_summary", "all_params", "rf__max_depth"], "value": "None"}, "version": 22, "at": 1712108959.124429}
{"obj": {"type": "AssignString", "path": ["cls_summary", "all_params", "rf__max_features"], "value": "sqrt"}, "version": 23, "at": 1712108959.124487}
{"obj": {"type": "AssignString", "path": ["cls_summary", "all_params", "rf__max_leaf_nodes"], "value": "None"}, "version": 24, "at": 1712108959.124568}
{"obj": {"type": "AssignString", "path": ["cls_summary", "all_params", "rf__max_samples"], "value": "None"}, "version": 25, "at": 1712108959.124628}
{"obj": {"type": "AssignFloat", "path": ["cls_summary", "all_params", "rf__min_impurity_decrease"], "value": 0.0}, "version": 26, "at": 1712108959.124683}
{"obj": {"type": "AssignInt", "path": ["cls_summary", "all_params", "rf__min_samples_leaf"], "value": 1}, "version": 27, "at": 1712108959.124743}
{"obj": {"type": "AssignInt", "path": ["cls_summary", "all_params", "rf__min_samples_split"], "value": 10}, "version": 28, "at": 1712108959.124796}
{"obj": {"type": "AssignFloat", "path": ["cls_summary", "all_params", "rf__min_weight_fraction_leaf"], "value": 0.0}, "version": 29, "at": 1712108959.1248481}
{"obj": {"type": "AssignInt", "path": ["cls_summary", "all_params", "rf__n_estimators"], "value": 200}, "version": 30, "at": 1712108959.124901}
{"obj": {"type": "AssignString", "path": ["cls_summary", "all_params", "rf__n_jobs"], "value": "None"}, "version": 31, "at": 1712108959.1249611}
{"obj": {"type": "AssignBool", "path": ["cls_summary", "all_params", "rf__oob_score"], "value": false}, "version": 32, "at": 1712108959.125014}
{"obj": {"type": "AssignInt", "path": ["cls_summary", "all_params", "rf__random_state"], "value": 8}, "version": 33, "at": 1712108959.1250648}
{"obj": {"type": "AssignInt", "path": ["cls_summary", "all_params", "rf__verbose"], "value": 0}, "version": 34, "at": 1712108959.1251159}
{"obj": {"type": "AssignBool", "path": ["cls_summary", "all_params", "rf__warm_start"], "value": false}, "version": 35, "at": 1712108959.125168}
{"obj": {"type": "UploadFile", "path": ["cls_summary", "pickled_model"], "ext": "pkl", "file_path": null, "tmp_file_name": "cls_summary_pickled_model-1712108959.125228-2024-04-02_21.49.19.125228.pkl", "clean_after_upload": false}, "version": 36, "at": 1712108959.1256351}
{"obj": {"type": "UploadFile", "path": ["cls_summary", "test", "preds"], "ext": "html", "file_path": null, "tmp_file_name": "cls_summary_test_preds-1712108959.12575-2024-04-02_21.49.19.125750.html", "clean_after_upload": false}, "version": 37, "at": 1712108959.125957}
{"obj": {"type": "UploadFile", "path": ["cls_summary", "test", "preds_proba"], "ext": "html", "file_path": null, "tmp_file_name": "cls_summary_test_preds_proba-1712108959.126027-2024-04-02_21.49.19.126027.html", "clean_after_upload": false}, "version": 38, "at": 1712108959.126255}
{"obj": {"type": "AssignFloat", "path": ["cls_summary", "test", "scores", "class_0", "precision"], "value": 1.0}, "version": 39, "at": 1712108959.126391}
{"obj": {"type": "AssignFloat", "path": ["cls_summary", "test", "scores", "class_0", "recall"], "value": 0.2222222222222222}, "version": 40, "at": 1712108959.126456}
{"obj": {"type": "AssignFloat", "path": ["cls_summary", "test", "scores", "class_0", "fbeta_score"], "value": 0.3636363636363636}, "version": 41, "at": 1712108959.126514}
{"obj": {"type": "AssignFloat", "path": ["cls_summary", "test", "scores", "class_0", "support"], "value": 9.0}, "version": 42, "at": 1712108959.126573}
{"obj": {"type": "AssignFloat", "path": ["cls_summary", "test", "scores", "class_1", "precision"], "value": 0.5625}, "version": 43, "at": 1712108959.126654}
{"obj": {"type": "AssignFloat", "path": ["cls_summary", "test", "scores", "class_1", "recall"], "value": 1.0}, "version": 44, "at": 1712108959.12671}
{"obj": {"type": "AssignFloat", "path": ["cls_summary", "test", "scores", "class_1", "fbeta_score"], "value": 0.72}, "version": 45, "at": 1712108959.126765}
{"obj": {"type": "AssignFloat", "path": ["cls_summary", "test", "scores", "class_1", "support"], "value": 9.0}, "version": 46, "at": 1712108959.1268191}
{"obj": {"type": "UploadFile", "path": ["cls_summary", "diagnostics_charts", "classification_report"], "ext": "png", "file_path": null, "tmp_file_name": "cls_summary_diagnostics_charts_classification_report-1712108959.126899-2024-04-02_21.49.19.126899.png", "clean_after_upload": false}, "version": 47, "at": 1712108959.1270888}
{"obj": {"type": "UploadFile", "path": ["cls_summary", "diagnostics_charts", "confusion_matrix"], "ext": "png", "file_path": null, "tmp_file_name": "cls_summary_diagnostics_charts_confusion_matrix-1712108959.127159-2024-04-02_21.49.19.127159.png", "clean_after_upload": false}, "version": 48, "at": 1712108959.127337}
{"obj": {"type": "UploadFile", "path": ["cls_summary", "diagnostics_charts", "ROC_AUC"], "ext": "png", "file_path": null, "tmp_file_name": "cls_summary_diagnostics_charts_ROC_AUC-1712108959.127404-2024-04-02_21.49.19.127404.png", "clean_after_upload": false}, "version": 49, "at": 1712108959.127614}
{"obj": {"type": "UploadFile", "path": ["cls_summary", "diagnostics_charts", "precision_recall"], "ext": "png", "file_path": null, "tmp_file_name": "cls_summary_diagnostics_charts_precision_recall-1712108959.127682-2024-04-02_21.49.19.127682.png", "clean_after_upload": false}, "version": 50, "at": 1712108959.127899}
{"obj": {"type": "UploadFile", "path": ["cls_summary", "diagnostics_charts", "class_prediction_error"], "ext": "png", "file_path": null, "tmp_file_name": "cls_summary_diagnostics_charts_class_prediction_error-1712108959.127971-2024-04-02_21.49.19.127971.png", "clean_after_upload": false}, "version": 51, "at": 1712108959.128203}
{"obj": {"type": "AssignString", "path": ["cls_summary", "integration", "about", "neptune-sklearn"], "value": "2.1.0"}, "version": 52, "at": 1712108959.128296}
{"obj": {"type": "AssignInt", "path": ["params", "rf__min_samples_split"], "value": 10}, "version": 53, "at": 1712108959.128433}
{"obj": {"type": "AssignInt", "path": ["params", "rf__n_estimators"], "value": 200}, "version": 54, "at": 1712108959.128491}
{"obj": {"type": "UploadFile", "path": ["data", "feature_importance"], "ext": "html", "file_path": null, "tmp_file_name": "data_feature_importance-1712108973.785267-2024-04-02_21.49.33.785267.html", "clean_after_upload": false}, "version": 55, "at": 1712108973.785694}
{"obj": {"type": "UploadFile", "path": ["feature_importance"], "ext": "png", "file_path": "/Users/shehjarsadhu/Desktop/UniversityOfRhodeIsland/Graduate/WBL/Project_Q2Behave/GitQ2Bheave/q2behave_data_analysis/jupyternotebooks/ML_Toolbox/feature_importance.png", "tmp_file_name": null, "clean_after_upload": false}, "version": 56, "at": 1712108973.8651881}
{"obj": {"type": "UploadFile", "path": ["roc_curve"], "ext": "png", "file_path": "/Users/shehjarsadhu/Desktop/UniversityOfRhodeIsland/Graduate/WBL/Project_Q2Behave/GitQ2Bheave/q2behave_data_analysis/jupyternotebooks/ML_Toolbox/roc_curve_class.png", "tmp_file_name": null, "clean_after_upload": false}, "version": 57, "at": 1712108973.973218}
{"obj": {"type": "AssignFloat", "path": ["precision"], "value": 0.78125}, "version": 58, "at": 1712108974.188139}
{"obj": {"type": "AssignFloat", "path": ["recall"], "value": 0.6111111111111112}, "version": 59, "at": 1712108974.1884239}
{"obj": {"type": "AssignFloat", "path": ["f1_score"], "value": 0.5418181818181818}, "version": 60, "at": 1712108974.18874}
{"obj": {"type": "AssignFloat", "path": ["mean_train_accuracy"], "value": 0.9772727272727273}, "version": 61, "at": 1712108974.1888268}
{"obj": {"type": "AssignFloat", "path": ["mean_test_accuracy"], "value": 0.5568181818181819}, "version": 62, "at": 1712108974.188905}
{"obj": {"type": "AssignFloat", "path": ["mean_sensitivity"], "value": 0.5454545454545454}, "version": 63, "at": 1712108974.188982}
