{"obj": {"type": "AssignString", "path": ["sys", "name"], "value": "5-Foldtest_size_0.1"}, "version": 1, "at": 1708132635.950697}
{"obj": {"type": "AssignString", "path": ["sys", "description"], "value": ""}, "version": 2, "at": 1708132635.951196}
{"obj": {"type": "AssignString", "path": ["monitoring", "1d5958ca", "hostname"], "value": "156.4.20.172.s.wireless.uri.edu"}, "version": 3, "at": 1708132635.9514391}
{"obj": {"type": "AssignString", "path": ["sys", "hostname"], "value": "156.4.20.172.s.wireless.uri.edu"}, "version": 4, "at": 1708132635.95163}
{"obj": {"type": "AssignString", "path": ["monitoring", "1d5958ca", "pid"], "value": "4220"}, "version": 5, "at": 1708132635.951817}
{"obj": {"type": "AssignString", "path": ["monitoring", "1d5958ca", "tid"], "value": "140704465368640"}, "version": 6, "at": 1708132635.951999}
{"obj": {"type": "AssignBool", "path": ["sys", "failed"], "value": false}, "version": 7, "at": 1708132635.9521248}
{"obj": {"type": "AssignString", "path": ["feature_list"], "value": "Index([' Accel_X_max_power_psd', ' Accel_X_min_power_psd',\n       ' Accel_X_skewness_power_psd', ' Accel_X_kurtosis_power_psd',\n       ' Accel_X_mean_power_psd', ' Accel_X_sum_freq_diff_power_psd',\n       ' Accel_X_average_power_power_psd',\n       ' Accel_Xfeature_num_peaks_power_psd', ' Accel_Y_max_power_psd',\n       ' Accel_Y_min_power_psd', ' Accel_Y_skewness_power_psd',\n       ' Accel_Y_kurtosis_power_psd', ' Accel_Y_mean_power_psd',\n       ' Accel_Y_sum_freq_diff_power_psd', ' Accel_Y_average_power_power_psd',\n       ' Accel_Yfeature_num_peaks_power_psd', ' Accel_Z_max_power_psd',\n       ' Accel_Z_min_power_psd', ' Accel_Z_skewness_power_psd',\n       ' Accel_Z_kurtosis_power_psd', ' Accel_Z_mean_power_psd',\n       ' Accel_Z_sum_freq_diff_power_psd', ' Accel_Z_average_power_power_psd',\n       ' Accel_Zfeature_num_peaks_power_psd', 'type', 'Filename'],\n      dtype='object')"}, "version": 8, "at": 1708132635.961004}
{"obj": {"type": "UploadFile", "path": ["data", "feature_table"], "ext": "html", "file_path": null, "tmp_file_name": "data_feature_table-1708132637.924733-2024-02-16_20.17.17.924733.html", "clean_after_upload": false}, "version": 9, "at": 1708132637.926624}
{"obj": {"type": "AssignString", "path": ["cls_summary", "all_params", "memory"], "value": "None"}, "version": 10, "at": 1708132964.8015308}
{"obj": {"type": "AssignString", "path": ["cls_summary", "all_params", "steps"], "value": "[('svm', SVC(C=90, decision_function_shape='ovo', probability=True))]"}, "version": 11, "at": 1708132964.801934}
{"obj": {"type": "AssignBool", "path": ["cls_summary", "all_params", "verbose"], "value": false}, "version": 12, "at": 1708132964.802026}
{"obj": {"type": "AssignString", "path": ["cls_summary", "all_params", "svm"], "value": "SVC(C=90, decision_function_shape='ovo', probability=True)"}, "version": 13, "at": 1708132964.802241}
{"obj": {"type": "AssignInt", "path": ["cls_summary", "all_params", "svm__C"], "value": 90}, "version": 14, "at": 1708132964.802319}
{"obj": {"type": "AssignBool", "path": ["cls_summary", "all_params", "svm__break_ties"], "value": false}, "version": 15, "at": 1708132964.802379}
{"obj": {"type": "AssignInt", "path": ["cls_summary", "all_params", "svm__cache_size"], "value": 200}, "version": 16, "at": 1708132964.8024352}
{"obj": {"type": "AssignString", "path": ["cls_summary", "all_params", "svm__class_weight"], "value": "None"}, "version": 17, "at": 1708132964.8025012}
{"obj": {"type": "AssignFloat", "path": ["cls_summary", "all_params", "svm__coef0"], "value": 0.0}, "version": 18, "at": 1708132964.8025632}
{"obj": {"type": "AssignString", "path": ["cls_summary", "all_params", "svm__decision_function_shape"], "value": "ovo"}, "version": 19, "at": 1708132964.802623}
{"obj": {"type": "AssignInt", "path": ["cls_summary", "all_params", "svm__degree"], "value": 3}, "version": 20, "at": 1708132964.802677}
{"obj": {"type": "AssignString", "path": ["cls_summary", "all_params", "svm__gamma"], "value": "scale"}, "version": 21, "at": 1708132964.802733}
{"obj": {"type": "AssignString", "path": ["cls_summary", "all_params", "svm__kernel"], "value": "rbf"}, "version": 22, "at": 1708132964.802788}
{"obj": {"type": "AssignInt", "path": ["cls_summary", "all_params", "svm__max_iter"], "value": -1}, "version": 23, "at": 1708132964.802839}
{"obj": {"type": "AssignBool", "path": ["cls_summary", "all_params", "svm__probability"], "value": true}, "version": 24, "at": 1708132964.802891}
{"obj": {"type": "AssignString", "path": ["cls_summary", "all_params", "svm__random_state"], "value": "None"}, "version": 25, "at": 1708132964.80295}
{"obj": {"type": "AssignBool", "path": ["cls_summary", "all_params", "svm__shrinking"], "value": true}, "version": 26, "at": 1708132964.8030012}
{"obj": {"type": "AssignFloat", "path": ["cls_summary", "all_params", "svm__tol"], "value": 0.001}, "version": 27, "at": 1708132964.8030531}
{"obj": {"type": "AssignBool", "path": ["cls_summary", "all_params", "svm__verbose"], "value": false}, "version": 28, "at": 1708132964.803104}
{"obj": {"type": "UploadFile", "path": ["cls_summary", "pickled_model"], "ext": "pkl", "file_path": null, "tmp_file_name": "cls_summary_pickled_model-1708132964.803165-2024-02-16_20.22.44.803165.pkl", "clean_after_upload": false}, "version": 29, "at": 1708132964.8037682}
{"obj": {"type": "UploadFile", "path": ["cls_summary", "test", "preds"], "ext": "html", "file_path": null, "tmp_file_name": "cls_summary_test_preds-1708132964.803882-2024-02-16_20.22.44.803882.html", "clean_after_upload": false}, "version": 30, "at": 1708132964.804105}
{"obj": {"type": "UploadFile", "path": ["cls_summary", "test", "preds_proba"], "ext": "html", "file_path": null, "tmp_file_name": "cls_summary_test_preds_proba-1708132964.804176-2024-02-16_20.22.44.804176.html", "clean_after_upload": false}, "version": 31, "at": 1708132964.804378}
{"obj": {"type": "AssignFloat", "path": ["cls_summary", "test", "scores", "class_0", "precision"], "value": 0.642346208869814}, "version": 32, "at": 1708132964.804511}
{"obj": {"type": "AssignFloat", "path": ["cls_summary", "test", "scores", "class_0", "recall"], "value": 0.980349344978166}, "version": 33, "at": 1708132964.8045719}
{"obj": {"type": "AssignFloat", "path": ["cls_summary", "test", "scores", "class_0", "fbeta_score"], "value": 0.7761452031114953}, "version": 34, "at": 1708132964.804628}
{"obj": {"type": "AssignFloat", "path": ["cls_summary", "test", "scores", "class_0", "support"], "value": 458.0}, "version": 35, "at": 1708132964.804686}
{"obj": {"type": "AssignFloat", "path": ["cls_summary", "test", "scores", "class_1", "precision"], "value": 0.1}, "version": 36, "at": 1708132964.804766}
{"obj": {"type": "AssignFloat", "path": ["cls_summary", "test", "scores", "class_1", "recall"], "value": 0.00398406374501992}, "version": 37, "at": 1708132964.804821}
{"obj": {"type": "AssignFloat", "path": ["cls_summary", "test", "scores", "class_1", "fbeta_score"], "value": 0.007662835249042146}, "version": 38, "at": 1708132964.804875}
{"obj": {"type": "AssignFloat", "path": ["cls_summary", "test", "scores", "class_1", "support"], "value": 251.0}, "version": 39, "at": 1708132964.8049312}
{"obj": {"type": "UploadFile", "path": ["cls_summary", "diagnostics_charts", "classification_report"], "ext": "png", "file_path": null, "tmp_file_name": "cls_summary_diagnostics_charts_classification_report-1708132964.805008-2024-02-16_20.22.44.805008.png", "clean_after_upload": false}, "version": 40, "at": 1708132964.8051982}
{"obj": {"type": "UploadFile", "path": ["cls_summary", "diagnostics_charts", "confusion_matrix"], "ext": "png", "file_path": null, "tmp_file_name": "cls_summary_diagnostics_charts_confusion_matrix-1708132964.80527-2024-02-16_20.22.44.805270.png", "clean_after_upload": false}, "version": 41, "at": 1708132964.805651}
{"obj": {"type": "UploadFile", "path": ["cls_summary", "diagnostics_charts", "ROC_AUC"], "ext": "png", "file_path": null, "tmp_file_name": "cls_summary_diagnostics_charts_ROC_AUC-1708132964.805752-2024-02-16_20.22.44.805752.png", "clean_after_upload": false}, "version": 42, "at": 1708132964.806036}
{"obj": {"type": "UploadFile", "path": ["cls_summary", "diagnostics_charts", "precision_recall"], "ext": "png", "file_path": null, "tmp_file_name": "cls_summary_diagnostics_charts_precision_recall-1708132964.80612-2024-02-16_20.22.44.806120.png", "clean_after_upload": false}, "version": 43, "at": 1708132964.806423}
{"obj": {"type": "UploadFile", "path": ["cls_summary", "diagnostics_charts", "class_prediction_error"], "ext": "png", "file_path": null, "tmp_file_name": "cls_summary_diagnostics_charts_class_prediction_error-1708132964.806496-2024-02-16_20.22.44.806496.png", "clean_after_upload": false}, "version": 44, "at": 1708132964.806678}
{"obj": {"type": "AssignString", "path": ["cls_summary", "integration", "about", "neptune-sklearn"], "value": "2.1.0"}, "version": 45, "at": 1708132964.806776}
{"obj": {"type": "AssignInt", "path": ["params", "svm__C"], "value": 90}, "version": 46, "at": 1708132964.807168}
{"obj": {"type": "AssignString", "path": ["params", "svm__gamma"], "value": "scale"}, "version": 47, "at": 1708132964.807242}
{"obj": {"type": "AssignString", "path": ["params", "svm__kernel"], "value": "rbf"}, "version": 48, "at": 1708132964.807298}
