{"obj": {"type": "AssignString", "path": ["sys", "name"], "value": "3-Foldtest_size_0.1_RF"}, "version": 1, "at": 1711913759.921393}
{"obj": {"type": "AssignString", "path": ["sys", "description"], "value": ""}, "version": 2, "at": 1711913759.9217842}
{"obj": {"type": "AssignString", "path": ["monitoring", "58564477", "hostname"], "value": "156.4.20.172.s.wireless.uri.edu"}, "version": 3, "at": 1711913759.9219892}
{"obj": {"type": "AssignString", "path": ["sys", "hostname"], "value": "156.4.20.172.s.wireless.uri.edu"}, "version": 4, "at": 1711913759.922129}
{"obj": {"type": "AssignString", "path": ["monitoring", "58564477", "pid"], "value": "69156"}, "version": 5, "at": 1711913759.922265}
{"obj": {"type": "AssignString", "path": ["monitoring", "58564477", "tid"], "value": "140704736732736"}, "version": 6, "at": 1711913759.922393}
{"obj": {"type": "AssignBool", "path": ["sys", "failed"], "value": false}, "version": 7, "at": 1711913759.922488}
{"obj": {"type": "UploadFile", "path": ["data", "feature_table"], "ext": "html", "file_path": null, "tmp_file_name": "data_feature_table-1711913764.407805-2024-03-31_15.36.04.407805.html", "clean_after_upload": false}, "version": 8, "at": 1711913764.417115}
{"obj": {"type": "UploadFile", "path": ["data", "test_data"], "ext": "html", "file_path": null, "tmp_file_name": "data_test_data-1711913790.355018-2024-03-31_15.36.30.355018.html", "clean_after_upload": false}, "version": 9, "at": 1711913790.3555079}
{"obj": {"type": "AssignString", "path": ["cls_summary", "all_params", "memory"], "value": "None"}, "version": 10, "at": 1711913791.3191948}
{"obj": {"type": "AssignString", "path": ["cls_summary", "all_params", "steps"], "value": "[('rf', RandomForestClassifier(max_depth=20, min_samples_split=5, random_state=8))]"}, "version": 11, "at": 1711913791.3196218}
{"obj": {"type": "AssignBool", "path": ["cls_summary", "all_params", "verbose"], "value": false}, "version": 12, "at": 1711913791.319711}
{"obj": {"type": "AssignString", "path": ["cls_summary", "all_params", "rf"], "value": "RandomForestClassifier(max_depth=20, min_samples_split=5, random_state=8)"}, "version": 13, "at": 1711913791.319947}
{"obj": {"type": "AssignBool", "path": ["cls_summary", "all_params", "rf__bootstrap"], "value": true}, "version": 14, "at": 1711913791.320016}
{"obj": {"type": "AssignFloat", "path": ["cls_summary", "all_params", "rf__ccp_alpha"], "value": 0.0}, "version": 15, "at": 1711913791.320083}
{"obj": {"type": "AssignString", "path": ["cls_summary", "all_params", "rf__class_weight"], "value": "None"}, "version": 16, "at": 1711913791.320151}
{"obj": {"type": "AssignString", "path": ["cls_summary", "all_params", "rf__criterion"], "value": "gini"}, "version": 17, "at": 1711913791.320213}
{"obj": {"type": "AssignInt", "path": ["cls_summary", "all_params", "rf__max_depth"], "value": 20}, "version": 18, "at": 1711913791.3202739}
{"obj": {"type": "AssignString", "path": ["cls_summary", "all_params", "rf__max_features"], "value": "sqrt"}, "version": 19, "at": 1711913791.3203342}
{"obj": {"type": "AssignString", "path": ["cls_summary", "all_params", "rf__max_leaf_nodes"], "value": "None"}, "version": 20, "at": 1711913791.3204758}
{"obj": {"type": "AssignString", "path": ["cls_summary", "all_params", "rf__max_samples"], "value": "None"}, "version": 21, "at": 1711913791.3205702}
{"obj": {"type": "AssignFloat", "path": ["cls_summary", "all_params", "rf__min_impurity_decrease"], "value": 0.0}, "version": 22, "at": 1711913791.3206458}
{"obj": {"type": "AssignInt", "path": ["cls_summary", "all_params", "rf__min_samples_leaf"], "value": 1}, "version": 23, "at": 1711913791.320705}
{"obj": {"type": "AssignInt", "path": ["cls_summary", "all_params", "rf__min_samples_split"], "value": 5}, "version": 24, "at": 1711913791.320788}
{"obj": {"type": "AssignFloat", "path": ["cls_summary", "all_params", "rf__min_weight_fraction_leaf"], "value": 0.0}, "version": 25, "at": 1711913791.320859}
{"obj": {"type": "AssignInt", "path": ["cls_summary", "all_params", "rf__n_estimators"], "value": 100}, "version": 26, "at": 1711913791.320918}
{"obj": {"type": "AssignString", "path": ["cls_summary", "all_params", "rf__n_jobs"], "value": "None"}, "version": 27, "at": 1711913791.320981}
{"obj": {"type": "AssignBool", "path": ["cls_summary", "all_params", "rf__oob_score"], "value": false}, "version": 28, "at": 1711913791.321037}
{"obj": {"type": "AssignInt", "path": ["cls_summary", "all_params", "rf__random_state"], "value": 8}, "version": 29, "at": 1711913791.32109}
{"obj": {"type": "AssignInt", "path": ["cls_summary", "all_params", "rf__verbose"], "value": 0}, "version": 30, "at": 1711913791.321144}
{"obj": {"type": "AssignBool", "path": ["cls_summary", "all_params", "rf__warm_start"], "value": false}, "version": 31, "at": 1711913791.321198}
{"obj": {"type": "UploadFile", "path": ["cls_summary", "pickled_model"], "ext": "pkl", "file_path": null, "tmp_file_name": "cls_summary_pickled_model-1711913791.321259-2024-03-31_15.36.31.321259.pkl", "clean_after_upload": false}, "version": 32, "at": 1711913791.323765}
{"obj": {"type": "UploadFile", "path": ["cls_summary", "test", "preds"], "ext": "html", "file_path": null, "tmp_file_name": "cls_summary_test_preds-1711913791.323945-2024-03-31_15.36.31.323945.html", "clean_after_upload": false}, "version": 33, "at": 1711913791.32427}
{"obj": {"type": "UploadFile", "path": ["cls_summary", "test", "preds_proba"], "ext": "html", "file_path": null, "tmp_file_name": "cls_summary_test_preds_proba-1711913791.324353-2024-03-31_15.36.31.324353.html", "clean_after_upload": false}, "version": 34, "at": 1711913791.324536}
{"obj": {"type": "AssignFloat", "path": ["cls_summary", "test", "scores", "class_0", "precision"], "value": 0.5365853658536586}, "version": 35, "at": 1711913791.324681}
{"obj": {"type": "AssignFloat", "path": ["cls_summary", "test", "scores", "class_0", "recall"], "value": 0.8461538461538461}, "version": 36, "at": 1711913791.3247519}
{"obj": {"type": "AssignFloat", "path": ["cls_summary", "test", "scores", "class_0", "fbeta_score"], "value": 0.6567164179104478}, "version": 37, "at": 1711913791.32481}
{"obj": {"type": "AssignFloat", "path": ["cls_summary", "test", "scores", "class_0", "support"], "value": 104.0}, "version": 38, "at": 1711913791.3248682}
{"obj": {"type": "AssignFloat", "path": ["cls_summary", "test", "scores", "class_1", "precision"], "value": 0.627906976744186}, "version": 39, "at": 1711913791.324956}
{"obj": {"type": "AssignFloat", "path": ["cls_summary", "test", "scores", "class_1", "recall"], "value": 0.2621359223300971}, "version": 40, "at": 1711913791.325014}
{"obj": {"type": "AssignFloat", "path": ["cls_summary", "test", "scores", "class_1", "fbeta_score"], "value": 0.3698630136986301}, "version": 41, "at": 1711913791.325069}
{"obj": {"type": "AssignFloat", "path": ["cls_summary", "test", "scores", "class_1", "support"], "value": 103.0}, "version": 42, "at": 1711913791.3251252}
{"obj": {"type": "UploadFile", "path": ["cls_summary", "diagnostics_charts", "classification_report"], "ext": "png", "file_path": null, "tmp_file_name": "cls_summary_diagnostics_charts_classification_report-1711913791.325206-2024-03-31_15.36.31.325206.png", "clean_after_upload": false}, "version": 43, "at": 1711913791.325543}
{"obj": {"type": "UploadFile", "path": ["cls_summary", "diagnostics_charts", "confusion_matrix"], "ext": "png", "file_path": null, "tmp_file_name": "cls_summary_diagnostics_charts_confusion_matrix-1711913791.325634-2024-03-31_15.36.31.325634.png", "clean_after_upload": false}, "version": 44, "at": 1711913791.3259299}
{"obj": {"type": "UploadFile", "path": ["cls_summary", "diagnostics_charts", "ROC_AUC"], "ext": "png", "file_path": null, "tmp_file_name": "cls_summary_diagnostics_charts_ROC_AUC-1711913791.326038-2024-03-31_15.36.31.326038.png", "clean_after_upload": false}, "version": 45, "at": 1711913791.3262599}
{"obj": {"type": "UploadFile", "path": ["cls_summary", "diagnostics_charts", "precision_recall"], "ext": "png", "file_path": null, "tmp_file_name": "cls_summary_diagnostics_charts_precision_recall-1711913791.326335-2024-03-31_15.36.31.326335.png", "clean_after_upload": false}, "version": 46, "at": 1711913791.3265631}
{"obj": {"type": "UploadFile", "path": ["cls_summary", "diagnostics_charts", "class_prediction_error"], "ext": "png", "file_path": null, "tmp_file_name": "cls_summary_diagnostics_charts_class_prediction_error-1711913791.326633-2024-03-31_15.36.31.326633.png", "clean_after_upload": false}, "version": 47, "at": 1711913791.326862}
{"obj": {"type": "AssignString", "path": ["cls_summary", "integration", "about", "neptune-sklearn"], "value": "2.1.0"}, "version": 48, "at": 1711913791.326963}
{"obj": {"type": "AssignInt", "path": ["params", "rf__max_depth"], "value": 20}, "version": 49, "at": 1711913791.32714}
{"obj": {"type": "AssignInt", "path": ["params", "rf__min_samples_split"], "value": 5}, "version": 50, "at": 1711913791.327206}
{"obj": {"type": "AssignInt", "path": ["params", "rf__n_estimators"], "value": 100}, "version": 51, "at": 1711913791.32726}
{"obj": {"type": "UploadFile", "path": ["feature_importance"], "ext": "png", "file_path": "/Users/shehjarsadhu/Desktop/UniversityOfRhodeIsland/Graduate/WBL/Project_Q2Behave/GitQ2Bheave/q2behave_data_analysis/jupyternotebooks/ML_Toolbox/feature_importance.png", "tmp_file_name": null, "clean_after_upload": false}, "version": 52, "at": 1711913820.803515}
{"obj": {"type": "UploadFile", "path": ["roc_curve"], "ext": "png", "file_path": "/Users/shehjarsadhu/Desktop/UniversityOfRhodeIsland/Graduate/WBL/Project_Q2Behave/GitQ2Bheave/q2behave_data_analysis/jupyternotebooks/ML_Toolbox/roc_curve_class.png", "tmp_file_name": null, "clean_after_upload": false}, "version": 53, "at": 1711913820.927598}
{"obj": {"type": "AssignFloat", "path": ["precision"], "value": 0.5820255876977375}, "version": 54, "at": 1711913821.3048189}
{"obj": {"type": "AssignFloat", "path": ["recall"], "value": 0.5555555555555556}, "version": 55, "at": 1711913821.3051898}
{"obj": {"type": "AssignFloat", "path": ["f1_score"], "value": 0.5139825984234081}, "version": 56, "at": 1711913821.305283}
{"obj": {"type": "AssignFloat", "path": ["mean_train_accuracy"], "value": 0.9886914378029079}, "version": 57, "at": 1711913821.305365}
{"obj": {"type": "AssignFloat", "path": ["mean_test_accuracy"], "value": 0.5880452342487884}, "version": 58, "at": 1711913821.3054411}
{"obj": {"type": "AssignFloat", "path": ["mean_sensitivity"], "value": 0.6167693217802833}, "version": 59, "at": 1711913821.305515}
