{"obj": {"type": "AssignString", "path": ["sys", "name"], "value": "2-Foldtest_size_0.2_RF"}, "version": 1, "at": 1712342940.544478}
{"obj": {"type": "AssignString", "path": ["sys", "description"], "value": ""}, "version": 2, "at": 1712342940.544993}
{"obj": {"type": "AssignString", "path": ["monitoring", "99e7ddf3", "hostname"], "value": "156.4.20.172.s.wireless.uri.edu"}, "version": 3, "at": 1712342940.5452108}
{"obj": {"type": "AssignString", "path": ["sys", "hostname"], "value": "156.4.20.172.s.wireless.uri.edu"}, "version": 4, "at": 1712342940.545386}
{"obj": {"type": "AssignString", "path": ["monitoring", "99e7ddf3", "pid"], "value": "17097"}, "version": 5, "at": 1712342940.545544}
{"obj": {"type": "AssignString", "path": ["monitoring", "99e7ddf3", "tid"], "value": "140704645670464"}, "version": 6, "at": 1712342940.545695}
{"obj": {"type": "AssignBool", "path": ["sys", "failed"], "value": false}, "version": 7, "at": 1712342940.545838}
{"obj": {"type": "AssignString", "path": ["pid"], "value": "none"}, "version": 8, "at": 1712342940.556938}
{"obj": {"type": "UploadFile", "path": ["data", "feature_table"], "ext": "html", "file_path": null, "tmp_file_name": "data_feature_table-1712342945.354576-2024-04-05_14.49.05.354576.html", "clean_after_upload": false}, "version": 9, "at": 1712342945.358857}
{"obj": {"type": "AssignString", "path": ["original"], "value": "type\n0    6965\n1     338\nName: count, dtype: int64"}, "version": 10, "at": 1712342945.361592}
{"obj": {"type": "AssignString", "path": ["train_samples_undersampled"], "value": "type\n0    338\n1    338\nName: count, dtype: int64"}, "version": 11, "at": 1712342945.3623161}
{"obj": {"type": "AssignString", "path": ["test_samples_undersampled"], "value": "type\n0    68\n1    68\nName: count, dtype: int64"}, "version": 12, "at": 1712342945.362817}
{"obj": {"type": "AssignString", "path": ["tag"], "value": "Rus"}, "version": 13, "at": 1712342945.362904}
{"obj": {"type": "UploadFile", "path": ["data", "test_data"], "ext": "html", "file_path": null, "tmp_file_name": "data_test_data-1712342957.703051-2024-04-05_14.49.17.703051.html", "clean_after_upload": false}, "version": 14, "at": 1712342957.703529}
{"obj": {"type": "AssignString", "path": ["cls_summary", "all_params", "memory"], "value": "None"}, "version": 15, "at": 1712342958.644918}
{"obj": {"type": "AssignString", "path": ["cls_summary", "all_params", "steps"], "value": "[('rf', RandomForestClassifier(max_depth=10, n_estimators=300, random_state=8))]"}, "version": 16, "at": 1712342958.6476958}
{"obj": {"type": "AssignBool", "path": ["cls_summary", "all_params", "verbose"], "value": false}, "version": 17, "at": 1712342958.647847}
{"obj": {"type": "AssignString", "path": ["cls_summary", "all_params", "rf"], "value": "RandomForestClassifier(max_depth=10, n_estimators=300, random_state=8)"}, "version": 18, "at": 1712342958.648187}
{"obj": {"type": "AssignBool", "path": ["cls_summary", "all_params", "rf__bootstrap"], "value": true}, "version": 19, "at": 1712342958.6482618}
{"obj": {"type": "AssignFloat", "path": ["cls_summary", "all_params", "rf__ccp_alpha"], "value": 0.0}, "version": 20, "at": 1712342958.648341}
{"obj": {"type": "AssignString", "path": ["cls_summary", "all_params", "rf__class_weight"], "value": "None"}, "version": 21, "at": 1712342958.648417}
{"obj": {"type": "AssignString", "path": ["cls_summary", "all_params", "rf__criterion"], "value": "gini"}, "version": 22, "at": 1712342958.648486}
{"obj": {"type": "AssignInt", "path": ["cls_summary", "all_params", "rf__max_depth"], "value": 10}, "version": 23, "at": 1712342958.648559}
{"obj": {"type": "AssignString", "path": ["cls_summary", "all_params", "rf__max_features"], "value": "sqrt"}, "version": 24, "at": 1712342958.648622}
{"obj": {"type": "AssignString", "path": ["cls_summary", "all_params", "rf__max_leaf_nodes"], "value": "None"}, "version": 25, "at": 1712342958.6486871}
{"obj": {"type": "AssignString", "path": ["cls_summary", "all_params", "rf__max_samples"], "value": "None"}, "version": 26, "at": 1712342958.64875}
{"obj": {"type": "AssignFloat", "path": ["cls_summary", "all_params", "rf__min_impurity_decrease"], "value": 0.0}, "version": 27, "at": 1712342958.648809}
{"obj": {"type": "AssignInt", "path": ["cls_summary", "all_params", "rf__min_samples_leaf"], "value": 1}, "version": 28, "at": 1712342958.6488671}
{"obj": {"type": "AssignInt", "path": ["cls_summary", "all_params", "rf__min_samples_split"], "value": 2}, "version": 29, "at": 1712342958.648927}
{"obj": {"type": "AssignFloat", "path": ["cls_summary", "all_params", "rf__min_weight_fraction_leaf"], "value": 0.0}, "version": 30, "at": 1712342958.648983}
{"obj": {"type": "AssignInt", "path": ["cls_summary", "all_params", "rf__n_estimators"], "value": 300}, "version": 31, "at": 1712342958.649039}
{"obj": {"type": "AssignString", "path": ["cls_summary", "all_params", "rf__n_jobs"], "value": "None"}, "version": 32, "at": 1712342958.649099}
{"obj": {"type": "AssignBool", "path": ["cls_summary", "all_params", "rf__oob_score"], "value": false}, "version": 33, "at": 1712342958.649156}
{"obj": {"type": "AssignInt", "path": ["cls_summary", "all_params", "rf__random_state"], "value": 8}, "version": 34, "at": 1712342958.6492128}
{"obj": {"type": "AssignInt", "path": ["cls_summary", "all_params", "rf__verbose"], "value": 0}, "version": 35, "at": 1712342958.64927}
{"obj": {"type": "AssignBool", "path": ["cls_summary", "all_params", "rf__warm_start"], "value": false}, "version": 36, "at": 1712342958.6493251}
{"obj": {"type": "UploadFile", "path": ["cls_summary", "pickled_model"], "ext": "pkl", "file_path": null, "tmp_file_name": "cls_summary_pickled_model-1712342958.649396-2024-04-05_14.49.18.649396.pkl", "clean_after_upload": false}, "version": 37, "at": 1712342958.653225}
{"obj": {"type": "UploadFile", "path": ["cls_summary", "test", "preds"], "ext": "html", "file_path": null, "tmp_file_name": "cls_summary_test_preds-1712342958.653455-2024-04-05_14.49.18.653455.html", "clean_after_upload": false}, "version": 38, "at": 1712342958.653826}
{"obj": {"type": "UploadFile", "path": ["cls_summary", "test", "preds_proba"], "ext": "html", "file_path": null, "tmp_file_name": "cls_summary_test_preds_proba-1712342958.653971-2024-04-05_14.49.18.653971.html", "clean_after_upload": false}, "version": 39, "at": 1712342958.6542778}
{"obj": {"type": "AssignFloat", "path": ["cls_summary", "test", "scores", "class_0", "precision"], "value": 0.847457627118644}, "version": 40, "at": 1712342958.654476}
{"obj": {"type": "AssignFloat", "path": ["cls_summary", "test", "scores", "class_0", "recall"], "value": 0.7352941176470589}, "version": 41, "at": 1712342958.6545448}
{"obj": {"type": "AssignFloat", "path": ["cls_summary", "test", "scores", "class_0", "fbeta_score"], "value": 0.7874015748031497}, "version": 42, "at": 1712342958.654609}
{"obj": {"type": "AssignFloat", "path": ["cls_summary", "test", "scores", "class_0", "support"], "value": 68.0}, "version": 43, "at": 1712342958.654676}
{"obj": {"type": "AssignFloat", "path": ["cls_summary", "test", "scores", "class_1", "precision"], "value": 0.7662337662337663}, "version": 44, "at": 1712342958.654778}
{"obj": {"type": "AssignFloat", "path": ["cls_summary", "test", "scores", "class_1", "recall"], "value": 0.8676470588235294}, "version": 45, "at": 1712342958.654839}
{"obj": {"type": "AssignFloat", "path": ["cls_summary", "test", "scores", "class_1", "fbeta_score"], "value": 0.8137931034482758}, "version": 46, "at": 1712342958.654896}
{"obj": {"type": "AssignFloat", "path": ["cls_summary", "test", "scores", "class_1", "support"], "value": 68.0}, "version": 47, "at": 1712342958.654955}
{"obj": {"type": "UploadFile", "path": ["cls_summary", "diagnostics_charts", "classification_report"], "ext": "png", "file_path": null, "tmp_file_name": "cls_summary_diagnostics_charts_classification_report-1712342958.655041-2024-04-05_14.49.18.655041.png", "clean_after_upload": false}, "version": 48, "at": 1712342958.655253}
{"obj": {"type": "UploadFile", "path": ["cls_summary", "diagnostics_charts", "confusion_matrix"], "ext": "png", "file_path": null, "tmp_file_name": "cls_summary_diagnostics_charts_confusion_matrix-1712342958.655328-2024-04-05_14.49.18.655328.png", "clean_after_upload": false}, "version": 49, "at": 1712342958.6557481}
{"obj": {"type": "UploadFile", "path": ["cls_summary", "diagnostics_charts", "ROC_AUC"], "ext": "png", "file_path": null, "tmp_file_name": "cls_summary_diagnostics_charts_ROC_AUC-1712342958.655938-2024-04-05_14.49.18.655938.png", "clean_after_upload": false}, "version": 50, "at": 1712342958.65614}
{"obj": {"type": "UploadFile", "path": ["cls_summary", "diagnostics_charts", "precision_recall"], "ext": "png", "file_path": null, "tmp_file_name": "cls_summary_diagnostics_charts_precision_recall-1712342958.656218-2024-04-05_14.49.18.656218.png", "clean_after_upload": false}, "version": 51, "at": 1712342958.656471}
{"obj": {"type": "UploadFile", "path": ["cls_summary", "diagnostics_charts", "class_prediction_error"], "ext": "png", "file_path": null, "tmp_file_name": "cls_summary_diagnostics_charts_class_prediction_error-1712342958.656543-2024-04-05_14.49.18.656543.png", "clean_after_upload": false}, "version": 52, "at": 1712342958.6567209}
{"obj": {"type": "AssignString", "path": ["cls_summary", "integration", "about", "neptune-sklearn"], "value": "2.1.0"}, "version": 53, "at": 1712342958.656825}
{"obj": {"type": "AssignInt", "path": ["params", "rf__max_depth"], "value": 10}, "version": 54, "at": 1712342958.660216}
{"obj": {"type": "AssignInt", "path": ["params", "rf__min_samples_split"], "value": 2}, "version": 55, "at": 1712342958.660331}
{"obj": {"type": "AssignInt", "path": ["params", "rf__n_estimators"], "value": 300}, "version": 56, "at": 1712342958.66039}
{"obj": {"type": "UploadFile", "path": ["data", "feature_importance"], "ext": "html", "file_path": null, "tmp_file_name": "data_feature_importance-1712343007.093369-2024-04-05_14.50.07.093369.html", "clean_after_upload": false}, "version": 57, "at": 1712343007.093805}
{"obj": {"type": "UploadFile", "path": ["feature_importance"], "ext": "png", "file_path": "/Users/shehjarsadhu/Desktop/UniversityOfRhodeIsland/Graduate/WBL/Project_Q2Behave/GitQ2Bheave/q2behave_data_analysis/jupyternotebooks/ML_Toolbox/feature_importance.png", "tmp_file_name": null, "clean_after_upload": false}, "version": 58, "at": 1712343007.1748428}
{"obj": {"type": "UploadFile", "path": ["roc_curve"], "ext": "png", "file_path": "/Users/shehjarsadhu/Desktop/UniversityOfRhodeIsland/Graduate/WBL/Project_Q2Behave/GitQ2Bheave/q2behave_data_analysis/jupyternotebooks/ML_Toolbox/roc_curve_class.png", "tmp_file_name": null, "clean_after_upload": false}, "version": 59, "at": 1712343007.282063}
{"obj": {"type": "AssignFloat", "path": ["precision"], "value": 0.8068456966762051}, "version": 60, "at": 1712343007.4954932}
{"obj": {"type": "AssignFloat", "path": ["recall"], "value": 0.8014705882352942}, "version": 61, "at": 1712343007.4959402}
{"obj": {"type": "AssignFloat", "path": ["f1_score"], "value": 0.8005973391257128}, "version": 62, "at": 1712343007.496042}
{"obj": {"type": "AssignFloat", "path": ["mean_train_accuracy"], "value": 0.9970414201183432}, "version": 63, "at": 1712343007.496125}
{"obj": {"type": "AssignFloat", "path": ["mean_test_accuracy"], "value": 0.5784023668639053}, "version": 64, "at": 1712343007.496201}
{"obj": {"type": "AssignFloat", "path": ["mean_sensitivity"], "value": 0.5798816568047338}, "version": 65, "at": 1712343007.496275}
