{"obj": {"type": "AssignString", "path": ["sys", "name"], "value": "3-Foldtest_size_0.2_RF"}, "version": 1, "at": 1712104066.522777}
{"obj": {"type": "AssignString", "path": ["sys", "description"], "value": ""}, "version": 2, "at": 1712104066.523211}
{"obj": {"type": "AssignString", "path": ["monitoring", "11ca8da0", "hostname"], "value": "156.4.20.172.s.wireless.uri.edu"}, "version": 3, "at": 1712104066.5234299}
{"obj": {"type": "AssignString", "path": ["sys", "hostname"], "value": "156.4.20.172.s.wireless.uri.edu"}, "version": 4, "at": 1712104066.523602}
{"obj": {"type": "AssignString", "path": ["monitoring", "11ca8da0", "pid"], "value": "85285"}, "version": 5, "at": 1712104066.5237749}
{"obj": {"type": "AssignString", "path": ["monitoring", "11ca8da0", "tid"], "value": "140704701883968"}, "version": 6, "at": 1712104066.523936}
{"obj": {"type": "AssignBool", "path": ["sys", "failed"], "value": false}, "version": 7, "at": 1712104066.524052}
{"obj": {"type": "UploadFile", "path": ["data", "feature_table"], "ext": "html", "file_path": null, "tmp_file_name": "data_feature_table-1712104083.526325-2024-04-02_20.28.03.526325.html", "clean_after_upload": false}, "version": 8, "at": 1712104083.543831}
{"obj": {"type": "AssignString", "path": ["original"], "value": "type\n0    29981\n1     1541\nName: count, dtype: int64"}, "version": 9, "at": 1712104083.54761}
{"obj": {"type": "AssignString", "path": ["train_samples_undersampled"], "value": "type\n0    1541\n1    1541\nName: count, dtype: int64"}, "version": 10, "at": 1712104083.548011}
{"obj": {"type": "AssignString", "path": ["test_samples_undersampled"], "value": "type\n0    309\n1    308\nName: count, dtype: int64"}, "version": 11, "at": 1712104083.548435}
{"obj": {"type": "UploadFile", "path": ["data", "test_data"], "ext": "html", "file_path": null, "tmp_file_name": "data_test_data-1712104125.71854-2024-04-02_20.28.45.718540.html", "clean_after_upload": false}, "version": 12, "at": 1712104125.7192519}
{"obj": {"type": "AssignString", "path": ["cls_summary", "all_params", "memory"], "value": "None"}, "version": 13, "at": 1712104126.568956}
{"obj": {"type": "AssignString", "path": ["cls_summary", "all_params", "steps"], "value": "[('rf', RandomForestClassifier(max_depth=30, random_state=8))]"}, "version": 14, "at": 1712104126.569348}
{"obj": {"type": "AssignBool", "path": ["cls_summary", "all_params", "verbose"], "value": false}, "version": 15, "at": 1712104126.569435}
{"obj": {"type": "AssignString", "path": ["cls_summary", "all_params", "rf"], "value": "RandomForestClassifier(max_depth=30, random_state=8)"}, "version": 16, "at": 1712104126.569674}
{"obj": {"type": "AssignBool", "path": ["cls_summary", "all_params", "rf__bootstrap"], "value": true}, "version": 17, "at": 1712104126.569777}
{"obj": {"type": "AssignFloat", "path": ["cls_summary", "all_params", "rf__ccp_alpha"], "value": 0.0}, "version": 18, "at": 1712104126.56987}
{"obj": {"type": "AssignString", "path": ["cls_summary", "all_params", "rf__class_weight"], "value": "None"}, "version": 19, "at": 1712104126.569938}
{"obj": {"type": "AssignString", "path": ["cls_summary", "all_params", "rf__criterion"], "value": "gini"}, "version": 20, "at": 1712104126.5699992}
{"obj": {"type": "AssignInt", "path": ["cls_summary", "all_params", "rf__max_depth"], "value": 30}, "version": 21, "at": 1712104126.570061}
{"obj": {"type": "AssignString", "path": ["cls_summary", "all_params", "rf__max_features"], "value": "sqrt"}, "version": 22, "at": 1712104126.570122}
{"obj": {"type": "AssignString", "path": ["cls_summary", "all_params", "rf__max_leaf_nodes"], "value": "None"}, "version": 23, "at": 1712104126.5701911}
{"obj": {"type": "AssignString", "path": ["cls_summary", "all_params", "rf__max_samples"], "value": "None"}, "version": 24, "at": 1712104126.570254}
{"obj": {"type": "AssignFloat", "path": ["cls_summary", "all_params", "rf__min_impurity_decrease"], "value": 0.0}, "version": 25, "at": 1712104126.5703108}
{"obj": {"type": "AssignInt", "path": ["cls_summary", "all_params", "rf__min_samples_leaf"], "value": 1}, "version": 26, "at": 1712104126.5703669}
{"obj": {"type": "AssignInt", "path": ["cls_summary", "all_params", "rf__min_samples_split"], "value": 2}, "version": 27, "at": 1712104126.57042}
{"obj": {"type": "AssignFloat", "path": ["cls_summary", "all_params", "rf__min_weight_fraction_leaf"], "value": 0.0}, "version": 28, "at": 1712104126.570472}
{"obj": {"type": "AssignInt", "path": ["cls_summary", "all_params", "rf__n_estimators"], "value": 100}, "version": 29, "at": 1712104126.570525}
{"obj": {"type": "AssignString", "path": ["cls_summary", "all_params", "rf__n_jobs"], "value": "None"}, "version": 30, "at": 1712104126.570584}
{"obj": {"type": "AssignBool", "path": ["cls_summary", "all_params", "rf__oob_score"], "value": false}, "version": 31, "at": 1712104126.5706382}
{"obj": {"type": "AssignInt", "path": ["cls_summary", "all_params", "rf__random_state"], "value": 8}, "version": 32, "at": 1712104126.570691}
{"obj": {"type": "AssignInt", "path": ["cls_summary", "all_params", "rf__verbose"], "value": 0}, "version": 33, "at": 1712104126.5707421}
{"obj": {"type": "AssignBool", "path": ["cls_summary", "all_params", "rf__warm_start"], "value": false}, "version": 34, "at": 1712104126.5707939}
{"obj": {"type": "UploadFile", "path": ["cls_summary", "pickled_model"], "ext": "pkl", "file_path": null, "tmp_file_name": "cls_summary_pickled_model-1712104126.570855-2024-04-02_20.28.46.570855.pkl", "clean_after_upload": false}, "version": 35, "at": 1712104126.576363}
{"obj": {"type": "UploadFile", "path": ["cls_summary", "test", "preds"], "ext": "html", "file_path": null, "tmp_file_name": "cls_summary_test_preds-1712104126.576619-2024-04-02_20.28.46.576619.html", "clean_after_upload": false}, "version": 36, "at": 1712104126.5770009}
{"obj": {"type": "UploadFile", "path": ["cls_summary", "test", "preds_proba"], "ext": "html", "file_path": null, "tmp_file_name": "cls_summary_test_preds_proba-1712104126.577095-2024-04-02_20.28.46.577095.html", "clean_after_upload": false}, "version": 37, "at": 1712104126.577491}
{"obj": {"type": "AssignFloat", "path": ["cls_summary", "test", "scores", "class_0", "precision"], "value": 0.6216216216216216}, "version": 38, "at": 1712104126.577684}
{"obj": {"type": "AssignFloat", "path": ["cls_summary", "test", "scores", "class_0", "recall"], "value": 0.9676375404530745}, "version": 39, "at": 1712104126.577781}
{"obj": {"type": "AssignFloat", "path": ["cls_summary", "test", "scores", "class_0", "fbeta_score"], "value": 0.7569620253164557}, "version": 40, "at": 1712104126.577868}
{"obj": {"type": "AssignFloat", "path": ["cls_summary", "test", "scores", "class_0", "support"], "value": 309.0}, "version": 41, "at": 1712104126.5779269}
{"obj": {"type": "AssignFloat", "path": ["cls_summary", "test", "scores", "class_1", "precision"], "value": 0.9264705882352942}, "version": 42, "at": 1712104126.578027}
{"obj": {"type": "AssignFloat", "path": ["cls_summary", "test", "scores", "class_1", "recall"], "value": 0.4090909090909091}, "version": 43, "at": 1712104126.5781288}
{"obj": {"type": "AssignFloat", "path": ["cls_summary", "test", "scores", "class_1", "fbeta_score"], "value": 0.5675675675675675}, "version": 44, "at": 1712104126.578202}
{"obj": {"type": "AssignFloat", "path": ["cls_summary", "test", "scores", "class_1", "support"], "value": 308.0}, "version": 45, "at": 1712104126.578258}
{"obj": {"type": "UploadFile", "path": ["cls_summary", "diagnostics_charts", "classification_report"], "ext": "png", "file_path": null, "tmp_file_name": "cls_summary_diagnostics_charts_classification_report-1712104126.578342-2024-04-02_20.28.46.578342.png", "clean_after_upload": false}, "version": 46, "at": 1712104126.578592}
{"obj": {"type": "UploadFile", "path": ["cls_summary", "diagnostics_charts", "confusion_matrix"], "ext": "png", "file_path": null, "tmp_file_name": "cls_summary_diagnostics_charts_confusion_matrix-1712104126.578667-2024-04-02_20.28.46.578667.png", "clean_after_upload": false}, "version": 47, "at": 1712104126.5789068}
{"obj": {"type": "UploadFile", "path": ["cls_summary", "diagnostics_charts", "ROC_AUC"], "ext": "png", "file_path": null, "tmp_file_name": "cls_summary_diagnostics_charts_ROC_AUC-1712104126.578975-2024-04-02_20.28.46.578975.png", "clean_after_upload": false}, "version": 48, "at": 1712104126.57927}
{"obj": {"type": "UploadFile", "path": ["cls_summary", "diagnostics_charts", "precision_recall"], "ext": "png", "file_path": null, "tmp_file_name": "cls_summary_diagnostics_charts_precision_recall-1712104126.579347-2024-04-02_20.28.46.579347.png", "clean_after_upload": false}, "version": 49, "at": 1712104126.579566}
{"obj": {"type": "UploadFile", "path": ["cls_summary", "diagnostics_charts", "class_prediction_error"], "ext": "png", "file_path": null, "tmp_file_name": "cls_summary_diagnostics_charts_class_prediction_error-1712104126.579668-2024-04-02_20.28.46.579668.png", "clean_after_upload": false}, "version": 50, "at": 1712104126.580042}
{"obj": {"type": "AssignString", "path": ["cls_summary", "integration", "about", "neptune-sklearn"], "value": "2.1.0"}, "version": 51, "at": 1712104126.580226}
{"obj": {"type": "AssignInt", "path": ["params", "rf__max_depth"], "value": 30}, "version": 52, "at": 1712104126.58114}
{"obj": {"type": "AssignInt", "path": ["params", "rf__min_samples_split"], "value": 2}, "version": 53, "at": 1712104126.581224}
{"obj": {"type": "AssignInt", "path": ["params", "rf__n_estimators"], "value": 100}, "version": 54, "at": 1712104126.58128}
{"obj": {"type": "UploadFile", "path": ["data", "feature_importance"], "ext": "html", "file_path": null, "tmp_file_name": "data_feature_importance-1712104187.60283-2024-04-02_20.29.47.602830.html", "clean_after_upload": false}, "version": 55, "at": 1712104187.6032588}
{"obj": {"type": "UploadFile", "path": ["feature_importance"], "ext": "png", "file_path": "/Users/shehjarsadhu/Desktop/UniversityOfRhodeIsland/Graduate/WBL/Project_Q2Behave/GitQ2Bheave/q2behave_data_analysis/jupyternotebooks/ML_Toolbox/feature_importance.png", "tmp_file_name": null, "clean_after_upload": false}, "version": 56, "at": 1712104187.683087}
{"obj": {"type": "UploadFile", "path": ["roc_curve"], "ext": "png", "file_path": "/Users/shehjarsadhu/Desktop/UniversityOfRhodeIsland/Graduate/WBL/Project_Q2Behave/GitQ2Bheave/q2behave_data_analysis/jupyternotebooks/ML_Toolbox/roc_curve_class.png", "tmp_file_name": null, "clean_after_upload": false}, "version": 57, "at": 1712104187.779822}
{"obj": {"type": "AssignFloat", "path": ["precision"], "value": 0.7737990636265019}, "version": 58, "at": 1712104187.98175}
{"obj": {"type": "AssignFloat", "path": ["recall"], "value": 0.6888168557536467}, "version": 59, "at": 1712104187.982201}
{"obj": {"type": "AssignFloat", "path": ["f1_score"], "value": 0.6624182765536396}, "version": 60, "at": 1712104187.9822989}
{"obj": {"type": "AssignFloat", "path": ["mean_train_accuracy"], "value": 0.9914015814690305}, "version": 61, "at": 1712104187.982381}
{"obj": {"type": "AssignFloat", "path": ["mean_test_accuracy"], "value": 0.6005854256728512}, "version": 62, "at": 1712104187.9824572}
{"obj": {"type": "AssignFloat", "path": ["mean_sensitivity"], "value": 0.6275058593305572}, "version": 63, "at": 1712104187.9825332}
