{"obj": {"type": "AssignString", "path": ["sys", "name"], "value": "2-Foldtest_size_0.2_RF"}, "version": 1, "at": 1709306377.5522199}
{"obj": {"type": "AssignString", "path": ["sys", "description"], "value": ""}, "version": 2, "at": 1709306377.552743}
{"obj": {"type": "AssignString", "path": ["monitoring", "b8543b68", "hostname"], "value": "156.4.20.172.s.wireless.uri.edu"}, "version": 3, "at": 1709306377.552982}
{"obj": {"type": "AssignString", "path": ["sys", "hostname"], "value": "156.4.20.172.s.wireless.uri.edu"}, "version": 4, "at": 1709306377.553167}
{"obj": {"type": "AssignString", "path": ["monitoring", "b8543b68", "pid"], "value": "6191"}, "version": 5, "at": 1709306377.5533462}
{"obj": {"type": "AssignString", "path": ["monitoring", "b8543b68", "tid"], "value": "140704505513536"}, "version": 6, "at": 1709306377.5535161}
{"obj": {"type": "AssignBool", "path": ["sys", "failed"], "value": false}, "version": 7, "at": 1709306377.553649}
{"obj": {"type": "UploadFile", "path": ["data", "feature_table"], "ext": "html", "file_path": null, "tmp_file_name": "data_feature_table-1709306378.052157-2024-03-01_10.19.38.052157.html", "clean_after_upload": false}, "version": 8, "at": 1709306378.054764}
{"obj": {"type": "UploadFile", "path": ["data", "test_data"], "ext": "html", "file_path": null, "tmp_file_name": "data_test_data-1709306382.828979-2024-03-01_10.19.42.828979.html", "clean_after_upload": false}, "version": 9, "at": 1709306382.829473}
{"obj": {"type": "AssignString", "path": ["cls_summary", "all_params", "memory"], "value": "None"}, "version": 10, "at": 1709306383.698793}
{"obj": {"type": "AssignString", "path": ["cls_summary", "all_params", "steps"], "value": "[('rf', RandomForestClassifier(random_state=8))]"}, "version": 11, "at": 1709306383.6995258}
{"obj": {"type": "AssignBool", "path": ["cls_summary", "all_params", "verbose"], "value": false}, "version": 12, "at": 1709306383.699743}
{"obj": {"type": "AssignString", "path": ["cls_summary", "all_params", "rf"], "value": "RandomForestClassifier(random_state=8)"}, "version": 13, "at": 1709306383.70028}
{"obj": {"type": "AssignBool", "path": ["cls_summary", "all_params", "rf__bootstrap"], "value": true}, "version": 14, "at": 1709306383.700372}
{"obj": {"type": "AssignFloat", "path": ["cls_summary", "all_params", "rf__ccp_alpha"], "value": 0.0}, "version": 15, "at": 1709306383.700448}
{"obj": {"type": "AssignString", "path": ["cls_summary", "all_params", "rf__class_weight"], "value": "None"}, "version": 16, "at": 1709306383.7005272}
{"obj": {"type": "AssignString", "path": ["cls_summary", "all_params", "rf__criterion"], "value": "gini"}, "version": 17, "at": 1709306383.700594}
{"obj": {"type": "AssignString", "path": ["cls_summary", "all_params", "rf__max_depth"], "value": "None"}, "version": 18, "at": 1709306383.700662}
{"obj": {"type": "AssignString", "path": ["cls_summary", "all_params", "rf__max_features"], "value": "sqrt"}, "version": 19, "at": 1709306383.700725}
{"obj": {"type": "AssignString", "path": ["cls_summary", "all_params", "rf__max_leaf_nodes"], "value": "None"}, "version": 20, "at": 1709306383.700793}
{"obj": {"type": "AssignString", "path": ["cls_summary", "all_params", "rf__max_samples"], "value": "None"}, "version": 21, "at": 1709306383.700898}
{"obj": {"type": "AssignFloat", "path": ["cls_summary", "all_params", "rf__min_impurity_decrease"], "value": 0.0}, "version": 22, "at": 1709306383.701012}
{"obj": {"type": "AssignInt", "path": ["cls_summary", "all_params", "rf__min_samples_leaf"], "value": 1}, "version": 23, "at": 1709306383.701078}
{"obj": {"type": "AssignInt", "path": ["cls_summary", "all_params", "rf__min_samples_split"], "value": 2}, "version": 24, "at": 1709306383.701142}
{"obj": {"type": "AssignFloat", "path": ["cls_summary", "all_params", "rf__min_weight_fraction_leaf"], "value": 0.0}, "version": 25, "at": 1709306383.701231}
{"obj": {"type": "AssignInt", "path": ["cls_summary", "all_params", "rf__n_estimators"], "value": 100}, "version": 26, "at": 1709306383.701368}
{"obj": {"type": "AssignString", "path": ["cls_summary", "all_params", "rf__n_jobs"], "value": "None"}, "version": 27, "at": 1709306383.7015018}
{"obj": {"type": "AssignBool", "path": ["cls_summary", "all_params", "rf__oob_score"], "value": false}, "version": 28, "at": 1709306383.7016}
{"obj": {"type": "AssignInt", "path": ["cls_summary", "all_params", "rf__random_state"], "value": 8}, "version": 29, "at": 1709306383.7017229}
{"obj": {"type": "AssignInt", "path": ["cls_summary", "all_params", "rf__verbose"], "value": 0}, "version": 30, "at": 1709306383.701927}
{"obj": {"type": "AssignBool", "path": ["cls_summary", "all_params", "rf__warm_start"], "value": false}, "version": 31, "at": 1709306383.702035}
{"obj": {"type": "UploadFile", "path": ["cls_summary", "pickled_model"], "ext": "pkl", "file_path": null, "tmp_file_name": "cls_summary_pickled_model-1709306383.702106-2024-03-01_10.19.43.702106.pkl", "clean_after_upload": false}, "version": 32, "at": 1709306383.705018}
{"obj": {"type": "UploadFile", "path": ["cls_summary", "test", "preds"], "ext": "html", "file_path": null, "tmp_file_name": "cls_summary_test_preds-1709306383.705355-2024-03-01_10.19.43.705355.html", "clean_after_upload": false}, "version": 33, "at": 1709306383.705775}
{"obj": {"type": "UploadFile", "path": ["cls_summary", "test", "preds_proba"], "ext": "html", "file_path": null, "tmp_file_name": "cls_summary_test_preds_proba-1709306383.705943-2024-03-01_10.19.43.705943.html", "clean_after_upload": false}, "version": 34, "at": 1709306383.70635}
{"obj": {"type": "AssignFloat", "path": ["cls_summary", "test", "scores", "class_0", "precision"], "value": 1.0}, "version": 35, "at": 1709306383.7066848}
{"obj": {"type": "AssignFloat", "path": ["cls_summary", "test", "scores", "class_0", "recall"], "value": 0.7777777777777778}, "version": 36, "at": 1709306383.706829}
{"obj": {"type": "AssignFloat", "path": ["cls_summary", "test", "scores", "class_0", "fbeta_score"], "value": 0.8750000000000001}, "version": 37, "at": 1709306383.706933}
{"obj": {"type": "AssignFloat", "path": ["cls_summary", "test", "scores", "class_0", "support"], "value": 9.0}, "version": 38, "at": 1709306383.707019}
{"obj": {"type": "AssignFloat", "path": ["cls_summary", "test", "scores", "class_1", "precision"], "value": 0.8181818181818182}, "version": 39, "at": 1709306383.707134}
{"obj": {"type": "AssignFloat", "path": ["cls_summary", "test", "scores", "class_1", "recall"], "value": 1.0}, "version": 40, "at": 1709306383.707217}
{"obj": {"type": "AssignFloat", "path": ["cls_summary", "test", "scores", "class_1", "fbeta_score"], "value": 0.9}, "version": 41, "at": 1709306383.7072918}
{"obj": {"type": "AssignFloat", "path": ["cls_summary", "test", "scores", "class_1", "support"], "value": 9.0}, "version": 42, "at": 1709306383.707423}
{"obj": {"type": "UploadFile", "path": ["cls_summary", "diagnostics_charts", "classification_report"], "ext": "png", "file_path": null, "tmp_file_name": "cls_summary_diagnostics_charts_classification_report-1709306383.707698-2024-03-01_10.19.43.707698.png", "clean_after_upload": false}, "version": 43, "at": 1709306383.7082229}
{"obj": {"type": "UploadFile", "path": ["cls_summary", "diagnostics_charts", "confusion_matrix"], "ext": "png", "file_path": null, "tmp_file_name": "cls_summary_diagnostics_charts_confusion_matrix-1709306383.708451-2024-03-01_10.19.43.708451.png", "clean_after_upload": false}, "version": 44, "at": 1709306383.708908}
{"obj": {"type": "UploadFile", "path": ["cls_summary", "diagnostics_charts", "ROC_AUC"], "ext": "png", "file_path": null, "tmp_file_name": "cls_summary_diagnostics_charts_ROC_AUC-1709306383.709168-2024-03-01_10.19.43.709168.png", "clean_after_upload": false}, "version": 45, "at": 1709306383.7099001}
{"obj": {"type": "UploadFile", "path": ["cls_summary", "diagnostics_charts", "precision_recall"], "ext": "png", "file_path": null, "tmp_file_name": "cls_summary_diagnostics_charts_precision_recall-1709306383.710141-2024-03-01_10.19.43.710141.png", "clean_after_upload": false}, "version": 46, "at": 1709306383.7110322}
{"obj": {"type": "UploadFile", "path": ["cls_summary", "diagnostics_charts", "class_prediction_error"], "ext": "png", "file_path": null, "tmp_file_name": "cls_summary_diagnostics_charts_class_prediction_error-1709306383.711213-2024-03-01_10.19.43.711213.png", "clean_after_upload": false}, "version": 47, "at": 1709306383.711582}
{"obj": {"type": "AssignString", "path": ["cls_summary", "integration", "about", "neptune-sklearn"], "value": "2.1.0"}, "version": 48, "at": 1709306383.711762}
{"obj": {"type": "AssignInt", "path": ["params", "rf__min_samples_split"], "value": 2}, "version": 49, "at": 1709306383.715224}
{"obj": {"type": "AssignInt", "path": ["params", "rf__n_estimators"], "value": 100}, "version": 50, "at": 1709306383.715706}
{"obj": {"type": "UploadFile", "path": ["roc_curve"], "ext": "png", "file_path": "/Users/shehjarsadhu/Desktop/UniversityOfRhodeIsland/Graduate/WBL/Project_Q2Behave/GitQ2Bheave/q2behave_data_analysis/jupyternotebooks/roc_curve_class.png", "tmp_file_name": null, "clean_after_upload": false}, "version": 51, "at": 1709306384.144554}
{"obj": {"type": "AssignFloat", "path": ["precision"], "value": 0.9090909090909091}, "version": 52, "at": 1709306384.3259149}
{"obj": {"type": "AssignFloat", "path": ["recall"], "value": 0.8888888888888888}, "version": 53, "at": 1709306384.326288}
{"obj": {"type": "AssignFloat", "path": ["f1_score"], "value": 0.8875000000000001}, "version": 54, "at": 1709306384.326453}
{"obj": {"type": "AssignFloat", "path": ["mean_train_accuracy"], "value": 1.0}, "version": 55, "at": 1709306384.326557}
{"obj": {"type": "AssignFloat", "path": ["mean_test_accuracy"], "value": 0.73125}, "version": 56, "at": 1709306384.326647}
{"obj": {"type": "AssignFloat", "path": ["mean_sensitivity"], "value": 0.7625}, "version": 57, "at": 1709306384.326733}
