{"obj": {"type": "AssignString", "path": ["sys", "name"], "value": "2-Foldtest_size_0.2_RF"}, "version": 1, "at": 1711908552.917333}
{"obj": {"type": "AssignString", "path": ["sys", "description"], "value": ""}, "version": 2, "at": 1711908552.917783}
{"obj": {"type": "AssignString", "path": ["monitoring", "6420d092", "hostname"], "value": "156.4.20.172.s.wireless.uri.edu"}, "version": 3, "at": 1711908552.91796}
{"obj": {"type": "AssignString", "path": ["sys", "hostname"], "value": "156.4.20.172.s.wireless.uri.edu"}, "version": 4, "at": 1711908552.9180968}
{"obj": {"type": "AssignString", "path": ["monitoring", "6420d092", "pid"], "value": "68236"}, "version": 5, "at": 1711908552.918226}
{"obj": {"type": "AssignString", "path": ["monitoring", "6420d092", "tid"], "value": "140704736732736"}, "version": 6, "at": 1711908552.918349}
{"obj": {"type": "AssignBool", "path": ["sys", "failed"], "value": false}, "version": 7, "at": 1711908552.9184651}
{"obj": {"type": "UploadFile", "path": ["data", "feature_table"], "ext": "html", "file_path": null, "tmp_file_name": "data_feature_table-1711908554.557221-2024-03-31_14.09.14.557221.html", "clean_after_upload": false}, "version": 8, "at": 1711908554.5605912}
{"obj": {"type": "UploadFile", "path": ["pred_prob"], "ext": "png", "file_path": "/Users/shehjarsadhu/Desktop/UniversityOfRhodeIsland/Graduate/WBL/Project_Q2Behave/GitQ2Bheave/q2behave_data_analysis/jupyternotebooks/ML_Toolbox/probability_plot.png", "tmp_file_name": null, "clean_after_upload": false}, "version": 9, "at": 1711908566.570154}
{"obj": {"type": "UploadFile", "path": ["data", "test_data"], "ext": "html", "file_path": null, "tmp_file_name": "data_test_data-1711908566.590687-2024-03-31_14.09.26.590687.html", "clean_after_upload": false}, "version": 10, "at": 1711908566.5916002}
{"obj": {"type": "AssignString", "path": ["cls_summary", "all_params", "memory"], "value": "None"}, "version": 11, "at": 1711908567.714462}
{"obj": {"type": "AssignString", "path": ["cls_summary", "all_params", "steps"], "value": "[('rf', RandomForestClassifier(max_depth=10, n_estimators=200, random_state=8))]"}, "version": 12, "at": 1711908567.7163851}
{"obj": {"type": "AssignBool", "path": ["cls_summary", "all_params", "verbose"], "value": false}, "version": 13, "at": 1711908567.716543}
{"obj": {"type": "AssignString", "path": ["cls_summary", "all_params", "rf"], "value": "RandomForestClassifier(max_depth=10, n_estimators=200, random_state=8)"}, "version": 14, "at": 1711908567.716927}
{"obj": {"type": "AssignBool", "path": ["cls_summary", "all_params", "rf__bootstrap"], "value": true}, "version": 15, "at": 1711908567.717043}
{"obj": {"type": "AssignFloat", "path": ["cls_summary", "all_params", "rf__ccp_alpha"], "value": 0.0}, "version": 16, "at": 1711908567.71713}
{"obj": {"type": "AssignString", "path": ["cls_summary", "all_params", "rf__class_weight"], "value": "None"}, "version": 17, "at": 1711908567.7172108}
{"obj": {"type": "AssignString", "path": ["cls_summary", "all_params", "rf__criterion"], "value": "gini"}, "version": 18, "at": 1711908567.717278}
{"obj": {"type": "AssignInt", "path": ["cls_summary", "all_params", "rf__max_depth"], "value": 10}, "version": 19, "at": 1711908567.7173572}
{"obj": {"type": "AssignString", "path": ["cls_summary", "all_params", "rf__max_features"], "value": "sqrt"}, "version": 20, "at": 1711908567.7174232}
{"obj": {"type": "AssignString", "path": ["cls_summary", "all_params", "rf__max_leaf_nodes"], "value": "None"}, "version": 21, "at": 1711908567.7174919}
{"obj": {"type": "AssignString", "path": ["cls_summary", "all_params", "rf__max_samples"], "value": "None"}, "version": 22, "at": 1711908567.717566}
{"obj": {"type": "AssignFloat", "path": ["cls_summary", "all_params", "rf__min_impurity_decrease"], "value": 0.0}, "version": 23, "at": 1711908567.717637}
{"obj": {"type": "AssignInt", "path": ["cls_summary", "all_params", "rf__min_samples_leaf"], "value": 1}, "version": 24, "at": 1711908567.7177038}
{"obj": {"type": "AssignInt", "path": ["cls_summary", "all_params", "rf__min_samples_split"], "value": 2}, "version": 25, "at": 1711908567.7177742}
{"obj": {"type": "AssignFloat", "path": ["cls_summary", "all_params", "rf__min_weight_fraction_leaf"], "value": 0.0}, "version": 26, "at": 1711908567.7178361}
{"obj": {"type": "AssignInt", "path": ["cls_summary", "all_params", "rf__n_estimators"], "value": 200}, "version": 27, "at": 1711908567.7179022}
{"obj": {"type": "AssignString", "path": ["cls_summary", "all_params", "rf__n_jobs"], "value": "None"}, "version": 28, "at": 1711908567.718125}
{"obj": {"type": "AssignBool", "path": ["cls_summary", "all_params", "rf__oob_score"], "value": false}, "version": 29, "at": 1711908567.718234}
{"obj": {"type": "AssignInt", "path": ["cls_summary", "all_params", "rf__random_state"], "value": 8}, "version": 30, "at": 1711908567.718294}
{"obj": {"type": "AssignInt", "path": ["cls_summary", "all_params", "rf__verbose"], "value": 0}, "version": 31, "at": 1711908567.7183502}
{"obj": {"type": "AssignBool", "path": ["cls_summary", "all_params", "rf__warm_start"], "value": false}, "version": 32, "at": 1711908567.71841}
{"obj": {"type": "UploadFile", "path": ["cls_summary", "pickled_model"], "ext": "pkl", "file_path": null, "tmp_file_name": "cls_summary_pickled_model-1711908567.718489-2024-03-31_14.09.27.718489.pkl", "clean_after_upload": false}, "version": 33, "at": 1711908567.719466}
{"obj": {"type": "UploadFile", "path": ["cls_summary", "test", "preds"], "ext": "html", "file_path": null, "tmp_file_name": "cls_summary_test_preds-1711908567.719644-2024-03-31_14.09.27.719644.html", "clean_after_upload": false}, "version": 34, "at": 1711908567.720018}
{"obj": {"type": "UploadFile", "path": ["cls_summary", "test", "preds_proba"], "ext": "html", "file_path": null, "tmp_file_name": "cls_summary_test_preds_proba-1711908567.720175-2024-03-31_14.09.27.720175.html", "clean_after_upload": false}, "version": 35, "at": 1711908567.7204108}
{"obj": {"type": "AssignFloat", "path": ["cls_summary", "test", "scores", "class_0", "precision"], "value": 0.5789473684210527}, "version": 36, "at": 1711908567.720737}
{"obj": {"type": "AssignFloat", "path": ["cls_summary", "test", "scores", "class_0", "recall"], "value": 0.44}, "version": 37, "at": 1711908567.7208252}
{"obj": {"type": "AssignFloat", "path": ["cls_summary", "test", "scores", "class_0", "fbeta_score"], "value": 0.5}, "version": 38, "at": 1711908567.72089}
{"obj": {"type": "AssignFloat", "path": ["cls_summary", "test", "scores", "class_0", "support"], "value": 25.0}, "version": 39, "at": 1711908567.7209542}
{"obj": {"type": "AssignFloat", "path": ["cls_summary", "test", "scores", "class_1", "precision"], "value": 0.5483870967741935}, "version": 40, "at": 1711908567.7210538}
{"obj": {"type": "AssignFloat", "path": ["cls_summary", "test", "scores", "class_1", "recall"], "value": 0.68}, "version": 41, "at": 1711908567.7211149}
{"obj": {"type": "AssignFloat", "path": ["cls_summary", "test", "scores", "class_1", "fbeta_score"], "value": 0.6071428571428571}, "version": 42, "at": 1711908567.7211719}
{"obj": {"type": "AssignFloat", "path": ["cls_summary", "test", "scores", "class_1", "support"], "value": 25.0}, "version": 43, "at": 1711908567.7212312}
{"obj": {"type": "UploadFile", "path": ["cls_summary", "diagnostics_charts", "classification_report"], "ext": "png", "file_path": null, "tmp_file_name": "cls_summary_diagnostics_charts_classification_report-1711908567.721319-2024-03-31_14.09.27.721319.png", "clean_after_upload": false}, "version": 44, "at": 1711908567.721569}
{"obj": {"type": "UploadFile", "path": ["cls_summary", "diagnostics_charts", "confusion_matrix"], "ext": "png", "file_path": null, "tmp_file_name": "cls_summary_diagnostics_charts_confusion_matrix-1711908567.721649-2024-03-31_14.09.27.721649.png", "clean_after_upload": false}, "version": 45, "at": 1711908567.7219079}
{"obj": {"type": "UploadFile", "path": ["cls_summary", "diagnostics_charts", "ROC_AUC"], "ext": "png", "file_path": null, "tmp_file_name": "cls_summary_diagnostics_charts_ROC_AUC-1711908567.721985-2024-03-31_14.09.27.721985.png", "clean_after_upload": false}, "version": 46, "at": 1711908567.722333}
{"obj": {"type": "UploadFile", "path": ["cls_summary", "diagnostics_charts", "precision_recall"], "ext": "png", "file_path": null, "tmp_file_name": "cls_summary_diagnostics_charts_precision_recall-1711908567.722495-2024-03-31_14.09.27.722495.png", "clean_after_upload": false}, "version": 47, "at": 1711908567.7227}
{"obj": {"type": "UploadFile", "path": ["cls_summary", "diagnostics_charts", "class_prediction_error"], "ext": "png", "file_path": null, "tmp_file_name": "cls_summary_diagnostics_charts_class_prediction_error-1711908567.722774-2024-03-31_14.09.27.722774.png", "clean_after_upload": false}, "version": 48, "at": 1711908567.72302}
{"obj": {"type": "AssignString", "path": ["cls_summary", "integration", "about", "neptune-sklearn"], "value": "2.1.0"}, "version": 49, "at": 1711908567.723124}
{"obj": {"type": "AssignInt", "path": ["params", "rf__max_depth"], "value": 10}, "version": 50, "at": 1711908567.725163}
{"obj": {"type": "AssignInt", "path": ["params", "rf__min_samples_split"], "value": 2}, "version": 51, "at": 1711908567.725301}
{"obj": {"type": "AssignInt", "path": ["params", "rf__n_estimators"], "value": 200}, "version": 52, "at": 1711908567.725368}
{"obj": {"type": "UploadFile", "path": ["feature_importance"], "ext": "png", "file_path": "/Users/shehjarsadhu/Desktop/UniversityOfRhodeIsland/Graduate/WBL/Project_Q2Behave/GitQ2Bheave/q2behave_data_analysis/jupyternotebooks/ML_Toolbox/feature_importance.png", "tmp_file_name": null, "clean_after_upload": false}, "version": 53, "at": 1711908575.93611}
{"obj": {"type": "UploadFile", "path": ["roc_curve"], "ext": "png", "file_path": "/Users/shehjarsadhu/Desktop/UniversityOfRhodeIsland/Graduate/WBL/Project_Q2Behave/GitQ2Bheave/q2behave_data_analysis/jupyternotebooks/ML_Toolbox/roc_curve_class.png", "tmp_file_name": null, "clean_after_upload": false}, "version": 54, "at": 1711908576.060353}
{"obj": {"type": "AssignFloat", "path": ["precision"], "value": 0.5636672325976231}, "version": 55, "at": 1711908576.4062982}
{"obj": {"type": "AssignFloat", "path": ["recall"], "value": 0.56}, "version": 56, "at": 1711908576.40667}
{"obj": {"type": "AssignFloat", "path": ["f1_score"], "value": 0.5535714285714285}, "version": 57, "at": 1711908576.406762}
{"obj": {"type": "AssignFloat", "path": ["mean_train_accuracy"], "value": 1.0}, "version": 58, "at": 1711908576.406844}
{"obj": {"type": "AssignFloat", "path": ["mean_test_accuracy"], "value": 0.595}, "version": 59, "at": 1711908576.406923}
{"obj": {"type": "AssignFloat", "path": ["mean_sensitivity"], "value": 0.68}, "version": 60, "at": 1711908576.407027}
