{"obj": {"type": "AssignString", "path": ["sys", "name"], "value": "3-Foldtest_size_0.2_RF"}, "version": 1, "at": 1712108875.2133389}
{"obj": {"type": "AssignString", "path": ["sys", "description"], "value": ""}, "version": 2, "at": 1712108875.214879}
{"obj": {"type": "AssignString", "path": ["monitoring", "38481bb5", "hostname"], "value": "156.4.20.172.s.wireless.uri.edu"}, "version": 3, "at": 1712108875.2153971}
{"obj": {"type": "AssignString", "path": ["sys", "hostname"], "value": "156.4.20.172.s.wireless.uri.edu"}, "version": 4, "at": 1712108875.215626}
{"obj": {"type": "AssignString", "path": ["monitoring", "38481bb5", "pid"], "value": "55672"}, "version": 5, "at": 1712108875.2158122}
{"obj": {"type": "AssignString", "path": ["monitoring", "38481bb5", "tid"], "value": "140704701883968"}, "version": 6, "at": 1712108875.216025}
{"obj": {"type": "AssignBool", "path": ["sys", "failed"], "value": false}, "version": 7, "at": 1712108875.2166421}
{"obj": {"type": "AssignString", "path": ["pid"], "value": "P14"}, "version": 8, "at": 1712108875.226624}
{"obj": {"type": "UploadFile", "path": ["data", "feature_table"], "ext": "html", "file_path": null, "tmp_file_name": "data_feature_table-1712108875.952783-2024-04-02_21.47.55.952783.html", "clean_after_upload": false}, "version": 9, "at": 1712108875.9565089}
{"obj": {"type": "AssignString", "path": ["original"], "value": "type\n0    1403\n1      57\nName: count, dtype: int64"}, "version": 10, "at": 1712108875.957598}
{"obj": {"type": "AssignString", "path": ["train_samples_undersampled"], "value": "type\n0    57\n1    57\nName: count, dtype: int64"}, "version": 11, "at": 1712108875.958334}
{"obj": {"type": "AssignString", "path": ["test_samples_undersampled"], "value": "type\n0    12\n1    11\nName: count, dtype: int64"}, "version": 12, "at": 1712108875.958712}
{"obj": {"type": "UploadFile", "path": ["data", "test_data"], "ext": "html", "file_path": null, "tmp_file_name": "data_test_data-1712108881.84429-2024-04-02_21.48.01.844290.html", "clean_after_upload": false}, "version": 13, "at": 1712108881.8452768}
{"obj": {"type": "AssignString", "path": ["cls_summary", "all_params", "memory"], "value": "None"}, "version": 14, "at": 1712108882.559577}
{"obj": {"type": "AssignString", "path": ["cls_summary", "all_params", "steps"], "value": "[('rf', RandomForestClassifier(random_state=8))]"}, "version": 15, "at": 1712108882.5599842}
{"obj": {"type": "AssignBool", "path": ["cls_summary", "all_params", "verbose"], "value": false}, "version": 16, "at": 1712108882.560075}
{"obj": {"type": "AssignString", "path": ["cls_summary", "all_params", "rf"], "value": "RandomForestClassifier(random_state=8)"}, "version": 17, "at": 1712108882.5603032}
{"obj": {"type": "AssignBool", "path": ["cls_summary", "all_params", "rf__bootstrap"], "value": true}, "version": 18, "at": 1712108882.560371}
{"obj": {"type": "AssignFloat", "path": ["cls_summary", "all_params", "rf__ccp_alpha"], "value": 0.0}, "version": 19, "at": 1712108882.560439}
{"obj": {"type": "AssignString", "path": ["cls_summary", "all_params", "rf__class_weight"], "value": "None"}, "version": 20, "at": 1712108882.5605068}
{"obj": {"type": "AssignString", "path": ["cls_summary", "all_params", "rf__criterion"], "value": "gini"}, "version": 21, "at": 1712108882.5605671}
{"obj": {"type": "AssignString", "path": ["cls_summary", "all_params", "rf__max_depth"], "value": "None"}, "version": 22, "at": 1712108882.560629}
{"obj": {"type": "AssignString", "path": ["cls_summary", "all_params", "rf__max_features"], "value": "sqrt"}, "version": 23, "at": 1712108882.560687}
{"obj": {"type": "AssignString", "path": ["cls_summary", "all_params", "rf__max_leaf_nodes"], "value": "None"}, "version": 24, "at": 1712108882.560746}
{"obj": {"type": "AssignString", "path": ["cls_summary", "all_params", "rf__max_samples"], "value": "None"}, "version": 25, "at": 1712108882.560809}
{"obj": {"type": "AssignFloat", "path": ["cls_summary", "all_params", "rf__min_impurity_decrease"], "value": 0.0}, "version": 26, "at": 1712108882.560865}
{"obj": {"type": "AssignInt", "path": ["cls_summary", "all_params", "rf__min_samples_leaf"], "value": 1}, "version": 27, "at": 1712108882.560927}
{"obj": {"type": "AssignInt", "path": ["cls_summary", "all_params", "rf__min_samples_split"], "value": 2}, "version": 28, "at": 1712108882.560981}
{"obj": {"type": "AssignFloat", "path": ["cls_summary", "all_params", "rf__min_weight_fraction_leaf"], "value": 0.0}, "version": 29, "at": 1712108882.561034}
{"obj": {"type": "AssignInt", "path": ["cls_summary", "all_params", "rf__n_estimators"], "value": 100}, "version": 30, "at": 1712108882.5611498}
{"obj": {"type": "AssignString", "path": ["cls_summary", "all_params", "rf__n_jobs"], "value": "None"}, "version": 31, "at": 1712108882.561274}
{"obj": {"type": "AssignBool", "path": ["cls_summary", "all_params", "rf__oob_score"], "value": false}, "version": 32, "at": 1712108882.561342}
{"obj": {"type": "AssignInt", "path": ["cls_summary", "all_params", "rf__random_state"], "value": 8}, "version": 33, "at": 1712108882.5614011}
{"obj": {"type": "AssignInt", "path": ["cls_summary", "all_params", "rf__verbose"], "value": 0}, "version": 34, "at": 1712108882.561457}
{"obj": {"type": "AssignBool", "path": ["cls_summary", "all_params", "rf__warm_start"], "value": false}, "version": 35, "at": 1712108882.561513}
{"obj": {"type": "UploadFile", "path": ["cls_summary", "pickled_model"], "ext": "pkl", "file_path": null, "tmp_file_name": "cls_summary_pickled_model-1712108882.561579-2024-04-02_21.48.02.561579.pkl", "clean_after_upload": false}, "version": 36, "at": 1712108882.562946}
{"obj": {"type": "UploadFile", "path": ["cls_summary", "test", "preds"], "ext": "html", "file_path": null, "tmp_file_name": "cls_summary_test_preds-1712108882.563157-2024-04-02_21.48.02.563157.html", "clean_after_upload": false}, "version": 37, "at": 1712108882.563586}
{"obj": {"type": "UploadFile", "path": ["cls_summary", "test", "preds_proba"], "ext": "html", "file_path": null, "tmp_file_name": "cls_summary_test_preds_proba-1712108882.563756-2024-04-02_21.48.02.563756.html", "clean_after_upload": false}, "version": 38, "at": 1712108882.5641}
{"obj": {"type": "AssignFloat", "path": ["cls_summary", "test", "scores", "class_0", "precision"], "value": 0.8888888888888888}, "version": 39, "at": 1712108882.56432}
{"obj": {"type": "AssignFloat", "path": ["cls_summary", "test", "scores", "class_0", "recall"], "value": 0.6666666666666666}, "version": 40, "at": 1712108882.564393}
{"obj": {"type": "AssignFloat", "path": ["cls_summary", "test", "scores", "class_0", "fbeta_score"], "value": 0.761904761904762}, "version": 41, "at": 1712108882.564451}
{"obj": {"type": "AssignFloat", "path": ["cls_summary", "test", "scores", "class_0", "support"], "value": 12.0}, "version": 42, "at": 1712108882.564511}
{"obj": {"type": "AssignFloat", "path": ["cls_summary", "test", "scores", "class_1", "precision"], "value": 0.7142857142857143}, "version": 43, "at": 1712108882.564597}
{"obj": {"type": "AssignFloat", "path": ["cls_summary", "test", "scores", "class_1", "recall"], "value": 0.9090909090909091}, "version": 44, "at": 1712108882.564656}
{"obj": {"type": "AssignFloat", "path": ["cls_summary", "test", "scores", "class_1", "fbeta_score"], "value": 0.8}, "version": 45, "at": 1712108882.5647192}
{"obj": {"type": "AssignFloat", "path": ["cls_summary", "test", "scores", "class_1", "support"], "value": 11.0}, "version": 46, "at": 1712108882.564811}
{"obj": {"type": "UploadFile", "path": ["cls_summary", "diagnostics_charts", "classification_report"], "ext": "png", "file_path": null, "tmp_file_name": "cls_summary_diagnostics_charts_classification_report-1712108882.564923-2024-04-02_21.48.02.564923.png", "clean_after_upload": false}, "version": 47, "at": 1712108882.5652008}
{"obj": {"type": "UploadFile", "path": ["cls_summary", "diagnostics_charts", "confusion_matrix"], "ext": "png", "file_path": null, "tmp_file_name": "cls_summary_diagnostics_charts_confusion_matrix-1712108882.565292-2024-04-02_21.48.02.565292.png", "clean_after_upload": false}, "version": 48, "at": 1712108882.565543}
{"obj": {"type": "UploadFile", "path": ["cls_summary", "diagnostics_charts", "ROC_AUC"], "ext": "png", "file_path": null, "tmp_file_name": "cls_summary_diagnostics_charts_ROC_AUC-1712108882.565617-2024-04-02_21.48.02.565617.png", "clean_after_upload": false}, "version": 49, "at": 1712108882.565834}
{"obj": {"type": "UploadFile", "path": ["cls_summary", "diagnostics_charts", "precision_recall"], "ext": "png", "file_path": null, "tmp_file_name": "cls_summary_diagnostics_charts_precision_recall-1712108882.565912-2024-04-02_21.48.02.565912.png", "clean_after_upload": false}, "version": 50, "at": 1712108882.566158}
{"obj": {"type": "UploadFile", "path": ["cls_summary", "diagnostics_charts", "class_prediction_error"], "ext": "png", "file_path": null, "tmp_file_name": "cls_summary_diagnostics_charts_class_prediction_error-1712108882.566268-2024-04-02_21.48.02.566268.png", "clean_after_upload": false}, "version": 51, "at": 1712108882.566546}
{"obj": {"type": "AssignString", "path": ["cls_summary", "integration", "about", "neptune-sklearn"], "value": "2.1.0"}, "version": 52, "at": 1712108882.566684}
{"obj": {"type": "AssignInt", "path": ["params", "rf__min_samples_split"], "value": 2}, "version": 53, "at": 1712108882.566966}
{"obj": {"type": "AssignInt", "path": ["params", "rf__n_estimators"], "value": 100}, "version": 54, "at": 1712108882.567035}
{"obj": {"type": "UploadFile", "path": ["data", "feature_importance"], "ext": "html", "file_path": null, "tmp_file_name": "data_feature_importance-1712108891.463313-2024-04-02_21.48.11.463313.html", "clean_after_upload": false}, "version": 55, "at": 1712108891.463667}
{"obj": {"type": "UploadFile", "path": ["feature_importance"], "ext": "png", "file_path": "/Users/shehjarsadhu/Desktop/UniversityOfRhodeIsland/Graduate/WBL/Project_Q2Behave/GitQ2Bheave/q2behave_data_analysis/jupyternotebooks/ML_Toolbox/feature_importance.png", "tmp_file_name": null, "clean_after_upload": false}, "version": 56, "at": 1712108891.544849}
{"obj": {"type": "UploadFile", "path": ["roc_curve"], "ext": "png", "file_path": "/Users/shehjarsadhu/Desktop/UniversityOfRhodeIsland/Graduate/WBL/Project_Q2Behave/GitQ2Bheave/q2behave_data_analysis/jupyternotebooks/ML_Toolbox/roc_curve_class.png", "tmp_file_name": null, "clean_after_upload": false}, "version": 57, "at": 1712108891.648053}
{"obj": {"type": "AssignFloat", "path": ["precision"], "value": 0.8053830227743272}, "version": 58, "at": 1712108891.846998}
{"obj": {"type": "AssignFloat", "path": ["recall"], "value": 0.782608695652174}, "version": 59, "at": 1712108891.847574}
{"obj": {"type": "AssignFloat", "path": ["f1_score"], "value": 0.7801242236024845}, "version": 60, "at": 1712108891.8476741}
{"obj": {"type": "AssignFloat", "path": ["mean_train_accuracy"], "value": 1.0}, "version": 61, "at": 1712108891.8477519}
{"obj": {"type": "AssignFloat", "path": ["mean_test_accuracy"], "value": 0.6754385964912281}, "version": 62, "at": 1712108891.8478222}
{"obj": {"type": "AssignFloat", "path": ["mean_sensitivity"], "value": 0.5789473684210527}, "version": 63, "at": 1712108891.847889}
