{"obj": {"type": "AssignString", "path": ["sys", "name"], "value": "3-Foldtest_size_0.2_RF"}, "version": 1, "at": 1712107656.246919}
{"obj": {"type": "AssignString", "path": ["sys", "description"], "value": ""}, "version": 2, "at": 1712107656.247359}
{"obj": {"type": "AssignString", "path": ["monitoring", "84ccd307", "hostname"], "value": "156.4.20.172.s.wireless.uri.edu"}, "version": 3, "at": 1712107656.2475789}
{"obj": {"type": "AssignString", "path": ["sys", "hostname"], "value": "156.4.20.172.s.wireless.uri.edu"}, "version": 4, "at": 1712107656.247752}
{"obj": {"type": "AssignString", "path": ["monitoring", "84ccd307", "pid"], "value": "51560"}, "version": 5, "at": 1712107656.247919}
{"obj": {"type": "AssignString", "path": ["monitoring", "84ccd307", "tid"], "value": "140704701883968"}, "version": 6, "at": 1712107656.248091}
{"obj": {"type": "AssignBool", "path": ["sys", "failed"], "value": false}, "version": 7, "at": 1712107656.248215}
{"obj": {"type": "AssignString", "path": ["pid"], "value": "P13"}, "version": 8, "at": 1712107656.2568178}
{"obj": {"type": "UploadFile", "path": ["data", "feature_table"], "ext": "html", "file_path": null, "tmp_file_name": "data_feature_table-1712107657.61211-2024-04-02_21.27.37.612110.html", "clean_after_upload": false}, "version": 9, "at": 1712107657.615607}
{"obj": {"type": "AssignString", "path": ["original"], "value": "type\n0    2532\n1     449\nName: count, dtype: int64"}, "version": 10, "at": 1712107657.6168692}
{"obj": {"type": "AssignString", "path": ["train_samples_undersampled"], "value": "type\n0    449\n1    449\nName: count, dtype: int64"}, "version": 11, "at": 1712107657.6173341}
{"obj": {"type": "AssignString", "path": ["test_samples_undersampled"], "value": "type\n0    90\n1    90\nName: count, dtype: int64"}, "version": 12, "at": 1712107657.6176808}
{"obj": {"type": "UploadFile", "path": ["data", "test_data"], "ext": "html", "file_path": null, "tmp_file_name": "data_test_data-1712107669.612225-2024-04-02_21.27.49.612225.html", "clean_after_upload": false}, "version": 13, "at": 1712107669.612708}
{"obj": {"type": "AssignString", "path": ["cls_summary", "all_params", "memory"], "value": "None"}, "version": 14, "at": 1712107670.5438101}
{"obj": {"type": "AssignString", "path": ["cls_summary", "all_params", "steps"], "value": "[('rf', RandomForestClassifier(max_depth=10, min_samples_split=5, random_state=8))]"}, "version": 15, "at": 1712107670.544197}
{"obj": {"type": "AssignBool", "path": ["cls_summary", "all_params", "verbose"], "value": false}, "version": 16, "at": 1712107670.544278}
{"obj": {"type": "AssignString", "path": ["cls_summary", "all_params", "rf"], "value": "RandomForestClassifier(max_depth=10, min_samples_split=5, random_state=8)"}, "version": 17, "at": 1712107670.544492}
{"obj": {"type": "AssignBool", "path": ["cls_summary", "all_params", "rf__bootstrap"], "value": true}, "version": 18, "at": 1712107670.544555}
{"obj": {"type": "AssignFloat", "path": ["cls_summary", "all_params", "rf__ccp_alpha"], "value": 0.0}, "version": 19, "at": 1712107670.544616}
{"obj": {"type": "AssignString", "path": ["cls_summary", "all_params", "rf__class_weight"], "value": "None"}, "version": 20, "at": 1712107670.544676}
{"obj": {"type": "AssignString", "path": ["cls_summary", "all_params", "rf__criterion"], "value": "gini"}, "version": 21, "at": 1712107670.544731}
{"obj": {"type": "AssignInt", "path": ["cls_summary", "all_params", "rf__max_depth"], "value": 10}, "version": 22, "at": 1712107670.5447922}
{"obj": {"type": "AssignString", "path": ["cls_summary", "all_params", "rf__max_features"], "value": "sqrt"}, "version": 23, "at": 1712107670.544845}
{"obj": {"type": "AssignString", "path": ["cls_summary", "all_params", "rf__max_leaf_nodes"], "value": "None"}, "version": 24, "at": 1712107670.5449011}
{"obj": {"type": "AssignString", "path": ["cls_summary", "all_params", "rf__max_samples"], "value": "None"}, "version": 25, "at": 1712107670.544956}
{"obj": {"type": "AssignFloat", "path": ["cls_summary", "all_params", "rf__min_impurity_decrease"], "value": 0.0}, "version": 26, "at": 1712107670.545007}
{"obj": {"type": "AssignInt", "path": ["cls_summary", "all_params", "rf__min_samples_leaf"], "value": 1}, "version": 27, "at": 1712107670.545056}
{"obj": {"type": "AssignInt", "path": ["cls_summary", "all_params", "rf__min_samples_split"], "value": 5}, "version": 28, "at": 1712107670.5451038}
{"obj": {"type": "AssignFloat", "path": ["cls_summary", "all_params", "rf__min_weight_fraction_leaf"], "value": 0.0}, "version": 29, "at": 1712107670.5451531}
{"obj": {"type": "AssignInt", "path": ["cls_summary", "all_params", "rf__n_estimators"], "value": 100}, "version": 30, "at": 1712107670.545202}
{"obj": {"type": "AssignString", "path": ["cls_summary", "all_params", "rf__n_jobs"], "value": "None"}, "version": 31, "at": 1712107670.5452569}
{"obj": {"type": "AssignBool", "path": ["cls_summary", "all_params", "rf__oob_score"], "value": false}, "version": 32, "at": 1712107670.5453062}
{"obj": {"type": "AssignInt", "path": ["cls_summary", "all_params", "rf__random_state"], "value": 8}, "version": 33, "at": 1712107670.545353}
{"obj": {"type": "AssignInt", "path": ["cls_summary", "all_params", "rf__verbose"], "value": 0}, "version": 34, "at": 1712107670.545399}
{"obj": {"type": "AssignBool", "path": ["cls_summary", "all_params", "rf__warm_start"], "value": false}, "version": 35, "at": 1712107670.5454469}
{"obj": {"type": "UploadFile", "path": ["cls_summary", "pickled_model"], "ext": "pkl", "file_path": null, "tmp_file_name": "cls_summary_pickled_model-1712107670.545505-2024-04-02_21.27.50.545505.pkl", "clean_after_upload": false}, "version": 36, "at": 1712107670.5461278}
{"obj": {"type": "UploadFile", "path": ["cls_summary", "test", "preds"], "ext": "html", "file_path": null, "tmp_file_name": "cls_summary_test_preds-1712107670.546249-2024-04-02_21.27.50.546249.html", "clean_after_upload": false}, "version": 37, "at": 1712107670.546447}
{"obj": {"type": "UploadFile", "path": ["cls_summary", "test", "preds_proba"], "ext": "html", "file_path": null, "tmp_file_name": "cls_summary_test_preds_proba-1712107670.546545-2024-04-02_21.27.50.546545.html", "clean_after_upload": false}, "version": 38, "at": 1712107670.546717}
{"obj": {"type": "AssignFloat", "path": ["cls_summary", "test", "scores", "class_0", "precision"], "value": 0.8490566037735849}, "version": 39, "at": 1712107670.546887}
{"obj": {"type": "AssignFloat", "path": ["cls_summary", "test", "scores", "class_0", "recall"], "value": 1.0}, "version": 40, "at": 1712107670.546976}
{"obj": {"type": "AssignFloat", "path": ["cls_summary", "test", "scores", "class_0", "fbeta_score"], "value": 0.9183673469387755}, "version": 41, "at": 1712107670.547035}
{"obj": {"type": "AssignFloat", "path": ["cls_summary", "test", "scores", "class_0", "support"], "value": 90.0}, "version": 42, "at": 1712107670.547094}
{"obj": {"type": "AssignFloat", "path": ["cls_summary", "test", "scores", "class_1", "precision"], "value": 1.0}, "version": 43, "at": 1712107670.54718}
{"obj": {"type": "AssignFloat", "path": ["cls_summary", "test", "scores", "class_1", "recall"], "value": 0.8222222222222222}, "version": 44, "at": 1712107670.5472372}
{"obj": {"type": "AssignFloat", "path": ["cls_summary", "test", "scores", "class_1", "fbeta_score"], "value": 0.9024390243902439}, "version": 45, "at": 1712107670.5472908}
{"obj": {"type": "AssignFloat", "path": ["cls_summary", "test", "scores", "class_1", "support"], "value": 90.0}, "version": 46, "at": 1712107670.547349}
{"obj": {"type": "UploadFile", "path": ["cls_summary", "diagnostics_charts", "classification_report"], "ext": "png", "file_path": null, "tmp_file_name": "cls_summary_diagnostics_charts_classification_report-1712107670.547448-2024-04-02_21.27.50.547448.png", "clean_after_upload": false}, "version": 47, "at": 1712107670.547633}
{"obj": {"type": "UploadFile", "path": ["cls_summary", "diagnostics_charts", "confusion_matrix"], "ext": "png", "file_path": null, "tmp_file_name": "cls_summary_diagnostics_charts_confusion_matrix-1712107670.547704-2024-04-02_21.27.50.547704.png", "clean_after_upload": false}, "version": 48, "at": 1712107670.547884}
{"obj": {"type": "UploadFile", "path": ["cls_summary", "diagnostics_charts", "ROC_AUC"], "ext": "png", "file_path": null, "tmp_file_name": "cls_summary_diagnostics_charts_ROC_AUC-1712107670.547952-2024-04-02_21.27.50.547952.png", "clean_after_upload": false}, "version": 49, "at": 1712107670.548156}
{"obj": {"type": "UploadFile", "path": ["cls_summary", "diagnostics_charts", "precision_recall"], "ext": "png", "file_path": null, "tmp_file_name": "cls_summary_diagnostics_charts_precision_recall-1712107670.54823-2024-04-02_21.27.50.548230.png", "clean_after_upload": false}, "version": 50, "at": 1712107670.548429}
{"obj": {"type": "UploadFile", "path": ["cls_summary", "diagnostics_charts", "class_prediction_error"], "ext": "png", "file_path": null, "tmp_file_name": "cls_summary_diagnostics_charts_class_prediction_error-1712107670.548504-2024-04-02_21.27.50.548504.png", "clean_after_upload": false}, "version": 51, "at": 1712107670.5486941}
{"obj": {"type": "AssignString", "path": ["cls_summary", "integration", "about", "neptune-sklearn"], "value": "2.1.0"}, "version": 52, "at": 1712107670.548794}
{"obj": {"type": "AssignInt", "path": ["params", "rf__max_depth"], "value": 10}, "version": 53, "at": 1712107670.548908}
{"obj": {"type": "AssignInt", "path": ["params", "rf__min_samples_split"], "value": 5}, "version": 54, "at": 1712107670.5489652}
{"obj": {"type": "AssignInt", "path": ["params", "rf__n_estimators"], "value": 100}, "version": 55, "at": 1712107670.5490382}
{"obj": {"type": "UploadFile", "path": ["data", "feature_importance"], "ext": "html", "file_path": null, "tmp_file_name": "data_feature_importance-1712107687.665888-2024-04-02_21.28.07.665888.html", "clean_after_upload": false}, "version": 56, "at": 1712107687.666324}
{"obj": {"type": "UploadFile", "path": ["feature_importance"], "ext": "png", "file_path": "/Users/shehjarsadhu/Desktop/UniversityOfRhodeIsland/Graduate/WBL/Project_Q2Behave/GitQ2Bheave/q2behave_data_analysis/jupyternotebooks/ML_Toolbox/feature_importance.png", "tmp_file_name": null, "clean_after_upload": false}, "version": 57, "at": 1712107687.740643}
{"obj": {"type": "UploadFile", "path": ["roc_curve"], "ext": "png", "file_path": "/Users/shehjarsadhu/Desktop/UniversityOfRhodeIsland/Graduate/WBL/Project_Q2Behave/GitQ2Bheave/q2behave_data_analysis/jupyternotebooks/ML_Toolbox/roc_curve_class.png", "tmp_file_name": null, "clean_after_upload": false}, "version": 58, "at": 1712107687.847318}
{"obj": {"type": "AssignFloat", "path": ["precision"], "value": 0.9245283018867925}, "version": 59, "at": 1712107688.0614028}
{"obj": {"type": "AssignFloat", "path": ["recall"], "value": 0.9111111111111111}, "version": 60, "at": 1712107688.0621529}
{"obj": {"type": "AssignFloat", "path": ["f1_score"], "value": 0.9104031856645096}, "version": 61, "at": 1712107688.062259}
{"obj": {"type": "AssignFloat", "path": ["mean_train_accuracy"], "value": 0.9877499288111178}, "version": 62, "at": 1712107688.062496}
{"obj": {"type": "AssignFloat", "path": ["mean_test_accuracy"], "value": 0.869721293199554}, "version": 63, "at": 1712107688.062675}
{"obj": {"type": "AssignFloat", "path": ["mean_sensitivity"], "value": 0.8307680835197614}, "version": 64, "at": 1712107688.0627708}
