{"obj": {"type": "AssignString", "path": ["sys", "name"], "value": "8-Foldtest_size_0.2_RF"}, "version": 1, "at": 1708188029.781644}
{"obj": {"type": "AssignString", "path": ["sys", "description"], "value": ""}, "version": 2, "at": 1708188029.782059}
{"obj": {"type": "AssignString", "path": ["monitoring", "c68c66ed", "hostname"], "value": "156.4.20.172.s.wireless.uri.edu"}, "version": 3, "at": 1708188029.7822988}
{"obj": {"type": "AssignString", "path": ["sys", "hostname"], "value": "156.4.20.172.s.wireless.uri.edu"}, "version": 4, "at": 1708188029.7824352}
{"obj": {"type": "AssignString", "path": ["monitoring", "c68c66ed", "pid"], "value": "7280"}, "version": 5, "at": 1708188029.782563}
{"obj": {"type": "AssignString", "path": ["monitoring", "c68c66ed", "tid"], "value": "140704465368640"}, "version": 6, "at": 1708188029.782686}
{"obj": {"type": "AssignBool", "path": ["sys", "failed"], "value": false}, "version": 7, "at": 1708188029.782779}
{"obj": {"type": "UploadFile", "path": ["data", "feature_table"], "ext": "html", "file_path": null, "tmp_file_name": "data_feature_table-1708188030.561419-2024-02-17_11.40.30.561419.html", "clean_after_upload": false}, "version": 8, "at": 1708188030.5652301}
{"obj": {"type": "UploadFile", "path": ["data", "test_data"], "ext": "html", "file_path": null, "tmp_file_name": "data_test_data-1708188059.963073-2024-02-17_11.40.59.963073.html", "clean_after_upload": false}, "version": 9, "at": 1708188059.963594}
{"obj": {"type": "AssignString", "path": ["cls_summary", "all_params", "memory"], "value": "None"}, "version": 10, "at": 1708188061.273696}
{"obj": {"type": "AssignString", "path": ["cls_summary", "all_params", "steps"], "value": "[('rf', RandomForestClassifier(max_depth=20, min_samples_split=5, n_estimators=300,\n                       random_state=8))]"}, "version": 11, "at": 1708188061.275247}
{"obj": {"type": "AssignBool", "path": ["cls_summary", "all_params", "verbose"], "value": false}, "version": 12, "at": 1708188061.2754729}
{"obj": {"type": "AssignString", "path": ["cls_summary", "all_params", "rf"], "value": "RandomForestClassifier(max_depth=20, min_samples_split=5, n_estimators=300,\n                       random_state=8)"}, "version": 13, "at": 1708188061.276473}
{"obj": {"type": "AssignBool", "path": ["cls_summary", "all_params", "rf__bootstrap"], "value": true}, "version": 14, "at": 1708188061.2768462}
{"obj": {"type": "AssignFloat", "path": ["cls_summary", "all_params", "rf__ccp_alpha"], "value": 0.0}, "version": 15, "at": 1708188061.277215}
{"obj": {"type": "AssignString", "path": ["cls_summary", "all_params", "rf__class_weight"], "value": "None"}, "version": 16, "at": 1708188061.2774742}
{"obj": {"type": "AssignString", "path": ["cls_summary", "all_params", "rf__criterion"], "value": "gini"}, "version": 17, "at": 1708188061.2775738}
{"obj": {"type": "AssignInt", "path": ["cls_summary", "all_params", "rf__max_depth"], "value": 20}, "version": 18, "at": 1708188061.27767}
{"obj": {"type": "AssignString", "path": ["cls_summary", "all_params", "rf__max_features"], "value": "sqrt"}, "version": 19, "at": 1708188061.2777312}
{"obj": {"type": "AssignString", "path": ["cls_summary", "all_params", "rf__max_leaf_nodes"], "value": "None"}, "version": 20, "at": 1708188061.277865}
{"obj": {"type": "AssignString", "path": ["cls_summary", "all_params", "rf__max_samples"], "value": "None"}, "version": 21, "at": 1708188061.277952}
{"obj": {"type": "AssignFloat", "path": ["cls_summary", "all_params", "rf__min_impurity_decrease"], "value": 0.0}, "version": 22, "at": 1708188061.278008}
{"obj": {"type": "AssignInt", "path": ["cls_summary", "all_params", "rf__min_samples_leaf"], "value": 1}, "version": 23, "at": 1708188061.278102}
{"obj": {"type": "AssignInt", "path": ["cls_summary", "all_params", "rf__min_samples_split"], "value": 5}, "version": 24, "at": 1708188061.278177}
{"obj": {"type": "AssignFloat", "path": ["cls_summary", "all_params", "rf__min_weight_fraction_leaf"], "value": 0.0}, "version": 25, "at": 1708188061.278229}
{"obj": {"type": "AssignInt", "path": ["cls_summary", "all_params", "rf__n_estimators"], "value": 300}, "version": 26, "at": 1708188061.278282}
{"obj": {"type": "AssignString", "path": ["cls_summary", "all_params", "rf__n_jobs"], "value": "None"}, "version": 27, "at": 1708188061.2783418}
{"obj": {"type": "AssignBool", "path": ["cls_summary", "all_params", "rf__oob_score"], "value": false}, "version": 28, "at": 1708188061.278398}
{"obj": {"type": "AssignInt", "path": ["cls_summary", "all_params", "rf__random_state"], "value": 8}, "version": 29, "at": 1708188061.27845}
{"obj": {"type": "AssignInt", "path": ["cls_summary", "all_params", "rf__verbose"], "value": 0}, "version": 30, "at": 1708188061.278501}
{"obj": {"type": "AssignBool", "path": ["cls_summary", "all_params", "rf__warm_start"], "value": false}, "version": 31, "at": 1708188061.2785542}
{"obj": {"type": "UploadFile", "path": ["cls_summary", "pickled_model"], "ext": "pkl", "file_path": null, "tmp_file_name": "cls_summary_pickled_model-1708188061.278616-2024-02-17_11.41.01.278616.pkl", "clean_after_upload": false}, "version": 32, "at": 1708188061.281579}
{"obj": {"type": "UploadFile", "path": ["cls_summary", "test", "preds"], "ext": "html", "file_path": null, "tmp_file_name": "cls_summary_test_preds-1708188061.281752-2024-02-17_11.41.01.281752.html", "clean_after_upload": false}, "version": 33, "at": 1708188061.2820292}
{"obj": {"type": "UploadFile", "path": ["cls_summary", "test", "preds_proba"], "ext": "html", "file_path": null, "tmp_file_name": "cls_summary_test_preds_proba-1708188061.282108-2024-02-17_11.41.01.282108.html", "clean_after_upload": false}, "version": 34, "at": 1708188061.282323}
{"obj": {"type": "AssignFloat", "path": ["cls_summary", "test", "scores", "class_0", "precision"], "value": 0.9090909090909091}, "version": 35, "at": 1708188061.28247}
{"obj": {"type": "AssignFloat", "path": ["cls_summary", "test", "scores", "class_0", "recall"], "value": 0.8478802992518704}, "version": 36, "at": 1708188061.2825348}
{"obj": {"type": "AssignFloat", "path": ["cls_summary", "test", "scores", "class_0", "fbeta_score"], "value": 0.8774193548387096}, "version": 37, "at": 1708188061.2825909}
{"obj": {"type": "AssignFloat", "path": ["cls_summary", "test", "scores", "class_0", "support"], "value": 1203.0}, "version": 38, "at": 1708188061.282648}
{"obj": {"type": "AssignFloat", "path": ["cls_summary", "test", "scores", "class_1", "precision"], "value": 0.13270142180094788}, "version": 39, "at": 1708188061.282728}
{"obj": {"type": "AssignFloat", "path": ["cls_summary", "test", "scores", "class_1", "recall"], "value": 0.2153846153846154}, "version": 40, "at": 1708188061.282784}
{"obj": {"type": "AssignFloat", "path": ["cls_summary", "test", "scores", "class_1", "fbeta_score"], "value": 0.16422287390029325}, "version": 41, "at": 1708188061.282838}
{"obj": {"type": "AssignFloat", "path": ["cls_summary", "test", "scores", "class_1", "support"], "value": 130.0}, "version": 42, "at": 1708188061.282893}
{"obj": {"type": "UploadFile", "path": ["cls_summary", "diagnostics_charts", "classification_report"], "ext": "png", "file_path": null, "tmp_file_name": "cls_summary_diagnostics_charts_classification_report-1708188061.282973-2024-02-17_11.41.01.282973.png", "clean_after_upload": false}, "version": 43, "at": 1708188061.2831738}
{"obj": {"type": "UploadFile", "path": ["cls_summary", "diagnostics_charts", "confusion_matrix"], "ext": "png", "file_path": null, "tmp_file_name": "cls_summary_diagnostics_charts_confusion_matrix-1708188061.283244-2024-02-17_11.41.01.283244.png", "clean_after_upload": false}, "version": 44, "at": 1708188061.283438}
{"obj": {"type": "UploadFile", "path": ["cls_summary", "diagnostics_charts", "ROC_AUC"], "ext": "png", "file_path": null, "tmp_file_name": "cls_summary_diagnostics_charts_ROC_AUC-1708188061.283505-2024-02-17_11.41.01.283505.png", "clean_after_upload": false}, "version": 45, "at": 1708188061.283741}
{"obj": {"type": "UploadFile", "path": ["cls_summary", "diagnostics_charts", "precision_recall"], "ext": "png", "file_path": null, "tmp_file_name": "cls_summary_diagnostics_charts_precision_recall-1708188061.283815-2024-02-17_11.41.01.283815.png", "clean_after_upload": false}, "version": 46, "at": 1708188061.2840478}
{"obj": {"type": "UploadFile", "path": ["cls_summary", "diagnostics_charts", "class_prediction_error"], "ext": "png", "file_path": null, "tmp_file_name": "cls_summary_diagnostics_charts_class_prediction_error-1708188061.284123-2024-02-17_11.41.01.284123.png", "clean_after_upload": false}, "version": 47, "at": 1708188061.2844522}
{"obj": {"type": "AssignString", "path": ["cls_summary", "integration", "about", "neptune-sklearn"], "value": "2.1.0"}, "version": 48, "at": 1708188061.284575}
{"obj": {"type": "AssignInt", "path": ["params", "rf__max_depth"], "value": 20}, "version": 49, "at": 1708188061.285509}
{"obj": {"type": "AssignInt", "path": ["params", "rf__min_samples_split"], "value": 5}, "version": 50, "at": 1708188061.2855868}
{"obj": {"type": "AssignInt", "path": ["params", "rf__n_estimators"], "value": 300}, "version": 51, "at": 1708188061.285641}
{"obj": {"type": "UploadFile", "path": ["roc_curve"], "ext": "png", "file_path": "/Users/shehjarsadhu/Desktop/UniversityOfRhodeIsland/Graduate/WBL/Project_Q2Behave/GitQ2Bheave/q2behave_data_analysis/jupyternotebooks/roc_curve_class.png", "tmp_file_name": null, "clean_after_upload": false}, "version": 52, "at": 1708188066.868556}
{"obj": {"type": "AssignFloat", "path": ["precision"], "value": 0.8333740048540786}, "version": 53, "at": 1708188067.007992}
{"obj": {"type": "AssignFloat", "path": ["recall"], "value": 0.7861965491372843}, "version": 54, "at": 1708188067.008338}
{"obj": {"type": "AssignFloat", "path": ["f1_score"], "value": 0.8078653094358633}, "version": 55, "at": 1708188067.008439}
{"obj": {"type": "AssignFloat", "path": ["mean_train_accuracy"], "value": 0.9989709338494505}, "version": 56, "at": 1708188067.0085208}
{"obj": {"type": "AssignFloat", "path": ["mean_test_accuracy"], "value": 0.816920132773337}, "version": 57, "at": 1708188067.008599}
{"obj": {"type": "AssignFloat", "path": ["mean_sensitivity"], "value": 0.829337431693989}, "version": 58, "at": 1708188067.008672}
