{"obj": {"type": "AssignString", "path": ["sys", "name"], "value": "3-Foldtest_size_0.2_RF"}, "version": 1, "at": 1712175433.360595}
{"obj": {"type": "AssignString", "path": ["sys", "description"], "value": ""}, "version": 2, "at": 1712175433.361047}
{"obj": {"type": "AssignString", "path": ["monitoring", "ec81925f", "hostname"], "value": "156.4.20.172.s.wireless.uri.edu"}, "version": 3, "at": 1712175433.36128}
{"obj": {"type": "AssignString", "path": ["sys", "hostname"], "value": "156.4.20.172.s.wireless.uri.edu"}, "version": 4, "at": 1712175433.3614578}
{"obj": {"type": "AssignString", "path": ["monitoring", "ec81925f", "pid"], "value": "2918"}, "version": 5, "at": 1712175433.361634}
{"obj": {"type": "AssignString", "path": ["monitoring", "ec81925f", "tid"], "value": "140704319387200"}, "version": 6, "at": 1712175433.3617961}
{"obj": {"type": "AssignBool", "path": ["sys", "failed"], "value": false}, "version": 7, "at": 1712175433.3619142}
{"obj": {"type": "AssignString", "path": ["pid"], "value": "P6"}, "version": 8, "at": 1712175433.370712}
{"obj": {"type": "UploadFile", "path": ["data", "feature_table"], "ext": "html", "file_path": null, "tmp_file_name": "data_feature_table-1712175434.040737-2024-04-03_16.17.14.040737.html", "clean_after_upload": false}, "version": 9, "at": 1712175434.043348}
{"obj": {"type": "AssignString", "path": ["original"], "value": "type\n0    1150\n1     170\nName: count, dtype: int64"}, "version": 10, "at": 1712175434.044543}
{"obj": {"type": "AssignString", "path": ["train_samples_undersampled"], "value": "type\n0    170\n1    170\nName: count, dtype: int64"}, "version": 11, "at": 1712175434.045023}
{"obj": {"type": "AssignString", "path": ["test_samples_undersampled"], "value": "type\n1    34\n0    34\nName: count, dtype: int64"}, "version": 12, "at": 1712175434.045378}
{"obj": {"type": "AssignString", "path": ["tag"], "value": "Clus"}, "version": 13, "at": 1712175434.0454478}
{"obj": {"type": "UploadFile", "path": ["data", "test_data"], "ext": "html", "file_path": null, "tmp_file_name": "data_test_data-1712175441.173259-2024-04-03_16.17.21.173259.html", "clean_after_upload": false}, "version": 14, "at": 1712175441.17376}
{"obj": {"type": "AssignString", "path": ["cls_summary", "all_params", "memory"], "value": "None"}, "version": 15, "at": 1712175441.87868}
{"obj": {"type": "AssignString", "path": ["cls_summary", "all_params", "steps"], "value": "[('rf', RandomForestClassifier(random_state=8))]"}, "version": 16, "at": 1712175441.879056}
{"obj": {"type": "AssignBool", "path": ["cls_summary", "all_params", "verbose"], "value": false}, "version": 17, "at": 1712175441.8791392}
{"obj": {"type": "AssignString", "path": ["cls_summary", "all_params", "rf"], "value": "RandomForestClassifier(random_state=8)"}, "version": 18, "at": 1712175441.879366}
{"obj": {"type": "AssignBool", "path": ["cls_summary", "all_params", "rf__bootstrap"], "value": true}, "version": 19, "at": 1712175441.879435}
{"obj": {"type": "AssignFloat", "path": ["cls_summary", "all_params", "rf__ccp_alpha"], "value": 0.0}, "version": 20, "at": 1712175441.879499}
{"obj": {"type": "AssignString", "path": ["cls_summary", "all_params", "rf__class_weight"], "value": "None"}, "version": 21, "at": 1712175441.879564}
{"obj": {"type": "AssignString", "path": ["cls_summary", "all_params", "rf__criterion"], "value": "gini"}, "version": 22, "at": 1712175441.879624}
{"obj": {"type": "AssignString", "path": ["cls_summary", "all_params", "rf__max_depth"], "value": "None"}, "version": 23, "at": 1712175441.8796852}
{"obj": {"type": "AssignString", "path": ["cls_summary", "all_params", "rf__max_features"], "value": "sqrt"}, "version": 24, "at": 1712175441.879741}
{"obj": {"type": "AssignString", "path": ["cls_summary", "all_params", "rf__max_leaf_nodes"], "value": "None"}, "version": 25, "at": 1712175441.8798}
{"obj": {"type": "AssignString", "path": ["cls_summary", "all_params", "rf__max_samples"], "value": "None"}, "version": 26, "at": 1712175441.879858}
{"obj": {"type": "AssignFloat", "path": ["cls_summary", "all_params", "rf__min_impurity_decrease"], "value": 0.0}, "version": 27, "at": 1712175441.8799129}
{"obj": {"type": "AssignInt", "path": ["cls_summary", "all_params", "rf__min_samples_leaf"], "value": 1}, "version": 28, "at": 1712175441.879971}
{"obj": {"type": "AssignInt", "path": ["cls_summary", "all_params", "rf__min_samples_split"], "value": 2}, "version": 29, "at": 1712175441.8800251}
{"obj": {"type": "AssignFloat", "path": ["cls_summary", "all_params", "rf__min_weight_fraction_leaf"], "value": 0.0}, "version": 30, "at": 1712175441.880078}
{"obj": {"type": "AssignInt", "path": ["cls_summary", "all_params", "rf__n_estimators"], "value": 100}, "version": 31, "at": 1712175441.880131}
{"obj": {"type": "AssignString", "path": ["cls_summary", "all_params", "rf__n_jobs"], "value": "None"}, "version": 32, "at": 1712175441.880189}
{"obj": {"type": "AssignBool", "path": ["cls_summary", "all_params", "rf__oob_score"], "value": false}, "version": 33, "at": 1712175441.8802419}
{"obj": {"type": "AssignInt", "path": ["cls_summary", "all_params", "rf__random_state"], "value": 8}, "version": 34, "at": 1712175441.8802938}
{"obj": {"type": "AssignInt", "path": ["cls_summary", "all_params", "rf__verbose"], "value": 0}, "version": 35, "at": 1712175441.880345}
{"obj": {"type": "AssignBool", "path": ["cls_summary", "all_params", "rf__warm_start"], "value": false}, "version": 36, "at": 1712175441.880403}
{"obj": {"type": "UploadFile", "path": ["cls_summary", "pickled_model"], "ext": "pkl", "file_path": null, "tmp_file_name": "cls_summary_pickled_model-1712175441.880461-2024-04-03_16.17.21.880461.pkl", "clean_after_upload": false}, "version": 37, "at": 1712175441.880969}
{"obj": {"type": "UploadFile", "path": ["cls_summary", "test", "preds"], "ext": "html", "file_path": null, "tmp_file_name": "cls_summary_test_preds-1712175441.881084-2024-04-03_16.17.21.881084.html", "clean_after_upload": false}, "version": 38, "at": 1712175441.881302}
{"obj": {"type": "UploadFile", "path": ["cls_summary", "test", "preds_proba"], "ext": "html", "file_path": null, "tmp_file_name": "cls_summary_test_preds_proba-1712175441.881374-2024-04-03_16.17.21.881374.html", "clean_after_upload": false}, "version": 39, "at": 1712175441.881563}
{"obj": {"type": "AssignFloat", "path": ["cls_summary", "test", "scores", "class_0", "precision"], "value": 0.68}, "version": 40, "at": 1712175441.8817012}
{"obj": {"type": "AssignFloat", "path": ["cls_summary", "test", "scores", "class_0", "recall"], "value": 1.0}, "version": 41, "at": 1712175441.8817642}
{"obj": {"type": "AssignFloat", "path": ["cls_summary", "test", "scores", "class_0", "fbeta_score"], "value": 0.8095238095238095}, "version": 42, "at": 1712175441.88182}
{"obj": {"type": "AssignFloat", "path": ["cls_summary", "test", "scores", "class_0", "support"], "value": 34.0}, "version": 43, "at": 1712175441.881878}
{"obj": {"type": "AssignFloat", "path": ["cls_summary", "test", "scores", "class_1", "precision"], "value": 1.0}, "version": 44, "at": 1712175441.8819609}
{"obj": {"type": "AssignFloat", "path": ["cls_summary", "test", "scores", "class_1", "recall"], "value": 0.5294117647058824}, "version": 45, "at": 1712175441.882016}
{"obj": {"type": "AssignFloat", "path": ["cls_summary", "test", "scores", "class_1", "fbeta_score"], "value": 0.6923076923076924}, "version": 46, "at": 1712175441.882072}
{"obj": {"type": "AssignFloat", "path": ["cls_summary", "test", "scores", "class_1", "support"], "value": 34.0}, "version": 47, "at": 1712175441.882127}
{"obj": {"type": "UploadFile", "path": ["cls_summary", "diagnostics_charts", "classification_report"], "ext": "png", "file_path": null, "tmp_file_name": "cls_summary_diagnostics_charts_classification_report-1712175441.882206-2024-04-03_16.17.21.882206.png", "clean_after_upload": false}, "version": 48, "at": 1712175441.8823931}
{"obj": {"type": "UploadFile", "path": ["cls_summary", "diagnostics_charts", "confusion_matrix"], "ext": "png", "file_path": null, "tmp_file_name": "cls_summary_diagnostics_charts_confusion_matrix-1712175441.882466-2024-04-03_16.17.21.882466.png", "clean_after_upload": false}, "version": 49, "at": 1712175441.8826492}
{"obj": {"type": "UploadFile", "path": ["cls_summary", "diagnostics_charts", "ROC_AUC"], "ext": "png", "file_path": null, "tmp_file_name": "cls_summary_diagnostics_charts_ROC_AUC-1712175441.882718-2024-04-03_16.17.21.882718.png", "clean_after_upload": false}, "version": 50, "at": 1712175441.882952}
{"obj": {"type": "UploadFile", "path": ["cls_summary", "diagnostics_charts", "precision_recall"], "ext": "png", "file_path": null, "tmp_file_name": "cls_summary_diagnostics_charts_precision_recall-1712175441.883022-2024-04-03_16.17.21.883022.png", "clean_after_upload": false}, "version": 51, "at": 1712175441.883289}
{"obj": {"type": "UploadFile", "path": ["cls_summary", "diagnostics_charts", "class_prediction_error"], "ext": "png", "file_path": null, "tmp_file_name": "cls_summary_diagnostics_charts_class_prediction_error-1712175441.883361-2024-04-03_16.17.21.883361.png", "clean_after_upload": false}, "version": 52, "at": 1712175441.883649}
{"obj": {"type": "AssignString", "path": ["cls_summary", "integration", "about", "neptune-sklearn"], "value": "2.1.0"}, "version": 53, "at": 1712175441.883787}
{"obj": {"type": "AssignInt", "path": ["params", "rf__min_samples_split"], "value": 2}, "version": 54, "at": 1712175441.8841128}
{"obj": {"type": "AssignInt", "path": ["params", "rf__n_estimators"], "value": 100}, "version": 55, "at": 1712175441.884185}
{"obj": {"type": "UploadFile", "path": ["data", "feature_importance"], "ext": "html", "file_path": null, "tmp_file_name": "data_feature_importance-1712175453.580508-2024-04-03_16.17.33.580508.html", "clean_after_upload": false}, "version": 56, "at": 1712175453.580885}
{"obj": {"type": "UploadFile", "path": ["feature_importance"], "ext": "png", "file_path": "/Users/shehjarsadhu/Desktop/UniversityOfRhodeIsland/Graduate/WBL/Project_Q2Behave/GitQ2Bheave/q2behave_data_analysis/jupyternotebooks/ML_Toolbox/feature_importance.png", "tmp_file_name": null, "clean_after_upload": false}, "version": 57, "at": 1712175453.657811}
{"obj": {"type": "UploadFile", "path": ["roc_curve"], "ext": "png", "file_path": "/Users/shehjarsadhu/Desktop/UniversityOfRhodeIsland/Graduate/WBL/Project_Q2Behave/GitQ2Bheave/q2behave_data_analysis/jupyternotebooks/ML_Toolbox/roc_curve_class.png", "tmp_file_name": null, "clean_after_upload": false}, "version": 58, "at": 1712175453.770794}
{"obj": {"type": "AssignFloat", "path": ["precision"], "value": 0.8400000000000001}, "version": 59, "at": 1712175453.977804}
{"obj": {"type": "AssignFloat", "path": ["recall"], "value": 0.7647058823529411}, "version": 60, "at": 1712175453.978247}
{"obj": {"type": "AssignFloat", "path": ["f1_score"], "value": 0.7509157509157509}, "version": 61, "at": 1712175453.9783628}
{"obj": {"type": "AssignFloat", "path": ["mean_train_accuracy"], "value": 1.0}, "version": 62, "at": 1712175453.9784598}
{"obj": {"type": "AssignFloat", "path": ["mean_test_accuracy"], "value": 0.8411219789887698}, "version": 63, "at": 1712175453.9785511}
{"obj": {"type": "AssignFloat", "path": ["mean_sensitivity"], "value": 0.7880116959064326}, "version": 64, "at": 1712175453.978658}
