{"obj": {"type": "AssignString", "path": ["sys", "name"], "value": "3-Foldtest_size_0.2_RF"}, "version": 1, "at": 1708214534.374107}
{"obj": {"type": "AssignString", "path": ["sys", "description"], "value": ""}, "version": 2, "at": 1708214534.3743129}
{"obj": {"type": "AssignString", "path": ["monitoring", "30ec197e", "hostname"], "value": "shehjars-MacBook-Pro-2.local"}, "version": 3, "at": 1708214534.374401}
{"obj": {"type": "AssignString", "path": ["sys", "hostname"], "value": "shehjars-MacBook-Pro-2.local"}, "version": 4, "at": 1708214534.374463}
{"obj": {"type": "AssignString", "path": ["monitoring", "30ec197e", "pid"], "value": "8221"}, "version": 5, "at": 1708214534.374526}
{"obj": {"type": "AssignString", "path": ["monitoring", "30ec197e", "tid"], "value": "140704465368640"}, "version": 6, "at": 1708214534.3745868}
{"obj": {"type": "AssignBool", "path": ["sys", "failed"], "value": false}, "version": 7, "at": 1708214534.374634}
{"obj": {"type": "UploadFile", "path": ["data", "feature_table"], "ext": "html", "file_path": null, "tmp_file_name": "data_feature_table-1708214534.393405-2024-02-17_19.02.14.393405.html", "clean_after_upload": false}, "version": 8, "at": 1708214534.395061}
{"obj": {"type": "UploadFile", "path": ["data", "test_data"], "ext": "html", "file_path": null, "tmp_file_name": "data_test_data-1708214541.029745-2024-02-17_19.02.21.029745.html", "clean_after_upload": false}, "version": 9, "at": 1708214541.030113}
{"obj": {"type": "AssignString", "path": ["cls_summary", "all_params", "memory"], "value": "None"}, "version": 10, "at": 1708214541.9400089}
{"obj": {"type": "AssignString", "path": ["cls_summary", "all_params", "steps"], "value": "[('rf', RandomForestClassifier(min_samples_split=5, n_estimators=200, random_state=8))]"}, "version": 11, "at": 1708214541.940447}
{"obj": {"type": "AssignBool", "path": ["cls_summary", "all_params", "verbose"], "value": false}, "version": 12, "at": 1708214541.940533}
{"obj": {"type": "AssignString", "path": ["cls_summary", "all_params", "rf"], "value": "RandomForestClassifier(min_samples_split=5, n_estimators=200, random_state=8)"}, "version": 13, "at": 1708214541.940774}
{"obj": {"type": "AssignBool", "path": ["cls_summary", "all_params", "rf__bootstrap"], "value": true}, "version": 14, "at": 1708214541.940841}
{"obj": {"type": "AssignFloat", "path": ["cls_summary", "all_params", "rf__ccp_alpha"], "value": 0.0}, "version": 15, "at": 1708214541.940904}
{"obj": {"type": "AssignString", "path": ["cls_summary", "all_params", "rf__class_weight"], "value": "None"}, "version": 16, "at": 1708214541.940969}
{"obj": {"type": "AssignString", "path": ["cls_summary", "all_params", "rf__criterion"], "value": "gini"}, "version": 17, "at": 1708214541.941029}
{"obj": {"type": "AssignString", "path": ["cls_summary", "all_params", "rf__max_depth"], "value": "None"}, "version": 18, "at": 1708214541.941089}
{"obj": {"type": "AssignString", "path": ["cls_summary", "all_params", "rf__max_features"], "value": "sqrt"}, "version": 19, "at": 1708214541.9411461}
{"obj": {"type": "AssignString", "path": ["cls_summary", "all_params", "rf__max_leaf_nodes"], "value": "None"}, "version": 20, "at": 1708214541.941207}
{"obj": {"type": "AssignString", "path": ["cls_summary", "all_params", "rf__max_samples"], "value": "None"}, "version": 21, "at": 1708214541.941267}
{"obj": {"type": "AssignFloat", "path": ["cls_summary", "all_params", "rf__min_impurity_decrease"], "value": 0.0}, "version": 22, "at": 1708214541.941323}
{"obj": {"type": "AssignInt", "path": ["cls_summary", "all_params", "rf__min_samples_leaf"], "value": 1}, "version": 23, "at": 1708214541.941382}
{"obj": {"type": "AssignInt", "path": ["cls_summary", "all_params", "rf__min_samples_split"], "value": 5}, "version": 24, "at": 1708214541.941438}
{"obj": {"type": "AssignFloat", "path": ["cls_summary", "all_params", "rf__min_weight_fraction_leaf"], "value": 0.0}, "version": 25, "at": 1708214541.94149}
{"obj": {"type": "AssignInt", "path": ["cls_summary", "all_params", "rf__n_estimators"], "value": 200}, "version": 26, "at": 1708214541.9415412}
{"obj": {"type": "AssignString", "path": ["cls_summary", "all_params", "rf__n_jobs"], "value": "None"}, "version": 27, "at": 1708214541.941617}
{"obj": {"type": "AssignBool", "path": ["cls_summary", "all_params", "rf__oob_score"], "value": false}, "version": 28, "at": 1708214541.94167}
{"obj": {"type": "AssignInt", "path": ["cls_summary", "all_params", "rf__random_state"], "value": 8}, "version": 29, "at": 1708214541.9417212}
{"obj": {"type": "AssignInt", "path": ["cls_summary", "all_params", "rf__verbose"], "value": 0}, "version": 30, "at": 1708214541.941773}
{"obj": {"type": "AssignBool", "path": ["cls_summary", "all_params", "rf__warm_start"], "value": false}, "version": 31, "at": 1708214541.9418309}
{"obj": {"type": "UploadFile", "path": ["cls_summary", "pickled_model"], "ext": "pkl", "file_path": null, "tmp_file_name": "cls_summary_pickled_model-1708214541.941891-2024-02-17_19.02.21.941891.pkl", "clean_after_upload": false}, "version": 32, "at": 1708214541.94243}
{"obj": {"type": "UploadFile", "path": ["cls_summary", "test", "preds"], "ext": "html", "file_path": null, "tmp_file_name": "cls_summary_test_preds-1708214541.942698-2024-02-17_19.02.21.942698.html", "clean_after_upload": false}, "version": 33, "at": 1708214541.9430459}
{"obj": {"type": "UploadFile", "path": ["cls_summary", "test", "preds_proba"], "ext": "html", "file_path": null, "tmp_file_name": "cls_summary_test_preds_proba-1708214541.943185-2024-02-17_19.02.21.943185.html", "clean_after_upload": false}, "version": 34, "at": 1708214541.943507}
{"obj": {"type": "AssignFloat", "path": ["cls_summary", "test", "scores", "class_0", "precision"], "value": 1.0}, "version": 35, "at": 1708214541.9437408}
{"obj": {"type": "AssignFloat", "path": ["cls_summary", "test", "scores", "class_0", "recall"], "value": 0.2}, "version": 36, "at": 1708214541.943857}
{"obj": {"type": "AssignFloat", "path": ["cls_summary", "test", "scores", "class_0", "fbeta_score"], "value": 0.33333333333333337}, "version": 37, "at": 1708214541.944031}
{"obj": {"type": "AssignFloat", "path": ["cls_summary", "test", "scores", "class_0", "support"], "value": 5.0}, "version": 38, "at": 1708214541.944166}
{"obj": {"type": "AssignFloat", "path": ["cls_summary", "test", "scores", "class_1", "precision"], "value": 0.3333333333333333}, "version": 39, "at": 1708214541.944273}
{"obj": {"type": "AssignFloat", "path": ["cls_summary", "test", "scores", "class_1", "recall"], "value": 1.0}, "version": 40, "at": 1708214541.944347}
{"obj": {"type": "AssignFloat", "path": ["cls_summary", "test", "scores", "class_1", "fbeta_score"], "value": 0.5}, "version": 41, "at": 1708214541.944406}
{"obj": {"type": "AssignFloat", "path": ["cls_summary", "test", "scores", "class_1", "support"], "value": 2.0}, "version": 42, "at": 1708214541.9444978}
{"obj": {"type": "UploadFile", "path": ["cls_summary", "diagnostics_charts", "classification_report"], "ext": "png", "file_path": null, "tmp_file_name": "cls_summary_diagnostics_charts_classification_report-1708214541.944708-2024-02-17_19.02.21.944708.png", "clean_after_upload": false}, "version": 43, "at": 1708214541.945162}
{"obj": {"type": "UploadFile", "path": ["cls_summary", "diagnostics_charts", "confusion_matrix"], "ext": "png", "file_path": null, "tmp_file_name": "cls_summary_diagnostics_charts_confusion_matrix-1708214541.945373-2024-02-17_19.02.21.945373.png", "clean_after_upload": false}, "version": 44, "at": 1708214541.946039}
{"obj": {"type": "UploadFile", "path": ["cls_summary", "diagnostics_charts", "ROC_AUC"], "ext": "png", "file_path": null, "tmp_file_name": "cls_summary_diagnostics_charts_ROC_AUC-1708214541.946164-2024-02-17_19.02.21.946164.png", "clean_after_upload": false}, "version": 45, "at": 1708214541.9464371}
{"obj": {"type": "UploadFile", "path": ["cls_summary", "diagnostics_charts", "precision_recall"], "ext": "png", "file_path": null, "tmp_file_name": "cls_summary_diagnostics_charts_precision_recall-1708214541.946526-2024-02-17_19.02.21.946526.png", "clean_after_upload": false}, "version": 46, "at": 1708214541.946762}
{"obj": {"type": "UploadFile", "path": ["cls_summary", "diagnostics_charts", "class_prediction_error"], "ext": "png", "file_path": null, "tmp_file_name": "cls_summary_diagnostics_charts_class_prediction_error-1708214541.946891-2024-02-17_19.02.21.946891.png", "clean_after_upload": false}, "version": 47, "at": 1708214541.9471529}
{"obj": {"type": "AssignString", "path": ["cls_summary", "integration", "about", "neptune-sklearn"], "value": "2.1.0"}, "version": 48, "at": 1708214541.9472609}
{"obj": {"type": "AssignInt", "path": ["params", "rf__min_samples_split"], "value": 5}, "version": 49, "at": 1708214541.947424}
{"obj": {"type": "AssignInt", "path": ["params", "rf__n_estimators"], "value": 200}, "version": 50, "at": 1708214541.947485}
{"obj": {"type": "UploadFile", "path": ["roc_curve"], "ext": "png", "file_path": "/Users/shehjarsadhu/Desktop/UniversityOfRhodeIsland/Graduate/WBL/Project_Q2Behave/GitQ2Bheave/q2behave_data_analysis/jupyternotebooks/roc_curve_class.png", "tmp_file_name": null, "clean_after_upload": false}, "version": 51, "at": 1708214542.745912}
{"obj": {"type": "AssignFloat", "path": ["precision"], "value": 0.8095238095238095}, "version": 52, "at": 1708214542.876689}
{"obj": {"type": "AssignFloat", "path": ["recall"], "value": 0.42857142857142855}, "version": 53, "at": 1708214542.877236}
{"obj": {"type": "AssignFloat", "path": ["f1_score"], "value": 0.380952380952381}, "version": 54, "at": 1708214542.877523}
{"obj": {"type": "AssignFloat", "path": ["mean_train_accuracy"], "value": 0.6777777777777777}, "version": 55, "at": 1708214542.877718}
{"obj": {"type": "AssignFloat", "path": ["mean_test_accuracy"], "value": 0.38888888888888884}, "version": 56, "at": 1708214542.877845}
{"obj": {"type": "AssignFloat", "path": ["mean_sensitivity"], "value": 0.6666666666666666}, "version": 57, "at": 1708214542.877934}
