{"obj": {"type": "AssignString", "path": ["sys", "name"], "value": "3-Foldtest_size_0.2_RF"}, "version": 1, "at": 1711151571.985413}
{"obj": {"type": "AssignString", "path": ["sys", "description"], "value": ""}, "version": 2, "at": 1711151571.985864}
{"obj": {"type": "AssignString", "path": ["monitoring", "f6564ad4", "hostname"], "value": "156.4.20.172.s.wireless.uri.edu"}, "version": 3, "at": 1711151571.98609}
{"obj": {"type": "AssignString", "path": ["sys", "hostname"], "value": "156.4.20.172.s.wireless.uri.edu"}, "version": 4, "at": 1711151571.9862652}
{"obj": {"type": "AssignString", "path": ["monitoring", "f6564ad4", "pid"], "value": "64807"}, "version": 5, "at": 1711151571.9864352}
{"obj": {"type": "AssignString", "path": ["monitoring", "f6564ad4", "tid"], "value": "140704582559296"}, "version": 6, "at": 1711151571.9865952}
{"obj": {"type": "AssignBool", "path": ["sys", "failed"], "value": false}, "version": 7, "at": 1711151571.986711}
{"obj": {"type": "UploadFile", "path": ["data", "feature_table"], "ext": "html", "file_path": null, "tmp_file_name": "data_feature_table-1711151575.776592-2024-03-22_19.52.55.776592.html", "clean_after_upload": false}, "version": 8, "at": 1711151575.780975}
{"obj": {"type": "UploadFile", "path": ["data", "test_data"], "ext": "html", "file_path": null, "tmp_file_name": "data_test_data-1711151716.781554-2024-03-22_19.55.16.781554.html", "clean_after_upload": false}, "version": 9, "at": 1711151716.7848608}
{"obj": {"type": "AssignString", "path": ["cls_summary", "all_params", "memory"], "value": "None"}, "version": 10, "at": 1711151718.271221}
{"obj": {"type": "AssignString", "path": ["cls_summary", "all_params", "steps"], "value": "[('rf', RandomForestClassifier(max_depth=30, min_samples_split=10, n_estimators=300,\n                       random_state=8))]"}, "version": 11, "at": 1711151718.271727}
{"obj": {"type": "AssignBool", "path": ["cls_summary", "all_params", "verbose"], "value": false}, "version": 12, "at": 1711151718.271807}
{"obj": {"type": "AssignString", "path": ["cls_summary", "all_params", "rf"], "value": "RandomForestClassifier(max_depth=30, min_samples_split=10, n_estimators=300,\n                       random_state=8)"}, "version": 13, "at": 1711151718.2721322}
{"obj": {"type": "AssignBool", "path": ["cls_summary", "all_params", "rf__bootstrap"], "value": true}, "version": 14, "at": 1711151718.272193}
{"obj": {"type": "AssignFloat", "path": ["cls_summary", "all_params", "rf__ccp_alpha"], "value": 0.0}, "version": 15, "at": 1711151718.272251}
{"obj": {"type": "AssignString", "path": ["cls_summary", "all_params", "rf__class_weight"], "value": "None"}, "version": 16, "at": 1711151718.272309}
{"obj": {"type": "AssignString", "path": ["cls_summary", "all_params", "rf__criterion"], "value": "gini"}, "version": 17, "at": 1711151718.2723598}
{"obj": {"type": "AssignInt", "path": ["cls_summary", "all_params", "rf__max_depth"], "value": 30}, "version": 18, "at": 1711151718.272415}
{"obj": {"type": "AssignString", "path": ["cls_summary", "all_params", "rf__max_features"], "value": "sqrt"}, "version": 19, "at": 1711151718.272466}
{"obj": {"type": "AssignString", "path": ["cls_summary", "all_params", "rf__max_leaf_nodes"], "value": "None"}, "version": 20, "at": 1711151718.2725198}
{"obj": {"type": "AssignString", "path": ["cls_summary", "all_params", "rf__max_samples"], "value": "None"}, "version": 21, "at": 1711151718.272579}
{"obj": {"type": "AssignFloat", "path": ["cls_summary", "all_params", "rf__min_impurity_decrease"], "value": 0.0}, "version": 22, "at": 1711151718.272628}
{"obj": {"type": "AssignInt", "path": ["cls_summary", "all_params", "rf__min_samples_leaf"], "value": 1}, "version": 23, "at": 1711151718.272675}
{"obj": {"type": "AssignInt", "path": ["cls_summary", "all_params", "rf__min_samples_split"], "value": 10}, "version": 24, "at": 1711151718.2727208}
{"obj": {"type": "AssignFloat", "path": ["cls_summary", "all_params", "rf__min_weight_fraction_leaf"], "value": 0.0}, "version": 25, "at": 1711151718.272767}
{"obj": {"type": "AssignInt", "path": ["cls_summary", "all_params", "rf__n_estimators"], "value": 300}, "version": 26, "at": 1711151718.272811}
{"obj": {"type": "AssignString", "path": ["cls_summary", "all_params", "rf__n_jobs"], "value": "None"}, "version": 27, "at": 1711151718.272862}
{"obj": {"type": "AssignBool", "path": ["cls_summary", "all_params", "rf__oob_score"], "value": false}, "version": 28, "at": 1711151718.2729092}
{"obj": {"type": "AssignInt", "path": ["cls_summary", "all_params", "rf__random_state"], "value": 8}, "version": 29, "at": 1711151718.272987}
{"obj": {"type": "AssignInt", "path": ["cls_summary", "all_params", "rf__verbose"], "value": 0}, "version": 30, "at": 1711151718.273035}
{"obj": {"type": "AssignBool", "path": ["cls_summary", "all_params", "rf__warm_start"], "value": false}, "version": 31, "at": 1711151718.273122}
{"obj": {"type": "UploadFile", "path": ["cls_summary", "pickled_model"], "ext": "pkl", "file_path": null, "tmp_file_name": "cls_summary_pickled_model-1711151718.273213-2024-03-22_19.55.18.273213.pkl", "clean_after_upload": false}, "version": 32, "at": 1711151718.330247}
{"obj": {"type": "UploadFile", "path": ["cls_summary", "test", "preds"], "ext": "html", "file_path": null, "tmp_file_name": "cls_summary_test_preds-1711151718.330594-2024-03-22_19.55.18.330594.html", "clean_after_upload": false}, "version": 33, "at": 1711151718.3311}
{"obj": {"type": "UploadFile", "path": ["cls_summary", "test", "preds_proba"], "ext": "html", "file_path": null, "tmp_file_name": "cls_summary_test_preds_proba-1711151718.331261-2024-03-22_19.55.18.331261.html", "clean_after_upload": false}, "version": 34, "at": 1711151718.331651}
{"obj": {"type": "AssignFloat", "path": ["cls_summary", "test", "scores", "class_0", "precision"], "value": 0.5161812297734628}, "version": 35, "at": 1711151718.33196}
{"obj": {"type": "AssignFloat", "path": ["cls_summary", "test", "scores", "class_0", "recall"], "value": 0.5039494470774092}, "version": 36, "at": 1711151718.3320901}
{"obj": {"type": "AssignFloat", "path": ["cls_summary", "test", "scores", "class_0", "fbeta_score"], "value": 0.5099920063948841}, "version": 37, "at": 1711151718.3322}
{"obj": {"type": "AssignFloat", "path": ["cls_summary", "test", "scores", "class_0", "support"], "value": 633.0}, "version": 38, "at": 1711151718.3323069}
{"obj": {"type": "AssignFloat", "path": ["cls_summary", "test", "scores", "class_1", "precision"], "value": 0.5161787365177196}, "version": 39, "at": 1711151718.332468}
{"obj": {"type": "AssignFloat", "path": ["cls_summary", "test", "scores", "class_1", "recall"], "value": 0.5283911671924291}, "version": 40, "at": 1711151718.332577}
{"obj": {"type": "AssignFloat", "path": ["cls_summary", "test", "scores", "class_1", "fbeta_score"], "value": 0.5222135619641466}, "version": 41, "at": 1711151718.3326888}
{"obj": {"type": "AssignFloat", "path": ["cls_summary", "test", "scores", "class_1", "support"], "value": 634.0}, "version": 42, "at": 1711151718.3328269}
{"obj": {"type": "UploadFile", "path": ["cls_summary", "diagnostics_charts", "classification_report"], "ext": "png", "file_path": null, "tmp_file_name": "cls_summary_diagnostics_charts_classification_report-1711151718.33301-2024-03-22_19.55.18.333010.png", "clean_after_upload": false}, "version": 43, "at": 1711151718.333431}
{"obj": {"type": "UploadFile", "path": ["cls_summary", "diagnostics_charts", "confusion_matrix"], "ext": "png", "file_path": null, "tmp_file_name": "cls_summary_diagnostics_charts_confusion_matrix-1711151718.333565-2024-03-22_19.55.18.333565.png", "clean_after_upload": false}, "version": 44, "at": 1711151718.3338602}
{"obj": {"type": "UploadFile", "path": ["cls_summary", "diagnostics_charts", "ROC_AUC"], "ext": "png", "file_path": null, "tmp_file_name": "cls_summary_diagnostics_charts_ROC_AUC-1711151718.333969-2024-03-22_19.55.18.333969.png", "clean_after_upload": false}, "version": 45, "at": 1711151718.334274}
{"obj": {"type": "UploadFile", "path": ["cls_summary", "diagnostics_charts", "precision_recall"], "ext": "png", "file_path": null, "tmp_file_name": "cls_summary_diagnostics_charts_precision_recall-1711151718.334417-2024-03-22_19.55.18.334417.png", "clean_after_upload": false}, "version": 46, "at": 1711151718.334734}
{"obj": {"type": "UploadFile", "path": ["cls_summary", "diagnostics_charts", "class_prediction_error"], "ext": "png", "file_path": null, "tmp_file_name": "cls_summary_diagnostics_charts_class_prediction_error-1711151718.334849-2024-03-22_19.55.18.334849.png", "clean_after_upload": false}, "version": 47, "at": 1711151718.335139}
{"obj": {"type": "AssignString", "path": ["cls_summary", "integration", "about", "neptune-sklearn"], "value": "2.1.0"}, "version": 48, "at": 1711151718.3352928}
{"obj": {"type": "AssignInt", "path": ["params", "rf__max_depth"], "value": 30}, "version": 49, "at": 1711151718.339492}
{"obj": {"type": "AssignInt", "path": ["params", "rf__min_samples_split"], "value": 10}, "version": 50, "at": 1711151718.339631}
{"obj": {"type": "AssignInt", "path": ["params", "rf__n_estimators"], "value": 300}, "version": 51, "at": 1711151718.339711}
{"obj": {"type": "UploadFile", "path": ["roc_curve"], "ext": "png", "file_path": "/Users/shehjarsadhu/Desktop/UniversityOfRhodeIsland/Graduate/WBL/Project_Q2Behave/GitQ2Bheave/q2behave_data_analysis/jupyternotebooks/roc_curve_class.png", "tmp_file_name": null, "clean_after_upload": false}, "version": 52, "at": 1711151745.9305458}
{"obj": {"type": "AssignFloat", "path": ["precision"], "value": 0.5161799821616703}, "version": 53, "at": 1711151746.042988}
{"obj": {"type": "AssignFloat", "path": ["recall"], "value": 0.516179952644041}, "version": 54, "at": 1711151746.043372}
{"obj": {"type": "AssignFloat", "path": ["f1_score"], "value": 0.5161076072085482}, "version": 55, "at": 1711151746.043471}
{"obj": {"type": "AssignFloat", "path": ["mean_train_accuracy"], "value": 0.9832412038255681}, "version": 56, "at": 1711151746.043554}
{"obj": {"type": "AssignFloat", "path": ["mean_test_accuracy"], "value": 0.5884004562604194}, "version": 57, "at": 1711151746.043633}
{"obj": {"type": "AssignFloat", "path": ["mean_sensitivity"], "value": 0.6367184021137625}, "version": 58, "at": 1711151746.0437078}
