{"obj": {"type": "AssignString", "path": ["sys", "name"], "value": "9-Foldtest_size_0.2_RF"}, "version": 1, "at": 1708186143.171904}
{"obj": {"type": "AssignString", "path": ["sys", "description"], "value": ""}, "version": 2, "at": 1708186143.172374}
{"obj": {"type": "AssignString", "path": ["monitoring", "0c8f0536", "hostname"], "value": "156.4.20.172.s.wireless.uri.edu"}, "version": 3, "at": 1708186143.172605}
{"obj": {"type": "AssignString", "path": ["sys", "hostname"], "value": "156.4.20.172.s.wireless.uri.edu"}, "version": 4, "at": 1708186143.172781}
{"obj": {"type": "AssignString", "path": ["monitoring", "0c8f0536", "pid"], "value": "6995"}, "version": 5, "at": 1708186143.172991}
{"obj": {"type": "AssignString", "path": ["monitoring", "0c8f0536", "tid"], "value": "140704465368640"}, "version": 6, "at": 1708186143.1731699}
{"obj": {"type": "AssignBool", "path": ["sys", "failed"], "value": false}, "version": 7, "at": 1708186143.173292}
{"obj": {"type": "UploadFile", "path": ["data", "feature_table"], "ext": "html", "file_path": null, "tmp_file_name": "data_feature_table-1708186143.994153-2024-02-17_11.09.03.994153.html", "clean_after_upload": false}, "version": 8, "at": 1708186143.997515}
{"obj": {"type": "UploadFile", "path": ["data", "test_data"], "ext": "html", "file_path": null, "tmp_file_name": "data_test_data-1708186187.57628-2024-02-17_11.09.47.576280.html", "clean_after_upload": false}, "version": 9, "at": 1708186187.577556}
{"obj": {"type": "AssignString", "path": ["cls_summary", "all_params", "memory"], "value": "None"}, "version": 10, "at": 1708186189.1989388}
{"obj": {"type": "AssignString", "path": ["cls_summary", "all_params", "steps"], "value": "[('rf', RandomForestClassifier(min_samples_split=10, n_estimators=300, random_state=8))]"}, "version": 11, "at": 1708186189.1993432}
{"obj": {"type": "AssignBool", "path": ["cls_summary", "all_params", "verbose"], "value": false}, "version": 12, "at": 1708186189.19943}
{"obj": {"type": "AssignString", "path": ["cls_summary", "all_params", "rf"], "value": "RandomForestClassifier(min_samples_split=10, n_estimators=300, random_state=8)"}, "version": 13, "at": 1708186189.1996968}
{"obj": {"type": "AssignBool", "path": ["cls_summary", "all_params", "rf__bootstrap"], "value": true}, "version": 14, "at": 1708186189.199771}
{"obj": {"type": "AssignFloat", "path": ["cls_summary", "all_params", "rf__ccp_alpha"], "value": 0.0}, "version": 15, "at": 1708186189.199865}
{"obj": {"type": "AssignString", "path": ["cls_summary", "all_params", "rf__class_weight"], "value": "None"}, "version": 16, "at": 1708186189.1999328}
{"obj": {"type": "AssignString", "path": ["cls_summary", "all_params", "rf__criterion"], "value": "gini"}, "version": 17, "at": 1708186189.1999931}
{"obj": {"type": "AssignString", "path": ["cls_summary", "all_params", "rf__max_depth"], "value": "None"}, "version": 18, "at": 1708186189.200054}
{"obj": {"type": "AssignString", "path": ["cls_summary", "all_params", "rf__max_features"], "value": "sqrt"}, "version": 19, "at": 1708186189.20012}
{"obj": {"type": "AssignString", "path": ["cls_summary", "all_params", "rf__max_leaf_nodes"], "value": "None"}, "version": 20, "at": 1708186189.200182}
{"obj": {"type": "AssignString", "path": ["cls_summary", "all_params", "rf__max_samples"], "value": "None"}, "version": 21, "at": 1708186189.200263}
{"obj": {"type": "AssignFloat", "path": ["cls_summary", "all_params", "rf__min_impurity_decrease"], "value": 0.0}, "version": 22, "at": 1708186189.200321}
{"obj": {"type": "AssignInt", "path": ["cls_summary", "all_params", "rf__min_samples_leaf"], "value": 1}, "version": 23, "at": 1708186189.2004328}
{"obj": {"type": "AssignInt", "path": ["cls_summary", "all_params", "rf__min_samples_split"], "value": 10}, "version": 24, "at": 1708186189.200495}
{"obj": {"type": "AssignFloat", "path": ["cls_summary", "all_params", "rf__min_weight_fraction_leaf"], "value": 0.0}, "version": 25, "at": 1708186189.200587}
{"obj": {"type": "AssignInt", "path": ["cls_summary", "all_params", "rf__n_estimators"], "value": 300}, "version": 26, "at": 1708186189.200709}
{"obj": {"type": "AssignString", "path": ["cls_summary", "all_params", "rf__n_jobs"], "value": "None"}, "version": 27, "at": 1708186189.200825}
{"obj": {"type": "AssignBool", "path": ["cls_summary", "all_params", "rf__oob_score"], "value": false}, "version": 28, "at": 1708186189.201042}
{"obj": {"type": "AssignInt", "path": ["cls_summary", "all_params", "rf__random_state"], "value": 8}, "version": 29, "at": 1708186189.2011352}
{"obj": {"type": "AssignInt", "path": ["cls_summary", "all_params", "rf__verbose"], "value": 0}, "version": 30, "at": 1708186189.201199}
{"obj": {"type": "AssignBool", "path": ["cls_summary", "all_params", "rf__warm_start"], "value": false}, "version": 31, "at": 1708186189.201293}
{"obj": {"type": "UploadFile", "path": ["cls_summary", "pickled_model"], "ext": "pkl", "file_path": null, "tmp_file_name": "cls_summary_pickled_model-1708186189.201442-2024-02-17_11.09.49.201442.pkl", "clean_after_upload": false}, "version": 32, "at": 1708186189.205315}
{"obj": {"type": "UploadFile", "path": ["cls_summary", "test", "preds"], "ext": "html", "file_path": null, "tmp_file_name": "cls_summary_test_preds-1708186189.205522-2024-02-17_11.09.49.205522.html", "clean_after_upload": false}, "version": 33, "at": 1708186189.205869}
{"obj": {"type": "UploadFile", "path": ["cls_summary", "test", "preds_proba"], "ext": "html", "file_path": null, "tmp_file_name": "cls_summary_test_preds_proba-1708186189.206017-2024-02-17_11.09.49.206017.html", "clean_after_upload": false}, "version": 34, "at": 1708186189.2064068}
{"obj": {"type": "AssignFloat", "path": ["cls_summary", "test", "scores", "class_0", "precision"], "value": 0.8947927736450585}, "version": 35, "at": 1708186189.2066061}
{"obj": {"type": "AssignFloat", "path": ["cls_summary", "test", "scores", "class_0", "recall"], "value": 0.6970198675496688}, "version": 36, "at": 1708186189.2067788}
{"obj": {"type": "AssignFloat", "path": ["cls_summary", "test", "scores", "class_0", "fbeta_score"], "value": 0.7836202885062821}, "version": 37, "at": 1708186189.206849}
{"obj": {"type": "AssignFloat", "path": ["cls_summary", "test", "scores", "class_0", "support"], "value": 1208.0}, "version": 38, "at": 1708186189.206911}
{"obj": {"type": "AssignFloat", "path": ["cls_summary", "test", "scores", "class_1", "precision"], "value": 0.17381489841986456}, "version": 39, "at": 1708186189.20727}
{"obj": {"type": "AssignFloat", "path": ["cls_summary", "test", "scores", "class_1", "recall"], "value": 0.4375}, "version": 40, "at": 1708186189.2074728}
{"obj": {"type": "AssignFloat", "path": ["cls_summary", "test", "scores", "class_1", "fbeta_score"], "value": 0.24878836833602583}, "version": 41, "at": 1708186189.207586}
{"obj": {"type": "AssignFloat", "path": ["cls_summary", "test", "scores", "class_1", "support"], "value": 176.0}, "version": 42, "at": 1708186189.207663}
{"obj": {"type": "UploadFile", "path": ["cls_summary", "diagnostics_charts", "classification_report"], "ext": "png", "file_path": null, "tmp_file_name": "cls_summary_diagnostics_charts_classification_report-1708186189.207811-2024-02-17_11.09.49.207811.png", "clean_after_upload": false}, "version": 43, "at": 1708186189.208291}
{"obj": {"type": "UploadFile", "path": ["cls_summary", "diagnostics_charts", "confusion_matrix"], "ext": "png", "file_path": null, "tmp_file_name": "cls_summary_diagnostics_charts_confusion_matrix-1708186189.208519-2024-02-17_11.09.49.208519.png", "clean_after_upload": false}, "version": 44, "at": 1708186189.2089841}
{"obj": {"type": "UploadFile", "path": ["cls_summary", "diagnostics_charts", "ROC_AUC"], "ext": "png", "file_path": null, "tmp_file_name": "cls_summary_diagnostics_charts_ROC_AUC-1708186189.209185-2024-02-17_11.09.49.209185.png", "clean_after_upload": false}, "version": 45, "at": 1708186189.209527}
{"obj": {"type": "UploadFile", "path": ["cls_summary", "diagnostics_charts", "precision_recall"], "ext": "png", "file_path": null, "tmp_file_name": "cls_summary_diagnostics_charts_precision_recall-1708186189.209684-2024-02-17_11.09.49.209684.png", "clean_after_upload": false}, "version": 46, "at": 1708186189.210176}
{"obj": {"type": "UploadFile", "path": ["cls_summary", "diagnostics_charts", "class_prediction_error"], "ext": "png", "file_path": null, "tmp_file_name": "cls_summary_diagnostics_charts_class_prediction_error-1708186189.210335-2024-02-17_11.09.49.210335.png", "clean_after_upload": false}, "version": 47, "at": 1708186189.210707}
{"obj": {"type": "AssignString", "path": ["cls_summary", "integration", "about", "neptune-sklearn"], "value": "2.1.0"}, "version": 48, "at": 1708186189.210845}
{"obj": {"type": "AssignInt", "path": ["params", "rf__min_samples_split"], "value": 10}, "version": 49, "at": 1708186189.2124732}
{"obj": {"type": "AssignInt", "path": ["params", "rf__n_estimators"], "value": 300}, "version": 50, "at": 1708186189.212666}
{"obj": {"type": "UploadFile", "path": ["roc_curve"], "ext": "png", "file_path": "/Users/shehjarsadhu/Desktop/UniversityOfRhodeIsland/Graduate/WBL/Project_Q2Behave/GitQ2Bheave/q2behave_data_analysis/jupyternotebooks/roc_curve_class.png", "tmp_file_name": null, "clean_after_upload": false}, "version": 51, "at": 1708186199.199628}
{"obj": {"type": "AssignFloat", "path": ["precision"], "value": 0.8031077259285598}, "version": 52, "at": 1708186199.330772}
{"obj": {"type": "AssignFloat", "path": ["recall"], "value": 0.6640173410404624}, "version": 53, "at": 1708186199.331187}
{"obj": {"type": "AssignFloat", "path": ["f1_score"], "value": 0.7156069807389662}, "version": 54, "at": 1708186199.331292}
{"obj": {"type": "AssignFloat", "path": ["mean_train_accuracy"], "value": 0.9896582797962462}, "version": 55, "at": 1708186199.3313768}
{"obj": {"type": "AssignFloat", "path": ["mean_test_accuracy"], "value": 0.7194572452636969}, "version": 56, "at": 1708186199.331455}
{"obj": {"type": "AssignFloat", "path": ["mean_sensitivity"], "value": 0.7296962296962297}, "version": 57, "at": 1708186199.33153}
