{"obj": {"type": "AssignString", "path": ["sys", "name"], "value": "2-Foldtest_size_0.2_RF"}, "version": 1, "at": 1712175138.165649}
{"obj": {"type": "AssignString", "path": ["sys", "description"], "value": ""}, "version": 2, "at": 1712175138.1661792}
{"obj": {"type": "AssignString", "path": ["monitoring", "ec81925f", "hostname"], "value": "156.4.20.172.s.wireless.uri.edu"}, "version": 3, "at": 1712175138.166403}
{"obj": {"type": "AssignString", "path": ["sys", "hostname"], "value": "156.4.20.172.s.wireless.uri.edu"}, "version": 4, "at": 1712175138.166574}
{"obj": {"type": "AssignString", "path": ["monitoring", "ec81925f", "pid"], "value": "2918"}, "version": 5, "at": 1712175138.1667461}
{"obj": {"type": "AssignString", "path": ["monitoring", "ec81925f", "tid"], "value": "140704319387200"}, "version": 6, "at": 1712175138.1669078}
{"obj": {"type": "AssignBool", "path": ["sys", "failed"], "value": false}, "version": 7, "at": 1712175138.1670341}
{"obj": {"type": "AssignString", "path": ["pid"], "value": "P16"}, "version": 8, "at": 1712175138.1776729}
{"obj": {"type": "UploadFile", "path": ["data", "feature_table"], "ext": "html", "file_path": null, "tmp_file_name": "data_feature_table-1712175139.497839-2024-04-03_16.12.19.497839.html", "clean_after_upload": false}, "version": 9, "at": 1712175139.500949}
{"obj": {"type": "AssignString", "path": ["original"], "value": "type\n0    1764\n1    1198\nName: count, dtype: int64"}, "version": 10, "at": 1712175139.501832}
{"obj": {"type": "AssignString", "path": ["train_samples_undersampled"], "value": "type\n0    1198\n1    1198\nName: count, dtype: int64"}, "version": 11, "at": 1712175139.502295}
{"obj": {"type": "AssignString", "path": ["test_samples_undersampled"], "value": "type\n0    240\n1    240\nName: count, dtype: int64"}, "version": 12, "at": 1712175139.5026581}
{"obj": {"type": "AssignString", "path": ["tag"], "value": "Clus"}, "version": 13, "at": 1712175139.502729}
{"obj": {"type": "UploadFile", "path": ["data", "test_data"], "ext": "html", "file_path": null, "tmp_file_name": "data_test_data-1712175159.42397-2024-04-03_16.12.39.423970.html", "clean_after_upload": false}, "version": 14, "at": 1712175159.4248}
{"obj": {"type": "AssignString", "path": ["cls_summary", "all_params", "memory"], "value": "None"}, "version": 15, "at": 1712175160.3459961}
{"obj": {"type": "AssignString", "path": ["cls_summary", "all_params", "steps"], "value": "[('rf', RandomForestClassifier(max_depth=20, n_estimators=200, random_state=8))]"}, "version": 16, "at": 1712175160.346433}
{"obj": {"type": "AssignBool", "path": ["cls_summary", "all_params", "verbose"], "value": false}, "version": 17, "at": 1712175160.346539}
{"obj": {"type": "AssignString", "path": ["cls_summary", "all_params", "rf"], "value": "RandomForestClassifier(max_depth=20, n_estimators=200, random_state=8)"}, "version": 18, "at": 1712175160.346818}
{"obj": {"type": "AssignBool", "path": ["cls_summary", "all_params", "rf__bootstrap"], "value": true}, "version": 19, "at": 1712175160.346914}
{"obj": {"type": "AssignFloat", "path": ["cls_summary", "all_params", "rf__ccp_alpha"], "value": 0.0}, "version": 20, "at": 1712175160.346991}
{"obj": {"type": "AssignString", "path": ["cls_summary", "all_params", "rf__class_weight"], "value": "None"}, "version": 21, "at": 1712175160.347063}
{"obj": {"type": "AssignString", "path": ["cls_summary", "all_params", "rf__criterion"], "value": "gini"}, "version": 22, "at": 1712175160.3471239}
{"obj": {"type": "AssignInt", "path": ["cls_summary", "all_params", "rf__max_depth"], "value": 20}, "version": 23, "at": 1712175160.347187}
{"obj": {"type": "AssignString", "path": ["cls_summary", "all_params", "rf__max_features"], "value": "sqrt"}, "version": 24, "at": 1712175160.347248}
{"obj": {"type": "AssignString", "path": ["cls_summary", "all_params", "rf__max_leaf_nodes"], "value": "None"}, "version": 25, "at": 1712175160.34731}
{"obj": {"type": "AssignString", "path": ["cls_summary", "all_params", "rf__max_samples"], "value": "None"}, "version": 26, "at": 1712175160.34737}
{"obj": {"type": "AssignFloat", "path": ["cls_summary", "all_params", "rf__min_impurity_decrease"], "value": 0.0}, "version": 27, "at": 1712175160.347426}
{"obj": {"type": "AssignInt", "path": ["cls_summary", "all_params", "rf__min_samples_leaf"], "value": 1}, "version": 28, "at": 1712175160.3474822}
{"obj": {"type": "AssignInt", "path": ["cls_summary", "all_params", "rf__min_samples_split"], "value": 2}, "version": 29, "at": 1712175160.3475368}
{"obj": {"type": "AssignFloat", "path": ["cls_summary", "all_params", "rf__min_weight_fraction_leaf"], "value": 0.0}, "version": 30, "at": 1712175160.347591}
{"obj": {"type": "AssignInt", "path": ["cls_summary", "all_params", "rf__n_estimators"], "value": 200}, "version": 31, "at": 1712175160.347645}
{"obj": {"type": "AssignString", "path": ["cls_summary", "all_params", "rf__n_jobs"], "value": "None"}, "version": 32, "at": 1712175160.347703}
{"obj": {"type": "AssignBool", "path": ["cls_summary", "all_params", "rf__oob_score"], "value": false}, "version": 33, "at": 1712175160.347755}
{"obj": {"type": "AssignInt", "path": ["cls_summary", "all_params", "rf__random_state"], "value": 8}, "version": 34, "at": 1712175160.347808}
{"obj": {"type": "AssignInt", "path": ["cls_summary", "all_params", "rf__verbose"], "value": 0}, "version": 35, "at": 1712175160.347861}
{"obj": {"type": "AssignBool", "path": ["cls_summary", "all_params", "rf__warm_start"], "value": false}, "version": 36, "at": 1712175160.347914}
{"obj": {"type": "UploadFile", "path": ["cls_summary", "pickled_model"], "ext": "pkl", "file_path": null, "tmp_file_name": "cls_summary_pickled_model-1712175160.347975-2024-04-03_16.12.40.347975.pkl", "clean_after_upload": false}, "version": 37, "at": 1712175160.3569741}
{"obj": {"type": "UploadFile", "path": ["cls_summary", "test", "preds"], "ext": "html", "file_path": null, "tmp_file_name": "cls_summary_test_preds-1712175160.357282-2024-04-03_16.12.40.357282.html", "clean_after_upload": false}, "version": 38, "at": 1712175160.357708}
{"obj": {"type": "UploadFile", "path": ["cls_summary", "test", "preds_proba"], "ext": "html", "file_path": null, "tmp_file_name": "cls_summary_test_preds_proba-1712175160.357886-2024-04-03_16.12.40.357886.html", "clean_after_upload": false}, "version": 39, "at": 1712175160.358093}
{"obj": {"type": "AssignFloat", "path": ["cls_summary", "test", "scores", "class_0", "precision"], "value": 0.7620689655172413}, "version": 40, "at": 1712175160.358256}
{"obj": {"type": "AssignFloat", "path": ["cls_summary", "test", "scores", "class_0", "recall"], "value": 0.9208333333333333}, "version": 41, "at": 1712175160.358322}
{"obj": {"type": "AssignFloat", "path": ["cls_summary", "test", "scores", "class_0", "fbeta_score"], "value": 0.8339622641509433}, "version": 42, "at": 1712175160.358382}
{"obj": {"type": "AssignFloat", "path": ["cls_summary", "test", "scores", "class_0", "support"], "value": 240.0}, "version": 43, "at": 1712175160.358443}
{"obj": {"type": "AssignFloat", "path": ["cls_summary", "test", "scores", "class_1", "precision"], "value": 0.9}, "version": 44, "at": 1712175160.358536}
{"obj": {"type": "AssignFloat", "path": ["cls_summary", "test", "scores", "class_1", "recall"], "value": 0.7125}, "version": 45, "at": 1712175160.358593}
{"obj": {"type": "AssignFloat", "path": ["cls_summary", "test", "scores", "class_1", "fbeta_score"], "value": 0.7953488372093023}, "version": 46, "at": 1712175160.358648}
{"obj": {"type": "AssignFloat", "path": ["cls_summary", "test", "scores", "class_1", "support"], "value": 240.0}, "version": 47, "at": 1712175160.358707}
{"obj": {"type": "UploadFile", "path": ["cls_summary", "diagnostics_charts", "classification_report"], "ext": "png", "file_path": null, "tmp_file_name": "cls_summary_diagnostics_charts_classification_report-1712175160.35879-2024-04-03_16.12.40.358790.png", "clean_after_upload": false}, "version": 48, "at": 1712175160.3589828}
{"obj": {"type": "UploadFile", "path": ["cls_summary", "diagnostics_charts", "confusion_matrix"], "ext": "png", "file_path": null, "tmp_file_name": "cls_summary_diagnostics_charts_confusion_matrix-1712175160.359066-2024-04-03_16.12.40.359066.png", "clean_after_upload": false}, "version": 49, "at": 1712175160.359381}
{"obj": {"type": "UploadFile", "path": ["cls_summary", "diagnostics_charts", "ROC_AUC"], "ext": "png", "file_path": null, "tmp_file_name": "cls_summary_diagnostics_charts_ROC_AUC-1712175160.359478-2024-04-03_16.12.40.359478.png", "clean_after_upload": false}, "version": 50, "at": 1712175160.359692}
{"obj": {"type": "UploadFile", "path": ["cls_summary", "diagnostics_charts", "precision_recall"], "ext": "png", "file_path": null, "tmp_file_name": "cls_summary_diagnostics_charts_precision_recall-1712175160.359806-2024-04-03_16.12.40.359806.png", "clean_after_upload": false}, "version": 51, "at": 1712175160.36001}
{"obj": {"type": "UploadFile", "path": ["cls_summary", "diagnostics_charts", "class_prediction_error"], "ext": "png", "file_path": null, "tmp_file_name": "cls_summary_diagnostics_charts_class_prediction_error-1712175160.36011-2024-04-03_16.12.40.360110.png", "clean_after_upload": false}, "version": 52, "at": 1712175160.360289}
{"obj": {"type": "AssignString", "path": ["cls_summary", "integration", "about", "neptune-sklearn"], "value": "2.1.0"}, "version": 53, "at": 1712175160.360388}
{"obj": {"type": "AssignInt", "path": ["params", "rf__max_depth"], "value": 20}, "version": 54, "at": 1712175160.3611178}
{"obj": {"type": "AssignInt", "path": ["params", "rf__min_samples_split"], "value": 2}, "version": 55, "at": 1712175160.361193}
{"obj": {"type": "AssignInt", "path": ["params", "rf__n_estimators"], "value": 200}, "version": 56, "at": 1712175160.361247}
{"obj": {"type": "UploadFile", "path": ["data", "feature_importance"], "ext": "html", "file_path": null, "tmp_file_name": "data_feature_importance-1712175244.949746-2024-04-03_16.14.04.949746.html", "clean_after_upload": false}, "version": 57, "at": 1712175244.9502652}
{"obj": {"type": "UploadFile", "path": ["feature_importance"], "ext": "png", "file_path": "/Users/shehjarsadhu/Desktop/UniversityOfRhodeIsland/Graduate/WBL/Project_Q2Behave/GitQ2Bheave/q2behave_data_analysis/jupyternotebooks/ML_Toolbox/feature_importance.png", "tmp_file_name": null, "clean_after_upload": false}, "version": 58, "at": 1712175245.035478}
{"obj": {"type": "UploadFile", "path": ["roc_curve"], "ext": "png", "file_path": "/Users/shehjarsadhu/Desktop/UniversityOfRhodeIsland/Graduate/WBL/Project_Q2Behave/GitQ2Bheave/q2behave_data_analysis/jupyternotebooks/ML_Toolbox/roc_curve_class.png", "tmp_file_name": null, "clean_after_upload": false}, "version": 59, "at": 1712175245.145808}
{"obj": {"type": "AssignFloat", "path": ["precision"], "value": 0.8310344827586207}, "version": 60, "at": 1712175245.3633249}
{"obj": {"type": "AssignFloat", "path": ["recall"], "value": 0.8166666666666667}, "version": 61, "at": 1712175245.3639538}
{"obj": {"type": "AssignFloat", "path": ["f1_score"], "value": 0.8146555506801227}, "version": 62, "at": 1712175245.364054}
{"obj": {"type": "AssignFloat", "path": ["mean_train_accuracy"], "value": 1.0}, "version": 63, "at": 1712175245.3641331}
{"obj": {"type": "AssignFloat", "path": ["mean_test_accuracy"], "value": 0.7525041736227045}, "version": 64, "at": 1712175245.364213}
{"obj": {"type": "AssignFloat", "path": ["mean_sensitivity"], "value": 0.7053422370617697}, "version": 65, "at": 1712175245.364285}
