{"obj": {"type": "AssignString", "path": ["sys", "name"], "value": "3-Foldtest_size_0.2_RF"}, "version": 1, "at": 1712677059.157235}
{"obj": {"type": "AssignString", "path": ["sys", "description"], "value": ""}, "version": 2, "at": 1712677059.1574988}
{"obj": {"type": "AssignString", "path": ["monitoring", "ea49857a", "hostname"], "value": "156.4.20.172.s.wireless.uri.edu"}, "version": 3, "at": 1712677059.1575942}
{"obj": {"type": "AssignString", "path": ["sys", "hostname"], "value": "156.4.20.172.s.wireless.uri.edu"}, "version": 4, "at": 1712677059.157662}
{"obj": {"type": "AssignString", "path": ["monitoring", "ea49857a", "pid"], "value": "33481"}, "version": 5, "at": 1712677059.157729}
{"obj": {"type": "AssignString", "path": ["monitoring", "ea49857a", "tid"], "value": "140704351295040"}, "version": 6, "at": 1712677059.157792}
{"obj": {"type": "AssignBool", "path": ["sys", "failed"], "value": false}, "version": 7, "at": 1712677059.157844}
{"obj": {"type": "AssignString", "path": ["pid"], "value": "P13"}, "version": 8, "at": 1712677059.1642041}
{"obj": {"type": "UploadFile", "path": ["data", "feature_table"], "ext": "html", "file_path": null, "tmp_file_name": "data_feature_table-1712677061.080936-2024-04-09_11.37.41.080936.html", "clean_after_upload": false}, "version": 9, "at": 1712677061.084756}
{"obj": {"type": "AssignString", "path": ["original"], "value": "type\n0    2532\n1     449\nName: count, dtype: int64"}, "version": 10, "at": 1712677061.0862038}
{"obj": {"type": "AssignString", "path": ["train_samples_undersampled"], "value": "type\n0    449\n1    449\nName: count, dtype: int64"}, "version": 11, "at": 1712677061.086978}
{"obj": {"type": "AssignString", "path": ["test_samples_undersampled"], "value": "type\n0    90\n1    90\nName: count, dtype: int64"}, "version": 12, "at": 1712677061.087775}
{"obj": {"type": "AssignString", "path": ["tag"], "value": "Clus"}, "version": 13, "at": 1712677061.087898}
{"obj": {"type": "UploadFile", "path": ["data", "test_data"], "ext": "html", "file_path": null, "tmp_file_name": "data_test_data-1712677076.43201-2024-04-09_11.37.56.432010.html", "clean_after_upload": false}, "version": 14, "at": 1712677076.4325812}
{"obj": {"type": "AssignString", "path": ["cls_summary", "all_params", "memory"], "value": "None"}, "version": 15, "at": 1712677077.355169}
{"obj": {"type": "AssignString", "path": ["cls_summary", "all_params", "steps"], "value": "[('rf', RandomForestClassifier(max_depth=10, min_samples_split=5, random_state=8))]"}, "version": 16, "at": 1712677077.355721}
{"obj": {"type": "AssignBool", "path": ["cls_summary", "all_params", "verbose"], "value": false}, "version": 17, "at": 1712677077.35598}
{"obj": {"type": "AssignString", "path": ["cls_summary", "all_params", "rf"], "value": "RandomForestClassifier(max_depth=10, min_samples_split=5, random_state=8)"}, "version": 18, "at": 1712677077.356729}
{"obj": {"type": "AssignBool", "path": ["cls_summary", "all_params", "rf__bootstrap"], "value": true}, "version": 19, "at": 1712677077.357147}
{"obj": {"type": "AssignFloat", "path": ["cls_summary", "all_params", "rf__ccp_alpha"], "value": 0.0}, "version": 20, "at": 1712677077.357405}
{"obj": {"type": "AssignString", "path": ["cls_summary", "all_params", "rf__class_weight"], "value": "None"}, "version": 21, "at": 1712677077.357592}
{"obj": {"type": "AssignString", "path": ["cls_summary", "all_params", "rf__criterion"], "value": "gini"}, "version": 22, "at": 1712677077.357704}
{"obj": {"type": "AssignInt", "path": ["cls_summary", "all_params", "rf__max_depth"], "value": 10}, "version": 23, "at": 1712677077.35781}
{"obj": {"type": "AssignString", "path": ["cls_summary", "all_params", "rf__max_features"], "value": "sqrt"}, "version": 24, "at": 1712677077.357924}
{"obj": {"type": "AssignString", "path": ["cls_summary", "all_params", "rf__max_leaf_nodes"], "value": "None"}, "version": 25, "at": 1712677077.358037}
{"obj": {"type": "AssignString", "path": ["cls_summary", "all_params", "rf__max_samples"], "value": "None"}, "version": 26, "at": 1712677077.3581939}
{"obj": {"type": "AssignFloat", "path": ["cls_summary", "all_params", "rf__min_impurity_decrease"], "value": 0.0}, "version": 27, "at": 1712677077.358531}
{"obj": {"type": "AssignInt", "path": ["cls_summary", "all_params", "rf__min_samples_leaf"], "value": 1}, "version": 28, "at": 1712677077.358704}
{"obj": {"type": "AssignInt", "path": ["cls_summary", "all_params", "rf__min_samples_split"], "value": 5}, "version": 29, "at": 1712677077.3588328}
{"obj": {"type": "AssignFloat", "path": ["cls_summary", "all_params", "rf__min_weight_fraction_leaf"], "value": 0.0}, "version": 30, "at": 1712677077.3589602}
{"obj": {"type": "AssignInt", "path": ["cls_summary", "all_params", "rf__n_estimators"], "value": 100}, "version": 31, "at": 1712677077.359079}
{"obj": {"type": "AssignString", "path": ["cls_summary", "all_params", "rf__n_jobs"], "value": "None"}, "version": 32, "at": 1712677077.3592262}
{"obj": {"type": "AssignBool", "path": ["cls_summary", "all_params", "rf__oob_score"], "value": false}, "version": 33, "at": 1712677077.3593862}
{"obj": {"type": "AssignInt", "path": ["cls_summary", "all_params", "rf__random_state"], "value": 8}, "version": 34, "at": 1712677077.359506}
{"obj": {"type": "AssignInt", "path": ["cls_summary", "all_params", "rf__verbose"], "value": 0}, "version": 35, "at": 1712677077.359597}
{"obj": {"type": "AssignBool", "path": ["cls_summary", "all_params", "rf__warm_start"], "value": false}, "version": 36, "at": 1712677077.359709}
{"obj": {"type": "UploadFile", "path": ["cls_summary", "pickled_model"], "ext": "pkl", "file_path": null, "tmp_file_name": "cls_summary_pickled_model-1712677077.359849-2024-04-09_11.37.57.359849.pkl", "clean_after_upload": false}, "version": 37, "at": 1712677077.360946}
{"obj": {"type": "UploadFile", "path": ["cls_summary", "test", "preds"], "ext": "html", "file_path": null, "tmp_file_name": "cls_summary_test_preds-1712677077.361169-2024-04-09_11.37.57.361169.html", "clean_after_upload": false}, "version": 38, "at": 1712677077.3616178}
{"obj": {"type": "UploadFile", "path": ["cls_summary", "test", "preds_proba"], "ext": "html", "file_path": null, "tmp_file_name": "cls_summary_test_preds_proba-1712677077.361872-2024-04-09_11.37.57.361872.html", "clean_after_upload": false}, "version": 39, "at": 1712677077.3622882}
{"obj": {"type": "AssignFloat", "path": ["cls_summary", "test", "scores", "class_0", "precision"], "value": 0.898989898989899}, "version": 40, "at": 1712677077.3625689}
{"obj": {"type": "AssignFloat", "path": ["cls_summary", "test", "scores", "class_0", "recall"], "value": 0.9888888888888889}, "version": 41, "at": 1712677077.362669}
{"obj": {"type": "AssignFloat", "path": ["cls_summary", "test", "scores", "class_0", "fbeta_score"], "value": 0.9417989417989419}, "version": 42, "at": 1712677077.3627431}
{"obj": {"type": "AssignFloat", "path": ["cls_summary", "test", "scores", "class_0", "support"], "value": 90.0}, "version": 43, "at": 1712677077.362823}
{"obj": {"type": "AssignFloat", "path": ["cls_summary", "test", "scores", "class_1", "precision"], "value": 0.9876543209876543}, "version": 44, "at": 1712677077.3629289}
{"obj": {"type": "AssignFloat", "path": ["cls_summary", "test", "scores", "class_1", "recall"], "value": 0.8888888888888888}, "version": 45, "at": 1712677077.363001}
{"obj": {"type": "AssignFloat", "path": ["cls_summary", "test", "scores", "class_1", "fbeta_score"], "value": 0.935672514619883}, "version": 46, "at": 1712677077.36307}
{"obj": {"type": "AssignFloat", "path": ["cls_summary", "test", "scores", "class_1", "support"], "value": 90.0}, "version": 47, "at": 1712677077.363138}
{"obj": {"type": "UploadFile", "path": ["cls_summary", "diagnostics_charts", "classification_report"], "ext": "png", "file_path": null, "tmp_file_name": "cls_summary_diagnostics_charts_classification_report-1712677077.363246-2024-04-09_11.37.57.363246.png", "clean_after_upload": false}, "version": 48, "at": 1712677077.363639}
{"obj": {"type": "UploadFile", "path": ["cls_summary", "diagnostics_charts", "confusion_matrix"], "ext": "png", "file_path": null, "tmp_file_name": "cls_summary_diagnostics_charts_confusion_matrix-1712677077.363836-2024-04-09_11.37.57.363836.png", "clean_after_upload": false}, "version": 49, "at": 1712677077.364256}
{"obj": {"type": "UploadFile", "path": ["cls_summary", "diagnostics_charts", "ROC_AUC"], "ext": "png", "file_path": null, "tmp_file_name": "cls_summary_diagnostics_charts_ROC_AUC-1712677077.364406-2024-04-09_11.37.57.364406.png", "clean_after_upload": false}, "version": 50, "at": 1712677077.364789}
{"obj": {"type": "UploadFile", "path": ["cls_summary", "diagnostics_charts", "precision_recall"], "ext": "png", "file_path": null, "tmp_file_name": "cls_summary_diagnostics_charts_precision_recall-1712677077.365032-2024-04-09_11.37.57.365032.png", "clean_after_upload": false}, "version": 51, "at": 1712677077.366001}
{"obj": {"type": "UploadFile", "path": ["cls_summary", "diagnostics_charts", "class_prediction_error"], "ext": "png", "file_path": null, "tmp_file_name": "cls_summary_diagnostics_charts_class_prediction_error-1712677077.366347-2024-04-09_11.37.57.366347.png", "clean_after_upload": false}, "version": 52, "at": 1712677077.3669472}
{"obj": {"type": "AssignString", "path": ["cls_summary", "integration", "about", "neptune-sklearn"], "value": "2.1.0"}, "version": 53, "at": 1712677077.367327}
{"obj": {"type": "AssignInt", "path": ["params", "rf__max_depth"], "value": 10}, "version": 54, "at": 1712677077.370303}
{"obj": {"type": "AssignInt", "path": ["params", "rf__min_samples_split"], "value": 5}, "version": 55, "at": 1712677077.370463}
{"obj": {"type": "AssignInt", "path": ["params", "rf__n_estimators"], "value": 100}, "version": 56, "at": 1712677077.370542}
{"obj": {"type": "UploadFile", "path": ["data", "feature_importance"], "ext": "html", "file_path": null, "tmp_file_name": "data_feature_importance-1712677098.056169-2024-04-09_11.38.18.056169.html", "clean_after_upload": false}, "version": 57, "at": 1712677098.0567849}
{"obj": {"type": "UploadFile", "path": ["feature_importance"], "ext": "png", "file_path": "/Users/shehjarsadhu/Desktop/UniversityOfRhodeIsland/Graduate/WBL/Project_Q2Behave/GitQ2Bheave/q2behave_data_analysis/jupyternotebooks/ML_Toolbox/feature_importance.png", "tmp_file_name": null, "clean_after_upload": false}, "version": 58, "at": 1712677098.149359}
{"obj": {"type": "UploadFile", "path": ["roc_curve"], "ext": "png", "file_path": "/Users/shehjarsadhu/Desktop/UniversityOfRhodeIsland/Graduate/WBL/Project_Q2Behave/GitQ2Bheave/q2behave_data_analysis/jupyternotebooks/ML_Toolbox/roc_curve_class.png", "tmp_file_name": null, "clean_after_upload": false}, "version": 59, "at": 1712677098.280869}
{"obj": {"type": "AssignFloat", "path": ["precision"], "value": 0.9433221099887766}, "version": 60, "at": 1712677098.55181}
{"obj": {"type": "AssignFloat", "path": ["recall"], "value": 0.9388888888888889}, "version": 61, "at": 1712677098.5523221}
{"obj": {"type": "AssignFloat", "path": ["f1_score"], "value": 0.9387357282094124}, "version": 62, "at": 1712677098.55256}
{"obj": {"type": "AssignFloat", "path": ["mean_train_accuracy"], "value": 0.9877499288111178}, "version": 63, "at": 1712677098.552664}
{"obj": {"type": "AssignFloat", "path": ["mean_test_accuracy"], "value": 0.869721293199554}, "version": 64, "at": 1712677098.552747}
{"obj": {"type": "AssignFloat", "path": ["mean_sensitivity"], "value": 0.8307680835197614}, "version": 65, "at": 1712677098.5528278}
