{"obj": {"type": "AssignString", "path": ["sys", "name"], "value": "2-Foldtest_size_0.2_RF"}, "version": 1, "at": 1710909752.270197}
{"obj": {"type": "AssignString", "path": ["sys", "description"], "value": ""}, "version": 2, "at": 1710909752.270772}
{"obj": {"type": "AssignString", "path": ["monitoring", "1e0c4588", "hostname"], "value": "156.4.20.172.s.wireless.uri.edu"}, "version": 3, "at": 1710909752.271007}
{"obj": {"type": "AssignString", "path": ["sys", "hostname"], "value": "156.4.20.172.s.wireless.uri.edu"}, "version": 4, "at": 1710909752.2711868}
{"obj": {"type": "AssignString", "path": ["monitoring", "1e0c4588", "pid"], "value": "94253"}, "version": 5, "at": 1710909752.271368}
{"obj": {"type": "AssignString", "path": ["monitoring", "1e0c4588", "tid"], "value": "140704622650944"}, "version": 6, "at": 1710909752.271536}
{"obj": {"type": "AssignBool", "path": ["sys", "failed"], "value": false}, "version": 7, "at": 1710909752.271668}
{"obj": {"type": "UploadFile", "path": ["data", "feature_table"], "ext": "html", "file_path": null, "tmp_file_name": "data_feature_table-1710909767.004585-2024-03-20_00.42.47.004585.html", "clean_after_upload": false}, "version": 8, "at": 1710909767.0217862}
{"obj": {"type": "UploadFile", "path": ["data", "test_data"], "ext": "html", "file_path": null, "tmp_file_name": "data_test_data-1710909822.116526-2024-03-20_00.43.42.116526.html", "clean_after_upload": false}, "version": 9, "at": 1710909822.118011}
{"obj": {"type": "AssignString", "path": ["cls_summary", "all_params", "memory"], "value": "None"}, "version": 10, "at": 1710909822.991234}
{"obj": {"type": "AssignString", "path": ["cls_summary", "all_params", "steps"], "value": "[('rf', RandomForestClassifier(max_depth=10, min_samples_split=5, random_state=8))]"}, "version": 11, "at": 1710909822.991647}
{"obj": {"type": "AssignBool", "path": ["cls_summary", "all_params", "verbose"], "value": false}, "version": 12, "at": 1710909822.991738}
{"obj": {"type": "AssignString", "path": ["cls_summary", "all_params", "rf"], "value": "RandomForestClassifier(max_depth=10, min_samples_split=5, random_state=8)"}, "version": 13, "at": 1710909822.9919841}
{"obj": {"type": "AssignBool", "path": ["cls_summary", "all_params", "rf__bootstrap"], "value": true}, "version": 14, "at": 1710909822.992055}
{"obj": {"type": "AssignFloat", "path": ["cls_summary", "all_params", "rf__ccp_alpha"], "value": 0.0}, "version": 15, "at": 1710909822.9921322}
{"obj": {"type": "AssignString", "path": ["cls_summary", "all_params", "rf__class_weight"], "value": "None"}, "version": 16, "at": 1710909822.9922051}
{"obj": {"type": "AssignString", "path": ["cls_summary", "all_params", "rf__criterion"], "value": "gini"}, "version": 17, "at": 1710909822.992267}
{"obj": {"type": "AssignInt", "path": ["cls_summary", "all_params", "rf__max_depth"], "value": 10}, "version": 18, "at": 1710909822.992328}
{"obj": {"type": "AssignString", "path": ["cls_summary", "all_params", "rf__max_features"], "value": "sqrt"}, "version": 19, "at": 1710909822.9923892}
{"obj": {"type": "AssignString", "path": ["cls_summary", "all_params", "rf__max_leaf_nodes"], "value": "None"}, "version": 20, "at": 1710909822.9924538}
{"obj": {"type": "AssignString", "path": ["cls_summary", "all_params", "rf__max_samples"], "value": "None"}, "version": 21, "at": 1710909822.992518}
{"obj": {"type": "AssignFloat", "path": ["cls_summary", "all_params", "rf__min_impurity_decrease"], "value": 0.0}, "version": 22, "at": 1710909822.992577}
{"obj": {"type": "AssignInt", "path": ["cls_summary", "all_params", "rf__min_samples_leaf"], "value": 1}, "version": 23, "at": 1710909822.992634}
{"obj": {"type": "AssignInt", "path": ["cls_summary", "all_params", "rf__min_samples_split"], "value": 5}, "version": 24, "at": 1710909822.992689}
{"obj": {"type": "AssignFloat", "path": ["cls_summary", "all_params", "rf__min_weight_fraction_leaf"], "value": 0.0}, "version": 25, "at": 1710909822.992744}
{"obj": {"type": "AssignInt", "path": ["cls_summary", "all_params", "rf__n_estimators"], "value": 100}, "version": 26, "at": 1710909822.992799}
{"obj": {"type": "AssignString", "path": ["cls_summary", "all_params", "rf__n_jobs"], "value": "None"}, "version": 27, "at": 1710909822.992861}
{"obj": {"type": "AssignBool", "path": ["cls_summary", "all_params", "rf__oob_score"], "value": false}, "version": 28, "at": 1710909822.992917}
{"obj": {"type": "AssignInt", "path": ["cls_summary", "all_params", "rf__random_state"], "value": 8}, "version": 29, "at": 1710909822.992971}
{"obj": {"type": "AssignInt", "path": ["cls_summary", "all_params", "rf__verbose"], "value": 0}, "version": 30, "at": 1710909822.993024}
{"obj": {"type": "AssignBool", "path": ["cls_summary", "all_params", "rf__warm_start"], "value": false}, "version": 31, "at": 1710909822.993078}
{"obj": {"type": "UploadFile", "path": ["cls_summary", "pickled_model"], "ext": "pkl", "file_path": null, "tmp_file_name": "cls_summary_pickled_model-1710909822.993138-2024-03-20_00.43.42.993138.pkl", "clean_after_upload": false}, "version": 32, "at": 1710909822.9960241}
{"obj": {"type": "UploadFile", "path": ["cls_summary", "test", "preds"], "ext": "html", "file_path": null, "tmp_file_name": "cls_summary_test_preds-1710909822.996263-2024-03-20_00.43.42.996263.html", "clean_after_upload": false}, "version": 33, "at": 1710909822.996602}
{"obj": {"type": "UploadFile", "path": ["cls_summary", "test", "preds_proba"], "ext": "html", "file_path": null, "tmp_file_name": "cls_summary_test_preds_proba-1710909822.996692-2024-03-20_00.43.42.996692.html", "clean_after_upload": false}, "version": 34, "at": 1710909822.9970078}
{"obj": {"type": "AssignFloat", "path": ["cls_summary", "test", "scores", "class_0", "precision"], "value": 0.6312056737588653}, "version": 35, "at": 1710909822.997238}
{"obj": {"type": "AssignFloat", "path": ["cls_summary", "test", "scores", "class_0", "recall"], "value": 0.25501432664756446}, "version": 36, "at": 1710909822.997306}
{"obj": {"type": "AssignFloat", "path": ["cls_summary", "test", "scores", "class_0", "fbeta_score"], "value": 0.36326530612244895}, "version": 37, "at": 1710909822.997366}
{"obj": {"type": "AssignFloat", "path": ["cls_summary", "test", "scores", "class_0", "support"], "value": 349.0}, "version": 38, "at": 1710909822.997427}
{"obj": {"type": "AssignFloat", "path": ["cls_summary", "test", "scores", "class_1", "precision"], "value": 0.5323741007194245}, "version": 39, "at": 1710909822.997514}
{"obj": {"type": "AssignFloat", "path": ["cls_summary", "test", "scores", "class_1", "recall"], "value": 0.8505747126436781}, "version": 40, "at": 1710909822.9975748}
{"obj": {"type": "AssignFloat", "path": ["cls_summary", "test", "scores", "class_1", "fbeta_score"], "value": 0.6548672566371682}, "version": 41, "at": 1710909822.997633}
{"obj": {"type": "AssignFloat", "path": ["cls_summary", "test", "scores", "class_1", "support"], "value": 348.0}, "version": 42, "at": 1710909822.9976902}
{"obj": {"type": "UploadFile", "path": ["cls_summary", "diagnostics_charts", "classification_report"], "ext": "png", "file_path": null, "tmp_file_name": "cls_summary_diagnostics_charts_classification_report-1710909822.997773-2024-03-20_00.43.42.997773.png", "clean_after_upload": false}, "version": 43, "at": 1710909822.997966}
{"obj": {"type": "UploadFile", "path": ["cls_summary", "diagnostics_charts", "confusion_matrix"], "ext": "png", "file_path": null, "tmp_file_name": "cls_summary_diagnostics_charts_confusion_matrix-1710909822.998039-2024-03-20_00.43.42.998039.png", "clean_after_upload": false}, "version": 44, "at": 1710909822.998328}
{"obj": {"type": "UploadFile", "path": ["cls_summary", "diagnostics_charts", "ROC_AUC"], "ext": "png", "file_path": null, "tmp_file_name": "cls_summary_diagnostics_charts_ROC_AUC-1710909822.998402-2024-03-20_00.43.42.998402.png", "clean_after_upload": false}, "version": 45, "at": 1710909822.9986382}
{"obj": {"type": "UploadFile", "path": ["cls_summary", "diagnostics_charts", "precision_recall"], "ext": "png", "file_path": null, "tmp_file_name": "cls_summary_diagnostics_charts_precision_recall-1710909822.998743-2024-03-20_00.43.42.998743.png", "clean_after_upload": false}, "version": 46, "at": 1710909822.999041}
{"obj": {"type": "UploadFile", "path": ["cls_summary", "diagnostics_charts", "class_prediction_error"], "ext": "png", "file_path": null, "tmp_file_name": "cls_summary_diagnostics_charts_class_prediction_error-1710909822.99921-2024-03-20_00.43.42.999210.png", "clean_after_upload": false}, "version": 47, "at": 1710909822.99944}
{"obj": {"type": "AssignString", "path": ["cls_summary", "integration", "about", "neptune-sklearn"], "value": "2.1.0"}, "version": 48, "at": 1710909822.999586}
{"obj": {"type": "AssignInt", "path": ["params", "rf__max_depth"], "value": 10}, "version": 49, "at": 1710909822.999744}
{"obj": {"type": "AssignInt", "path": ["params", "rf__min_samples_split"], "value": 5}, "version": 50, "at": 1710909822.999805}
{"obj": {"type": "AssignInt", "path": ["params", "rf__n_estimators"], "value": 100}, "version": 51, "at": 1710909822.99986}
{"obj": {"type": "UploadFile", "path": ["roc_curve"], "ext": "png", "file_path": "/Users/shehjarsadhu/Desktop/UniversityOfRhodeIsland/Graduate/WBL/Project_Q2Behave/GitQ2Bheave/q2behave_data_analysis/jupyternotebooks/roc_curve_class.png", "tmp_file_name": null, "clean_after_upload": false}, "version": 52, "at": 1710909825.612494}
{"obj": {"type": "AssignFloat", "path": ["precision"], "value": 0.5818607850677241}, "version": 53, "at": 1710909825.740041}
{"obj": {"type": "AssignFloat", "path": ["recall"], "value": 0.5523672883787661}, "version": 54, "at": 1710909825.740604}
{"obj": {"type": "AssignFloat", "path": ["f1_score"], "value": 0.508857097771118}, "version": 55, "at": 1710909825.740712}
{"obj": {"type": "AssignFloat", "path": ["mean_train_accuracy"], "value": 0.9564663485011229}, "version": 56, "at": 1710909825.740798}
{"obj": {"type": "AssignFloat", "path": ["mean_test_accuracy"], "value": 0.608036324577678}, "version": 57, "at": 1710909825.7408772}
{"obj": {"type": "AssignFloat", "path": ["mean_sensitivity"], "value": 0.6332908163265306}, "version": 58, "at": 1710909825.7409532}
