{"obj": {"type": "AssignString", "path": ["sys", "name"], "value": "2-Foldtest_size_0.2_RF"}, "version": 1, "at": 1712677420.088817}
{"obj": {"type": "AssignString", "path": ["sys", "description"], "value": ""}, "version": 2, "at": 1712677420.089268}
{"obj": {"type": "AssignString", "path": ["monitoring", "ea49857a", "hostname"], "value": "156.4.20.172.s.wireless.uri.edu"}, "version": 3, "at": 1712677420.089504}
{"obj": {"type": "AssignString", "path": ["sys", "hostname"], "value": "156.4.20.172.s.wireless.uri.edu"}, "version": 4, "at": 1712677420.0896928}
{"obj": {"type": "AssignString", "path": ["monitoring", "ea49857a", "pid"], "value": "33481"}, "version": 5, "at": 1712677420.089872}
{"obj": {"type": "AssignString", "path": ["monitoring", "ea49857a", "tid"], "value": "140704351295040"}, "version": 6, "at": 1712677420.090044}
{"obj": {"type": "AssignBool", "path": ["sys", "failed"], "value": false}, "version": 7, "at": 1712677420.0901718}
{"obj": {"type": "AssignString", "path": ["pid"], "value": "P5"}, "version": 8, "at": 1712677420.099962}
{"obj": {"type": "UploadFile", "path": ["data", "feature_table"], "ext": "html", "file_path": null, "tmp_file_name": "data_feature_table-1712677420.745551-2024-04-09_11.43.40.745551.html", "clean_after_upload": false}, "version": 9, "at": 1712677420.7486668}
{"obj": {"type": "AssignString", "path": ["original"], "value": "type\n0    1240\n1      44\nName: count, dtype: int64"}, "version": 10, "at": 1712677420.7495658}
{"obj": {"type": "AssignString", "path": ["train_samples_undersampled"], "value": "type\n0    44\n1    44\nName: count, dtype: int64"}, "version": 11, "at": 1712677420.750145}
{"obj": {"type": "AssignString", "path": ["test_samples_undersampled"], "value": "type\n1    9\n0    9\nName: count, dtype: int64"}, "version": 12, "at": 1712677420.75052}
{"obj": {"type": "AssignString", "path": ["tag"], "value": "Clus"}, "version": 13, "at": 1712677420.750595}
{"obj": {"type": "UploadFile", "path": ["data", "test_data"], "ext": "html", "file_path": null, "tmp_file_name": "data_test_data-1712677425.227348-2024-04-09_11.43.45.227348.html", "clean_after_upload": false}, "version": 14, "at": 1712677425.227795}
{"obj": {"type": "AssignString", "path": ["cls_summary", "all_params", "memory"], "value": "None"}, "version": 15, "at": 1712677426.179353}
{"obj": {"type": "AssignString", "path": ["cls_summary", "all_params", "steps"], "value": "[('rf', RandomForestClassifier(n_estimators=300, random_state=8))]"}, "version": 16, "at": 1712677426.1798}
{"obj": {"type": "AssignBool", "path": ["cls_summary", "all_params", "verbose"], "value": false}, "version": 17, "at": 1712677426.179893}
{"obj": {"type": "AssignString", "path": ["cls_summary", "all_params", "rf"], "value": "RandomForestClassifier(n_estimators=300, random_state=8)"}, "version": 18, "at": 1712677426.180129}
{"obj": {"type": "AssignBool", "path": ["cls_summary", "all_params", "rf__bootstrap"], "value": true}, "version": 19, "at": 1712677426.180201}
{"obj": {"type": "AssignFloat", "path": ["cls_summary", "all_params", "rf__ccp_alpha"], "value": 0.0}, "version": 20, "at": 1712677426.1802702}
{"obj": {"type": "AssignString", "path": ["cls_summary", "all_params", "rf__class_weight"], "value": "None"}, "version": 21, "at": 1712677426.180338}
{"obj": {"type": "AssignString", "path": ["cls_summary", "all_params", "rf__criterion"], "value": "gini"}, "version": 22, "at": 1712677426.180403}
{"obj": {"type": "AssignString", "path": ["cls_summary", "all_params", "rf__max_depth"], "value": "None"}, "version": 23, "at": 1712677426.180467}
{"obj": {"type": "AssignString", "path": ["cls_summary", "all_params", "rf__max_features"], "value": "sqrt"}, "version": 24, "at": 1712677426.1805289}
{"obj": {"type": "AssignString", "path": ["cls_summary", "all_params", "rf__max_leaf_nodes"], "value": "None"}, "version": 25, "at": 1712677426.180593}
{"obj": {"type": "AssignString", "path": ["cls_summary", "all_params", "rf__max_samples"], "value": "None"}, "version": 26, "at": 1712677426.180657}
{"obj": {"type": "AssignFloat", "path": ["cls_summary", "all_params", "rf__min_impurity_decrease"], "value": 0.0}, "version": 27, "at": 1712677426.180717}
{"obj": {"type": "AssignInt", "path": ["cls_summary", "all_params", "rf__min_samples_leaf"], "value": 1}, "version": 28, "at": 1712677426.180778}
{"obj": {"type": "AssignInt", "path": ["cls_summary", "all_params", "rf__min_samples_split"], "value": 2}, "version": 29, "at": 1712677426.180835}
{"obj": {"type": "AssignFloat", "path": ["cls_summary", "all_params", "rf__min_weight_fraction_leaf"], "value": 0.0}, "version": 30, "at": 1712677426.180892}
{"obj": {"type": "AssignInt", "path": ["cls_summary", "all_params", "rf__n_estimators"], "value": 300}, "version": 31, "at": 1712677426.1809468}
{"obj": {"type": "AssignString", "path": ["cls_summary", "all_params", "rf__n_jobs"], "value": "None"}, "version": 32, "at": 1712677426.18101}
{"obj": {"type": "AssignBool", "path": ["cls_summary", "all_params", "rf__oob_score"], "value": false}, "version": 33, "at": 1712677426.181066}
{"obj": {"type": "AssignInt", "path": ["cls_summary", "all_params", "rf__random_state"], "value": 8}, "version": 34, "at": 1712677426.181122}
{"obj": {"type": "AssignInt", "path": ["cls_summary", "all_params", "rf__verbose"], "value": 0}, "version": 35, "at": 1712677426.1811771}
{"obj": {"type": "AssignBool", "path": ["cls_summary", "all_params", "rf__warm_start"], "value": false}, "version": 36, "at": 1712677426.181233}
{"obj": {"type": "UploadFile", "path": ["cls_summary", "pickled_model"], "ext": "pkl", "file_path": null, "tmp_file_name": "cls_summary_pickled_model-1712677426.181319-2024-04-09_11.43.46.181319.pkl", "clean_after_upload": false}, "version": 37, "at": 1712677426.181956}
{"obj": {"type": "UploadFile", "path": ["cls_summary", "test", "preds"], "ext": "html", "file_path": null, "tmp_file_name": "cls_summary_test_preds-1712677426.182182-2024-04-09_11.43.46.182182.html", "clean_after_upload": false}, "version": 38, "at": 1712677426.182464}
{"obj": {"type": "UploadFile", "path": ["cls_summary", "test", "preds_proba"], "ext": "html", "file_path": null, "tmp_file_name": "cls_summary_test_preds_proba-1712677426.182556-2024-04-09_11.43.46.182556.html", "clean_after_upload": false}, "version": 39, "at": 1712677426.182771}
{"obj": {"type": "AssignFloat", "path": ["cls_summary", "test", "scores", "class_0", "precision"], "value": 1.0}, "version": 40, "at": 1712677426.182924}
{"obj": {"type": "AssignFloat", "path": ["cls_summary", "test", "scores", "class_0", "recall"], "value": 1.0}, "version": 41, "at": 1712677426.182993}
{"obj": {"type": "AssignFloat", "path": ["cls_summary", "test", "scores", "class_0", "fbeta_score"], "value": 1.0}, "version": 42, "at": 1712677426.183053}
{"obj": {"type": "AssignFloat", "path": ["cls_summary", "test", "scores", "class_0", "support"], "value": 9.0}, "version": 43, "at": 1712677426.183114}
{"obj": {"type": "AssignFloat", "path": ["cls_summary", "test", "scores", "class_1", "precision"], "value": 1.0}, "version": 44, "at": 1712677426.1832058}
{"obj": {"type": "AssignFloat", "path": ["cls_summary", "test", "scores", "class_1", "recall"], "value": 1.0}, "version": 45, "at": 1712677426.183265}
{"obj": {"type": "AssignFloat", "path": ["cls_summary", "test", "scores", "class_1", "fbeta_score"], "value": 1.0}, "version": 46, "at": 1712677426.1833222}
{"obj": {"type": "AssignFloat", "path": ["cls_summary", "test", "scores", "class_1", "support"], "value": 9.0}, "version": 47, "at": 1712677426.183379}
{"obj": {"type": "UploadFile", "path": ["cls_summary", "diagnostics_charts", "classification_report"], "ext": "png", "file_path": null, "tmp_file_name": "cls_summary_diagnostics_charts_classification_report-1712677426.183464-2024-04-09_11.43.46.183464.png", "clean_after_upload": false}, "version": 48, "at": 1712677426.183653}
{"obj": {"type": "UploadFile", "path": ["cls_summary", "diagnostics_charts", "confusion_matrix"], "ext": "png", "file_path": null, "tmp_file_name": "cls_summary_diagnostics_charts_confusion_matrix-1712677426.18376-2024-04-09_11.43.46.183760.png", "clean_after_upload": false}, "version": 49, "at": 1712677426.1840389}
{"obj": {"type": "UploadFile", "path": ["cls_summary", "diagnostics_charts", "ROC_AUC"], "ext": "png", "file_path": null, "tmp_file_name": "cls_summary_diagnostics_charts_ROC_AUC-1712677426.18415-2024-04-09_11.43.46.184150.png", "clean_after_upload": false}, "version": 50, "at": 1712677426.184406}
{"obj": {"type": "UploadFile", "path": ["cls_summary", "diagnostics_charts", "precision_recall"], "ext": "png", "file_path": null, "tmp_file_name": "cls_summary_diagnostics_charts_precision_recall-1712677426.184521-2024-04-09_11.43.46.184521.png", "clean_after_upload": false}, "version": 51, "at": 1712677426.184746}
{"obj": {"type": "UploadFile", "path": ["cls_summary", "diagnostics_charts", "class_prediction_error"], "ext": "png", "file_path": null, "tmp_file_name": "cls_summary_diagnostics_charts_class_prediction_error-1712677426.184821-2024-04-09_11.43.46.184821.png", "clean_after_upload": false}, "version": 52, "at": 1712677426.185008}
{"obj": {"type": "AssignString", "path": ["cls_summary", "integration", "about", "neptune-sklearn"], "value": "2.1.0"}, "version": 53, "at": 1712677426.185111}
{"obj": {"type": "AssignInt", "path": ["params", "rf__min_samples_split"], "value": 2}, "version": 54, "at": 1712677426.18531}
{"obj": {"type": "AssignInt", "path": ["params", "rf__n_estimators"], "value": 300}, "version": 55, "at": 1712677426.185379}
{"obj": {"type": "UploadFile", "path": ["data", "feature_importance"], "ext": "html", "file_path": null, "tmp_file_name": "data_feature_importance-1712677450.06077-2024-04-09_11.44.10.060770.html", "clean_after_upload": false}, "version": 56, "at": 1712677450.062216}
{"obj": {"type": "UploadFile", "path": ["feature_importance"], "ext": "png", "file_path": "/Users/shehjarsadhu/Desktop/UniversityOfRhodeIsland/Graduate/WBL/Project_Q2Behave/GitQ2Bheave/q2behave_data_analysis/jupyternotebooks/ML_Toolbox/feature_importance.png", "tmp_file_name": null, "clean_after_upload": false}, "version": 57, "at": 1712677450.146032}
{"obj": {"type": "UploadFile", "path": ["roc_curve"], "ext": "png", "file_path": "/Users/shehjarsadhu/Desktop/UniversityOfRhodeIsland/Graduate/WBL/Project_Q2Behave/GitQ2Bheave/q2behave_data_analysis/jupyternotebooks/ML_Toolbox/roc_curve_class.png", "tmp_file_name": null, "clean_after_upload": false}, "version": 58, "at": 1712677450.262489}
{"obj": {"type": "AssignFloat", "path": ["precision"], "value": 1.0}, "version": 59, "at": 1712677450.518414}
{"obj": {"type": "AssignFloat", "path": ["recall"], "value": 1.0}, "version": 60, "at": 1712677450.5191438}
{"obj": {"type": "AssignFloat", "path": ["f1_score"], "value": 1.0}, "version": 61, "at": 1712677450.519434}
{"obj": {"type": "AssignFloat", "path": ["mean_train_accuracy"], "value": 1.0}, "version": 62, "at": 1712677450.519545}
{"obj": {"type": "AssignFloat", "path": ["mean_test_accuracy"], "value": 0.8522727272727273}, "version": 63, "at": 1712677450.519642}
{"obj": {"type": "AssignFloat", "path": ["mean_sensitivity"], "value": 0.7727272727272727}, "version": 64, "at": 1712677450.519722}
