{"obj": {"type": "AssignString", "path": ["sys", "name"], "value": "7-Foldtest_size_0.2_RF"}, "version": 1, "at": 1708184673.985722}
{"obj": {"type": "AssignString", "path": ["sys", "description"], "value": ""}, "version": 2, "at": 1708184673.9861681}
{"obj": {"type": "AssignString", "path": ["monitoring", "1d5958ca", "hostname"], "value": "156.4.20.172.s.wireless.uri.edu"}, "version": 3, "at": 1708184673.9864058}
{"obj": {"type": "AssignString", "path": ["sys", "hostname"], "value": "156.4.20.172.s.wireless.uri.edu"}, "version": 4, "at": 1708184673.9865909}
{"obj": {"type": "AssignString", "path": ["monitoring", "1d5958ca", "pid"], "value": "4220"}, "version": 5, "at": 1708184673.986892}
{"obj": {"type": "AssignString", "path": ["monitoring", "1d5958ca", "tid"], "value": "140704465368640"}, "version": 6, "at": 1708184673.987359}
{"obj": {"type": "AssignBool", "path": ["sys", "failed"], "value": false}, "version": 7, "at": 1708184673.987561}
{"obj": {"type": "UploadFile", "path": ["data", "feature_table"], "ext": "html", "file_path": null, "tmp_file_name": "data_feature_table-1708184674.754269-2024-02-17_10.44.34.754269.html", "clean_after_upload": false}, "version": 8, "at": 1708184674.755418}
{"obj": {"type": "UploadFile", "path": ["data", "test_data"], "ext": "html", "file_path": null, "tmp_file_name": "data_test_data-1708184713.38391-2024-02-17_10.45.13.383910.html", "clean_after_upload": false}, "version": 9, "at": 1708184713.384445}
{"obj": {"type": "AssignString", "path": ["cls_summary", "all_params", "memory"], "value": "None"}, "version": 10, "at": 1708184715.1924548}
{"obj": {"type": "AssignString", "path": ["cls_summary", "all_params", "steps"], "value": "[('rf', RandomForestClassifier(max_depth=20, min_samples_split=5, n_estimators=300,\n                       random_state=8))]"}, "version": 11, "at": 1708184715.193074}
{"obj": {"type": "AssignBool", "path": ["cls_summary", "all_params", "verbose"], "value": false}, "version": 12, "at": 1708184715.193176}
{"obj": {"type": "AssignString", "path": ["cls_summary", "all_params", "rf"], "value": "RandomForestClassifier(max_depth=20, min_samples_split=5, n_estimators=300,\n                       random_state=8)"}, "version": 13, "at": 1708184715.193577}
{"obj": {"type": "AssignBool", "path": ["cls_summary", "all_params", "rf__bootstrap"], "value": true}, "version": 14, "at": 1708184715.1936588}
{"obj": {"type": "AssignFloat", "path": ["cls_summary", "all_params", "rf__ccp_alpha"], "value": 0.0}, "version": 15, "at": 1708184715.193731}
{"obj": {"type": "AssignString", "path": ["cls_summary", "all_params", "rf__class_weight"], "value": "None"}, "version": 16, "at": 1708184715.193805}
{"obj": {"type": "AssignString", "path": ["cls_summary", "all_params", "rf__criterion"], "value": "gini"}, "version": 17, "at": 1708184715.193871}
{"obj": {"type": "AssignInt", "path": ["cls_summary", "all_params", "rf__max_depth"], "value": 20}, "version": 18, "at": 1708184715.1939352}
{"obj": {"type": "AssignString", "path": ["cls_summary", "all_params", "rf__max_features"], "value": "sqrt"}, "version": 19, "at": 1708184715.193998}
{"obj": {"type": "AssignString", "path": ["cls_summary", "all_params", "rf__max_leaf_nodes"], "value": "None"}, "version": 20, "at": 1708184715.1940649}
{"obj": {"type": "AssignString", "path": ["cls_summary", "all_params", "rf__max_samples"], "value": "None"}, "version": 21, "at": 1708184715.194131}
{"obj": {"type": "AssignFloat", "path": ["cls_summary", "all_params", "rf__min_impurity_decrease"], "value": 0.0}, "version": 22, "at": 1708184715.19419}
{"obj": {"type": "AssignInt", "path": ["cls_summary", "all_params", "rf__min_samples_leaf"], "value": 1}, "version": 23, "at": 1708184715.194251}
{"obj": {"type": "AssignInt", "path": ["cls_summary", "all_params", "rf__min_samples_split"], "value": 5}, "version": 24, "at": 1708184715.194308}
{"obj": {"type": "AssignFloat", "path": ["cls_summary", "all_params", "rf__min_weight_fraction_leaf"], "value": 0.0}, "version": 25, "at": 1708184715.194365}
{"obj": {"type": "AssignInt", "path": ["cls_summary", "all_params", "rf__n_estimators"], "value": 300}, "version": 26, "at": 1708184715.194627}
{"obj": {"type": "AssignString", "path": ["cls_summary", "all_params", "rf__n_jobs"], "value": "None"}, "version": 27, "at": 1708184715.1947362}
{"obj": {"type": "AssignBool", "path": ["cls_summary", "all_params", "rf__oob_score"], "value": false}, "version": 28, "at": 1708184715.1948211}
{"obj": {"type": "AssignInt", "path": ["cls_summary", "all_params", "rf__random_state"], "value": 8}, "version": 29, "at": 1708184715.194884}
{"obj": {"type": "AssignInt", "path": ["cls_summary", "all_params", "rf__verbose"], "value": 0}, "version": 30, "at": 1708184715.194944}
{"obj": {"type": "AssignBool", "path": ["cls_summary", "all_params", "rf__warm_start"], "value": false}, "version": 31, "at": 1708184715.195004}
{"obj": {"type": "UploadFile", "path": ["cls_summary", "pickled_model"], "ext": "pkl", "file_path": null, "tmp_file_name": "cls_summary_pickled_model-1708184715.195073-2024-02-17_10.45.15.195073.pkl", "clean_after_upload": false}, "version": 32, "at": 1708184715.204824}
{"obj": {"type": "UploadFile", "path": ["cls_summary", "test", "preds"], "ext": "html", "file_path": null, "tmp_file_name": "cls_summary_test_preds-1708184715.205326-2024-02-17_10.45.15.205326.html", "clean_after_upload": false}, "version": 33, "at": 1708184715.2058702}
{"obj": {"type": "UploadFile", "path": ["cls_summary", "test", "preds_proba"], "ext": "html", "file_path": null, "tmp_file_name": "cls_summary_test_preds_proba-1708184715.206049-2024-02-17_10.45.15.206049.html", "clean_after_upload": false}, "version": 34, "at": 1708184715.2064672}
{"obj": {"type": "AssignFloat", "path": ["cls_summary", "test", "scores", "class_0", "precision"], "value": 0.8965153115100317}, "version": 35, "at": 1708184715.20686}
{"obj": {"type": "AssignFloat", "path": ["cls_summary", "test", "scores", "class_0", "recall"], "value": 0.7028145695364238}, "version": 36, "at": 1708184715.2069619}
{"obj": {"type": "AssignFloat", "path": ["cls_summary", "test", "scores", "class_0", "fbeta_score"], "value": 0.7879350348027843}, "version": 37, "at": 1708184715.20703}
{"obj": {"type": "AssignFloat", "path": ["cls_summary", "test", "scores", "class_0", "support"], "value": 1208.0}, "version": 38, "at": 1708184715.207092}
{"obj": {"type": "AssignFloat", "path": ["cls_summary", "test", "scores", "class_1", "precision"], "value": 0.17848970251716248}, "version": 39, "at": 1708184715.2071838}
{"obj": {"type": "AssignFloat", "path": ["cls_summary", "test", "scores", "class_1", "recall"], "value": 0.4431818181818182}, "version": 40, "at": 1708184715.207245}
{"obj": {"type": "AssignFloat", "path": ["cls_summary", "test", "scores", "class_1", "fbeta_score"], "value": 0.25448613376835233}, "version": 41, "at": 1708184715.207306}
{"obj": {"type": "AssignFloat", "path": ["cls_summary", "test", "scores", "class_1", "support"], "value": 176.0}, "version": 42, "at": 1708184715.207367}
{"obj": {"type": "UploadFile", "path": ["cls_summary", "diagnostics_charts", "classification_report"], "ext": "png", "file_path": null, "tmp_file_name": "cls_summary_diagnostics_charts_classification_report-1708184715.207462-2024-02-17_10.45.15.207462.png", "clean_after_upload": false}, "version": 43, "at": 1708184715.207822}
{"obj": {"type": "UploadFile", "path": ["cls_summary", "diagnostics_charts", "confusion_matrix"], "ext": "png", "file_path": null, "tmp_file_name": "cls_summary_diagnostics_charts_confusion_matrix-1708184715.207914-2024-02-17_10.45.15.207914.png", "clean_after_upload": false}, "version": 44, "at": 1708184715.2082229}
{"obj": {"type": "UploadFile", "path": ["cls_summary", "diagnostics_charts", "ROC_AUC"], "ext": "png", "file_path": null, "tmp_file_name": "cls_summary_diagnostics_charts_ROC_AUC-1708184715.208379-2024-02-17_10.45.15.208379.png", "clean_after_upload": false}, "version": 45, "at": 1708184715.20874}
{"obj": {"type": "UploadFile", "path": ["cls_summary", "diagnostics_charts", "precision_recall"], "ext": "png", "file_path": null, "tmp_file_name": "cls_summary_diagnostics_charts_precision_recall-1708184715.208846-2024-02-17_10.45.15.208846.png", "clean_after_upload": false}, "version": 46, "at": 1708184715.209106}
{"obj": {"type": "UploadFile", "path": ["cls_summary", "diagnostics_charts", "class_prediction_error"], "ext": "png", "file_path": null, "tmp_file_name": "cls_summary_diagnostics_charts_class_prediction_error-1708184715.20923-2024-02-17_10.45.15.209230.png", "clean_after_upload": false}, "version": 47, "at": 1708184715.209557}
{"obj": {"type": "AssignString", "path": ["cls_summary", "integration", "about", "neptune-sklearn"], "value": "2.1.0"}, "version": 48, "at": 1708184715.2096908}
{"obj": {"type": "AssignInt", "path": ["params", "rf__max_depth"], "value": 20}, "version": 49, "at": 1708184715.21101}
{"obj": {"type": "AssignInt", "path": ["params", "rf__min_samples_split"], "value": 5}, "version": 50, "at": 1708184715.211112}
{"obj": {"type": "AssignInt", "path": ["params", "rf__n_estimators"], "value": 300}, "version": 51, "at": 1708184715.2111712}
{"obj": {"type": "UploadFile", "path": ["roc_curve"], "ext": "png", "file_path": "/Users/shehjarsadhu/Desktop/UniversityOfRhodeIsland/Graduate/WBL/Project_Q2Behave/GitQ2Bheave/q2behave_data_analysis/jupyternotebooks/roc_curve_class.png", "tmp_file_name": null, "clean_after_upload": false}, "version": 52, "at": 1708184723.331867}
{"obj": {"type": "AssignFloat", "path": ["precision"], "value": 0.8052056964935974}, "version": 53, "at": 1708184723.46233}
{"obj": {"type": "AssignFloat", "path": ["recall"], "value": 0.6697976878612717}, "version": 54, "at": 1708184723.462773}
{"obj": {"type": "AssignFloat", "path": ["f1_score"], "value": 0.7200976023012958}, "version": 55, "at": 1708184723.462882}
{"obj": {"type": "AssignFloat", "path": ["mean_train_accuracy"], "value": 0.9997602061804215}, "version": 56, "at": 1708184723.462969}
{"obj": {"type": "AssignFloat", "path": ["mean_test_accuracy"], "value": 0.7201157301659814}, "version": 57, "at": 1708184723.463051}
{"obj": {"type": "AssignFloat", "path": ["mean_sensitivity"], "value": 0.7294372294372294}, "version": 58, "at": 1708184723.463129}
