{"obj": {"type": "AssignString", "path": ["sys", "name"], "value": "9-Foldtest_size_0.2_RF"}, "version": 1, "at": 1708189181.235352}
{"obj": {"type": "AssignString", "path": ["sys", "description"], "value": ""}, "version": 2, "at": 1708189181.235801}
{"obj": {"type": "AssignString", "path": ["monitoring", "9cf7f3c7", "hostname"], "value": "156.4.20.172.s.wireless.uri.edu"}, "version": 3, "at": 1708189181.236052}
{"obj": {"type": "AssignString", "path": ["sys", "hostname"], "value": "156.4.20.172.s.wireless.uri.edu"}, "version": 4, "at": 1708189181.2362309}
{"obj": {"type": "AssignString", "path": ["monitoring", "9cf7f3c7", "pid"], "value": "7372"}, "version": 5, "at": 1708189181.23672}
{"obj": {"type": "AssignString", "path": ["monitoring", "9cf7f3c7", "tid"], "value": "140704465368640"}, "version": 6, "at": 1708189181.237215}
{"obj": {"type": "AssignBool", "path": ["sys", "failed"], "value": false}, "version": 7, "at": 1708189181.23739}
{"obj": {"type": "UploadFile", "path": ["data", "feature_table"], "ext": "html", "file_path": null, "tmp_file_name": "data_feature_table-1708189181.304258-2024-02-17_11.59.41.304258.html", "clean_after_upload": false}, "version": 8, "at": 1708189181.3063831}
{"obj": {"type": "UploadFile", "path": ["data", "test_data"], "ext": "html", "file_path": null, "tmp_file_name": "data_test_data-1708189203.426601-2024-02-17_12.00.03.426601.html", "clean_after_upload": false}, "version": 9, "at": 1708189203.4269812}
{"obj": {"type": "AssignString", "path": ["cls_summary", "all_params", "memory"], "value": "None"}, "version": 10, "at": 1708189204.475136}
{"obj": {"type": "AssignString", "path": ["cls_summary", "all_params", "steps"], "value": "[('rf', RandomForestClassifier(n_estimators=200, random_state=8))]"}, "version": 11, "at": 1708189204.490796}
{"obj": {"type": "AssignBool", "path": ["cls_summary", "all_params", "verbose"], "value": false}, "version": 12, "at": 1708189204.49141}
{"obj": {"type": "AssignString", "path": ["cls_summary", "all_params", "rf"], "value": "RandomForestClassifier(n_estimators=200, random_state=8)"}, "version": 13, "at": 1708189204.4917362}
{"obj": {"type": "AssignBool", "path": ["cls_summary", "all_params", "rf__bootstrap"], "value": true}, "version": 14, "at": 1708189204.510795}
{"obj": {"type": "AssignFloat", "path": ["cls_summary", "all_params", "rf__ccp_alpha"], "value": 0.0}, "version": 15, "at": 1708189204.51092}
{"obj": {"type": "AssignString", "path": ["cls_summary", "all_params", "rf__class_weight"], "value": "None"}, "version": 16, "at": 1708189204.511041}
{"obj": {"type": "AssignString", "path": ["cls_summary", "all_params", "rf__criterion"], "value": "gini"}, "version": 17, "at": 1708189204.511114}
{"obj": {"type": "AssignString", "path": ["cls_summary", "all_params", "rf__max_depth"], "value": "None"}, "version": 18, "at": 1708189204.511225}
{"obj": {"type": "AssignString", "path": ["cls_summary", "all_params", "rf__max_features"], "value": "sqrt"}, "version": 19, "at": 1708189204.5112891}
{"obj": {"type": "AssignString", "path": ["cls_summary", "all_params", "rf__max_leaf_nodes"], "value": "None"}, "version": 20, "at": 1708189204.5114439}
{"obj": {"type": "AssignString", "path": ["cls_summary", "all_params", "rf__max_samples"], "value": "None"}, "version": 21, "at": 1708189204.511551}
{"obj": {"type": "AssignFloat", "path": ["cls_summary", "all_params", "rf__min_impurity_decrease"], "value": 0.0}, "version": 22, "at": 1708189204.511613}
{"obj": {"type": "AssignInt", "path": ["cls_summary", "all_params", "rf__min_samples_leaf"], "value": 1}, "version": 23, "at": 1708189204.5117161}
{"obj": {"type": "AssignInt", "path": ["cls_summary", "all_params", "rf__min_samples_split"], "value": 2}, "version": 24, "at": 1708189204.5118}
{"obj": {"type": "AssignFloat", "path": ["cls_summary", "all_params", "rf__min_weight_fraction_leaf"], "value": 0.0}, "version": 25, "at": 1708189204.511908}
{"obj": {"type": "AssignInt", "path": ["cls_summary", "all_params", "rf__n_estimators"], "value": 200}, "version": 26, "at": 1708189204.512105}
{"obj": {"type": "AssignString", "path": ["cls_summary", "all_params", "rf__n_jobs"], "value": "None"}, "version": 27, "at": 1708189204.512234}
{"obj": {"type": "AssignBool", "path": ["cls_summary", "all_params", "rf__oob_score"], "value": false}, "version": 28, "at": 1708189204.5123048}
{"obj": {"type": "AssignInt", "path": ["cls_summary", "all_params", "rf__random_state"], "value": 8}, "version": 29, "at": 1708189204.512396}
{"obj": {"type": "AssignInt", "path": ["cls_summary", "all_params", "rf__verbose"], "value": 0}, "version": 30, "at": 1708189204.512473}
{"obj": {"type": "AssignBool", "path": ["cls_summary", "all_params", "rf__warm_start"], "value": false}, "version": 31, "at": 1708189204.512557}
{"obj": {"type": "UploadFile", "path": ["cls_summary", "pickled_model"], "ext": "pkl", "file_path": null, "tmp_file_name": "cls_summary_pickled_model-1708189204.512681-2024-02-17_12.00.04.512681.pkl", "clean_after_upload": false}, "version": 32, "at": 1708189204.513422}
{"obj": {"type": "UploadFile", "path": ["cls_summary", "test", "preds"], "ext": "html", "file_path": null, "tmp_file_name": "cls_summary_test_preds-1708189204.5137-2024-02-17_12.00.04.513700.html", "clean_after_upload": false}, "version": 33, "at": 1708189204.514082}
{"obj": {"type": "UploadFile", "path": ["cls_summary", "test", "preds_proba"], "ext": "html", "file_path": null, "tmp_file_name": "cls_summary_test_preds_proba-1708189204.514255-2024-02-17_12.00.04.514255.html", "clean_after_upload": false}, "version": 34, "at": 1708189204.51448}
{"obj": {"type": "AssignFloat", "path": ["cls_summary", "test", "scores", "class_0", "precision"], "value": 0.8260869565217391}, "version": 35, "at": 1708189204.5147011}
{"obj": {"type": "AssignFloat", "path": ["cls_summary", "test", "scores", "class_0", "recall"], "value": 0.76}, "version": 36, "at": 1708189204.5147789}
{"obj": {"type": "AssignFloat", "path": ["cls_summary", "test", "scores", "class_0", "fbeta_score"], "value": 0.7916666666666667}, "version": 37, "at": 1708189204.514838}
{"obj": {"type": "AssignFloat", "path": ["cls_summary", "test", "scores", "class_0", "support"], "value": 25.0}, "version": 38, "at": 1708189204.514899}
{"obj": {"type": "AssignFloat", "path": ["cls_summary", "test", "scores", "class_1", "precision"], "value": 0.4}, "version": 39, "at": 1708189204.514982}
{"obj": {"type": "AssignFloat", "path": ["cls_summary", "test", "scores", "class_1", "recall"], "value": 0.5}, "version": 40, "at": 1708189204.5150368}
{"obj": {"type": "AssignFloat", "path": ["cls_summary", "test", "scores", "class_1", "fbeta_score"], "value": 0.4444444444444445}, "version": 41, "at": 1708189204.515091}
{"obj": {"type": "AssignFloat", "path": ["cls_summary", "test", "scores", "class_1", "support"], "value": 8.0}, "version": 42, "at": 1708189204.515151}
{"obj": {"type": "UploadFile", "path": ["cls_summary", "diagnostics_charts", "classification_report"], "ext": "png", "file_path": null, "tmp_file_name": "cls_summary_diagnostics_charts_classification_report-1708189204.515232-2024-02-17_12.00.04.515232.png", "clean_after_upload": false}, "version": 43, "at": 1708189204.515429}
{"obj": {"type": "UploadFile", "path": ["cls_summary", "diagnostics_charts", "confusion_matrix"], "ext": "png", "file_path": null, "tmp_file_name": "cls_summary_diagnostics_charts_confusion_matrix-1708189204.5155-2024-02-17_12.00.04.515500.png", "clean_after_upload": false}, "version": 44, "at": 1708189204.515714}
{"obj": {"type": "UploadFile", "path": ["cls_summary", "diagnostics_charts", "ROC_AUC"], "ext": "png", "file_path": null, "tmp_file_name": "cls_summary_diagnostics_charts_ROC_AUC-1708189204.515785-2024-02-17_12.00.04.515785.png", "clean_after_upload": false}, "version": 45, "at": 1708189204.516031}
{"obj": {"type": "UploadFile", "path": ["cls_summary", "diagnostics_charts", "precision_recall"], "ext": "png", "file_path": null, "tmp_file_name": "cls_summary_diagnostics_charts_precision_recall-1708189204.516102-2024-02-17_12.00.04.516102.png", "clean_after_upload": false}, "version": 46, "at": 1708189204.516385}
{"obj": {"type": "UploadFile", "path": ["cls_summary", "diagnostics_charts", "class_prediction_error"], "ext": "png", "file_path": null, "tmp_file_name": "cls_summary_diagnostics_charts_class_prediction_error-1708189204.516453-2024-02-17_12.00.04.516453.png", "clean_after_upload": false}, "version": 47, "at": 1708189204.516636}
{"obj": {"type": "AssignString", "path": ["cls_summary", "integration", "about", "neptune-sklearn"], "value": "2.1.0"}, "version": 48, "at": 1708189204.51673}
{"obj": {"type": "AssignInt", "path": ["params", "rf__min_samples_split"], "value": 2}, "version": 49, "at": 1708189204.5168698}
{"obj": {"type": "AssignInt", "path": ["params", "rf__n_estimators"], "value": 200}, "version": 50, "at": 1708189204.516928}
{"obj": {"type": "UploadFile", "path": ["roc_curve"], "ext": "png", "file_path": "/Users/shehjarsadhu/Desktop/UniversityOfRhodeIsland/Graduate/WBL/Project_Q2Behave/GitQ2Bheave/q2behave_data_analysis/jupyternotebooks/roc_curve_class.png", "tmp_file_name": null, "clean_after_upload": false}, "version": 51, "at": 1708189207.057193}
{"obj": {"type": "AssignFloat", "path": ["precision"], "value": 0.7227931488801054}, "version": 52, "at": 1708189207.1945128}
{"obj": {"type": "AssignFloat", "path": ["recall"], "value": 0.696969696969697}, "version": 53, "at": 1708189207.194774}
{"obj": {"type": "AssignFloat", "path": ["f1_score"], "value": 0.7074915824915826}, "version": 54, "at": 1708189207.1948678}
{"obj": {"type": "AssignFloat", "path": ["mean_train_accuracy"], "value": 1.0}, "version": 55, "at": 1708189207.1949492}
{"obj": {"type": "AssignFloat", "path": ["mean_test_accuracy"], "value": 0.6222222222222222}, "version": 56, "at": 1708189207.195026}
{"obj": {"type": "AssignFloat", "path": ["mean_sensitivity"], "value": 0.6296296296296295}, "version": 57, "at": 1708189207.195112}
