{"obj": {"type": "AssignString", "path": ["sys", "name"], "value": "2-Foldtest_size_0.2_RF"}, "version": 1, "at": 1712343055.207675}
{"obj": {"type": "AssignString", "path": ["sys", "description"], "value": ""}, "version": 2, "at": 1712343055.208143}
{"obj": {"type": "AssignString", "path": ["monitoring", "99e7ddf3", "hostname"], "value": "156.4.20.172.s.wireless.uri.edu"}, "version": 3, "at": 1712343055.208382}
{"obj": {"type": "AssignString", "path": ["sys", "hostname"], "value": "156.4.20.172.s.wireless.uri.edu"}, "version": 4, "at": 1712343055.208564}
{"obj": {"type": "AssignString", "path": ["monitoring", "99e7ddf3", "pid"], "value": "17097"}, "version": 5, "at": 1712343055.208756}
{"obj": {"type": "AssignString", "path": ["monitoring", "99e7ddf3", "tid"], "value": "140704645670464"}, "version": 6, "at": 1712343055.2089238}
{"obj": {"type": "AssignBool", "path": ["sys", "failed"], "value": false}, "version": 7, "at": 1712343055.2090418}
{"obj": {"type": "AssignString", "path": ["pid"], "value": "None"}, "version": 8, "at": 1712343055.2198899}
{"obj": {"type": "UploadFile", "path": ["data", "feature_table"], "ext": "html", "file_path": null, "tmp_file_name": "data_feature_table-1712343058.537685-2024-04-05_14.50.58.537685.html", "clean_after_upload": false}, "version": 9, "at": 1712343058.542547}
{"obj": {"type": "AssignString", "path": ["original"], "value": "type\n0    6263\n1     911\nName: count, dtype: int64"}, "version": 10, "at": 1712343058.545037}
{"obj": {"type": "AssignString", "path": ["train_samples_undersampled"], "value": "type\n0    911\n1    911\nName: count, dtype: int64"}, "version": 11, "at": 1712343058.545556}
{"obj": {"type": "AssignString", "path": ["test_samples_undersampled"], "value": "type\n1    183\n0    182\nName: count, dtype: int64"}, "version": 12, "at": 1712343058.5459049}
{"obj": {"type": "AssignString", "path": ["tag"], "value": "Rus"}, "version": 13, "at": 1712343058.545969}
{"obj": {"type": "UploadFile", "path": ["data", "test_data"], "ext": "html", "file_path": null, "tmp_file_name": "data_test_data-1712343071.668197-2024-04-05_14.51.11.668197.html", "clean_after_upload": false}, "version": 14, "at": 1712343071.668728}
{"obj": {"type": "AssignString", "path": ["cls_summary", "all_params", "memory"], "value": "None"}, "version": 15, "at": 1712343072.4293811}
{"obj": {"type": "AssignString", "path": ["cls_summary", "all_params", "steps"], "value": "[('rf', RandomForestClassifier(min_samples_split=5, random_state=8))]"}, "version": 16, "at": 1712343072.429754}
{"obj": {"type": "AssignBool", "path": ["cls_summary", "all_params", "verbose"], "value": false}, "version": 17, "at": 1712343072.429836}
{"obj": {"type": "AssignString", "path": ["cls_summary", "all_params", "rf"], "value": "RandomForestClassifier(min_samples_split=5, random_state=8)"}, "version": 18, "at": 1712343072.430058}
{"obj": {"type": "AssignBool", "path": ["cls_summary", "all_params", "rf__bootstrap"], "value": true}, "version": 19, "at": 1712343072.430123}
{"obj": {"type": "AssignFloat", "path": ["cls_summary", "all_params", "rf__ccp_alpha"], "value": 0.0}, "version": 20, "at": 1712343072.430184}
{"obj": {"type": "AssignString", "path": ["cls_summary", "all_params", "rf__class_weight"], "value": "None"}, "version": 21, "at": 1712343072.4302459}
{"obj": {"type": "AssignString", "path": ["cls_summary", "all_params", "rf__criterion"], "value": "gini"}, "version": 22, "at": 1712343072.430306}
{"obj": {"type": "AssignString", "path": ["cls_summary", "all_params", "rf__max_depth"], "value": "None"}, "version": 23, "at": 1712343072.4303648}
{"obj": {"type": "AssignString", "path": ["cls_summary", "all_params", "rf__max_features"], "value": "sqrt"}, "version": 24, "at": 1712343072.4304209}
{"obj": {"type": "AssignString", "path": ["cls_summary", "all_params", "rf__max_leaf_nodes"], "value": "None"}, "version": 25, "at": 1712343072.430478}
{"obj": {"type": "AssignString", "path": ["cls_summary", "all_params", "rf__max_samples"], "value": "None"}, "version": 26, "at": 1712343072.430534}
{"obj": {"type": "AssignFloat", "path": ["cls_summary", "all_params", "rf__min_impurity_decrease"], "value": 0.0}, "version": 27, "at": 1712343072.4305851}
{"obj": {"type": "AssignInt", "path": ["cls_summary", "all_params", "rf__min_samples_leaf"], "value": 1}, "version": 28, "at": 1712343072.430642}
{"obj": {"type": "AssignInt", "path": ["cls_summary", "all_params", "rf__min_samples_split"], "value": 5}, "version": 29, "at": 1712343072.4306939}
{"obj": {"type": "AssignFloat", "path": ["cls_summary", "all_params", "rf__min_weight_fraction_leaf"], "value": 0.0}, "version": 30, "at": 1712343072.4307451}
{"obj": {"type": "AssignInt", "path": ["cls_summary", "all_params", "rf__n_estimators"], "value": 100}, "version": 31, "at": 1712343072.430794}
{"obj": {"type": "AssignString", "path": ["cls_summary", "all_params", "rf__n_jobs"], "value": "None"}, "version": 32, "at": 1712343072.430848}
{"obj": {"type": "AssignBool", "path": ["cls_summary", "all_params", "rf__oob_score"], "value": false}, "version": 33, "at": 1712343072.430899}
{"obj": {"type": "AssignInt", "path": ["cls_summary", "all_params", "rf__random_state"], "value": 8}, "version": 34, "at": 1712343072.430947}
{"obj": {"type": "AssignInt", "path": ["cls_summary", "all_params", "rf__verbose"], "value": 0}, "version": 35, "at": 1712343072.430995}
{"obj": {"type": "AssignBool", "path": ["cls_summary", "all_params", "rf__warm_start"], "value": false}, "version": 36, "at": 1712343072.431045}
{"obj": {"type": "UploadFile", "path": ["cls_summary", "pickled_model"], "ext": "pkl", "file_path": null, "tmp_file_name": "cls_summary_pickled_model-1712343072.4311-2024-04-05_14.51.12.431100.pkl", "clean_after_upload": false}, "version": 37, "at": 1712343072.43262}
{"obj": {"type": "UploadFile", "path": ["cls_summary", "test", "preds"], "ext": "html", "file_path": null, "tmp_file_name": "cls_summary_test_preds-1712343072.432752-2024-04-05_14.51.12.432752.html", "clean_after_upload": false}, "version": 38, "at": 1712343072.433014}
{"obj": {"type": "UploadFile", "path": ["cls_summary", "test", "preds_proba"], "ext": "html", "file_path": null, "tmp_file_name": "cls_summary_test_preds_proba-1712343072.433082-2024-04-05_14.51.12.433082.html", "clean_after_upload": false}, "version": 39, "at": 1712343072.43341}
{"obj": {"type": "AssignFloat", "path": ["cls_summary", "test", "scores", "class_0", "precision"], "value": 0.532258064516129}, "version": 40, "at": 1712343072.433537}
{"obj": {"type": "AssignFloat", "path": ["cls_summary", "test", "scores", "class_0", "recall"], "value": 0.7252747252747253}, "version": 41, "at": 1712343072.4335942}
{"obj": {"type": "AssignFloat", "path": ["cls_summary", "test", "scores", "class_0", "fbeta_score"], "value": 0.613953488372093}, "version": 42, "at": 1712343072.433683}
{"obj": {"type": "AssignFloat", "path": ["cls_summary", "test", "scores", "class_0", "support"], "value": 182.0}, "version": 43, "at": 1712343072.433772}
{"obj": {"type": "AssignFloat", "path": ["cls_summary", "test", "scores", "class_1", "precision"], "value": 0.5726495726495726}, "version": 44, "at": 1712343072.433849}
{"obj": {"type": "AssignFloat", "path": ["cls_summary", "test", "scores", "class_1", "recall"], "value": 0.366120218579235}, "version": 45, "at": 1712343072.4339}
{"obj": {"type": "AssignFloat", "path": ["cls_summary", "test", "scores", "class_1", "fbeta_score"], "value": 0.44666666666666666}, "version": 46, "at": 1712343072.433951}
{"obj": {"type": "AssignFloat", "path": ["cls_summary", "test", "scores", "class_1", "support"], "value": 183.0}, "version": 47, "at": 1712343072.434037}
{"obj": {"type": "UploadFile", "path": ["cls_summary", "diagnostics_charts", "classification_report"], "ext": "png", "file_path": null, "tmp_file_name": "cls_summary_diagnostics_charts_classification_report-1712343072.434139-2024-04-05_14.51.12.434139.png", "clean_after_upload": false}, "version": 48, "at": 1712343072.434382}
{"obj": {"type": "UploadFile", "path": ["cls_summary", "diagnostics_charts", "confusion_matrix"], "ext": "png", "file_path": null, "tmp_file_name": "cls_summary_diagnostics_charts_confusion_matrix-1712343072.434445-2024-04-05_14.51.12.434445.png", "clean_after_upload": false}, "version": 49, "at": 1712343072.4346838}
{"obj": {"type": "UploadFile", "path": ["cls_summary", "diagnostics_charts", "ROC_AUC"], "ext": "png", "file_path": null, "tmp_file_name": "cls_summary_diagnostics_charts_ROC_AUC-1712343072.434747-2024-04-05_14.51.12.434747.png", "clean_after_upload": false}, "version": 50, "at": 1712343072.435094}
{"obj": {"type": "UploadFile", "path": ["cls_summary", "diagnostics_charts", "precision_recall"], "ext": "png", "file_path": null, "tmp_file_name": "cls_summary_diagnostics_charts_precision_recall-1712343072.435177-2024-04-05_14.51.12.435177.png", "clean_after_upload": false}, "version": 51, "at": 1712343072.435389}
{"obj": {"type": "UploadFile", "path": ["cls_summary", "diagnostics_charts", "class_prediction_error"], "ext": "png", "file_path": null, "tmp_file_name": "cls_summary_diagnostics_charts_class_prediction_error-1712343072.435462-2024-04-05_14.51.12.435462.png", "clean_after_upload": false}, "version": 52, "at": 1712343072.435692}
{"obj": {"type": "AssignString", "path": ["cls_summary", "integration", "about", "neptune-sklearn"], "value": "2.1.0"}, "version": 53, "at": 1712343072.435801}
{"obj": {"type": "AssignInt", "path": ["params", "rf__min_samples_split"], "value": 5}, "version": 54, "at": 1712343072.4387589}
{"obj": {"type": "AssignInt", "path": ["params", "rf__n_estimators"], "value": 100}, "version": 55, "at": 1712343072.439446}
{"obj": {"type": "UploadFile", "path": ["data", "feature_importance"], "ext": "html", "file_path": null, "tmp_file_name": "data_feature_importance-1712343106.135494-2024-04-05_14.51.46.135494.html", "clean_after_upload": false}, "version": 56, "at": 1712343106.1358888}
{"obj": {"type": "UploadFile", "path": ["feature_importance"], "ext": "png", "file_path": "/Users/shehjarsadhu/Desktop/UniversityOfRhodeIsland/Graduate/WBL/Project_Q2Behave/GitQ2Bheave/q2behave_data_analysis/jupyternotebooks/ML_Toolbox/feature_importance.png", "tmp_file_name": null, "clean_after_upload": false}, "version": 57, "at": 1712343106.209146}
{"obj": {"type": "UploadFile", "path": ["roc_curve"], "ext": "png", "file_path": "/Users/shehjarsadhu/Desktop/UniversityOfRhodeIsland/Graduate/WBL/Project_Q2Behave/GitQ2Bheave/q2behave_data_analysis/jupyternotebooks/ML_Toolbox/roc_curve_class.png", "tmp_file_name": null, "clean_after_upload": false}, "version": 58, "at": 1712343106.307292}
{"obj": {"type": "AssignFloat", "path": ["precision"], "value": 0.5525091494159103}, "version": 59, "at": 1712343106.51277}
{"obj": {"type": "AssignFloat", "path": ["recall"], "value": 0.5452054794520548}, "version": 60, "at": 1712343106.513108}
{"obj": {"type": "AssignFloat", "path": ["f1_score"], "value": 0.5300809174896464}, "version": 61, "at": 1712343106.513205}
{"obj": {"type": "AssignFloat", "path": ["mean_train_accuracy"], "value": 0.9978046103183315}, "version": 62, "at": 1712343106.513282}
{"obj": {"type": "AssignFloat", "path": ["mean_test_accuracy"], "value": 0.602085620197585}, "version": 63, "at": 1712343106.5133529}
{"obj": {"type": "AssignFloat", "path": ["mean_sensitivity"], "value": 0.6026797763639868}, "version": 64, "at": 1712343106.513422}
