{"obj": {"type": "AssignString", "path": ["sys", "name"], "value": "2-Foldtest_size_0.2_RF"}, "version": 1, "at": 1712092137.597672}
{"obj": {"type": "AssignString", "path": ["sys", "description"], "value": ""}, "version": 2, "at": 1712092137.5982158}
{"obj": {"type": "AssignString", "path": ["monitoring", "11ca8da0", "hostname"], "value": "156.4.20.172.s.wireless.uri.edu"}, "version": 3, "at": 1712092137.5984268}
{"obj": {"type": "AssignString", "path": ["sys", "hostname"], "value": "156.4.20.172.s.wireless.uri.edu"}, "version": 4, "at": 1712092137.5985851}
{"obj": {"type": "AssignString", "path": ["monitoring", "11ca8da0", "pid"], "value": "85285"}, "version": 5, "at": 1712092137.598741}
{"obj": {"type": "AssignString", "path": ["monitoring", "11ca8da0", "tid"], "value": "140704701883968"}, "version": 6, "at": 1712092137.5988889}
{"obj": {"type": "AssignBool", "path": ["sys", "failed"], "value": false}, "version": 7, "at": 1712092137.599027}
{"obj": {"type": "UploadFile", "path": ["data", "feature_table"], "ext": "html", "file_path": null, "tmp_file_name": "data_feature_table-1712092142.569982-2024-04-02_17.09.02.569982.html", "clean_after_upload": false}, "version": 8, "at": 1712092142.5799549}
{"obj": {"type": "AssignString", "path": ["original"], "value": "type\n0    6965\n1    1419\nName: count, dtype: int64"}, "version": 9, "at": 1712092142.582819}
{"obj": {"type": "AssignString", "path": ["train_samples_undersampled"], "value": "type\n0    1419\n1    1419\nName: count, dtype: int64"}, "version": 10, "at": 1712092142.5835772}
{"obj": {"type": "AssignString", "path": ["test_samples_undersampled"], "value": "type\n0    284\n1    284\nName: count, dtype: int64"}, "version": 11, "at": 1712092142.5840158}
{"obj": {"type": "UploadFile", "path": ["data", "test_data"], "ext": "html", "file_path": null, "tmp_file_name": "data_test_data-1712092177.653891-2024-04-02_17.09.37.653891.html", "clean_after_upload": false}, "version": 12, "at": 1712092177.6546319}
{"obj": {"type": "AssignString", "path": ["cls_summary", "all_params", "memory"], "value": "None"}, "version": 13, "at": 1712092178.932868}
{"obj": {"type": "AssignString", "path": ["cls_summary", "all_params", "steps"], "value": "[('rf', RandomForestClassifier(max_depth=20, n_estimators=300, random_state=8))]"}, "version": 14, "at": 1712092178.935345}
{"obj": {"type": "AssignBool", "path": ["cls_summary", "all_params", "verbose"], "value": false}, "version": 15, "at": 1712092178.935573}
{"obj": {"type": "AssignString", "path": ["cls_summary", "all_params", "rf"], "value": "RandomForestClassifier(max_depth=20, n_estimators=300, random_state=8)"}, "version": 16, "at": 1712092178.9359858}
{"obj": {"type": "AssignBool", "path": ["cls_summary", "all_params", "rf__bootstrap"], "value": true}, "version": 17, "at": 1712092178.936065}
{"obj": {"type": "AssignFloat", "path": ["cls_summary", "all_params", "rf__ccp_alpha"], "value": 0.0}, "version": 18, "at": 1712092178.93615}
{"obj": {"type": "AssignString", "path": ["cls_summary", "all_params", "rf__class_weight"], "value": "None"}, "version": 19, "at": 1712092178.936224}
{"obj": {"type": "AssignString", "path": ["cls_summary", "all_params", "rf__criterion"], "value": "gini"}, "version": 20, "at": 1712092178.936286}
{"obj": {"type": "AssignInt", "path": ["cls_summary", "all_params", "rf__max_depth"], "value": 20}, "version": 21, "at": 1712092178.936359}
{"obj": {"type": "AssignString", "path": ["cls_summary", "all_params", "rf__max_features"], "value": "sqrt"}, "version": 22, "at": 1712092178.9364212}
{"obj": {"type": "AssignString", "path": ["cls_summary", "all_params", "rf__max_leaf_nodes"], "value": "None"}, "version": 23, "at": 1712092178.9364831}
{"obj": {"type": "AssignString", "path": ["cls_summary", "all_params", "rf__max_samples"], "value": "None"}, "version": 24, "at": 1712092178.936543}
{"obj": {"type": "AssignFloat", "path": ["cls_summary", "all_params", "rf__min_impurity_decrease"], "value": 0.0}, "version": 25, "at": 1712092178.936599}
{"obj": {"type": "AssignInt", "path": ["cls_summary", "all_params", "rf__min_samples_leaf"], "value": 1}, "version": 26, "at": 1712092178.936655}
{"obj": {"type": "AssignInt", "path": ["cls_summary", "all_params", "rf__min_samples_split"], "value": 2}, "version": 27, "at": 1712092178.936733}
{"obj": {"type": "AssignFloat", "path": ["cls_summary", "all_params", "rf__min_weight_fraction_leaf"], "value": 0.0}, "version": 28, "at": 1712092178.936785}
{"obj": {"type": "AssignInt", "path": ["cls_summary", "all_params", "rf__n_estimators"], "value": 300}, "version": 29, "at": 1712092178.936838}
{"obj": {"type": "AssignString", "path": ["cls_summary", "all_params", "rf__n_jobs"], "value": "None"}, "version": 30, "at": 1712092178.936896}
{"obj": {"type": "AssignBool", "path": ["cls_summary", "all_params", "rf__oob_score"], "value": false}, "version": 31, "at": 1712092178.936951}
{"obj": {"type": "AssignInt", "path": ["cls_summary", "all_params", "rf__random_state"], "value": 8}, "version": 32, "at": 1712092178.937003}
{"obj": {"type": "AssignInt", "path": ["cls_summary", "all_params", "rf__verbose"], "value": 0}, "version": 33, "at": 1712092178.9370549}
{"obj": {"type": "AssignBool", "path": ["cls_summary", "all_params", "rf__warm_start"], "value": false}, "version": 34, "at": 1712092178.937108}
{"obj": {"type": "UploadFile", "path": ["cls_summary", "pickled_model"], "ext": "pkl", "file_path": null, "tmp_file_name": "cls_summary_pickled_model-1712092178.937176-2024-04-02_17.09.38.937176.pkl", "clean_after_upload": false}, "version": 35, "at": 1712092178.9544919}
{"obj": {"type": "UploadFile", "path": ["cls_summary", "test", "preds"], "ext": "html", "file_path": null, "tmp_file_name": "cls_summary_test_preds-1712092178.954829-2024-04-02_17.09.38.954829.html", "clean_after_upload": false}, "version": 36, "at": 1712092178.9553332}
{"obj": {"type": "UploadFile", "path": ["cls_summary", "test", "preds_proba"], "ext": "html", "file_path": null, "tmp_file_name": "cls_summary_test_preds_proba-1712092178.955455-2024-04-02_17.09.38.955455.html", "clean_after_upload": false}, "version": 37, "at": 1712092178.9556851}
{"obj": {"type": "AssignFloat", "path": ["cls_summary", "test", "scores", "class_0", "precision"], "value": 0.8789473684210526}, "version": 38, "at": 1712092178.955877}
{"obj": {"type": "AssignFloat", "path": ["cls_summary", "test", "scores", "class_0", "recall"], "value": 0.5880281690140845}, "version": 39, "at": 1712092178.955947}
{"obj": {"type": "AssignFloat", "path": ["cls_summary", "test", "scores", "class_0", "fbeta_score"], "value": 0.7046413502109705}, "version": 40, "at": 1712092178.9560058}
{"obj": {"type": "AssignFloat", "path": ["cls_summary", "test", "scores", "class_0", "support"], "value": 284.0}, "version": 41, "at": 1712092178.9560692}
{"obj": {"type": "AssignFloat", "path": ["cls_summary", "test", "scores", "class_1", "precision"], "value": 0.6904761904761905}, "version": 42, "at": 1712092178.956168}
{"obj": {"type": "AssignFloat", "path": ["cls_summary", "test", "scores", "class_1", "recall"], "value": 0.9190140845070423}, "version": 43, "at": 1712092178.9562292}
{"obj": {"type": "AssignFloat", "path": ["cls_summary", "test", "scores", "class_1", "fbeta_score"], "value": 0.7885196374622357}, "version": 44, "at": 1712092178.956285}
{"obj": {"type": "AssignFloat", "path": ["cls_summary", "test", "scores", "class_1", "support"], "value": 284.0}, "version": 45, "at": 1712092178.956342}
{"obj": {"type": "UploadFile", "path": ["cls_summary", "diagnostics_charts", "classification_report"], "ext": "png", "file_path": null, "tmp_file_name": "cls_summary_diagnostics_charts_classification_report-1712092178.956427-2024-04-02_17.09.38.956427.png", "clean_after_upload": false}, "version": 46, "at": 1712092178.95663}
{"obj": {"type": "UploadFile", "path": ["cls_summary", "diagnostics_charts", "confusion_matrix"], "ext": "png", "file_path": null, "tmp_file_name": "cls_summary_diagnostics_charts_confusion_matrix-1712092178.9567-2024-04-02_17.09.38.956700.png", "clean_after_upload": false}, "version": 47, "at": 1712092178.956875}
{"obj": {"type": "UploadFile", "path": ["cls_summary", "diagnostics_charts", "ROC_AUC"], "ext": "png", "file_path": null, "tmp_file_name": "cls_summary_diagnostics_charts_ROC_AUC-1712092178.956954-2024-04-02_17.09.38.956954.png", "clean_after_upload": false}, "version": 48, "at": 1712092178.957139}
{"obj": {"type": "UploadFile", "path": ["cls_summary", "diagnostics_charts", "precision_recall"], "ext": "png", "file_path": null, "tmp_file_name": "cls_summary_diagnostics_charts_precision_recall-1712092178.957212-2024-04-02_17.09.38.957212.png", "clean_after_upload": false}, "version": 49, "at": 1712092178.957624}
{"obj": {"type": "UploadFile", "path": ["cls_summary", "diagnostics_charts", "class_prediction_error"], "ext": "png", "file_path": null, "tmp_file_name": "cls_summary_diagnostics_charts_class_prediction_error-1712092178.957812-2024-04-02_17.09.38.957812.png", "clean_after_upload": false}, "version": 50, "at": 1712092178.9580128}
{"obj": {"type": "AssignString", "path": ["cls_summary", "integration", "about", "neptune-sklearn"], "value": "2.1.0"}, "version": 51, "at": 1712092178.958123}
{"obj": {"type": "AssignInt", "path": ["params", "rf__max_depth"], "value": 20}, "version": 52, "at": 1712092178.9599319}
{"obj": {"type": "AssignInt", "path": ["params", "rf__min_samples_split"], "value": 2}, "version": 53, "at": 1712092178.960105}
{"obj": {"type": "AssignInt", "path": ["params", "rf__n_estimators"], "value": 300}, "version": 54, "at": 1712092178.9601789}
{"obj": {"type": "UploadFile", "path": ["data", "feature_importance"], "ext": "html", "file_path": null, "tmp_file_name": "data_feature_importance-1712092358.240466-2024-04-02_17.12.38.240466.html", "clean_after_upload": false}, "version": 55, "at": 1712092358.242629}
{"obj": {"type": "UploadFile", "path": ["feature_importance"], "ext": "png", "file_path": "/Users/shehjarsadhu/Desktop/UniversityOfRhodeIsland/Graduate/WBL/Project_Q2Behave/GitQ2Bheave/q2behave_data_analysis/jupyternotebooks/ML_Toolbox/feature_importance.png", "tmp_file_name": null, "clean_after_upload": false}, "version": 56, "at": 1712092358.329094}
{"obj": {"type": "UploadFile", "path": ["roc_curve"], "ext": "png", "file_path": "/Users/shehjarsadhu/Desktop/UniversityOfRhodeIsland/Graduate/WBL/Project_Q2Behave/GitQ2Bheave/q2behave_data_analysis/jupyternotebooks/ML_Toolbox/roc_curve_class.png", "tmp_file_name": null, "clean_after_upload": false}, "version": 57, "at": 1712092358.4447849}
{"obj": {"type": "AssignFloat", "path": ["precision"], "value": 0.7847117794486216}, "version": 58, "at": 1712092358.6922429}
{"obj": {"type": "AssignFloat", "path": ["recall"], "value": 0.7535211267605634}, "version": 59, "at": 1712092358.692914}
{"obj": {"type": "AssignFloat", "path": ["f1_score"], "value": 0.7465804938366031}, "version": 60, "at": 1712092358.6930208}
{"obj": {"type": "AssignFloat", "path": ["mean_train_accuracy"], "value": 0.9975334742776603}, "version": 61, "at": 1712092358.693109}
{"obj": {"type": "AssignFloat", "path": ["mean_test_accuracy"], "value": 0.6370683579985905}, "version": 62, "at": 1712092358.693186}
{"obj": {"type": "AssignFloat", "path": ["mean_sensitivity"], "value": 0.652600369494825}, "version": 63, "at": 1712092358.6932611}
