{"obj": {"type": "AssignString", "path": ["sys", "name"], "value": "2-Foldtest_size_0.2_RF"}, "version": 1, "at": 1709307017.571001}
{"obj": {"type": "AssignString", "path": ["sys", "description"], "value": ""}, "version": 2, "at": 1709307017.5713742}
{"obj": {"type": "AssignString", "path": ["monitoring", "b8543b68", "hostname"], "value": "156.4.20.172.s.wireless.uri.edu"}, "version": 3, "at": 1709307017.571807}
{"obj": {"type": "AssignString", "path": ["sys", "hostname"], "value": "156.4.20.172.s.wireless.uri.edu"}, "version": 4, "at": 1709307017.5719738}
{"obj": {"type": "AssignString", "path": ["monitoring", "b8543b68", "pid"], "value": "6191"}, "version": 5, "at": 1709307017.5721269}
{"obj": {"type": "AssignString", "path": ["monitoring", "b8543b68", "tid"], "value": "140704505513536"}, "version": 6, "at": 1709307017.5722408}
{"obj": {"type": "AssignBool", "path": ["sys", "failed"], "value": false}, "version": 7, "at": 1709307017.5723178}
{"obj": {"type": "UploadFile", "path": ["data", "feature_table"], "ext": "html", "file_path": null, "tmp_file_name": "data_feature_table-1709307017.79761-2024-03-01_10.30.17.797610.html", "clean_after_upload": false}, "version": 8, "at": 1709307017.798597}
{"obj": {"type": "UploadFile", "path": ["data", "test_data"], "ext": "html", "file_path": null, "tmp_file_name": "data_test_data-1709307031.994331-2024-03-01_10.30.31.994331.html", "clean_after_upload": false}, "version": 9, "at": 1709307031.994933}
{"obj": {"type": "AssignString", "path": ["cls_summary", "all_params", "memory"], "value": "None"}, "version": 10, "at": 1709307034.510817}
{"obj": {"type": "AssignString", "path": ["cls_summary", "all_params", "steps"], "value": "[('rf', RandomForestClassifier(max_depth=10, min_samples_split=10, n_estimators=200,\n                       random_state=8))]"}, "version": 11, "at": 1709307034.511592}
{"obj": {"type": "AssignBool", "path": ["cls_summary", "all_params", "verbose"], "value": false}, "version": 12, "at": 1709307034.511728}
{"obj": {"type": "AssignString", "path": ["cls_summary", "all_params", "rf"], "value": "RandomForestClassifier(max_depth=10, min_samples_split=10, n_estimators=200,\n                       random_state=8)"}, "version": 13, "at": 1709307034.512296}
{"obj": {"type": "AssignBool", "path": ["cls_summary", "all_params", "rf__bootstrap"], "value": true}, "version": 14, "at": 1709307034.512409}
{"obj": {"type": "AssignFloat", "path": ["cls_summary", "all_params", "rf__ccp_alpha"], "value": 0.0}, "version": 15, "at": 1709307034.512609}
{"obj": {"type": "AssignString", "path": ["cls_summary", "all_params", "rf__class_weight"], "value": "None"}, "version": 16, "at": 1709307034.5127501}
{"obj": {"type": "AssignString", "path": ["cls_summary", "all_params", "rf__criterion"], "value": "gini"}, "version": 17, "at": 1709307034.5128691}
{"obj": {"type": "AssignInt", "path": ["cls_summary", "all_params", "rf__max_depth"], "value": 10}, "version": 18, "at": 1709307034.5129862}
{"obj": {"type": "AssignString", "path": ["cls_summary", "all_params", "rf__max_features"], "value": "sqrt"}, "version": 19, "at": 1709307034.513084}
{"obj": {"type": "AssignString", "path": ["cls_summary", "all_params", "rf__max_leaf_nodes"], "value": "None"}, "version": 20, "at": 1709307034.513194}
{"obj": {"type": "AssignString", "path": ["cls_summary", "all_params", "rf__max_samples"], "value": "None"}, "version": 21, "at": 1709307034.5132952}
{"obj": {"type": "AssignFloat", "path": ["cls_summary", "all_params", "rf__min_impurity_decrease"], "value": 0.0}, "version": 22, "at": 1709307034.5134}
{"obj": {"type": "AssignInt", "path": ["cls_summary", "all_params", "rf__min_samples_leaf"], "value": 1}, "version": 23, "at": 1709307034.51353}
{"obj": {"type": "AssignInt", "path": ["cls_summary", "all_params", "rf__min_samples_split"], "value": 10}, "version": 24, "at": 1709307034.5137348}
{"obj": {"type": "AssignFloat", "path": ["cls_summary", "all_params", "rf__min_weight_fraction_leaf"], "value": 0.0}, "version": 25, "at": 1709307034.513885}
{"obj": {"type": "AssignInt", "path": ["cls_summary", "all_params", "rf__n_estimators"], "value": 200}, "version": 26, "at": 1709307034.513983}
{"obj": {"type": "AssignString", "path": ["cls_summary", "all_params", "rf__n_jobs"], "value": "None"}, "version": 27, "at": 1709307034.514095}
{"obj": {"type": "AssignBool", "path": ["cls_summary", "all_params", "rf__oob_score"], "value": false}, "version": 28, "at": 1709307034.514187}
{"obj": {"type": "AssignInt", "path": ["cls_summary", "all_params", "rf__random_state"], "value": 8}, "version": 29, "at": 1709307034.514271}
{"obj": {"type": "AssignInt", "path": ["cls_summary", "all_params", "rf__verbose"], "value": 0}, "version": 30, "at": 1709307034.5143528}
{"obj": {"type": "AssignBool", "path": ["cls_summary", "all_params", "rf__warm_start"], "value": false}, "version": 31, "at": 1709307034.5144372}
{"obj": {"type": "UploadFile", "path": ["cls_summary", "pickled_model"], "ext": "pkl", "file_path": null, "tmp_file_name": "cls_summary_pickled_model-1709307034.51453-2024-03-01_10.30.34.514530.pkl", "clean_after_upload": false}, "version": 32, "at": 1709307034.516736}
{"obj": {"type": "UploadFile", "path": ["cls_summary", "test", "preds"], "ext": "html", "file_path": null, "tmp_file_name": "cls_summary_test_preds-1709307034.516965-2024-03-01_10.30.34.516965.html", "clean_after_upload": false}, "version": 33, "at": 1709307034.517313}
{"obj": {"type": "UploadFile", "path": ["cls_summary", "test", "preds_proba"], "ext": "html", "file_path": null, "tmp_file_name": "cls_summary_test_preds_proba-1709307034.517433-2024-03-01_10.30.34.517433.html", "clean_after_upload": false}, "version": 34, "at": 1709307034.517707}
{"obj": {"type": "AssignFloat", "path": ["cls_summary", "test", "scores", "class_0", "precision"], "value": 0.6111111111111112}, "version": 35, "at": 1709307034.517929}
{"obj": {"type": "AssignFloat", "path": ["cls_summary", "test", "scores", "class_0", "recall"], "value": 0.55}, "version": 36, "at": 1709307034.5180318}
{"obj": {"type": "AssignFloat", "path": ["cls_summary", "test", "scores", "class_0", "fbeta_score"], "value": 0.5789473684210527}, "version": 37, "at": 1709307034.518125}
{"obj": {"type": "AssignFloat", "path": ["cls_summary", "test", "scores", "class_0", "support"], "value": 20.0}, "version": 38, "at": 1709307034.518216}
{"obj": {"type": "AssignFloat", "path": ["cls_summary", "test", "scores", "class_1", "precision"], "value": 0.5909090909090909}, "version": 39, "at": 1709307034.518347}
{"obj": {"type": "AssignFloat", "path": ["cls_summary", "test", "scores", "class_1", "recall"], "value": 0.65}, "version": 40, "at": 1709307034.5184371}
{"obj": {"type": "AssignFloat", "path": ["cls_summary", "test", "scores", "class_1", "fbeta_score"], "value": 0.6190476190476191}, "version": 41, "at": 1709307034.518522}
{"obj": {"type": "AssignFloat", "path": ["cls_summary", "test", "scores", "class_1", "support"], "value": 20.0}, "version": 42, "at": 1709307034.51861}
{"obj": {"type": "UploadFile", "path": ["cls_summary", "diagnostics_charts", "classification_report"], "ext": "png", "file_path": null, "tmp_file_name": "cls_summary_diagnostics_charts_classification_report-1709307034.518735-2024-03-01_10.30.34.518735.png", "clean_after_upload": false}, "version": 43, "at": 1709307034.519021}
{"obj": {"type": "UploadFile", "path": ["cls_summary", "diagnostics_charts", "confusion_matrix"], "ext": "png", "file_path": null, "tmp_file_name": "cls_summary_diagnostics_charts_confusion_matrix-1709307034.519318-2024-03-01_10.30.34.519318.png", "clean_after_upload": false}, "version": 44, "at": 1709307034.519826}
{"obj": {"type": "UploadFile", "path": ["cls_summary", "diagnostics_charts", "ROC_AUC"], "ext": "png", "file_path": null, "tmp_file_name": "cls_summary_diagnostics_charts_ROC_AUC-1709307034.520102-2024-03-01_10.30.34.520102.png", "clean_after_upload": false}, "version": 45, "at": 1709307034.520737}
{"obj": {"type": "UploadFile", "path": ["cls_summary", "diagnostics_charts", "precision_recall"], "ext": "png", "file_path": null, "tmp_file_name": "cls_summary_diagnostics_charts_precision_recall-1709307034.521092-2024-03-01_10.30.34.521092.png", "clean_after_upload": false}, "version": 46, "at": 1709307034.5216691}
{"obj": {"type": "UploadFile", "path": ["cls_summary", "diagnostics_charts", "class_prediction_error"], "ext": "png", "file_path": null, "tmp_file_name": "cls_summary_diagnostics_charts_class_prediction_error-1709307034.522009-2024-03-01_10.30.34.522009.png", "clean_after_upload": false}, "version": 47, "at": 1709307034.522662}
{"obj": {"type": "AssignString", "path": ["cls_summary", "integration", "about", "neptune-sklearn"], "value": "2.1.0"}, "version": 48, "at": 1709307034.523019}
{"obj": {"type": "AssignInt", "path": ["params", "rf__max_depth"], "value": 10}, "version": 49, "at": 1709307034.523565}
{"obj": {"type": "AssignInt", "path": ["params", "rf__min_samples_split"], "value": 10}, "version": 50, "at": 1709307034.523745}
{"obj": {"type": "AssignInt", "path": ["params", "rf__n_estimators"], "value": 200}, "version": 51, "at": 1709307034.523864}
{"obj": {"type": "UploadFile", "path": ["roc_curve"], "ext": "png", "file_path": "/Users/shehjarsadhu/Desktop/UniversityOfRhodeIsland/Graduate/WBL/Project_Q2Behave/GitQ2Bheave/q2behave_data_analysis/jupyternotebooks/roc_curve_class.png", "tmp_file_name": null, "clean_after_upload": false}, "version": 52, "at": 1709307036.7781382}
{"obj": {"type": "AssignFloat", "path": ["precision"], "value": 0.601010101010101}, "version": 53, "at": 1709307037.2772522}
{"obj": {"type": "AssignFloat", "path": ["recall"], "value": 0.6}, "version": 54, "at": 1709307037.2780402}
{"obj": {"type": "AssignFloat", "path": ["f1_score"], "value": 0.5989974937343359}, "version": 55, "at": 1709307037.2785752}
{"obj": {"type": "AssignFloat", "path": ["mean_train_accuracy"], "value": 0.9748603351955307}, "version": 56, "at": 1709307037.278969}
{"obj": {"type": "AssignFloat", "path": ["mean_test_accuracy"], "value": 0.6564245810055865}, "version": 57, "at": 1709307037.2793732}
{"obj": {"type": "AssignFloat", "path": ["mean_sensitivity"], "value": 0.6702871410736579}, "version": 58, "at": 1709307037.2805061}
