{"obj": {"type": "AssignString", "path": ["sys", "name"], "value": "3-Foldtest_size_0.2_RF"}, "version": 1, "at": 1712677343.82613}
{"obj": {"type": "AssignString", "path": ["sys", "description"], "value": ""}, "version": 2, "at": 1712677343.826498}
{"obj": {"type": "AssignString", "path": ["monitoring", "ea49857a", "hostname"], "value": "156.4.20.172.s.wireless.uri.edu"}, "version": 3, "at": 1712677343.826624}
{"obj": {"type": "AssignString", "path": ["sys", "hostname"], "value": "156.4.20.172.s.wireless.uri.edu"}, "version": 4, "at": 1712677343.8267012}
{"obj": {"type": "AssignString", "path": ["monitoring", "ea49857a", "pid"], "value": "33481"}, "version": 5, "at": 1712677343.8267698}
{"obj": {"type": "AssignString", "path": ["monitoring", "ea49857a", "tid"], "value": "140704351295040"}, "version": 6, "at": 1712677343.826837}
{"obj": {"type": "AssignBool", "path": ["sys", "failed"], "value": false}, "version": 7, "at": 1712677343.826887}
{"obj": {"type": "AssignString", "path": ["pid"], "value": "P14"}, "version": 8, "at": 1712677343.8318532}
{"obj": {"type": "UploadFile", "path": ["data", "feature_table"], "ext": "html", "file_path": null, "tmp_file_name": "data_feature_table-1712677344.657166-2024-04-09_11.42.24.657166.html", "clean_after_upload": false}, "version": 9, "at": 1712677344.65972}
{"obj": {"type": "AssignString", "path": ["original"], "value": "type\n0    1403\n1      57\nName: count, dtype: int64"}, "version": 10, "at": 1712677344.6609228}
{"obj": {"type": "AssignString", "path": ["train_samples_undersampled"], "value": "type\n0    57\n1    57\nName: count, dtype: int64"}, "version": 11, "at": 1712677344.6614442}
{"obj": {"type": "AssignString", "path": ["test_samples_undersampled"], "value": "type\n1    12\n0    11\nName: count, dtype: int64"}, "version": 12, "at": 1712677344.6618528}
{"obj": {"type": "AssignString", "path": ["tag"], "value": "Clus"}, "version": 13, "at": 1712677344.661941}
{"obj": {"type": "UploadFile", "path": ["data", "test_data"], "ext": "html", "file_path": null, "tmp_file_name": "data_test_data-1712677352.010698-2024-04-09_11.42.32.010698.html", "clean_after_upload": false}, "version": 14, "at": 1712677352.01113}
{"obj": {"type": "AssignString", "path": ["cls_summary", "all_params", "memory"], "value": "None"}, "version": 15, "at": 1712677352.8401291}
{"obj": {"type": "AssignString", "path": ["cls_summary", "all_params", "steps"], "value": "[('rf', RandomForestClassifier(min_samples_split=10, n_estimators=200, random_state=8))]"}, "version": 16, "at": 1712677352.840567}
{"obj": {"type": "AssignBool", "path": ["cls_summary", "all_params", "verbose"], "value": false}, "version": 17, "at": 1712677352.8406599}
{"obj": {"type": "AssignString", "path": ["cls_summary", "all_params", "rf"], "value": "RandomForestClassifier(min_samples_split=10, n_estimators=200, random_state=8)"}, "version": 18, "at": 1712677352.840897}
{"obj": {"type": "AssignBool", "path": ["cls_summary", "all_params", "rf__bootstrap"], "value": true}, "version": 19, "at": 1712677352.8409688}
{"obj": {"type": "AssignFloat", "path": ["cls_summary", "all_params", "rf__ccp_alpha"], "value": 0.0}, "version": 20, "at": 1712677352.84104}
{"obj": {"type": "AssignString", "path": ["cls_summary", "all_params", "rf__class_weight"], "value": "None"}, "version": 21, "at": 1712677352.841108}
{"obj": {"type": "AssignString", "path": ["cls_summary", "all_params", "rf__criterion"], "value": "gini"}, "version": 22, "at": 1712677352.841182}
{"obj": {"type": "AssignString", "path": ["cls_summary", "all_params", "rf__max_depth"], "value": "None"}, "version": 23, "at": 1712677352.841246}
{"obj": {"type": "AssignString", "path": ["cls_summary", "all_params", "rf__max_features"], "value": "sqrt"}, "version": 24, "at": 1712677352.8413062}
{"obj": {"type": "AssignString", "path": ["cls_summary", "all_params", "rf__max_leaf_nodes"], "value": "None"}, "version": 25, "at": 1712677352.8413708}
{"obj": {"type": "AssignString", "path": ["cls_summary", "all_params", "rf__max_samples"], "value": "None"}, "version": 26, "at": 1712677352.841435}
{"obj": {"type": "AssignFloat", "path": ["cls_summary", "all_params", "rf__min_impurity_decrease"], "value": 0.0}, "version": 27, "at": 1712677352.841494}
{"obj": {"type": "AssignInt", "path": ["cls_summary", "all_params", "rf__min_samples_leaf"], "value": 1}, "version": 28, "at": 1712677352.841558}
{"obj": {"type": "AssignInt", "path": ["cls_summary", "all_params", "rf__min_samples_split"], "value": 10}, "version": 29, "at": 1712677352.8416169}
{"obj": {"type": "AssignFloat", "path": ["cls_summary", "all_params", "rf__min_weight_fraction_leaf"], "value": 0.0}, "version": 30, "at": 1712677352.841674}
{"obj": {"type": "AssignInt", "path": ["cls_summary", "all_params", "rf__n_estimators"], "value": 200}, "version": 31, "at": 1712677352.841731}
{"obj": {"type": "AssignString", "path": ["cls_summary", "all_params", "rf__n_jobs"], "value": "None"}, "version": 32, "at": 1712677352.841795}
{"obj": {"type": "AssignBool", "path": ["cls_summary", "all_params", "rf__oob_score"], "value": false}, "version": 33, "at": 1712677352.841852}
{"obj": {"type": "AssignInt", "path": ["cls_summary", "all_params", "rf__random_state"], "value": 8}, "version": 34, "at": 1712677352.841908}
{"obj": {"type": "AssignInt", "path": ["cls_summary", "all_params", "rf__verbose"], "value": 0}, "version": 35, "at": 1712677352.841962}
{"obj": {"type": "AssignBool", "path": ["cls_summary", "all_params", "rf__warm_start"], "value": false}, "version": 36, "at": 1712677352.842017}
{"obj": {"type": "UploadFile", "path": ["cls_summary", "pickled_model"], "ext": "pkl", "file_path": null, "tmp_file_name": "cls_summary_pickled_model-1712677352.842095-2024-04-09_11.42.32.842095.pkl", "clean_after_upload": false}, "version": 37, "at": 1712677352.844144}
{"obj": {"type": "UploadFile", "path": ["cls_summary", "test", "preds"], "ext": "html", "file_path": null, "tmp_file_name": "cls_summary_test_preds-1712677352.844471-2024-04-09_11.42.32.844471.html", "clean_after_upload": false}, "version": 38, "at": 1712677352.844954}
{"obj": {"type": "UploadFile", "path": ["cls_summary", "test", "preds_proba"], "ext": "html", "file_path": null, "tmp_file_name": "cls_summary_test_preds_proba-1712677352.845087-2024-04-09_11.42.32.845087.html", "clean_after_upload": false}, "version": 39, "at": 1712677352.8453}
{"obj": {"type": "AssignFloat", "path": ["cls_summary", "test", "scores", "class_0", "precision"], "value": 0.9166666666666666}, "version": 40, "at": 1712677352.845461}
{"obj": {"type": "AssignFloat", "path": ["cls_summary", "test", "scores", "class_0", "recall"], "value": 1.0}, "version": 41, "at": 1712677352.84553}
{"obj": {"type": "AssignFloat", "path": ["cls_summary", "test", "scores", "class_0", "fbeta_score"], "value": 0.9565217391304348}, "version": 42, "at": 1712677352.845591}
{"obj": {"type": "AssignFloat", "path": ["cls_summary", "test", "scores", "class_0", "support"], "value": 11.0}, "version": 43, "at": 1712677352.845653}
{"obj": {"type": "AssignFloat", "path": ["cls_summary", "test", "scores", "class_1", "precision"], "value": 1.0}, "version": 44, "at": 1712677352.8457458}
{"obj": {"type": "AssignFloat", "path": ["cls_summary", "test", "scores", "class_1", "recall"], "value": 0.9166666666666666}, "version": 45, "at": 1712677352.845807}
{"obj": {"type": "AssignFloat", "path": ["cls_summary", "test", "scores", "class_1", "fbeta_score"], "value": 0.9565217391304348}, "version": 46, "at": 1712677352.845866}
{"obj": {"type": "AssignFloat", "path": ["cls_summary", "test", "scores", "class_1", "support"], "value": 12.0}, "version": 47, "at": 1712677352.8459342}
{"obj": {"type": "UploadFile", "path": ["cls_summary", "diagnostics_charts", "classification_report"], "ext": "png", "file_path": null, "tmp_file_name": "cls_summary_diagnostics_charts_classification_report-1712677352.84602-2024-04-09_11.42.32.846020.png", "clean_after_upload": false}, "version": 48, "at": 1712677352.8462238}
{"obj": {"type": "UploadFile", "path": ["cls_summary", "diagnostics_charts", "confusion_matrix"], "ext": "png", "file_path": null, "tmp_file_name": "cls_summary_diagnostics_charts_confusion_matrix-1712677352.846514-2024-04-09_11.42.32.846514.png", "clean_after_upload": false}, "version": 49, "at": 1712677352.8467982}
{"obj": {"type": "UploadFile", "path": ["cls_summary", "diagnostics_charts", "ROC_AUC"], "ext": "png", "file_path": null, "tmp_file_name": "cls_summary_diagnostics_charts_ROC_AUC-1712677352.846893-2024-04-09_11.42.32.846893.png", "clean_after_upload": false}, "version": 50, "at": 1712677352.8471}
{"obj": {"type": "UploadFile", "path": ["cls_summary", "diagnostics_charts", "precision_recall"], "ext": "png", "file_path": null, "tmp_file_name": "cls_summary_diagnostics_charts_precision_recall-1712677352.847177-2024-04-09_11.42.32.847177.png", "clean_after_upload": false}, "version": 51, "at": 1712677352.8478642}
{"obj": {"type": "UploadFile", "path": ["cls_summary", "diagnostics_charts", "class_prediction_error"], "ext": "png", "file_path": null, "tmp_file_name": "cls_summary_diagnostics_charts_class_prediction_error-1712677352.847973-2024-04-09_11.42.32.847973.png", "clean_after_upload": false}, "version": 52, "at": 1712677352.848219}
{"obj": {"type": "AssignString", "path": ["cls_summary", "integration", "about", "neptune-sklearn"], "value": "2.1.0"}, "version": 53, "at": 1712677352.848334}
{"obj": {"type": "AssignInt", "path": ["params", "rf__min_samples_split"], "value": 10}, "version": 54, "at": 1712677352.848613}
{"obj": {"type": "AssignInt", "path": ["params", "rf__n_estimators"], "value": 200}, "version": 55, "at": 1712677352.848684}
{"obj": {"type": "UploadFile", "path": ["data", "feature_importance"], "ext": "html", "file_path": null, "tmp_file_name": "data_feature_importance-1712677370.223319-2024-04-09_11.42.50.223319.html", "clean_after_upload": false}, "version": 56, "at": 1712677370.2237399}
{"obj": {"type": "UploadFile", "path": ["feature_importance"], "ext": "png", "file_path": "/Users/shehjarsadhu/Desktop/UniversityOfRhodeIsland/Graduate/WBL/Project_Q2Behave/GitQ2Bheave/q2behave_data_analysis/jupyternotebooks/ML_Toolbox/feature_importance.png", "tmp_file_name": null, "clean_after_upload": false}, "version": 57, "at": 1712677370.3187299}
{"obj": {"type": "UploadFile", "path": ["roc_curve"], "ext": "png", "file_path": "/Users/shehjarsadhu/Desktop/UniversityOfRhodeIsland/Graduate/WBL/Project_Q2Behave/GitQ2Bheave/q2behave_data_analysis/jupyternotebooks/ML_Toolbox/roc_curve_class.png", "tmp_file_name": null, "clean_after_upload": false}, "version": 58, "at": 1712677370.440137}
{"obj": {"type": "AssignFloat", "path": ["precision"], "value": 0.9601449275362318}, "version": 59, "at": 1712677370.675476}
{"obj": {"type": "AssignFloat", "path": ["recall"], "value": 0.9565217391304348}, "version": 60, "at": 1712677370.6758149}
{"obj": {"type": "AssignFloat", "path": ["f1_score"], "value": 0.9565217391304348}, "version": 61, "at": 1712677370.675915}
{"obj": {"type": "AssignFloat", "path": ["mean_train_accuracy"], "value": 0.9912280701754387}, "version": 62, "at": 1712677370.6760042}
{"obj": {"type": "AssignFloat", "path": ["mean_test_accuracy"], "value": 0.8245614035087719}, "version": 63, "at": 1712677370.676088}
{"obj": {"type": "AssignFloat", "path": ["mean_sensitivity"], "value": 0.7368421052631579}, "version": 64, "at": 1712677370.676169}
