{"obj": {"type": "AssignString", "path": ["sys", "name"], "value": "2-Foldtest_size_0.2_RF"}, "version": 1, "at": 1712107966.809708}
{"obj": {"type": "AssignString", "path": ["sys", "description"], "value": ""}, "version": 2, "at": 1712107966.811432}
{"obj": {"type": "AssignString", "path": ["monitoring", "84ccd307", "hostname"], "value": "156.4.20.172.s.wireless.uri.edu"}, "version": 3, "at": 1712107966.8119512}
{"obj": {"type": "AssignString", "path": ["sys", "hostname"], "value": "156.4.20.172.s.wireless.uri.edu"}, "version": 4, "at": 1712107966.812175}
{"obj": {"type": "AssignString", "path": ["monitoring", "84ccd307", "pid"], "value": "51560"}, "version": 5, "at": 1712107966.812351}
{"obj": {"type": "AssignString", "path": ["monitoring", "84ccd307", "tid"], "value": "140704701883968"}, "version": 6, "at": 1712107966.8125079}
{"obj": {"type": "AssignBool", "path": ["sys", "failed"], "value": false}, "version": 7, "at": 1712107966.812622}
{"obj": {"type": "AssignString", "path": ["pid"], "value": "P8"}, "version": 8, "at": 1712107966.820184}
{"obj": {"type": "UploadFile", "path": ["data", "feature_table"], "ext": "html", "file_path": null, "tmp_file_name": "data_feature_table-1712107967.96597-2024-04-02_21.32.47.965970.html", "clean_after_upload": false}, "version": 9, "at": 1712107967.967252}
{"obj": {"type": "AssignString", "path": ["original"], "value": "type\n0    2368\n1      67\nName: count, dtype: int64"}, "version": 10, "at": 1712107967.968064}
{"obj": {"type": "AssignString", "path": ["train_samples_undersampled"], "value": "type\n0    67\n1    67\nName: count, dtype: int64"}, "version": 11, "at": 1712107967.968703}
{"obj": {"type": "AssignString", "path": ["test_samples_undersampled"], "value": "type\n1    14\n0    13\nName: count, dtype: int64"}, "version": 12, "at": 1712107967.969045}
{"obj": {"type": "UploadFile", "path": ["data", "test_data"], "ext": "html", "file_path": null, "tmp_file_name": "data_test_data-1712107972.195675-2024-04-02_21.32.52.195675.html", "clean_after_upload": false}, "version": 13, "at": 1712107972.196403}
{"obj": {"type": "AssignString", "path": ["cls_summary", "all_params", "memory"], "value": "None"}, "version": 14, "at": 1712107973.0292852}
{"obj": {"type": "AssignString", "path": ["cls_summary", "all_params", "steps"], "value": "[('rf', RandomForestClassifier(n_estimators=300, random_state=8))]"}, "version": 15, "at": 1712107973.029679}
{"obj": {"type": "AssignBool", "path": ["cls_summary", "all_params", "verbose"], "value": false}, "version": 16, "at": 1712107973.0297658}
{"obj": {"type": "AssignString", "path": ["cls_summary", "all_params", "rf"], "value": "RandomForestClassifier(n_estimators=300, random_state=8)"}, "version": 17, "at": 1712107973.029998}
{"obj": {"type": "AssignBool", "path": ["cls_summary", "all_params", "rf__bootstrap"], "value": true}, "version": 18, "at": 1712107973.030068}
{"obj": {"type": "AssignFloat", "path": ["cls_summary", "all_params", "rf__ccp_alpha"], "value": 0.0}, "version": 19, "at": 1712107973.0301352}
{"obj": {"type": "AssignString", "path": ["cls_summary", "all_params", "rf__class_weight"], "value": "None"}, "version": 20, "at": 1712107973.0302012}
{"obj": {"type": "AssignString", "path": ["cls_summary", "all_params", "rf__criterion"], "value": "gini"}, "version": 21, "at": 1712107973.030261}
{"obj": {"type": "AssignString", "path": ["cls_summary", "all_params", "rf__max_depth"], "value": "None"}, "version": 22, "at": 1712107973.030323}
{"obj": {"type": "AssignString", "path": ["cls_summary", "all_params", "rf__max_features"], "value": "sqrt"}, "version": 23, "at": 1712107973.030383}
{"obj": {"type": "AssignString", "path": ["cls_summary", "all_params", "rf__max_leaf_nodes"], "value": "None"}, "version": 24, "at": 1712107973.030443}
{"obj": {"type": "AssignString", "path": ["cls_summary", "all_params", "rf__max_samples"], "value": "None"}, "version": 25, "at": 1712107973.030504}
{"obj": {"type": "AssignFloat", "path": ["cls_summary", "all_params", "rf__min_impurity_decrease"], "value": 0.0}, "version": 26, "at": 1712107973.030561}
{"obj": {"type": "AssignInt", "path": ["cls_summary", "all_params", "rf__min_samples_leaf"], "value": 1}, "version": 27, "at": 1712107973.030623}
{"obj": {"type": "AssignInt", "path": ["cls_summary", "all_params", "rf__min_samples_split"], "value": 2}, "version": 28, "at": 1712107973.030676}
{"obj": {"type": "AssignFloat", "path": ["cls_summary", "all_params", "rf__min_weight_fraction_leaf"], "value": 0.0}, "version": 29, "at": 1712107973.03073}
{"obj": {"type": "AssignInt", "path": ["cls_summary", "all_params", "rf__n_estimators"], "value": 300}, "version": 30, "at": 1712107973.030783}
{"obj": {"type": "AssignString", "path": ["cls_summary", "all_params", "rf__n_jobs"], "value": "None"}, "version": 31, "at": 1712107973.030842}
{"obj": {"type": "AssignBool", "path": ["cls_summary", "all_params", "rf__oob_score"], "value": false}, "version": 32, "at": 1712107973.030894}
{"obj": {"type": "AssignInt", "path": ["cls_summary", "all_params", "rf__random_state"], "value": 8}, "version": 33, "at": 1712107973.030947}
{"obj": {"type": "AssignInt", "path": ["cls_summary", "all_params", "rf__verbose"], "value": 0}, "version": 34, "at": 1712107973.030998}
{"obj": {"type": "AssignBool", "path": ["cls_summary", "all_params", "rf__warm_start"], "value": false}, "version": 35, "at": 1712107973.031051}
{"obj": {"type": "UploadFile", "path": ["cls_summary", "pickled_model"], "ext": "pkl", "file_path": null, "tmp_file_name": "cls_summary_pickled_model-1712107973.031114-2024-04-02_21.32.53.031114.pkl", "clean_after_upload": false}, "version": 36, "at": 1712107973.0316741}
{"obj": {"type": "UploadFile", "path": ["cls_summary", "test", "preds"], "ext": "html", "file_path": null, "tmp_file_name": "cls_summary_test_preds-1712107973.031792-2024-04-02_21.32.53.031792.html", "clean_after_upload": false}, "version": 37, "at": 1712107973.031996}
{"obj": {"type": "UploadFile", "path": ["cls_summary", "test", "preds_proba"], "ext": "html", "file_path": null, "tmp_file_name": "cls_summary_test_preds_proba-1712107973.03207-2024-04-02_21.32.53.032070.html", "clean_after_upload": false}, "version": 38, "at": 1712107973.0322392}
{"obj": {"type": "AssignFloat", "path": ["cls_summary", "test", "scores", "class_0", "precision"], "value": 0.8666666666666667}, "version": 39, "at": 1712107973.032375}
{"obj": {"type": "AssignFloat", "path": ["cls_summary", "test", "scores", "class_0", "recall"], "value": 1.0}, "version": 40, "at": 1712107973.032439}
{"obj": {"type": "AssignFloat", "path": ["cls_summary", "test", "scores", "class_0", "fbeta_score"], "value": 0.9285714285714286}, "version": 41, "at": 1712107973.032497}
{"obj": {"type": "AssignFloat", "path": ["cls_summary", "test", "scores", "class_0", "support"], "value": 13.0}, "version": 42, "at": 1712107973.032555}
{"obj": {"type": "AssignFloat", "path": ["cls_summary", "test", "scores", "class_1", "precision"], "value": 1.0}, "version": 43, "at": 1712107973.03264}
{"obj": {"type": "AssignFloat", "path": ["cls_summary", "test", "scores", "class_1", "recall"], "value": 0.8571428571428571}, "version": 44, "at": 1712107973.0326989}
{"obj": {"type": "AssignFloat", "path": ["cls_summary", "test", "scores", "class_1", "fbeta_score"], "value": 0.923076923076923}, "version": 45, "at": 1712107973.0327559}
{"obj": {"type": "AssignFloat", "path": ["cls_summary", "test", "scores", "class_1", "support"], "value": 14.0}, "version": 46, "at": 1712107973.032814}
{"obj": {"type": "UploadFile", "path": ["cls_summary", "diagnostics_charts", "classification_report"], "ext": "png", "file_path": null, "tmp_file_name": "cls_summary_diagnostics_charts_classification_report-1712107973.032928-2024-04-02_21.32.53.032928.png", "clean_after_upload": false}, "version": 47, "at": 1712107973.033129}
{"obj": {"type": "UploadFile", "path": ["cls_summary", "diagnostics_charts", "confusion_matrix"], "ext": "png", "file_path": null, "tmp_file_name": "cls_summary_diagnostics_charts_confusion_matrix-1712107973.033207-2024-04-02_21.32.53.033207.png", "clean_after_upload": false}, "version": 48, "at": 1712107973.033505}
{"obj": {"type": "UploadFile", "path": ["cls_summary", "diagnostics_charts", "ROC_AUC"], "ext": "png", "file_path": null, "tmp_file_name": "cls_summary_diagnostics_charts_ROC_AUC-1712107973.033583-2024-04-02_21.32.53.033583.png", "clean_after_upload": false}, "version": 49, "at": 1712107973.033916}
{"obj": {"type": "UploadFile", "path": ["cls_summary", "diagnostics_charts", "precision_recall"], "ext": "png", "file_path": null, "tmp_file_name": "cls_summary_diagnostics_charts_precision_recall-1712107973.033995-2024-04-02_21.32.53.033995.png", "clean_after_upload": false}, "version": 50, "at": 1712107973.034223}
{"obj": {"type": "UploadFile", "path": ["cls_summary", "diagnostics_charts", "class_prediction_error"], "ext": "png", "file_path": null, "tmp_file_name": "cls_summary_diagnostics_charts_class_prediction_error-1712107973.034293-2024-04-02_21.32.53.034293.png", "clean_after_upload": false}, "version": 51, "at": 1712107973.034549}
{"obj": {"type": "AssignString", "path": ["cls_summary", "integration", "about", "neptune-sklearn"], "value": "2.1.0"}, "version": 52, "at": 1712107973.0346801}
{"obj": {"type": "AssignInt", "path": ["params", "rf__min_samples_split"], "value": 2}, "version": 53, "at": 1712107973.034862}
{"obj": {"type": "AssignInt", "path": ["params", "rf__n_estimators"], "value": 300}, "version": 54, "at": 1712107973.034924}
{"obj": {"type": "UploadFile", "path": ["data", "feature_importance"], "ext": "html", "file_path": null, "tmp_file_name": "data_feature_importance-1712107994.502644-2024-04-02_21.33.14.502644.html", "clean_after_upload": false}, "version": 55, "at": 1712107994.503029}
{"obj": {"type": "UploadFile", "path": ["feature_importance"], "ext": "png", "file_path": "/Users/shehjarsadhu/Desktop/UniversityOfRhodeIsland/Graduate/WBL/Project_Q2Behave/GitQ2Bheave/q2behave_data_analysis/jupyternotebooks/ML_Toolbox/feature_importance.png", "tmp_file_name": null, "clean_after_upload": false}, "version": 56, "at": 1712107994.583529}
{"obj": {"type": "UploadFile", "path": ["roc_curve"], "ext": "png", "file_path": "/Users/shehjarsadhu/Desktop/UniversityOfRhodeIsland/Graduate/WBL/Project_Q2Behave/GitQ2Bheave/q2behave_data_analysis/jupyternotebooks/ML_Toolbox/roc_curve_class.png", "tmp_file_name": null, "clean_after_upload": false}, "version": 57, "at": 1712107994.6894789}
{"obj": {"type": "AssignFloat", "path": ["precision"], "value": 0.9358024691358025}, "version": 58, "at": 1712107994.897179}
{"obj": {"type": "AssignFloat", "path": ["recall"], "value": 0.9259259259259259}, "version": 59, "at": 1712107994.897738}
{"obj": {"type": "AssignFloat", "path": ["f1_score"], "value": 0.9257224257224257}, "version": 60, "at": 1712107994.897857}
{"obj": {"type": "AssignFloat", "path": ["mean_train_accuracy"], "value": 1.0}, "version": 61, "at": 1712107994.897981}
{"obj": {"type": "AssignFloat", "path": ["mean_test_accuracy"], "value": 0.9328358208955224}, "version": 62, "at": 1712107994.8980632}
{"obj": {"type": "AssignFloat", "path": ["mean_sensitivity"], "value": 0.8961675579322639}, "version": 63, "at": 1712107994.898143}
