{"obj": {"type": "AssignString", "path": ["sys", "name"], "value": "3-Foldtest_size_0.2_RF"}, "version": 1, "at": 1712107724.3074088}
{"obj": {"type": "AssignString", "path": ["sys", "description"], "value": ""}, "version": 2, "at": 1712107724.307606}
{"obj": {"type": "AssignString", "path": ["monitoring", "84ccd307", "hostname"], "value": "156.4.20.172.s.wireless.uri.edu"}, "version": 3, "at": 1712107724.307691}
{"obj": {"type": "AssignString", "path": ["sys", "hostname"], "value": "156.4.20.172.s.wireless.uri.edu"}, "version": 4, "at": 1712107724.307783}
{"obj": {"type": "AssignString", "path": ["monitoring", "84ccd307", "pid"], "value": "51560"}, "version": 5, "at": 1712107724.307859}
{"obj": {"type": "AssignString", "path": ["monitoring", "84ccd307", "tid"], "value": "140704701883968"}, "version": 6, "at": 1712107724.307949}
{"obj": {"type": "AssignBool", "path": ["sys", "failed"], "value": false}, "version": 7, "at": 1712107724.3079948}
{"obj": {"type": "AssignString", "path": ["pid"], "value": "P11"}, "version": 8, "at": 1712107724.3137238}
{"obj": {"type": "UploadFile", "path": ["data", "feature_table"], "ext": "html", "file_path": null, "tmp_file_name": "data_feature_table-1712107725.679965-2024-04-02_21.28.45.679965.html", "clean_after_upload": false}, "version": 9, "at": 1712107725.6813672}
{"obj": {"type": "AssignString", "path": ["original"], "value": "type\n0    2683\n1     325\nName: count, dtype: int64"}, "version": 10, "at": 1712107725.682454}
{"obj": {"type": "AssignString", "path": ["train_samples_undersampled"], "value": "type\n0    325\n1    325\nName: count, dtype: int64"}, "version": 11, "at": 1712107725.682961}
{"obj": {"type": "AssignString", "path": ["test_samples_undersampled"], "value": "type\n1    65\n0    65\nName: count, dtype: int64"}, "version": 12, "at": 1712107725.68335}
{"obj": {"type": "UploadFile", "path": ["data", "test_data"], "ext": "html", "file_path": null, "tmp_file_name": "data_test_data-1712107735.903236-2024-04-02_21.28.55.903236.html", "clean_after_upload": false}, "version": 13, "at": 1712107735.9037051}
{"obj": {"type": "AssignString", "path": ["cls_summary", "all_params", "memory"], "value": "None"}, "version": 14, "at": 1712107736.7191901}
{"obj": {"type": "AssignString", "path": ["cls_summary", "all_params", "steps"], "value": "[('rf', RandomForestClassifier(max_depth=10, n_estimators=300, random_state=8))]"}, "version": 15, "at": 1712107736.719598}
{"obj": {"type": "AssignBool", "path": ["cls_summary", "all_params", "verbose"], "value": false}, "version": 16, "at": 1712107736.7196858}
{"obj": {"type": "AssignString", "path": ["cls_summary", "all_params", "rf"], "value": "RandomForestClassifier(max_depth=10, n_estimators=300, random_state=8)"}, "version": 17, "at": 1712107736.719914}
{"obj": {"type": "AssignBool", "path": ["cls_summary", "all_params", "rf__bootstrap"], "value": true}, "version": 18, "at": 1712107736.7199821}
{"obj": {"type": "AssignFloat", "path": ["cls_summary", "all_params", "rf__ccp_alpha"], "value": 0.0}, "version": 19, "at": 1712107736.720047}
{"obj": {"type": "AssignString", "path": ["cls_summary", "all_params", "rf__class_weight"], "value": "None"}, "version": 20, "at": 1712107736.7201128}
{"obj": {"type": "AssignString", "path": ["cls_summary", "all_params", "rf__criterion"], "value": "gini"}, "version": 21, "at": 1712107736.7201731}
{"obj": {"type": "AssignInt", "path": ["cls_summary", "all_params", "rf__max_depth"], "value": 10}, "version": 22, "at": 1712107736.720233}
{"obj": {"type": "AssignString", "path": ["cls_summary", "all_params", "rf__max_features"], "value": "sqrt"}, "version": 23, "at": 1712107736.720292}
{"obj": {"type": "AssignString", "path": ["cls_summary", "all_params", "rf__max_leaf_nodes"], "value": "None"}, "version": 24, "at": 1712107736.720352}
{"obj": {"type": "AssignString", "path": ["cls_summary", "all_params", "rf__max_samples"], "value": "None"}, "version": 25, "at": 1712107736.720412}
{"obj": {"type": "AssignFloat", "path": ["cls_summary", "all_params", "rf__min_impurity_decrease"], "value": 0.0}, "version": 26, "at": 1712107736.720468}
{"obj": {"type": "AssignInt", "path": ["cls_summary", "all_params", "rf__min_samples_leaf"], "value": 1}, "version": 27, "at": 1712107736.720522}
{"obj": {"type": "AssignInt", "path": ["cls_summary", "all_params", "rf__min_samples_split"], "value": 2}, "version": 28, "at": 1712107736.720575}
{"obj": {"type": "AssignFloat", "path": ["cls_summary", "all_params", "rf__min_weight_fraction_leaf"], "value": 0.0}, "version": 29, "at": 1712107736.720628}
{"obj": {"type": "AssignInt", "path": ["cls_summary", "all_params", "rf__n_estimators"], "value": 300}, "version": 30, "at": 1712107736.720681}
{"obj": {"type": "AssignString", "path": ["cls_summary", "all_params", "rf__n_jobs"], "value": "None"}, "version": 31, "at": 1712107736.72074}
{"obj": {"type": "AssignBool", "path": ["cls_summary", "all_params", "rf__oob_score"], "value": false}, "version": 32, "at": 1712107736.720793}
{"obj": {"type": "AssignInt", "path": ["cls_summary", "all_params", "rf__random_state"], "value": 8}, "version": 33, "at": 1712107736.720845}
{"obj": {"type": "AssignInt", "path": ["cls_summary", "all_params", "rf__verbose"], "value": 0}, "version": 34, "at": 1712107736.720896}
{"obj": {"type": "AssignBool", "path": ["cls_summary", "all_params", "rf__warm_start"], "value": false}, "version": 35, "at": 1712107736.720947}
{"obj": {"type": "UploadFile", "path": ["cls_summary", "pickled_model"], "ext": "pkl", "file_path": null, "tmp_file_name": "cls_summary_pickled_model-1712107736.721011-2024-04-02_21.28.56.721011.pkl", "clean_after_upload": false}, "version": 36, "at": 1712107736.722131}
{"obj": {"type": "UploadFile", "path": ["cls_summary", "test", "preds"], "ext": "html", "file_path": null, "tmp_file_name": "cls_summary_test_preds-1712107736.722264-2024-04-02_21.28.56.722264.html", "clean_after_upload": false}, "version": 37, "at": 1712107736.7225091}
{"obj": {"type": "UploadFile", "path": ["cls_summary", "test", "preds_proba"], "ext": "html", "file_path": null, "tmp_file_name": "cls_summary_test_preds_proba-1712107736.722589-2024-04-02_21.28.56.722589.html", "clean_after_upload": false}, "version": 38, "at": 1712107736.7227762}
{"obj": {"type": "AssignFloat", "path": ["cls_summary", "test", "scores", "class_0", "precision"], "value": 0.8157894736842105}, "version": 39, "at": 1712107736.72292}
{"obj": {"type": "AssignFloat", "path": ["cls_summary", "test", "scores", "class_0", "recall"], "value": 0.9538461538461539}, "version": 40, "at": 1712107736.722987}
{"obj": {"type": "AssignFloat", "path": ["cls_summary", "test", "scores", "class_0", "fbeta_score"], "value": 0.8794326241134751}, "version": 41, "at": 1712107736.7230458}
{"obj": {"type": "AssignFloat", "path": ["cls_summary", "test", "scores", "class_0", "support"], "value": 65.0}, "version": 42, "at": 1712107736.7231061}
{"obj": {"type": "AssignFloat", "path": ["cls_summary", "test", "scores", "class_1", "precision"], "value": 0.9444444444444444}, "version": 43, "at": 1712107736.7231932}
{"obj": {"type": "AssignFloat", "path": ["cls_summary", "test", "scores", "class_1", "recall"], "value": 0.7846153846153846}, "version": 44, "at": 1712107736.7232509}
{"obj": {"type": "AssignFloat", "path": ["cls_summary", "test", "scores", "class_1", "fbeta_score"], "value": 0.857142857142857}, "version": 45, "at": 1712107736.723306}
{"obj": {"type": "AssignFloat", "path": ["cls_summary", "test", "scores", "class_1", "support"], "value": 65.0}, "version": 46, "at": 1712107736.723362}
{"obj": {"type": "UploadFile", "path": ["cls_summary", "diagnostics_charts", "classification_report"], "ext": "png", "file_path": null, "tmp_file_name": "cls_summary_diagnostics_charts_classification_report-1712107736.723444-2024-04-02_21.28.56.723444.png", "clean_after_upload": false}, "version": 47, "at": 1712107736.723648}
{"obj": {"type": "UploadFile", "path": ["cls_summary", "diagnostics_charts", "confusion_matrix"], "ext": "png", "file_path": null, "tmp_file_name": "cls_summary_diagnostics_charts_confusion_matrix-1712107736.723721-2024-04-02_21.28.56.723721.png", "clean_after_upload": false}, "version": 48, "at": 1712107736.723897}
{"obj": {"type": "UploadFile", "path": ["cls_summary", "diagnostics_charts", "ROC_AUC"], "ext": "png", "file_path": null, "tmp_file_name": "cls_summary_diagnostics_charts_ROC_AUC-1712107736.723967-2024-04-02_21.28.56.723967.png", "clean_after_upload": false}, "version": 49, "at": 1712107736.724187}
{"obj": {"type": "UploadFile", "path": ["cls_summary", "diagnostics_charts", "precision_recall"], "ext": "png", "file_path": null, "tmp_file_name": "cls_summary_diagnostics_charts_precision_recall-1712107736.72426-2024-04-02_21.28.56.724260.png", "clean_after_upload": false}, "version": 50, "at": 1712107736.7245271}
{"obj": {"type": "UploadFile", "path": ["cls_summary", "diagnostics_charts", "class_prediction_error"], "ext": "png", "file_path": null, "tmp_file_name": "cls_summary_diagnostics_charts_class_prediction_error-1712107736.7246-2024-04-02_21.28.56.724600.png", "clean_after_upload": false}, "version": 51, "at": 1712107736.724792}
{"obj": {"type": "AssignString", "path": ["cls_summary", "integration", "about", "neptune-sklearn"], "value": "2.1.0"}, "version": 52, "at": 1712107736.724946}
{"obj": {"type": "AssignInt", "path": ["params", "rf__max_depth"], "value": 10}, "version": 53, "at": 1712107736.726023}
{"obj": {"type": "AssignInt", "path": ["params", "rf__min_samples_split"], "value": 2}, "version": 54, "at": 1712107736.7261178}
{"obj": {"type": "AssignInt", "path": ["params", "rf__n_estimators"], "value": 300}, "version": 55, "at": 1712107736.726175}
{"obj": {"type": "UploadFile", "path": ["data", "feature_importance"], "ext": "html", "file_path": null, "tmp_file_name": "data_feature_importance-1712107778.003088-2024-04-02_21.29.38.003088.html", "clean_after_upload": false}, "version": 56, "at": 1712107778.003513}
{"obj": {"type": "UploadFile", "path": ["feature_importance"], "ext": "png", "file_path": "/Users/shehjarsadhu/Desktop/UniversityOfRhodeIsland/Graduate/WBL/Project_Q2Behave/GitQ2Bheave/q2behave_data_analysis/jupyternotebooks/ML_Toolbox/feature_importance.png", "tmp_file_name": null, "clean_after_upload": false}, "version": 57, "at": 1712107778.0964868}
{"obj": {"type": "UploadFile", "path": ["roc_curve"], "ext": "png", "file_path": "/Users/shehjarsadhu/Desktop/UniversityOfRhodeIsland/Graduate/WBL/Project_Q2Behave/GitQ2Bheave/q2behave_data_analysis/jupyternotebooks/ML_Toolbox/roc_curve_class.png", "tmp_file_name": null, "clean_after_upload": false}, "version": 58, "at": 1712107778.219502}
{"obj": {"type": "AssignFloat", "path": ["precision"], "value": 0.8801169590643275}, "version": 59, "at": 1712107778.4986382}
{"obj": {"type": "AssignFloat", "path": ["recall"], "value": 0.8692307692307693}, "version": 60, "at": 1712107778.4992058}
{"obj": {"type": "AssignFloat", "path": ["f1_score"], "value": 0.868287740628166}, "version": 61, "at": 1712107778.499446}
{"obj": {"type": "AssignFloat", "path": ["mean_train_accuracy"], "value": 0.9969260295938387}, "version": 62, "at": 1712107778.499663}
{"obj": {"type": "AssignFloat", "path": ["mean_test_accuracy"], "value": 0.8738479262672811}, "version": 63, "at": 1712107778.499848}
{"obj": {"type": "AssignFloat", "path": ["mean_sensitivity"], "value": 0.799977347377959}, "version": 64, "at": 1712107778.5000262}
