{"obj": {"type": "AssignString", "path": ["sys", "name"], "value": "3-Foldtest_size_0.2_RF"}, "version": 1, "at": 1712713568.544745}
{"obj": {"type": "AssignString", "path": ["sys", "description"], "value": ""}, "version": 2, "at": 1712713568.544947}
{"obj": {"type": "AssignString", "path": ["monitoring", "b1279506", "hostname"], "value": "156.4.20.172.s.wireless.uri.edu"}, "version": 3, "at": 1712713568.545042}
{"obj": {"type": "AssignString", "path": ["sys", "hostname"], "value": "156.4.20.172.s.wireless.uri.edu"}, "version": 4, "at": 1712713568.545111}
{"obj": {"type": "AssignString", "path": ["monitoring", "b1279506", "pid"], "value": "65268"}, "version": 5, "at": 1712713568.545176}
{"obj": {"type": "AssignString", "path": ["monitoring", "b1279506", "tid"], "value": "140704351295040"}, "version": 6, "at": 1712713568.5452402}
{"obj": {"type": "AssignBool", "path": ["sys", "failed"], "value": false}, "version": 7, "at": 1712713568.5452878}
{"obj": {"type": "AssignString", "path": ["pid"], "value": "None"}, "version": 8, "at": 1712713568.552511}
{"obj": {"type": "UploadFile", "path": ["data", "feature_table"], "ext": "html", "file_path": null, "tmp_file_name": "data_feature_table-1712713575.234974-2024-04-09_21.46.15.234974.html", "clean_after_upload": false}, "version": 9, "at": 1712713575.250655}
{"obj": {"type": "AssignString", "path": ["original"], "value": "type\n0    10749\n1     3410\nName: count, dtype: int64"}, "version": 10, "at": 1712713575.253788}
{"obj": {"type": "AssignString", "path": ["train_samples_undersampled"], "value": "type\n0    3410\n1    3410\nName: count, dtype: int64"}, "version": 11, "at": 1712713575.254733}
{"obj": {"type": "AssignString", "path": ["test_samples_undersampled"], "value": "type\n1    682\n0    682\nName: count, dtype: int64"}, "version": 12, "at": 1712713575.255552}
{"obj": {"type": "AssignString", "path": ["tag"], "value": "Clus"}, "version": 13, "at": 1712713575.255697}
{"obj": {"type": "UploadFile", "path": ["data", "test_data"], "ext": "html", "file_path": null, "tmp_file_name": "data_test_data-1712713748.899069-2024-04-09_21.49.08.899069.html", "clean_after_upload": false}, "version": 14, "at": 1712713748.90123}
{"obj": {"type": "AssignString", "path": ["cls_summary", "all_params", "memory"], "value": "None"}, "version": 15, "at": 1712713750.4733162}
{"obj": {"type": "AssignString", "path": ["cls_summary", "all_params", "steps"], "value": "[('rf', RandomForestClassifier(max_depth=30, min_samples_split=5, n_estimators=200,\n                       random_state=8))]"}, "version": 16, "at": 1712713750.4739058}
{"obj": {"type": "AssignBool", "path": ["cls_summary", "all_params", "verbose"], "value": false}, "version": 17, "at": 1712713750.474008}
{"obj": {"type": "AssignString", "path": ["cls_summary", "all_params", "rf"], "value": "RandomForestClassifier(max_depth=30, min_samples_split=5, n_estimators=200,\n                       random_state=8)"}, "version": 18, "at": 1712713750.474398}
{"obj": {"type": "AssignBool", "path": ["cls_summary", "all_params", "rf__bootstrap"], "value": true}, "version": 19, "at": 1712713750.474473}
{"obj": {"type": "AssignFloat", "path": ["cls_summary", "all_params", "rf__ccp_alpha"], "value": 0.0}, "version": 20, "at": 1712713750.474585}
{"obj": {"type": "AssignString", "path": ["cls_summary", "all_params", "rf__class_weight"], "value": "None"}, "version": 21, "at": 1712713750.474893}
{"obj": {"type": "AssignString", "path": ["cls_summary", "all_params", "rf__criterion"], "value": "gini"}, "version": 22, "at": 1712713750.4750621}
{"obj": {"type": "AssignInt", "path": ["cls_summary", "all_params", "rf__max_depth"], "value": 30}, "version": 23, "at": 1712713750.475156}
{"obj": {"type": "AssignString", "path": ["cls_summary", "all_params", "rf__max_features"], "value": "sqrt"}, "version": 24, "at": 1712713750.4752262}
{"obj": {"type": "AssignString", "path": ["cls_summary", "all_params", "rf__max_leaf_nodes"], "value": "None"}, "version": 25, "at": 1712713750.475295}
{"obj": {"type": "AssignString", "path": ["cls_summary", "all_params", "rf__max_samples"], "value": "None"}, "version": 26, "at": 1712713750.475359}
{"obj": {"type": "AssignFloat", "path": ["cls_summary", "all_params", "rf__min_impurity_decrease"], "value": 0.0}, "version": 27, "at": 1712713750.4754188}
{"obj": {"type": "AssignInt", "path": ["cls_summary", "all_params", "rf__min_samples_leaf"], "value": 1}, "version": 28, "at": 1712713750.475477}
{"obj": {"type": "AssignInt", "path": ["cls_summary", "all_params", "rf__min_samples_split"], "value": 5}, "version": 29, "at": 1712713750.475529}
{"obj": {"type": "AssignFloat", "path": ["cls_summary", "all_params", "rf__min_weight_fraction_leaf"], "value": 0.0}, "version": 30, "at": 1712713750.475582}
{"obj": {"type": "AssignInt", "path": ["cls_summary", "all_params", "rf__n_estimators"], "value": 200}, "version": 31, "at": 1712713750.475635}
{"obj": {"type": "AssignString", "path": ["cls_summary", "all_params", "rf__n_jobs"], "value": "None"}, "version": 32, "at": 1712713750.4756942}
{"obj": {"type": "AssignBool", "path": ["cls_summary", "all_params", "rf__oob_score"], "value": false}, "version": 33, "at": 1712713750.475749}
{"obj": {"type": "AssignInt", "path": ["cls_summary", "all_params", "rf__random_state"], "value": 8}, "version": 34, "at": 1712713750.4758}
{"obj": {"type": "AssignInt", "path": ["cls_summary", "all_params", "rf__verbose"], "value": 0}, "version": 35, "at": 1712713750.475852}
{"obj": {"type": "AssignBool", "path": ["cls_summary", "all_params", "rf__warm_start"], "value": false}, "version": 36, "at": 1712713750.475904}
{"obj": {"type": "UploadFile", "path": ["cls_summary", "pickled_model"], "ext": "pkl", "file_path": null, "tmp_file_name": "cls_summary_pickled_model-1712713750.475967-2024-04-09_21.49.10.475967.pkl", "clean_after_upload": false}, "version": 37, "at": 1712713750.4933639}
{"obj": {"type": "UploadFile", "path": ["cls_summary", "test", "preds"], "ext": "html", "file_path": null, "tmp_file_name": "cls_summary_test_preds-1712713750.49363-2024-04-09_21.49.10.493630.html", "clean_after_upload": false}, "version": 38, "at": 1712713750.494227}
{"obj": {"type": "UploadFile", "path": ["cls_summary", "test", "preds_proba"], "ext": "html", "file_path": null, "tmp_file_name": "cls_summary_test_preds_proba-1712713750.494473-2024-04-09_21.49.10.494473.html", "clean_after_upload": false}, "version": 39, "at": 1712713750.4949381}
{"obj": {"type": "AssignFloat", "path": ["cls_summary", "test", "scores", "class_0", "precision"], "value": 0.7296416938110749}, "version": 40, "at": 1712713750.49526}
{"obj": {"type": "AssignFloat", "path": ["cls_summary", "test", "scores", "class_0", "recall"], "value": 0.656891495601173}, "version": 41, "at": 1712713750.495446}
{"obj": {"type": "AssignFloat", "path": ["cls_summary", "test", "scores", "class_0", "fbeta_score"], "value": 0.691358024691358}, "version": 42, "at": 1712713750.4955509}
{"obj": {"type": "AssignFloat", "path": ["cls_summary", "test", "scores", "class_0", "support"], "value": 682.0}, "version": 43, "at": 1712713750.495633}
{"obj": {"type": "AssignFloat", "path": ["cls_summary", "test", "scores", "class_1", "precision"], "value": 0.688}, "version": 44, "at": 1712713750.4958248}
{"obj": {"type": "AssignFloat", "path": ["cls_summary", "test", "scores", "class_1", "recall"], "value": 0.7565982404692082}, "version": 45, "at": 1712713750.49611}
{"obj": {"type": "AssignFloat", "path": ["cls_summary", "test", "scores", "class_1", "fbeta_score"], "value": 0.7206703910614525}, "version": 46, "at": 1712713750.496187}
{"obj": {"type": "AssignFloat", "path": ["cls_summary", "test", "scores", "class_1", "support"], "value": 682.0}, "version": 47, "at": 1712713750.4962502}
{"obj": {"type": "UploadFile", "path": ["cls_summary", "diagnostics_charts", "classification_report"], "ext": "png", "file_path": null, "tmp_file_name": "cls_summary_diagnostics_charts_classification_report-1712713750.496353-2024-04-09_21.49.10.496353.png", "clean_after_upload": false}, "version": 48, "at": 1712713750.49713}
{"obj": {"type": "UploadFile", "path": ["cls_summary", "diagnostics_charts", "confusion_matrix"], "ext": "png", "file_path": null, "tmp_file_name": "cls_summary_diagnostics_charts_confusion_matrix-1712713750.497362-2024-04-09_21.49.10.497362.png", "clean_after_upload": false}, "version": 49, "at": 1712713750.497812}
{"obj": {"type": "UploadFile", "path": ["cls_summary", "diagnostics_charts", "ROC_AUC"], "ext": "png", "file_path": null, "tmp_file_name": "cls_summary_diagnostics_charts_ROC_AUC-1712713750.49797-2024-04-09_21.49.10.497970.png", "clean_after_upload": false}, "version": 50, "at": 1712713750.498344}
{"obj": {"type": "UploadFile", "path": ["cls_summary", "diagnostics_charts", "precision_recall"], "ext": "png", "file_path": null, "tmp_file_name": "cls_summary_diagnostics_charts_precision_recall-1712713750.49854-2024-04-09_21.49.10.498540.png", "clean_after_upload": false}, "version": 51, "at": 1712713750.499653}
{"obj": {"type": "UploadFile", "path": ["cls_summary", "diagnostics_charts", "class_prediction_error"], "ext": "png", "file_path": null, "tmp_file_name": "cls_summary_diagnostics_charts_class_prediction_error-1712713750.500015-2024-04-09_21.49.10.500015.png", "clean_after_upload": false}, "version": 52, "at": 1712713750.5003572}
{"obj": {"type": "AssignString", "path": ["cls_summary", "integration", "about", "neptune-sklearn"], "value": "2.1.0"}, "version": 53, "at": 1712713750.5005271}
{"obj": {"type": "AssignInt", "path": ["params", "rf__max_depth"], "value": 30}, "version": 54, "at": 1712713750.502605}
{"obj": {"type": "AssignInt", "path": ["params", "rf__min_samples_split"], "value": 5}, "version": 55, "at": 1712713750.502757}
{"obj": {"type": "AssignInt", "path": ["params", "rf__n_estimators"], "value": 200}, "version": 56, "at": 1712713750.502826}
{"obj": {"type": "UploadFile", "path": ["data", "feature_importance"], "ext": "html", "file_path": null, "tmp_file_name": "data_feature_importance-1712714009.986079-2024-04-09_21.53.29.986079.html", "clean_after_upload": false}, "version": 57, "at": 1712714009.986474}
{"obj": {"type": "UploadFile", "path": ["feature_importance"], "ext": "png", "file_path": "/Users/shehjarsadhu/Desktop/UniversityOfRhodeIsland/Graduate/WBL/Project_Q2Behave/GitQ2Bheave/q2behave_data_analysis/jupyternotebooks/ML_Toolbox/feature_importance.png", "tmp_file_name": null, "clean_after_upload": false}, "version": 58, "at": 1712714010.078429}
{"obj": {"type": "UploadFile", "path": ["roc_curve"], "ext": "png", "file_path": "/Users/shehjarsadhu/Desktop/UniversityOfRhodeIsland/Graduate/WBL/Project_Q2Behave/GitQ2Bheave/q2behave_data_analysis/jupyternotebooks/ML_Toolbox/roc_curve_class.png", "tmp_file_name": null, "clean_after_upload": false}, "version": 59, "at": 1712714010.619919}
{"obj": {"type": "AssignFloat", "path": ["precision"], "value": 0.7088208469055375}, "version": 60, "at": 1712714010.8773708}
{"obj": {"type": "AssignFloat", "path": ["recall"], "value": 0.7067448680351907}, "version": 61, "at": 1712714010.87797}
{"obj": {"type": "AssignFloat", "path": ["f1_score"], "value": 0.7060142078764052}, "version": 62, "at": 1712714010.878152}
{"obj": {"type": "AssignFloat", "path": ["mean_train_accuracy"], "value": 0.9912025233315379}, "version": 63, "at": 1712714010.878268}
{"obj": {"type": "AssignFloat", "path": ["mean_test_accuracy"], "value": 0.7497086687914659}, "version": 64, "at": 1712714010.8783529}
{"obj": {"type": "AssignFloat", "path": ["mean_sensitivity"], "value": 0.6941422427853547}, "version": 65, "at": 1712714010.87843}
