{"obj": {"type": "AssignString", "path": ["sys", "name"], "value": "3-Foldtest_size_0.2_RF"}, "version": 1, "at": 1712108461.698153}
{"obj": {"type": "AssignString", "path": ["sys", "description"], "value": ""}, "version": 2, "at": 1712108461.698446}
{"obj": {"type": "AssignString", "path": ["monitoring", "38481bb5", "hostname"], "value": "156.4.20.172.s.wireless.uri.edu"}, "version": 3, "at": 1712108461.6986299}
{"obj": {"type": "AssignString", "path": ["sys", "hostname"], "value": "156.4.20.172.s.wireless.uri.edu"}, "version": 4, "at": 1712108461.698772}
{"obj": {"type": "AssignString", "path": ["monitoring", "38481bb5", "pid"], "value": "55672"}, "version": 5, "at": 1712108461.6988878}
{"obj": {"type": "AssignString", "path": ["monitoring", "38481bb5", "tid"], "value": "140704701883968"}, "version": 6, "at": 1712108461.698992}
{"obj": {"type": "AssignBool", "path": ["sys", "failed"], "value": false}, "version": 7, "at": 1712108461.6990678}
{"obj": {"type": "AssignString", "path": ["pid"], "value": "P7"}, "version": 8, "at": 1712108461.708596}
{"obj": {"type": "UploadFile", "path": ["data", "feature_table"], "ext": "html", "file_path": null, "tmp_file_name": "data_feature_table-1712108462.641142-2024-04-02_21.41.02.641142.html", "clean_after_upload": false}, "version": 9, "at": 1712108462.642174}
{"obj": {"type": "AssignString", "path": ["original"], "value": "type\n0    1568\n1     142\nName: count, dtype: int64"}, "version": 10, "at": 1712108462.6430998}
{"obj": {"type": "AssignString", "path": ["train_samples_undersampled"], "value": "type\n0    142\n1    142\nName: count, dtype: int64"}, "version": 11, "at": 1712108462.643487}
{"obj": {"type": "AssignString", "path": ["test_samples_undersampled"], "value": "type\n1    29\n0    28\nName: count, dtype: int64"}, "version": 12, "at": 1712108462.643817}
{"obj": {"type": "UploadFile", "path": ["data", "test_data"], "ext": "html", "file_path": null, "tmp_file_name": "data_test_data-1712108471.733283-2024-04-02_21.41.11.733283.html", "clean_after_upload": false}, "version": 13, "at": 1712108471.733709}
{"obj": {"type": "AssignString", "path": ["cls_summary", "all_params", "memory"], "value": "None"}, "version": 14, "at": 1712108472.84906}
{"obj": {"type": "AssignString", "path": ["cls_summary", "all_params", "steps"], "value": "[('rf', RandomForestClassifier(max_depth=10, min_samples_split=5, n_estimators=300,\n                       random_state=8))]"}, "version": 15, "at": 1712108472.849909}
{"obj": {"type": "AssignBool", "path": ["cls_summary", "all_params", "verbose"], "value": false}, "version": 16, "at": 1712108472.8500721}
{"obj": {"type": "AssignString", "path": ["cls_summary", "all_params", "rf"], "value": "RandomForestClassifier(max_depth=10, min_samples_split=5, n_estimators=300,\n                       random_state=8)"}, "version": 17, "at": 1712108472.8505}
{"obj": {"type": "AssignBool", "path": ["cls_summary", "all_params", "rf__bootstrap"], "value": true}, "version": 18, "at": 1712108472.8505752}
{"obj": {"type": "AssignFloat", "path": ["cls_summary", "all_params", "rf__ccp_alpha"], "value": 0.0}, "version": 19, "at": 1712108472.850642}
{"obj": {"type": "AssignString", "path": ["cls_summary", "all_params", "rf__class_weight"], "value": "None"}, "version": 20, "at": 1712108472.850868}
{"obj": {"type": "AssignString", "path": ["cls_summary", "all_params", "rf__criterion"], "value": "gini"}, "version": 21, "at": 1712108472.851142}
{"obj": {"type": "AssignInt", "path": ["cls_summary", "all_params", "rf__max_depth"], "value": 10}, "version": 22, "at": 1712108472.8513348}
{"obj": {"type": "AssignString", "path": ["cls_summary", "all_params", "rf__max_features"], "value": "sqrt"}, "version": 23, "at": 1712108472.851469}
{"obj": {"type": "AssignString", "path": ["cls_summary", "all_params", "rf__max_leaf_nodes"], "value": "None"}, "version": 24, "at": 1712108472.851601}
{"obj": {"type": "AssignString", "path": ["cls_summary", "all_params", "rf__max_samples"], "value": "None"}, "version": 25, "at": 1712108472.851666}
{"obj": {"type": "AssignFloat", "path": ["cls_summary", "all_params", "rf__min_impurity_decrease"], "value": 0.0}, "version": 26, "at": 1712108472.851756}
{"obj": {"type": "AssignInt", "path": ["cls_summary", "all_params", "rf__min_samples_leaf"], "value": 1}, "version": 27, "at": 1712108472.851815}
{"obj": {"type": "AssignInt", "path": ["cls_summary", "all_params", "rf__min_samples_split"], "value": 5}, "version": 28, "at": 1712108472.852003}
{"obj": {"type": "AssignFloat", "path": ["cls_summary", "all_params", "rf__min_weight_fraction_leaf"], "value": 0.0}, "version": 29, "at": 1712108472.8521442}
{"obj": {"type": "AssignInt", "path": ["cls_summary", "all_params", "rf__n_estimators"], "value": 300}, "version": 30, "at": 1712108472.852231}
{"obj": {"type": "AssignString", "path": ["cls_summary", "all_params", "rf__n_jobs"], "value": "None"}, "version": 31, "at": 1712108472.852298}
{"obj": {"type": "AssignBool", "path": ["cls_summary", "all_params", "rf__oob_score"], "value": false}, "version": 32, "at": 1712108472.8523579}
{"obj": {"type": "AssignInt", "path": ["cls_summary", "all_params", "rf__random_state"], "value": 8}, "version": 33, "at": 1712108472.852413}
{"obj": {"type": "AssignInt", "path": ["cls_summary", "all_params", "rf__verbose"], "value": 0}, "version": 34, "at": 1712108472.8524642}
{"obj": {"type": "AssignBool", "path": ["cls_summary", "all_params", "rf__warm_start"], "value": false}, "version": 35, "at": 1712108472.8525171}
{"obj": {"type": "UploadFile", "path": ["cls_summary", "pickled_model"], "ext": "pkl", "file_path": null, "tmp_file_name": "cls_summary_pickled_model-1712108472.852579-2024-04-02_21.41.12.852579.pkl", "clean_after_upload": false}, "version": 36, "at": 1712108472.855475}
{"obj": {"type": "UploadFile", "path": ["cls_summary", "test", "preds"], "ext": "html", "file_path": null, "tmp_file_name": "cls_summary_test_preds-1712108472.85573-2024-04-02_21.41.12.855730.html", "clean_after_upload": false}, "version": 37, "at": 1712108472.856172}
{"obj": {"type": "UploadFile", "path": ["cls_summary", "test", "preds_proba"], "ext": "html", "file_path": null, "tmp_file_name": "cls_summary_test_preds_proba-1712108472.856334-2024-04-02_21.41.12.856334.html", "clean_after_upload": false}, "version": 38, "at": 1712108472.8566358}
{"obj": {"type": "AssignFloat", "path": ["cls_summary", "test", "scores", "class_0", "precision"], "value": 0.8387096774193549}, "version": 39, "at": 1712108472.856817}
{"obj": {"type": "AssignFloat", "path": ["cls_summary", "test", "scores", "class_0", "recall"], "value": 0.9285714285714286}, "version": 40, "at": 1712108472.856885}
{"obj": {"type": "AssignFloat", "path": ["cls_summary", "test", "scores", "class_0", "fbeta_score"], "value": 0.8813559322033899}, "version": 41, "at": 1712108472.85694}
{"obj": {"type": "AssignFloat", "path": ["cls_summary", "test", "scores", "class_0", "support"], "value": 28.0}, "version": 42, "at": 1712108472.856998}
{"obj": {"type": "AssignFloat", "path": ["cls_summary", "test", "scores", "class_1", "precision"], "value": 0.9230769230769231}, "version": 43, "at": 1712108472.8570812}
{"obj": {"type": "AssignFloat", "path": ["cls_summary", "test", "scores", "class_1", "recall"], "value": 0.8275862068965517}, "version": 44, "at": 1712108472.857138}
{"obj": {"type": "AssignFloat", "path": ["cls_summary", "test", "scores", "class_1", "fbeta_score"], "value": 0.8727272727272727}, "version": 45, "at": 1712108472.857192}
{"obj": {"type": "AssignFloat", "path": ["cls_summary", "test", "scores", "class_1", "support"], "value": 29.0}, "version": 46, "at": 1712108472.8572469}
{"obj": {"type": "UploadFile", "path": ["cls_summary", "diagnostics_charts", "classification_report"], "ext": "png", "file_path": null, "tmp_file_name": "cls_summary_diagnostics_charts_classification_report-1712108472.85733-2024-04-02_21.41.12.857330.png", "clean_after_upload": false}, "version": 47, "at": 1712108472.8575401}
{"obj": {"type": "UploadFile", "path": ["cls_summary", "diagnostics_charts", "confusion_matrix"], "ext": "png", "file_path": null, "tmp_file_name": "cls_summary_diagnostics_charts_confusion_matrix-1712108472.857611-2024-04-02_21.41.12.857611.png", "clean_after_upload": false}, "version": 48, "at": 1712108472.857794}
{"obj": {"type": "UploadFile", "path": ["cls_summary", "diagnostics_charts", "ROC_AUC"], "ext": "png", "file_path": null, "tmp_file_name": "cls_summary_diagnostics_charts_ROC_AUC-1712108472.857863-2024-04-02_21.41.12.857863.png", "clean_after_upload": false}, "version": 49, "at": 1712108472.8580759}
{"obj": {"type": "UploadFile", "path": ["cls_summary", "diagnostics_charts", "precision_recall"], "ext": "png", "file_path": null, "tmp_file_name": "cls_summary_diagnostics_charts_precision_recall-1712108472.858147-2024-04-02_21.41.12.858147.png", "clean_after_upload": false}, "version": 50, "at": 1712108472.858451}
{"obj": {"type": "UploadFile", "path": ["cls_summary", "diagnostics_charts", "class_prediction_error"], "ext": "png", "file_path": null, "tmp_file_name": "cls_summary_diagnostics_charts_class_prediction_error-1712108472.858528-2024-04-02_21.41.12.858528.png", "clean_after_upload": false}, "version": 51, "at": 1712108472.8587189}
{"obj": {"type": "AssignString", "path": ["cls_summary", "integration", "about", "neptune-sklearn"], "value": "2.1.0"}, "version": 52, "at": 1712108472.858825}
{"obj": {"type": "AssignInt", "path": ["params", "rf__max_depth"], "value": 10}, "version": 53, "at": 1712108472.858944}
{"obj": {"type": "AssignInt", "path": ["params", "rf__min_samples_split"], "value": 5}, "version": 54, "at": 1712108472.859025}
{"obj": {"type": "AssignInt", "path": ["params", "rf__n_estimators"], "value": 300}, "version": 55, "at": 1712108472.859078}
{"obj": {"type": "UploadFile", "path": ["data", "feature_importance"], "ext": "html", "file_path": null, "tmp_file_name": "data_feature_importance-1712108506.807038-2024-04-02_21.41.46.807038.html", "clean_after_upload": false}, "version": 56, "at": 1712108506.80741}
{"obj": {"type": "UploadFile", "path": ["feature_importance"], "ext": "png", "file_path": "/Users/shehjarsadhu/Desktop/UniversityOfRhodeIsland/Graduate/WBL/Project_Q2Behave/GitQ2Bheave/q2behave_data_analysis/jupyternotebooks/ML_Toolbox/feature_importance.png", "tmp_file_name": null, "clean_after_upload": false}, "version": 57, "at": 1712108506.908455}
{"obj": {"type": "UploadFile", "path": ["roc_curve"], "ext": "png", "file_path": "/Users/shehjarsadhu/Desktop/UniversityOfRhodeIsland/Graduate/WBL/Project_Q2Behave/GitQ2Bheave/q2behave_data_analysis/jupyternotebooks/ML_Toolbox/roc_curve_class.png", "tmp_file_name": null, "clean_after_upload": false}, "version": 58, "at": 1712108507.0617652}
{"obj": {"type": "AssignFloat", "path": ["precision"], "value": 0.8816333638065388}, "version": 59, "at": 1712108507.375992}
{"obj": {"type": "AssignFloat", "path": ["recall"], "value": 0.8771929824561403}, "version": 60, "at": 1712108507.376543}
{"obj": {"type": "AssignFloat", "path": ["f1_score"], "value": 0.8769659124699267}, "version": 61, "at": 1712108507.376649}
{"obj": {"type": "AssignFloat", "path": ["mean_train_accuracy"], "value": 1.0}, "version": 62, "at": 1712108507.376735}
{"obj": {"type": "AssignFloat", "path": ["mean_test_accuracy"], "value": 0.5668533034714446}, "version": 63, "at": 1712108507.376811}
{"obj": {"type": "AssignFloat", "path": ["mean_sensitivity"], "value": 0.5775709219858157}, "version": 64, "at": 1712108507.376884}
