{"obj": {"type": "AssignString", "path": ["sys", "name"], "value": "2-Foldtest_size_0.1_RF"}, "version": 1, "at": 1711913872.993953}
{"obj": {"type": "AssignString", "path": ["sys", "description"], "value": ""}, "version": 2, "at": 1711913872.994453}
{"obj": {"type": "AssignString", "path": ["monitoring", "58564477", "hostname"], "value": "156.4.20.172.s.wireless.uri.edu"}, "version": 3, "at": 1711913872.9946828}
{"obj": {"type": "AssignString", "path": ["sys", "hostname"], "value": "156.4.20.172.s.wireless.uri.edu"}, "version": 4, "at": 1711913872.994863}
{"obj": {"type": "AssignString", "path": ["monitoring", "58564477", "pid"], "value": "69156"}, "version": 5, "at": 1711913872.995036}
{"obj": {"type": "AssignString", "path": ["monitoring", "58564477", "tid"], "value": "140704736732736"}, "version": 6, "at": 1711913872.995202}
{"obj": {"type": "AssignBool", "path": ["sys", "failed"], "value": false}, "version": 7, "at": 1711913872.99532}
{"obj": {"type": "UploadFile", "path": ["data", "feature_table"], "ext": "html", "file_path": null, "tmp_file_name": "data_feature_table-1711913884.713229-2024-03-31_15.38.04.713229.html", "clean_after_upload": false}, "version": 8, "at": 1711913884.739156}
{"obj": {"type": "UploadFile", "path": ["data", "test_data"], "ext": "html", "file_path": null, "tmp_file_name": "data_test_data-1711913904.515389-2024-03-31_15.38.24.515389.html", "clean_after_upload": false}, "version": 9, "at": 1711913904.515858}
{"obj": {"type": "AssignString", "path": ["cls_summary", "all_params", "memory"], "value": "None"}, "version": 10, "at": 1711913905.4278011}
{"obj": {"type": "AssignString", "path": ["cls_summary", "all_params", "steps"], "value": "[('rf', RandomForestClassifier(n_estimators=300, random_state=8))]"}, "version": 11, "at": 1711913905.4281988}
{"obj": {"type": "AssignBool", "path": ["cls_summary", "all_params", "verbose"], "value": false}, "version": 12, "at": 1711913905.42828}
{"obj": {"type": "AssignString", "path": ["cls_summary", "all_params", "rf"], "value": "RandomForestClassifier(n_estimators=300, random_state=8)"}, "version": 13, "at": 1711913905.428488}
{"obj": {"type": "AssignBool", "path": ["cls_summary", "all_params", "rf__bootstrap"], "value": true}, "version": 14, "at": 1711913905.42855}
{"obj": {"type": "AssignFloat", "path": ["cls_summary", "all_params", "rf__ccp_alpha"], "value": 0.0}, "version": 15, "at": 1711913905.4286091}
{"obj": {"type": "AssignString", "path": ["cls_summary", "all_params", "rf__class_weight"], "value": "None"}, "version": 16, "at": 1711913905.428685}
{"obj": {"type": "AssignString", "path": ["cls_summary", "all_params", "rf__criterion"], "value": "gini"}, "version": 17, "at": 1711913905.42874}
{"obj": {"type": "AssignString", "path": ["cls_summary", "all_params", "rf__max_depth"], "value": "None"}, "version": 18, "at": 1711913905.4287949}
{"obj": {"type": "AssignString", "path": ["cls_summary", "all_params", "rf__max_features"], "value": "sqrt"}, "version": 19, "at": 1711913905.4288461}
{"obj": {"type": "AssignString", "path": ["cls_summary", "all_params", "rf__max_leaf_nodes"], "value": "None"}, "version": 20, "at": 1711913905.428905}
{"obj": {"type": "AssignString", "path": ["cls_summary", "all_params", "rf__max_samples"], "value": "None"}, "version": 21, "at": 1711913905.4290009}
{"obj": {"type": "AssignFloat", "path": ["cls_summary", "all_params", "rf__min_impurity_decrease"], "value": 0.0}, "version": 22, "at": 1711913905.4290931}
{"obj": {"type": "AssignInt", "path": ["cls_summary", "all_params", "rf__min_samples_leaf"], "value": 1}, "version": 23, "at": 1711913905.429213}
{"obj": {"type": "AssignInt", "path": ["cls_summary", "all_params", "rf__min_samples_split"], "value": 2}, "version": 24, "at": 1711913905.429261}
{"obj": {"type": "AssignFloat", "path": ["cls_summary", "all_params", "rf__min_weight_fraction_leaf"], "value": 0.0}, "version": 25, "at": 1711913905.429309}
{"obj": {"type": "AssignInt", "path": ["cls_summary", "all_params", "rf__n_estimators"], "value": 300}, "version": 26, "at": 1711913905.429358}
{"obj": {"type": "AssignString", "path": ["cls_summary", "all_params", "rf__n_jobs"], "value": "None"}, "version": 27, "at": 1711913905.4294121}
{"obj": {"type": "AssignBool", "path": ["cls_summary", "all_params", "rf__oob_score"], "value": false}, "version": 28, "at": 1711913905.429461}
{"obj": {"type": "AssignInt", "path": ["cls_summary", "all_params", "rf__random_state"], "value": 8}, "version": 29, "at": 1711913905.4295082}
{"obj": {"type": "AssignInt", "path": ["cls_summary", "all_params", "rf__verbose"], "value": 0}, "version": 30, "at": 1711913905.429556}
{"obj": {"type": "AssignBool", "path": ["cls_summary", "all_params", "rf__warm_start"], "value": false}, "version": 31, "at": 1711913905.429604}
{"obj": {"type": "UploadFile", "path": ["cls_summary", "pickled_model"], "ext": "pkl", "file_path": null, "tmp_file_name": "cls_summary_pickled_model-1711913905.429657-2024-03-31_15.38.25.429657.pkl", "clean_after_upload": false}, "version": 32, "at": 1711913905.4414852}
{"obj": {"type": "UploadFile", "path": ["cls_summary", "test", "preds"], "ext": "html", "file_path": null, "tmp_file_name": "cls_summary_test_preds-1711913905.441714-2024-03-31_15.38.25.441714.html", "clean_after_upload": false}, "version": 33, "at": 1711913905.442071}
{"obj": {"type": "UploadFile", "path": ["cls_summary", "test", "preds_proba"], "ext": "html", "file_path": null, "tmp_file_name": "cls_summary_test_preds_proba-1711913905.442232-2024-03-31_15.38.25.442232.html", "clean_after_upload": false}, "version": 34, "at": 1711913905.44259}
{"obj": {"type": "AssignFloat", "path": ["cls_summary", "test", "scores", "class_0", "precision"], "value": 0.5172413793103449}, "version": 35, "at": 1711913905.4428391}
{"obj": {"type": "AssignFloat", "path": ["cls_summary", "test", "scores", "class_0", "recall"], "value": 0.967741935483871}, "version": 36, "at": 1711913905.442899}
{"obj": {"type": "AssignFloat", "path": ["cls_summary", "test", "scores", "class_0", "fbeta_score"], "value": 0.6741573033707866}, "version": 37, "at": 1711913905.442951}
{"obj": {"type": "AssignFloat", "path": ["cls_summary", "test", "scores", "class_0", "support"], "value": 155.0}, "version": 38, "at": 1711913905.443042}
{"obj": {"type": "AssignFloat", "path": ["cls_summary", "test", "scores", "class_1", "precision"], "value": 0.7368421052631579}, "version": 39, "at": 1711913905.443152}
{"obj": {"type": "AssignFloat", "path": ["cls_summary", "test", "scores", "class_1", "recall"], "value": 0.09090909090909091}, "version": 40, "at": 1711913905.443203}
{"obj": {"type": "AssignFloat", "path": ["cls_summary", "test", "scores", "class_1", "fbeta_score"], "value": 0.16184971098265896}, "version": 41, "at": 1711913905.443252}
{"obj": {"type": "AssignFloat", "path": ["cls_summary", "test", "scores", "class_1", "support"], "value": 154.0}, "version": 42, "at": 1711913905.4433012}
{"obj": {"type": "UploadFile", "path": ["cls_summary", "diagnostics_charts", "classification_report"], "ext": "png", "file_path": null, "tmp_file_name": "cls_summary_diagnostics_charts_classification_report-1711913905.443421-2024-03-31_15.38.25.443421.png", "clean_after_upload": false}, "version": 43, "at": 1711913905.443706}
{"obj": {"type": "UploadFile", "path": ["cls_summary", "diagnostics_charts", "confusion_matrix"], "ext": "png", "file_path": null, "tmp_file_name": "cls_summary_diagnostics_charts_confusion_matrix-1711913905.443768-2024-03-31_15.38.25.443768.png", "clean_after_upload": false}, "version": 44, "at": 1711913905.444001}
{"obj": {"type": "UploadFile", "path": ["cls_summary", "diagnostics_charts", "ROC_AUC"], "ext": "png", "file_path": null, "tmp_file_name": "cls_summary_diagnostics_charts_ROC_AUC-1711913905.444063-2024-03-31_15.38.25.444063.png", "clean_after_upload": false}, "version": 45, "at": 1711913905.444305}
{"obj": {"type": "UploadFile", "path": ["cls_summary", "diagnostics_charts", "precision_recall"], "ext": "png", "file_path": null, "tmp_file_name": "cls_summary_diagnostics_charts_precision_recall-1711913905.444456-2024-03-31_15.38.25.444456.png", "clean_after_upload": false}, "version": 46, "at": 1711913905.4447}
{"obj": {"type": "UploadFile", "path": ["cls_summary", "diagnostics_charts", "class_prediction_error"], "ext": "png", "file_path": null, "tmp_file_name": "cls_summary_diagnostics_charts_class_prediction_error-1711913905.444763-2024-03-31_15.38.25.444763.png", "clean_after_upload": false}, "version": 47, "at": 1711913905.4450161}
{"obj": {"type": "AssignString", "path": ["cls_summary", "integration", "about", "neptune-sklearn"], "value": "2.1.0"}, "version": 48, "at": 1711913905.4451}
{"obj": {"type": "AssignInt", "path": ["params", "rf__min_samples_split"], "value": 2}, "version": 49, "at": 1711913905.446639}
{"obj": {"type": "AssignInt", "path": ["params", "rf__n_estimators"], "value": 300}, "version": 50, "at": 1711913905.4467359}
{"obj": {"type": "UploadFile", "path": ["feature_importance"], "ext": "png", "file_path": "/Users/shehjarsadhu/Desktop/UniversityOfRhodeIsland/Graduate/WBL/Project_Q2Behave/GitQ2Bheave/q2behave_data_analysis/jupyternotebooks/ML_Toolbox/feature_importance.png", "tmp_file_name": null, "clean_after_upload": false}, "version": 51, "at": 1711914017.86973}
{"obj": {"type": "UploadFile", "path": ["roc_curve"], "ext": "png", "file_path": "/Users/shehjarsadhu/Desktop/UniversityOfRhodeIsland/Graduate/WBL/Project_Q2Behave/GitQ2Bheave/q2behave_data_analysis/jupyternotebooks/ML_Toolbox/roc_curve_class.png", "tmp_file_name": null, "clean_after_upload": false}, "version": 52, "at": 1711914017.977081}
{"obj": {"type": "AssignFloat", "path": ["precision"], "value": 0.6266864013062453}, "version": 53, "at": 1711914018.349931}
{"obj": {"type": "AssignFloat", "path": ["recall"], "value": 0.5307443365695793}, "version": 54, "at": 1711914018.350374}
{"obj": {"type": "AssignFloat", "path": ["f1_score"], "value": 0.418832483863435}, "version": 55, "at": 1711914018.350475}
{"obj": {"type": "AssignFloat", "path": ["mean_train_accuracy"], "value": 0.9960335666896589}, "version": 56, "at": 1711914018.350558}
{"obj": {"type": "AssignFloat", "path": ["mean_test_accuracy"], "value": 0.5777108816041765}, "version": 57, "at": 1711914018.350635}
{"obj": {"type": "AssignFloat", "path": ["mean_sensitivity"], "value": 0.5529876783479089}, "version": 58, "at": 1711914018.350709}
