{"obj": {"type": "AssignString", "path": ["sys", "name"], "value": "3-Foldtest_size_0.2_RF"}, "version": 1, "at": 1712702305.436845}
{"obj": {"type": "AssignString", "path": ["sys", "description"], "value": ""}, "version": 2, "at": 1712702305.437193}
{"obj": {"type": "AssignString", "path": ["monitoring", "b1279506", "hostname"], "value": "156.4.20.172.s.wireless.uri.edu"}, "version": 3, "at": 1712702305.43739}
{"obj": {"type": "AssignString", "path": ["sys", "hostname"], "value": "156.4.20.172.s.wireless.uri.edu"}, "version": 4, "at": 1712702305.4375339}
{"obj": {"type": "AssignString", "path": ["monitoring", "b1279506", "pid"], "value": "65268"}, "version": 5, "at": 1712702305.4376588}
{"obj": {"type": "AssignString", "path": ["monitoring", "b1279506", "tid"], "value": "140704351295040"}, "version": 6, "at": 1712702305.4377751}
{"obj": {"type": "AssignBool", "path": ["sys", "failed"], "value": false}, "version": 7, "at": 1712702305.4378638}
{"obj": {"type": "AssignString", "path": ["pid"], "value": "None"}, "version": 8, "at": 1712702305.4475799}
{"obj": {"type": "UploadFile", "path": ["data", "feature_table"], "ext": "html", "file_path": null, "tmp_file_name": "data_feature_table-1712702314.229925-2024-04-09_18.38.34.229925.html", "clean_after_upload": false}, "version": 9, "at": 1712702314.237833}
{"obj": {"type": "AssignString", "path": ["original"], "value": "type\n0    6004\n1     884\nName: count, dtype: int64"}, "version": 10, "at": 1712702314.2408}
{"obj": {"type": "AssignString", "path": ["train_samples_undersampled"], "value": "type\n0    884\n1    884\nName: count, dtype: int64"}, "version": 11, "at": 1712702314.242222}
{"obj": {"type": "AssignString", "path": ["test_samples_undersampled"], "value": "type\n0    177\n1    177\nName: count, dtype: int64"}, "version": 12, "at": 1712702314.2435122}
{"obj": {"type": "AssignString", "path": ["tag"], "value": "Rus"}, "version": 13, "at": 1712702314.243835}
{"obj": {"type": "UploadFile", "path": ["data", "test_data"], "ext": "html", "file_path": null, "tmp_file_name": "data_test_data-1712702377.188499-2024-04-09_18.39.37.188499.html", "clean_after_upload": false}, "version": 14, "at": 1712702377.189404}
{"obj": {"type": "AssignString", "path": ["cls_summary", "all_params", "memory"], "value": "None"}, "version": 15, "at": 1712702379.942354}
{"obj": {"type": "AssignString", "path": ["cls_summary", "all_params", "steps"], "value": "[('rf', RandomForestClassifier(max_depth=10, min_samples_split=10, n_estimators=300,\n                       random_state=8))]"}, "version": 16, "at": 1712702379.94387}
{"obj": {"type": "AssignBool", "path": ["cls_summary", "all_params", "verbose"], "value": false}, "version": 17, "at": 1712702379.944215}
{"obj": {"type": "AssignString", "path": ["cls_summary", "all_params", "rf"], "value": "RandomForestClassifier(max_depth=10, min_samples_split=10, n_estimators=300,\n                       random_state=8)"}, "version": 18, "at": 1712702379.9455218}
{"obj": {"type": "AssignBool", "path": ["cls_summary", "all_params", "rf__bootstrap"], "value": true}, "version": 19, "at": 1712702379.945824}
{"obj": {"type": "AssignFloat", "path": ["cls_summary", "all_params", "rf__ccp_alpha"], "value": 0.0}, "version": 20, "at": 1712702379.946018}
{"obj": {"type": "AssignString", "path": ["cls_summary", "all_params", "rf__class_weight"], "value": "None"}, "version": 21, "at": 1712702379.946214}
{"obj": {"type": "AssignString", "path": ["cls_summary", "all_params", "rf__criterion"], "value": "gini"}, "version": 22, "at": 1712702379.9463859}
{"obj": {"type": "AssignInt", "path": ["cls_summary", "all_params", "rf__max_depth"], "value": 10}, "version": 23, "at": 1712702379.9465358}
{"obj": {"type": "AssignString", "path": ["cls_summary", "all_params", "rf__max_features"], "value": "sqrt"}, "version": 24, "at": 1712702379.9466932}
{"obj": {"type": "AssignString", "path": ["cls_summary", "all_params", "rf__max_leaf_nodes"], "value": "None"}, "version": 25, "at": 1712702379.946868}
{"obj": {"type": "AssignString", "path": ["cls_summary", "all_params", "rf__max_samples"], "value": "None"}, "version": 26, "at": 1712702379.94704}
{"obj": {"type": "AssignFloat", "path": ["cls_summary", "all_params", "rf__min_impurity_decrease"], "value": 0.0}, "version": 27, "at": 1712702379.947198}
{"obj": {"type": "AssignInt", "path": ["cls_summary", "all_params", "rf__min_samples_leaf"], "value": 1}, "version": 28, "at": 1712702379.94734}
{"obj": {"type": "AssignInt", "path": ["cls_summary", "all_params", "rf__min_samples_split"], "value": 10}, "version": 29, "at": 1712702379.947475}
{"obj": {"type": "AssignFloat", "path": ["cls_summary", "all_params", "rf__min_weight_fraction_leaf"], "value": 0.0}, "version": 30, "at": 1712702379.9476118}
{"obj": {"type": "AssignInt", "path": ["cls_summary", "all_params", "rf__n_estimators"], "value": 300}, "version": 31, "at": 1712702379.947753}
{"obj": {"type": "AssignString", "path": ["cls_summary", "all_params", "rf__n_jobs"], "value": "None"}, "version": 32, "at": 1712702379.947922}
{"obj": {"type": "AssignBool", "path": ["cls_summary", "all_params", "rf__oob_score"], "value": false}, "version": 33, "at": 1712702379.948062}
{"obj": {"type": "AssignInt", "path": ["cls_summary", "all_params", "rf__random_state"], "value": 8}, "version": 34, "at": 1712702379.9481769}
{"obj": {"type": "AssignInt", "path": ["cls_summary", "all_params", "rf__verbose"], "value": 0}, "version": 35, "at": 1712702379.948292}
{"obj": {"type": "AssignBool", "path": ["cls_summary", "all_params", "rf__warm_start"], "value": false}, "version": 36, "at": 1712702379.948413}
{"obj": {"type": "UploadFile", "path": ["cls_summary", "pickled_model"], "ext": "pkl", "file_path": null, "tmp_file_name": "cls_summary_pickled_model-1712702379.948542-2024-04-09_18.39.39.948542.pkl", "clean_after_upload": false}, "version": 37, "at": 1712702379.954064}
{"obj": {"type": "UploadFile", "path": ["cls_summary", "test", "preds"], "ext": "html", "file_path": null, "tmp_file_name": "cls_summary_test_preds-1712702379.962608-2024-04-09_18.39.39.962608.html", "clean_after_upload": false}, "version": 38, "at": 1712702379.963381}
{"obj": {"type": "UploadFile", "path": ["cls_summary", "test", "preds_proba"], "ext": "html", "file_path": null, "tmp_file_name": "cls_summary_test_preds_proba-1712702379.963647-2024-04-09_18.39.39.963647.html", "clean_after_upload": false}, "version": 39, "at": 1712702379.96426}
{"obj": {"type": "AssignFloat", "path": ["cls_summary", "test", "scores", "class_0", "precision"], "value": 0.6277372262773723}, "version": 40, "at": 1712702379.964635}
{"obj": {"type": "AssignFloat", "path": ["cls_summary", "test", "scores", "class_0", "recall"], "value": 0.4858757062146893}, "version": 41, "at": 1712702379.964811}
{"obj": {"type": "AssignFloat", "path": ["cls_summary", "test", "scores", "class_0", "fbeta_score"], "value": 0.5477707006369427}, "version": 42, "at": 1712702379.964939}
{"obj": {"type": "AssignFloat", "path": ["cls_summary", "test", "scores", "class_0", "support"], "value": 177.0}, "version": 43, "at": 1712702379.9651551}
{"obj": {"type": "AssignFloat", "path": ["cls_summary", "test", "scores", "class_1", "precision"], "value": 0.5806451612903226}, "version": 44, "at": 1712702379.9654021}
{"obj": {"type": "AssignFloat", "path": ["cls_summary", "test", "scores", "class_1", "recall"], "value": 0.711864406779661}, "version": 45, "at": 1712702379.965549}
{"obj": {"type": "AssignFloat", "path": ["cls_summary", "test", "scores", "class_1", "fbeta_score"], "value": 0.6395939086294417}, "version": 46, "at": 1712702379.965663}
{"obj": {"type": "AssignFloat", "path": ["cls_summary", "test", "scores", "class_1", "support"], "value": 177.0}, "version": 47, "at": 1712702379.965773}
{"obj": {"type": "UploadFile", "path": ["cls_summary", "diagnostics_charts", "classification_report"], "ext": "png", "file_path": null, "tmp_file_name": "cls_summary_diagnostics_charts_classification_report-1712702379.965981-2024-04-09_18.39.39.965981.png", "clean_after_upload": false}, "version": 48, "at": 1712702379.9665658}
{"obj": {"type": "UploadFile", "path": ["cls_summary", "diagnostics_charts", "confusion_matrix"], "ext": "png", "file_path": null, "tmp_file_name": "cls_summary_diagnostics_charts_confusion_matrix-1712702379.966817-2024-04-09_18.39.39.966817.png", "clean_after_upload": false}, "version": 49, "at": 1712702379.9673522}
{"obj": {"type": "UploadFile", "path": ["cls_summary", "diagnostics_charts", "ROC_AUC"], "ext": "png", "file_path": null, "tmp_file_name": "cls_summary_diagnostics_charts_ROC_AUC-1712702379.967572-2024-04-09_18.39.39.967572.png", "clean_after_upload": false}, "version": 50, "at": 1712702379.9681668}
{"obj": {"type": "UploadFile", "path": ["cls_summary", "diagnostics_charts", "precision_recall"], "ext": "png", "file_path": null, "tmp_file_name": "cls_summary_diagnostics_charts_precision_recall-1712702379.968388-2024-04-09_18.39.39.968388.png", "clean_after_upload": false}, "version": 51, "at": 1712702379.9689522}
{"obj": {"type": "UploadFile", "path": ["cls_summary", "diagnostics_charts", "class_prediction_error"], "ext": "png", "file_path": null, "tmp_file_name": "cls_summary_diagnostics_charts_class_prediction_error-1712702379.969171-2024-04-09_18.39.39.969171.png", "clean_after_upload": false}, "version": 52, "at": 1712702379.9697092}
{"obj": {"type": "AssignString", "path": ["cls_summary", "integration", "about", "neptune-sklearn"], "value": "2.1.0"}, "version": 53, "at": 1712702379.969986}
{"obj": {"type": "AssignInt", "path": ["params", "rf__max_depth"], "value": 10}, "version": 54, "at": 1712702379.971134}
{"obj": {"type": "AssignInt", "path": ["params", "rf__min_samples_split"], "value": 10}, "version": 55, "at": 1712702379.971361}
{"obj": {"type": "AssignInt", "path": ["params", "rf__n_estimators"], "value": 300}, "version": 56, "at": 1712702379.971509}
{"obj": {"type": "UploadFile", "path": ["data", "feature_importance"], "ext": "html", "file_path": null, "tmp_file_name": "data_feature_importance-1712702548.586488-2024-04-09_18.42.28.586488.html", "clean_after_upload": false}, "version": 57, "at": 1712702548.5873}
{"obj": {"type": "UploadFile", "path": ["feature_importance"], "ext": "png", "file_path": "/Users/shehjarsadhu/Desktop/UniversityOfRhodeIsland/Graduate/WBL/Project_Q2Behave/GitQ2Bheave/q2behave_data_analysis/jupyternotebooks/ML_Toolbox/feature_importance.png", "tmp_file_name": null, "clean_after_upload": false}, "version": 58, "at": 1712702548.832767}
{"obj": {"type": "UploadFile", "path": ["roc_curve"], "ext": "png", "file_path": "/Users/shehjarsadhu/Desktop/UniversityOfRhodeIsland/Graduate/WBL/Project_Q2Behave/GitQ2Bheave/q2behave_data_analysis/jupyternotebooks/ML_Toolbox/roc_curve_class.png", "tmp_file_name": null, "clean_after_upload": false}, "version": 59, "at": 1712702549.1636438}
{"obj": {"type": "AssignFloat", "path": ["precision"], "value": 0.6041911937838474}, "version": 60, "at": 1712702549.819662}
{"obj": {"type": "AssignFloat", "path": ["recall"], "value": 0.5988700564971752}, "version": 61, "at": 1712702549.82034}
{"obj": {"type": "AssignFloat", "path": ["f1_score"], "value": 0.5936823046331922}, "version": 62, "at": 1712702549.8206122}
{"obj": {"type": "AssignFloat", "path": ["mean_train_accuracy"], "value": 0.9943438104961713}, "version": 63, "at": 1712702549.820829}
{"obj": {"type": "AssignFloat", "path": ["mean_test_accuracy"], "value": 0.5707077973775334}, "version": 64, "at": 1712702549.821033}
{"obj": {"type": "AssignFloat", "path": ["mean_sensitivity"], "value": 0.5769245551327876}, "version": 65, "at": 1712702549.821204}
