{"obj": {"type": "AssignString", "path": ["sys", "name"], "value": "3-Foldtest_size_0.2_RF"}, "version": 1, "at": 1709310589.062679}
{"obj": {"type": "AssignString", "path": ["sys", "description"], "value": ""}, "version": 2, "at": 1709310589.063138}
{"obj": {"type": "AssignString", "path": ["monitoring", "b8543b68", "hostname"], "value": "156.4.20.172.s.wireless.uri.edu"}, "version": 3, "at": 1709310589.063405}
{"obj": {"type": "AssignString", "path": ["sys", "hostname"], "value": "156.4.20.172.s.wireless.uri.edu"}, "version": 4, "at": 1709310589.063793}
{"obj": {"type": "AssignString", "path": ["monitoring", "b8543b68", "pid"], "value": "6191"}, "version": 5, "at": 1709310589.064053}
{"obj": {"type": "AssignString", "path": ["monitoring", "b8543b68", "tid"], "value": "140704505513536"}, "version": 6, "at": 1709310589.0642428}
{"obj": {"type": "AssignBool", "path": ["sys", "failed"], "value": false}, "version": 7, "at": 1709310589.0643818}
{"obj": {"type": "UploadFile", "path": ["data", "feature_table"], "ext": "html", "file_path": null, "tmp_file_name": "data_feature_table-1709310589.14347-2024-03-01_11.29.49.143470.html", "clean_after_upload": false}, "version": 8, "at": 1709310589.1439831}
{"obj": {"type": "UploadFile", "path": ["data", "test_data"], "ext": "html", "file_path": null, "tmp_file_name": "data_test_data-1709310599.201591-2024-03-01_11.29.59.201591.html", "clean_after_upload": false}, "version": 9, "at": 1709310599.202025}
{"obj": {"type": "AssignString", "path": ["cls_summary", "all_params", "memory"], "value": "None"}, "version": 10, "at": 1709310599.9646668}
{"obj": {"type": "AssignString", "path": ["cls_summary", "all_params", "steps"], "value": "[('rf', RandomForestClassifier(min_samples_split=10, random_state=8))]"}, "version": 11, "at": 1709310599.965108}
{"obj": {"type": "AssignBool", "path": ["cls_summary", "all_params", "verbose"], "value": false}, "version": 12, "at": 1709310599.965203}
{"obj": {"type": "AssignString", "path": ["cls_summary", "all_params", "rf"], "value": "RandomForestClassifier(min_samples_split=10, random_state=8)"}, "version": 13, "at": 1709310599.965447}
{"obj": {"type": "AssignBool", "path": ["cls_summary", "all_params", "rf__bootstrap"], "value": true}, "version": 14, "at": 1709310599.9655209}
{"obj": {"type": "AssignFloat", "path": ["cls_summary", "all_params", "rf__ccp_alpha"], "value": 0.0}, "version": 15, "at": 1709310599.965591}
{"obj": {"type": "AssignString", "path": ["cls_summary", "all_params", "rf__class_weight"], "value": "None"}, "version": 16, "at": 1709310599.965666}
{"obj": {"type": "AssignString", "path": ["cls_summary", "all_params", "rf__criterion"], "value": "gini"}, "version": 17, "at": 1709310599.965735}
{"obj": {"type": "AssignString", "path": ["cls_summary", "all_params", "rf__max_depth"], "value": "None"}, "version": 18, "at": 1709310599.965801}
{"obj": {"type": "AssignString", "path": ["cls_summary", "all_params", "rf__max_features"], "value": "sqrt"}, "version": 19, "at": 1709310599.965863}
{"obj": {"type": "AssignString", "path": ["cls_summary", "all_params", "rf__max_leaf_nodes"], "value": "None"}, "version": 20, "at": 1709310599.965931}
{"obj": {"type": "AssignString", "path": ["cls_summary", "all_params", "rf__max_samples"], "value": "None"}, "version": 21, "at": 1709310599.965996}
{"obj": {"type": "AssignFloat", "path": ["cls_summary", "all_params", "rf__min_impurity_decrease"], "value": 0.0}, "version": 22, "at": 1709310599.966306}
{"obj": {"type": "AssignInt", "path": ["cls_summary", "all_params", "rf__min_samples_leaf"], "value": 1}, "version": 23, "at": 1709310599.966401}
{"obj": {"type": "AssignInt", "path": ["cls_summary", "all_params", "rf__min_samples_split"], "value": 10}, "version": 24, "at": 1709310599.9664671}
{"obj": {"type": "AssignFloat", "path": ["cls_summary", "all_params", "rf__min_weight_fraction_leaf"], "value": 0.0}, "version": 25, "at": 1709310599.96653}
{"obj": {"type": "AssignInt", "path": ["cls_summary", "all_params", "rf__n_estimators"], "value": 100}, "version": 26, "at": 1709310599.966589}
{"obj": {"type": "AssignString", "path": ["cls_summary", "all_params", "rf__n_jobs"], "value": "None"}, "version": 27, "at": 1709310599.966669}
{"obj": {"type": "AssignBool", "path": ["cls_summary", "all_params", "rf__oob_score"], "value": false}, "version": 28, "at": 1709310599.966738}
{"obj": {"type": "AssignInt", "path": ["cls_summary", "all_params", "rf__random_state"], "value": 8}, "version": 29, "at": 1709310599.966798}
{"obj": {"type": "AssignInt", "path": ["cls_summary", "all_params", "rf__verbose"], "value": 0}, "version": 30, "at": 1709310599.96686}
{"obj": {"type": "AssignBool", "path": ["cls_summary", "all_params", "rf__warm_start"], "value": false}, "version": 31, "at": 1709310599.966929}
{"obj": {"type": "UploadFile", "path": ["cls_summary", "pickled_model"], "ext": "pkl", "file_path": null, "tmp_file_name": "cls_summary_pickled_model-1709310599.966996-2024-03-01_11.29.59.966996.pkl", "clean_after_upload": false}, "version": 32, "at": 1709310599.9694111}
{"obj": {"type": "UploadFile", "path": ["cls_summary", "test", "preds"], "ext": "html", "file_path": null, "tmp_file_name": "cls_summary_test_preds-1709310599.969632-2024-03-01_11.29.59.969632.html", "clean_after_upload": false}, "version": 33, "at": 1709310599.969984}
{"obj": {"type": "UploadFile", "path": ["cls_summary", "test", "preds_proba"], "ext": "html", "file_path": null, "tmp_file_name": "cls_summary_test_preds_proba-1709310599.970113-2024-03-01_11.29.59.970113.html", "clean_after_upload": false}, "version": 34, "at": 1709310599.970581}
{"obj": {"type": "AssignFloat", "path": ["cls_summary", "test", "scores", "class_0", "precision"], "value": 0.7333333333333333}, "version": 35, "at": 1709310599.970792}
{"obj": {"type": "AssignFloat", "path": ["cls_summary", "test", "scores", "class_0", "recall"], "value": 0.34375}, "version": 36, "at": 1709310599.9711628}
{"obj": {"type": "AssignFloat", "path": ["cls_summary", "test", "scores", "class_0", "fbeta_score"], "value": 0.4680851063829787}, "version": 37, "at": 1709310599.971298}
{"obj": {"type": "AssignFloat", "path": ["cls_summary", "test", "scores", "class_0", "support"], "value": 32.0}, "version": 38, "at": 1709310599.971402}
{"obj": {"type": "AssignFloat", "path": ["cls_summary", "test", "scores", "class_1", "precision"], "value": 0.5714285714285714}, "version": 39, "at": 1709310599.971839}
{"obj": {"type": "AssignFloat", "path": ["cls_summary", "test", "scores", "class_1", "recall"], "value": 0.875}, "version": 40, "at": 1709310599.972158}
{"obj": {"type": "AssignFloat", "path": ["cls_summary", "test", "scores", "class_1", "fbeta_score"], "value": 0.691358024691358}, "version": 41, "at": 1709310599.9723089}
{"obj": {"type": "AssignFloat", "path": ["cls_summary", "test", "scores", "class_1", "support"], "value": 32.0}, "version": 42, "at": 1709310599.972492}
{"obj": {"type": "UploadFile", "path": ["cls_summary", "diagnostics_charts", "classification_report"], "ext": "png", "file_path": null, "tmp_file_name": "cls_summary_diagnostics_charts_classification_report-1709310599.972612-2024-03-01_11.29.59.972612.png", "clean_after_upload": false}, "version": 43, "at": 1709310599.9729831}
{"obj": {"type": "UploadFile", "path": ["cls_summary", "diagnostics_charts", "confusion_matrix"], "ext": "png", "file_path": null, "tmp_file_name": "cls_summary_diagnostics_charts_confusion_matrix-1709310599.973155-2024-03-01_11.29.59.973155.png", "clean_after_upload": false}, "version": 44, "at": 1709310599.973537}
{"obj": {"type": "UploadFile", "path": ["cls_summary", "diagnostics_charts", "ROC_AUC"], "ext": "png", "file_path": null, "tmp_file_name": "cls_summary_diagnostics_charts_ROC_AUC-1709310599.973646-2024-03-01_11.29.59.973646.png", "clean_after_upload": false}, "version": 45, "at": 1709310599.9739141}
{"obj": {"type": "UploadFile", "path": ["cls_summary", "diagnostics_charts", "precision_recall"], "ext": "png", "file_path": null, "tmp_file_name": "cls_summary_diagnostics_charts_precision_recall-1709310599.974-2024-03-01_11.29.59.974000.png", "clean_after_upload": false}, "version": 46, "at": 1709310599.9742038}
{"obj": {"type": "UploadFile", "path": ["cls_summary", "diagnostics_charts", "class_prediction_error"], "ext": "png", "file_path": null, "tmp_file_name": "cls_summary_diagnostics_charts_class_prediction_error-1709310599.97429-2024-03-01_11.29.59.974290.png", "clean_after_upload": false}, "version": 47, "at": 1709310599.974493}
{"obj": {"type": "AssignString", "path": ["cls_summary", "integration", "about", "neptune-sklearn"], "value": "2.1.0"}, "version": 48, "at": 1709310599.9745998}
{"obj": {"type": "AssignInt", "path": ["params", "rf__min_samples_split"], "value": 10}, "version": 49, "at": 1709310599.974823}
{"obj": {"type": "AssignInt", "path": ["params", "rf__n_estimators"], "value": 100}, "version": 50, "at": 1709310599.9749298}
{"obj": {"type": "UploadFile", "path": ["roc_curve"], "ext": "png", "file_path": "/Users/shehjarsadhu/Desktop/UniversityOfRhodeIsland/Graduate/WBL/Project_Q2Behave/GitQ2Bheave/q2behave_data_analysis/jupyternotebooks/roc_curve_class.png", "tmp_file_name": null, "clean_after_upload": false}, "version": 51, "at": 1709310600.557495}
{"obj": {"type": "AssignFloat", "path": ["precision"], "value": 0.6523809523809523}, "version": 52, "at": 1709310600.6843362}
{"obj": {"type": "AssignFloat", "path": ["recall"], "value": 0.609375}, "version": 53, "at": 1709310600.6847942}
{"obj": {"type": "AssignFloat", "path": ["f1_score"], "value": 0.5797215655371684}, "version": 54, "at": 1709310600.684936}
{"obj": {"type": "AssignFloat", "path": ["mean_train_accuracy"], "value": 0.9600694444444445}, "version": 55, "at": 1709310600.685023}
{"obj": {"type": "AssignFloat", "path": ["mean_test_accuracy"], "value": 0.5711805555555555}, "version": 56, "at": 1709310600.6851552}
{"obj": {"type": "AssignFloat", "path": ["mean_sensitivity"], "value": 0.5902777777777778}, "version": 57, "at": 1709310600.685236}
