{"obj": {"type": "AssignString", "path": ["sys", "name"], "value": "10-Foldtest_size_0.2"}, "version": 1, "at": 1712290928.176148}
{"obj": {"type": "AssignString", "path": ["sys", "description"], "value": ""}, "version": 2, "at": 1712290928.17681}
{"obj": {"type": "AssignString", "path": ["monitoring", "990f206c", "hostname"], "value": "156.4.20.172.s.wireless.uri.edu"}, "version": 3, "at": 1712290928.177047}
{"obj": {"type": "AssignString", "path": ["sys", "hostname"], "value": "156.4.20.172.s.wireless.uri.edu"}, "version": 4, "at": 1712290928.177223}
{"obj": {"type": "AssignString", "path": ["monitoring", "990f206c", "pid"], "value": "72506"}, "version": 5, "at": 1712290928.177402}
{"obj": {"type": "AssignString", "path": ["monitoring", "990f206c", "tid"], "value": "140704319387200"}, "version": 6, "at": 1712290928.177571}
{"obj": {"type": "AssignBool", "path": ["sys", "failed"], "value": false}, "version": 7, "at": 1712290928.177717}
{"obj": {"type": "ClearStringLog", "path": ["monitoring", "990f206c", "stdout"]}, "version": 8, "at": 1712290928.178056}
{"obj": {"type": "ClearStringLog", "path": ["monitoring", "990f206c", "stderr"]}, "version": 9, "at": 1712290928.1782222}
{"obj": {"type": "AssignString", "path": ["source_code", "entrypoint"], "value": "run_svm_model.py"}, "version": 10, "at": 1712290928.182136}
{"obj": {"type": "UploadFileSet", "path": ["source_code", "files"], "file_globs": ["/Users/shehjarsadhu/Desktop/UniversityOfRhodeIsland/Graduate/WBL/Project_Q2Behave/GitQ2Bheave/q2behave_data_analysis/jupyternotebooks/ML_Toolbox/run_svm_model.py"], "reset": "False"}, "version": 11, "at": 1712290928.1836858}
{"obj": {"type": "UploadFile", "path": ["source_code", "diff"], "ext": "patch", "file_path": null, "tmp_file_name": "source_code_diff-1712290946.913476-2024-04-05_00.22.26.913476.patch", "clean_after_upload": false}, "version": 12, "at": 1712290947.245457}
{"obj": {"type": "UploadFile", "path": ["source_code", "upstream_diff_cac0a18ccd67cbb2cdd3cda60ee32391b8a28d8f"], "ext": "patch", "file_path": null, "tmp_file_name": "source_code_upstream_diff_cac0a18ccd67cbb2cdd3cda60ee32391b8a28d8f-1712290947.65706-2024-04-05_00.22.27.657060.patch", "clean_after_upload": false}, "version": 13, "at": 1712290947.939688}
{"obj": {"type": "ConfigFloatSeries", "path": ["monitoring", "990f206c", "cpu"], "min": 0.0, "max": 100.0, "unit": "%"}, "version": 14, "at": 1712290948.028333}
{"obj": {"type": "ClearFloatLog", "path": ["monitoring", "990f206c", "cpu"]}, "version": 15, "at": 1712290948.030535}
{"obj": {"type": "ConfigFloatSeries", "path": ["monitoring", "990f206c", "memory"], "min": 0.0, "max": 16.0, "unit": "GB"}, "version": 16, "at": 1712290948.031958}
{"obj": {"type": "ClearFloatLog", "path": ["monitoring", "990f206c", "memory"]}, "version": 17, "at": 1712290948.033026}
{"obj": {"type": "LogFloats", "path": ["monitoring", "990f206c", "cpu"], "values": [{"value": 15.8, "step": null, "ts": 1712290948.033366}]}, "version": 18, "at": 1712290948.033736}
{"obj": {"type": "LogFloats", "path": ["monitoring", "990f206c", "memory"], "values": [{"value": 7.600067138671875, "step": null, "ts": 1712290948.033366}]}, "version": 19, "at": 1712290948.034901}
{"obj": {"type": "AssignString", "path": ["feature_list"], "value": "Index(['Filtered_Accel_X_max_power_psd', 'Filtered_Accel_X_min_power_psd',\n       'Filtered_Accel_X_skewness_power_psd',\n       'Filtered_Accel_X_kurtosis_power_psd',\n       'Filtered_Accel_X_mean_power_psd',\n       'Filtered_Accel_X_sum_freq_diff_power_psd',\n       'Filtered_Accel_X_average_power_power_psd',\n       'Filtered_Accel_Xfeature_num_peaks_power_psd',\n       'Filtered_Accel_Y_max_power_psd', 'Filtered_Accel_Y_min_power_psd',\n       'Filtered_Accel_Y_skewness_power_psd',\n       'Filtered_Accel_Y_kurtosis_power_psd',\n       'Filtered_Accel_Y_mean_power_psd',\n       'Filtered_Accel_Y_sum_freq_diff_power_psd',\n       'Filtered_Accel_Y_average_power_power_psd',\n       'Filtered_Accel_Yfeature_num_peaks_power_psd',\n       'Filtered_Accel_Z_max_power_psd', 'Filtered_Accel_Z_min_power_psd',\n       'Filtered_Accel_Z_skewness_power_psd',\n       'Filtered_Accel_Z_kurtosis_power_psd',\n       'Filtered_Accel_Z_mean_power_psd',\n       'Filtered_Accel_Z_sum_freq_diff_power_psd',\n       'Filtered_Accel_Z_average_power_power_psd',\n       'Filtered_Accel_Zfeature_num_peaks_power_psd',\n       'Filtered_Gryo_X_max_power_psd', 'Filtered_Gryo_X_min_power_psd',\n       'Filtered_Gryo_X_skewness_power_psd',\n       'Filtered_Gryo_X_kurtosis_power_psd', 'Filtered_Gryo_X_mean_power_psd',\n       'Filtered_Gryo_X_sum_freq_diff_power_psd',\n       'Filtered_Gryo_X_average_power_power_psd',\n       'Filtered_Gryo_Xfeature_num_peaks_power_psd',\n       'Filtered_Gryo_Y_max_power_psd', 'Filtered_Gryo_Y_min_power_psd',\n       'Filtered_Gryo_Y_skewness_power_psd',\n       'Filtered_Gryo_Y_kurtosis_power_psd', 'Filtered_Gryo_Y_mean_power_psd',\n       'Filtered_Gryo_Y_sum_freq_diff_power_psd',\n       'Filtered_Gryo_Y_average_power_power_psd',\n       'Filtered_Gryo_Yfeature_num_peaks_power_psd',\n       'Filtered_Gryo_Z_max_power_psd', 'Filtered_Gryo_Z_min_power_psd',\n       'Filtered_Gryo_Z_skewness_power_psd',\n       'Filtered_Gryo_Z_kurtosis_power_psd', 'Filtered_Gryo_Z_mean_power_psd',\n       'Filtered_Gryo_Z_sum_freq_diff_power_psd',\n       'Filtered_Gryo_Z_average_power_power_psd',\n       'Filtered_Gryo_Zfeature_num_peaks_power_psd', 'WindowNumber',\n       'filename', 'participantId', 'activityID', 'type', 'BehaviorCode',\n       'FeatureName'],\n      dtype='object')"}, "version": 20, "at": 1712290948.036913}
{"obj": {"type": "AssignString", "path": ["tag"], "value": "Clus"}, "version": 21, "at": 1712290948.038361}
{"obj": {"type": "LogFloats", "path": ["monitoring", "990f206c", "cpu"], "values": [{"value": 17.6, "step": null, "ts": 1712290958.04344}]}, "version": 22, "at": 1712290958.04371}
{"obj": {"type": "LogFloats", "path": ["monitoring", "990f206c", "memory"], "values": [{"value": 7.695873260498047, "step": null, "ts": 1712290958.04344}]}, "version": 23, "at": 1712290958.065492}
{"obj": {"type": "LogFloats", "path": ["monitoring", "990f206c", "cpu"], "values": [{"value": 16.5, "step": null, "ts": 1712290968.113953}]}, "version": 24, "at": 1712290968.114248}
{"obj": {"type": "LogFloats", "path": ["monitoring", "990f206c", "memory"], "values": [{"value": 7.7515869140625, "step": null, "ts": 1712290968.113953}]}, "version": 25, "at": 1712290968.120995}
{"obj": {"type": "LogFloats", "path": ["monitoring", "990f206c", "cpu"], "values": [{"value": 16.7, "step": null, "ts": 1712290978.171676}]}, "version": 26, "at": 1712290978.172}
{"obj": {"type": "LogFloats", "path": ["monitoring", "990f206c", "memory"], "values": [{"value": 7.9586639404296875, "step": null, "ts": 1712290978.171676}]}, "version": 27, "at": 1712290978.1838112}
{"obj": {"type": "UploadFile", "path": ["data", "feature_table"], "ext": "html", "file_path": null, "tmp_file_name": "data_feature_table-1712290980.750328-2024-04-05_00.23.00.750328.html", "clean_after_upload": false}, "version": 28, "at": 1712290980.8112261}
{"obj": {"type": "LogStrings", "path": ["monitoring", "990f206c", "stdout"], "values": [{"value": "svm_cross_validation_with_cm():/ ========================= CV folds =========================", "step": null, "ts": 1712290980.816803}]}, "version": 29, "at": 1712290980.8168588}
{"obj": {"type": "LogStrings", "path": ["monitoring", "990f206c", "stdout"], "values": [{"value": " ", "step": null, "ts": 1712290980.824703}]}, "version": 30, "at": 1712290980.824749}
{"obj": {"type": "LogStrings", "path": ["monitoring", "990f206c", "stdout"], "values": [{"value": "10", "step": null, "ts": 1712290980.827245}]}, "version": 31, "at": 1712290980.827279}
{"obj": {"type": "LogStrings", "path": ["monitoring", "990f206c", "stdout"], "values": [{"value": "\n", "step": null, "ts": 1712290980.828278}]}, "version": 32, "at": 1712290980.82831}
{"obj": {"type": "LogStrings", "path": ["monitoring", "990f206c", "stdout"], "values": [{"value": "svm_cross_validation_with_cm():/ StratifiedKFold Spliitting: m", "step": null, "ts": 1712290980.82889}]}, "version": 33, "at": 1712290980.828918}
{"obj": {"type": "LogStrings", "path": ["monitoring", "990f206c", "stdout"], "values": [{"value": "\n", "step": null, "ts": 1712290980.829062}]}, "version": 34, "at": 1712290980.829083}
{"obj": {"type": "LogStrings", "path": ["monitoring", "990f206c", "stdout"], "values": [{"value": "svm_cross_validation_with_cm():/ grid_search GridSearchCV() Done...", "step": null, "ts": 1712290980.829189}]}, "version": 35, "at": 1712290980.829207}
{"obj": {"type": "LogStrings", "path": ["monitoring", "990f206c", "stdout"], "values": [{"value": "\n", "step": null, "ts": 1712290980.829302}]}, "version": 36, "at": 1712290980.829321}
{"obj": {"type": "LogFloats", "path": ["monitoring", "990f206c", "cpu"], "values": [{"value": 11.3, "step": null, "ts": 1712290992.108385}]}, "version": 37, "at": 1712290992.110382}
{"obj": {"type": "LogFloats", "path": ["monitoring", "990f206c", "memory"], "values": [{"value": 7.944721221923828, "step": null, "ts": 1712290992.108385}]}, "version": 38, "at": 1712290992.1202629}
{"obj": {"type": "LogFloats", "path": ["monitoring", "990f206c", "cpu"], "values": [{"value": 16.2, "step": null, "ts": 1712290998.818183}]}, "version": 39, "at": 1712290998.820127}
{"obj": {"type": "LogFloats", "path": ["monitoring", "990f206c", "memory"], "values": [{"value": 8.010231018066406, "step": null, "ts": 1712290998.818183}]}, "version": 40, "at": 1712290998.826912}
{"obj": {"type": "LogFloats", "path": ["monitoring", "990f206c", "cpu"], "values": [{"value": 37.5, "step": null, "ts": 1712290999.133973}]}, "version": 41, "at": 1712290999.1358411}
{"obj": {"type": "LogFloats", "path": ["monitoring", "990f206c", "memory"], "values": [{"value": 8.016986846923828, "step": null, "ts": 1712290999.133973}]}, "version": 42, "at": 1712290999.144903}
{"obj": {"type": "LogFloats", "path": ["monitoring", "990f206c", "cpu"], "values": [{"value": 40.5, "step": null, "ts": 1712290999.434016}]}, "version": 43, "at": 1712290999.435551}
{"obj": {"type": "LogFloats", "path": ["monitoring", "990f206c", "memory"], "values": [{"value": 8.029903411865234, "step": null, "ts": 1712290999.434016}]}, "version": 44, "at": 1712290999.444629}
{"obj": {"type": "LogFloats", "path": ["monitoring", "990f206c", "cpu"], "values": [{"value": 58.5, "step": null, "ts": 1712290999.745028}]}, "version": 45, "at": 1712290999.746619}
{"obj": {"type": "LogFloats", "path": ["monitoring", "990f206c", "memory"], "values": [{"value": 8.04193115234375, "step": null, "ts": 1712290999.745028}]}, "version": 46, "at": 1712290999.751499}
{"obj": {"type": "LogFloats", "path": ["monitoring", "990f206c", "cpu"], "values": [{"value": 39.3, "step": null, "ts": 1712291000.051532}]}, "version": 47, "at": 1712291000.0534241}
{"obj": {"type": "LogFloats", "path": ["monitoring", "990f206c", "memory"], "values": [{"value": 8.054737091064453, "step": null, "ts": 1712291000.051532}]}, "version": 48, "at": 1712291000.0589812}
{"obj": {"type": "LogFloats", "path": ["monitoring", "990f206c", "cpu"], "values": [{"value": 41.8, "step": null, "ts": 1712291000.3600059}]}, "version": 49, "at": 1712291000.361707}
{"obj": {"type": "LogFloats", "path": ["monitoring", "990f206c", "memory"], "values": [{"value": 8.068195343017578, "step": null, "ts": 1712291000.3600059}]}, "version": 50, "at": 1712291000.3656}
{"obj": {"type": "LogFloats", "path": ["monitoring", "990f206c", "cpu"], "values": [{"value": 47.0, "step": null, "ts": 1712291000.670283}]}, "version": 51, "at": 1712291000.672022}
{"obj": {"type": "LogFloats", "path": ["monitoring", "990f206c", "memory"], "values": [{"value": 8.04800033569336, "step": null, "ts": 1712291000.670283}]}, "version": 52, "at": 1712291000.685506}
{"obj": {"type": "LogFloats", "path": ["monitoring", "990f206c", "cpu"], "values": [{"value": 98.2, "step": null, "ts": 1712291010.694858}]}, "version": 53, "at": 1712291010.6953611}
{"obj": {"type": "LogFloats", "path": ["monitoring", "990f206c", "memory"], "values": [{"value": 8.844337463378906, "step": null, "ts": 1712291010.694858}]}, "version": 54, "at": 1712291010.695859}
{"obj": {"type": "LogFloats", "path": ["monitoring", "990f206c", "cpu"], "values": [{"value": 98.2, "step": null, "ts": 1712291020.7037}]}, "version": 55, "at": 1712291020.704082}
{"obj": {"type": "LogFloats", "path": ["monitoring", "990f206c", "memory"], "values": [{"value": 8.604621887207031, "step": null, "ts": 1712291020.7037}]}, "version": 56, "at": 1712291020.704486}
{"obj": {"type": "LogFloats", "path": ["monitoring", "990f206c", "cpu"], "values": [{"value": 98.4, "step": null, "ts": 1712291030.705703}]}, "version": 57, "at": 1712291030.706151}
{"obj": {"type": "LogFloats", "path": ["monitoring", "990f206c", "memory"], "values": [{"value": 8.77670669555664, "step": null, "ts": 1712291030.705703}]}, "version": 58, "at": 1712291030.706629}
{"obj": {"type": "LogFloats", "path": ["monitoring", "990f206c", "cpu"], "values": [{"value": 98.0, "step": null, "ts": 1712291040.719711}]}, "version": 59, "at": 1712291040.720098}
{"obj": {"type": "LogFloats", "path": ["monitoring", "990f206c", "memory"], "values": [{"value": 8.759376525878906, "step": null, "ts": 1712291040.719711}]}, "version": 60, "at": 1712291040.720497}
{"obj": {"type": "LogFloats", "path": ["monitoring", "990f206c", "cpu"], "values": [{"value": 97.8, "step": null, "ts": 1712291050.729454}]}, "version": 61, "at": 1712291050.729888}
{"obj": {"type": "LogFloats", "path": ["monitoring", "990f206c", "memory"], "values": [{"value": 8.867210388183594, "step": null, "ts": 1712291050.729454}]}, "version": 62, "at": 1712291050.730369}
{"obj": {"type": "LogFloats", "path": ["monitoring", "990f206c", "cpu"], "values": [{"value": 98.4, "step": null, "ts": 1712291060.738038}]}, "version": 63, "at": 1712291060.7384288}
{"obj": {"type": "LogFloats", "path": ["monitoring", "990f206c", "memory"], "values": [{"value": 8.811115264892578, "step": null, "ts": 1712291060.738038}]}, "version": 64, "at": 1712291060.7388532}
{"obj": {"type": "LogFloats", "path": ["monitoring", "990f206c", "cpu"], "values": [{"value": 98.3, "step": null, "ts": 1712291070.748356}]}, "version": 65, "at": 1712291070.7488158}
{"obj": {"type": "LogFloats", "path": ["monitoring", "990f206c", "memory"], "values": [{"value": 8.951183319091797, "step": null, "ts": 1712291070.748356}]}, "version": 66, "at": 1712291070.749313}
{"obj": {"type": "LogFloats", "path": ["monitoring", "990f206c", "cpu"], "values": [{"value": 97.8, "step": null, "ts": 1712291080.750273}]}, "version": 67, "at": 1712291080.750658}
{"obj": {"type": "LogFloats", "path": ["monitoring", "990f206c", "memory"], "values": [{"value": 8.832420349121094, "step": null, "ts": 1712291080.750273}]}, "version": 68, "at": 1712291080.751076}
{"obj": {"type": "LogFloats", "path": ["monitoring", "990f206c", "cpu"], "values": [{"value": 98.2, "step": null, "ts": 1712291090.755915}]}, "version": 69, "at": 1712291090.756363}
{"obj": {"type": "LogFloats", "path": ["monitoring", "990f206c", "memory"], "values": [{"value": 8.989704132080078, "step": null, "ts": 1712291090.755915}]}, "version": 70, "at": 1712291090.756858}
{"obj": {"type": "LogFloats", "path": ["monitoring", "990f206c", "cpu"], "values": [{"value": 96.1, "step": null, "ts": 1712291100.758934}]}, "version": 71, "at": 1712291100.759328}
{"obj": {"type": "LogFloats", "path": ["monitoring", "990f206c", "memory"], "values": [{"value": 9.058929443359375, "step": null, "ts": 1712291100.758934}]}, "version": 72, "at": 1712291100.759756}
{"obj": {"type": "LogFloats", "path": ["monitoring", "990f206c", "cpu"], "values": [{"value": 97.2, "step": null, "ts": 1712291110.767395}]}, "version": 73, "at": 1712291110.767842}
{"obj": {"type": "LogFloats", "path": ["monitoring", "990f206c", "memory"], "values": [{"value": 9.287460327148438, "step": null, "ts": 1712291110.767395}]}, "version": 74, "at": 1712291110.7682922}
{"obj": {"type": "LogFloats", "path": ["monitoring", "990f206c", "cpu"], "values": [{"value": 98.1, "step": null, "ts": 1712291120.776774}]}, "version": 75, "at": 1712291120.777194}
{"obj": {"type": "LogFloats", "path": ["monitoring", "990f206c", "memory"], "values": [{"value": 9.559329986572266, "step": null, "ts": 1712291120.776774}]}, "version": 76, "at": 1712291120.777677}
{"obj": {"type": "LogFloats", "path": ["monitoring", "990f206c", "cpu"], "values": [{"value": 98.4, "step": null, "ts": 1712291130.7822149}]}, "version": 77, "at": 1712291130.782642}
{"obj": {"type": "LogFloats", "path": ["monitoring", "990f206c", "memory"], "values": [{"value": 8.94314193725586, "step": null, "ts": 1712291130.7822149}]}, "version": 78, "at": 1712291130.783082}
{"obj": {"type": "LogFloats", "path": ["monitoring", "990f206c", "cpu"], "values": [{"value": 98.2, "step": null, "ts": 1712291140.785123}]}, "version": 79, "at": 1712291140.785561}
{"obj": {"type": "LogFloats", "path": ["monitoring", "990f206c", "memory"], "values": [{"value": 8.98202133178711, "step": null, "ts": 1712291140.785123}]}, "version": 80, "at": 1712291140.786061}
{"obj": {"type": "LogFloats", "path": ["monitoring", "990f206c", "cpu"], "values": [{"value": 98.1, "step": null, "ts": 1712291150.7912042}]}, "version": 81, "at": 1712291150.791649}
{"obj": {"type": "LogFloats", "path": ["monitoring", "990f206c", "memory"], "values": [{"value": 8.997997283935547, "step": null, "ts": 1712291150.7912042}]}, "version": 82, "at": 1712291150.792156}
{"obj": {"type": "LogFloats", "path": ["monitoring", "990f206c", "cpu"], "values": [{"value": 98.2, "step": null, "ts": 1712291160.7991931}]}, "version": 83, "at": 1712291160.799665}
{"obj": {"type": "LogFloats", "path": ["monitoring", "990f206c", "memory"], "values": [{"value": 9.003387451171875, "step": null, "ts": 1712291160.7991931}]}, "version": 84, "at": 1712291160.8001652}
{"obj": {"type": "LogFloats", "path": ["monitoring", "990f206c", "cpu"], "values": [{"value": 98.3, "step": null, "ts": 1712291170.803555}]}, "version": 85, "at": 1712291170.804009}
{"obj": {"type": "LogFloats", "path": ["monitoring", "990f206c", "memory"], "values": [{"value": 8.998828887939453, "step": null, "ts": 1712291170.803555}]}, "version": 86, "at": 1712291170.804522}
{"obj": {"type": "LogFloats", "path": ["monitoring", "990f206c", "cpu"], "values": [{"value": 98.3, "step": null, "ts": 1712291180.814708}]}, "version": 87, "at": 1712291180.815168}
{"obj": {"type": "LogFloats", "path": ["monitoring", "990f206c", "memory"], "values": [{"value": 9.014789581298828, "step": null, "ts": 1712291180.814708}]}, "version": 88, "at": 1712291180.81566}
{"obj": {"type": "LogFloats", "path": ["monitoring", "990f206c", "cpu"], "values": [{"value": 98.1, "step": null, "ts": 1712291190.8167691}]}, "version": 89, "at": 1712291190.817214}
{"obj": {"type": "LogFloats", "path": ["monitoring", "990f206c", "memory"], "values": [{"value": 8.982059478759766, "step": null, "ts": 1712291190.8167691}]}, "version": 90, "at": 1712291190.817712}
{"obj": {"type": "LogFloats", "path": ["monitoring", "990f206c", "cpu"], "values": [{"value": 98.3, "step": null, "ts": 1712291200.819509}]}, "version": 91, "at": 1712291200.8199449}
{"obj": {"type": "LogFloats", "path": ["monitoring", "990f206c", "memory"], "values": [{"value": 9.625614166259766, "step": null, "ts": 1712291200.819509}]}, "version": 92, "at": 1712291200.820437}
{"obj": {"type": "LogFloats", "path": ["monitoring", "990f206c", "cpu"], "values": [{"value": 98.1, "step": null, "ts": 1712291210.821992}]}, "version": 93, "at": 1712291210.822452}
{"obj": {"type": "LogFloats", "path": ["monitoring", "990f206c", "memory"], "values": [{"value": 8.911701202392578, "step": null, "ts": 1712291210.821992}]}, "version": 94, "at": 1712291210.822964}
{"obj": {"type": "LogFloats", "path": ["monitoring", "990f206c", "cpu"], "values": [{"value": 97.7, "step": null, "ts": 1712291220.831029}]}, "version": 95, "at": 1712291220.8315032}
{"obj": {"type": "LogFloats", "path": ["monitoring", "990f206c", "memory"], "values": [{"value": 9.068096160888672, "step": null, "ts": 1712291220.831029}]}, "version": 96, "at": 1712291220.832054}
{"obj": {"type": "LogFloats", "path": ["monitoring", "990f206c", "cpu"], "values": [{"value": 96.9, "step": null, "ts": 1712291230.834388}]}, "version": 97, "at": 1712291230.834839}
{"obj": {"type": "LogFloats", "path": ["monitoring", "990f206c", "memory"], "values": [{"value": 8.95077133178711, "step": null, "ts": 1712291230.834388}]}, "version": 98, "at": 1712291230.83533}
{"obj": {"type": "LogFloats", "path": ["monitoring", "990f206c", "cpu"], "values": [{"value": 98.3, "step": null, "ts": 1712291240.844854}]}, "version": 99, "at": 1712291240.845309}
{"obj": {"type": "LogFloats", "path": ["monitoring", "990f206c", "memory"], "values": [{"value": 9.06185531616211, "step": null, "ts": 1712291240.844854}]}, "version": 100, "at": 1712291240.8457952}
{"obj": {"type": "LogFloats", "path": ["monitoring", "990f206c", "cpu"], "values": [{"value": 98.3, "step": null, "ts": 1712291250.8514402}]}, "version": 101, "at": 1712291250.851871}
{"obj": {"type": "LogFloats", "path": ["monitoring", "990f206c", "memory"], "values": [{"value": 8.950016021728516, "step": null, "ts": 1712291250.8514402}]}, "version": 102, "at": 1712291250.8523352}
{"obj": {"type": "LogFloats", "path": ["monitoring", "990f206c", "cpu"], "values": [{"value": 98.2, "step": null, "ts": 1712291260.8603678}]}, "version": 103, "at": 1712291260.860831}
{"obj": {"type": "LogFloats", "path": ["monitoring", "990f206c", "memory"], "values": [{"value": 8.972923278808594, "step": null, "ts": 1712291260.8603678}]}, "version": 104, "at": 1712291260.861333}
{"obj": {"type": "LogFloats", "path": ["monitoring", "990f206c", "cpu"], "values": [{"value": 98.2, "step": null, "ts": 1712291270.868198}]}, "version": 105, "at": 1712291270.868662}
{"obj": {"type": "LogFloats", "path": ["monitoring", "990f206c", "memory"], "values": [{"value": 9.054019927978516, "step": null, "ts": 1712291270.868198}]}, "version": 106, "at": 1712291270.869143}
{"obj": {"type": "LogFloats", "path": ["monitoring", "990f206c", "cpu"], "values": [{"value": 98.3, "step": null, "ts": 1712291280.878434}]}, "version": 107, "at": 1712291280.87939}
{"obj": {"type": "LogFloats", "path": ["monitoring", "990f206c", "memory"], "values": [{"value": 9.26116943359375, "step": null, "ts": 1712291280.878434}]}, "version": 108, "at": 1712291280.8798919}
{"obj": {"type": "LogFloats", "path": ["monitoring", "990f206c", "cpu"], "values": [{"value": 98.3, "step": null, "ts": 1712291290.886059}]}, "version": 109, "at": 1712291290.8865259}
{"obj": {"type": "LogFloats", "path": ["monitoring", "990f206c", "memory"], "values": [{"value": 9.059341430664062, "step": null, "ts": 1712291290.886059}]}, "version": 110, "at": 1712291290.887027}
{"obj": {"type": "LogFloats", "path": ["monitoring", "990f206c", "cpu"], "values": [{"value": 98.2, "step": null, "ts": 1712291300.894895}]}, "version": 111, "at": 1712291300.895339}
{"obj": {"type": "LogFloats", "path": ["monitoring", "990f206c", "memory"], "values": [{"value": 9.28793716430664, "step": null, "ts": 1712291300.894895}]}, "version": 112, "at": 1712291300.895825}
{"obj": {"type": "LogFloats", "path": ["monitoring", "990f206c", "cpu"], "values": [{"value": 98.3, "step": null, "ts": 1712291310.903113}]}, "version": 113, "at": 1712291310.903567}
{"obj": {"type": "LogFloats", "path": ["monitoring", "990f206c", "memory"], "values": [{"value": 9.166454315185547, "step": null, "ts": 1712291310.903113}]}, "version": 114, "at": 1712291310.904027}
{"obj": {"type": "LogFloats", "path": ["monitoring", "990f206c", "cpu"], "values": [{"value": 98.1, "step": null, "ts": 1712291320.907818}]}, "version": 115, "at": 1712291320.9083169}
{"obj": {"type": "LogFloats", "path": ["monitoring", "990f206c", "memory"], "values": [{"value": 9.02490234375, "step": null, "ts": 1712291320.907818}]}, "version": 116, "at": 1712291320.9087949}
{"obj": {"type": "LogFloats", "path": ["monitoring", "990f206c", "cpu"], "values": [{"value": 98.3, "step": null, "ts": 1712291330.911617}]}, "version": 117, "at": 1712291330.912021}
{"obj": {"type": "LogFloats", "path": ["monitoring", "990f206c", "memory"], "values": [{"value": 9.0128173828125, "step": null, "ts": 1712291330.911617}]}, "version": 118, "at": 1712291330.912471}
{"obj": {"type": "LogFloats", "path": ["monitoring", "990f206c", "cpu"], "values": [{"value": 98.2, "step": null, "ts": 1712291340.92551}]}, "version": 119, "at": 1712291340.925952}
{"obj": {"type": "LogFloats", "path": ["monitoring", "990f206c", "memory"], "values": [{"value": 9.1441650390625, "step": null, "ts": 1712291340.92551}]}, "version": 120, "at": 1712291340.926455}
{"obj": {"type": "LogFloats", "path": ["monitoring", "990f206c", "cpu"], "values": [{"value": 97.7, "step": null, "ts": 1712291350.932052}]}, "version": 121, "at": 1712291350.9324968}
{"obj": {"type": "LogFloats", "path": ["monitoring", "990f206c", "memory"], "values": [{"value": 9.062660217285156, "step": null, "ts": 1712291350.932052}]}, "version": 122, "at": 1712291350.932987}
{"obj": {"type": "LogFloats", "path": ["monitoring", "990f206c", "cpu"], "values": [{"value": 98.4, "step": null, "ts": 1712291360.9379919}]}, "version": 123, "at": 1712291360.9383821}
{"obj": {"type": "LogFloats", "path": ["monitoring", "990f206c", "memory"], "values": [{"value": 9.149925231933594, "step": null, "ts": 1712291360.9379919}]}, "version": 124, "at": 1712291360.938785}
{"obj": {"type": "LogFloats", "path": ["monitoring", "990f206c", "cpu"], "values": [{"value": 98.2, "step": null, "ts": 1712291370.9411168}]}, "version": 125, "at": 1712291370.941545}
{"obj": {"type": "LogFloats", "path": ["monitoring", "990f206c", "memory"], "values": [{"value": 9.208404541015625, "step": null, "ts": 1712291370.9411168}]}, "version": 126, "at": 1712291370.9420218}
{"obj": {"type": "LogFloats", "path": ["monitoring", "990f206c", "cpu"], "values": [{"value": 98.4, "step": null, "ts": 1712291380.947632}]}, "version": 127, "at": 1712291380.948031}
{"obj": {"type": "LogFloats", "path": ["monitoring", "990f206c", "memory"], "values": [{"value": 9.275596618652344, "step": null, "ts": 1712291380.947632}]}, "version": 128, "at": 1712291380.948586}
{"obj": {"type": "LogFloats", "path": ["monitoring", "990f206c", "cpu"], "values": [{"value": 98.3, "step": null, "ts": 1712291390.955318}]}, "version": 129, "at": 1712291390.9557602}
{"obj": {"type": "LogFloats", "path": ["monitoring", "990f206c", "memory"], "values": [{"value": 9.334144592285156, "step": null, "ts": 1712291390.955318}]}, "version": 130, "at": 1712291390.956249}
{"obj": {"type": "LogFloats", "path": ["monitoring", "990f206c", "cpu"], "values": [{"value": 98.2, "step": null, "ts": 1712291400.9613051}]}, "version": 131, "at": 1712291400.961736}
{"obj": {"type": "LogFloats", "path": ["monitoring", "990f206c", "memory"], "values": [{"value": 9.192325592041016, "step": null, "ts": 1712291400.9613051}]}, "version": 132, "at": 1712291400.962232}
{"obj": {"type": "LogFloats", "path": ["monitoring", "990f206c", "cpu"], "values": [{"value": 98.1, "step": null, "ts": 1712291410.964399}]}, "version": 133, "at": 1712291410.9647942}
{"obj": {"type": "LogFloats", "path": ["monitoring", "990f206c", "memory"], "values": [{"value": 9.16839599609375, "step": null, "ts": 1712291410.964399}]}, "version": 134, "at": 1712291410.965272}
{"obj": {"type": "LogFloats", "path": ["monitoring", "990f206c", "cpu"], "values": [{"value": 97.7, "step": null, "ts": 1712291420.965921}]}, "version": 135, "at": 1712291420.966343}
{"obj": {"type": "LogFloats", "path": ["monitoring", "990f206c", "memory"], "values": [{"value": 9.246429443359375, "step": null, "ts": 1712291420.965921}]}, "version": 136, "at": 1712291420.966816}
{"obj": {"type": "LogFloats", "path": ["monitoring", "990f206c", "cpu"], "values": [{"value": 98.2, "step": null, "ts": 1712291430.972218}]}, "version": 137, "at": 1712291430.972631}
{"obj": {"type": "LogFloats", "path": ["monitoring", "990f206c", "memory"], "values": [{"value": 9.191993713378906, "step": null, "ts": 1712291430.972218}]}, "version": 138, "at": 1712291430.973064}
{"obj": {"type": "LogFloats", "path": ["monitoring", "990f206c", "cpu"], "values": [{"value": 98.4, "step": null, "ts": 1712291440.980746}]}, "version": 139, "at": 1712291440.981183}
{"obj": {"type": "LogFloats", "path": ["monitoring", "990f206c", "memory"], "values": [{"value": 9.085163116455078, "step": null, "ts": 1712291440.980746}]}, "version": 140, "at": 1712291440.981639}
{"obj": {"type": "LogFloats", "path": ["monitoring", "990f206c", "cpu"], "values": [{"value": 98.2, "step": null, "ts": 1712291450.990467}]}, "version": 141, "at": 1712291450.990923}
{"obj": {"type": "LogFloats", "path": ["monitoring", "990f206c", "memory"], "values": [{"value": 9.076454162597656, "step": null, "ts": 1712291450.990467}]}, "version": 142, "at": 1712291450.991421}
{"obj": {"type": "LogFloats", "path": ["monitoring", "990f206c", "cpu"], "values": [{"value": 98.1, "step": null, "ts": 1712291460.9931579}]}, "version": 143, "at": 1712291460.99359}
{"obj": {"type": "LogFloats", "path": ["monitoring", "990f206c", "memory"], "values": [{"value": 9.117496490478516, "step": null, "ts": 1712291460.9931579}]}, "version": 144, "at": 1712291460.994051}
{"obj": {"type": "LogFloats", "path": ["monitoring", "990f206c", "cpu"], "values": [{"value": 98.2, "step": null, "ts": 1712291470.99782}]}, "version": 145, "at": 1712291470.9982321}
{"obj": {"type": "LogFloats", "path": ["monitoring", "990f206c", "memory"], "values": [{"value": 9.306682586669922, "step": null, "ts": 1712291470.99782}]}, "version": 146, "at": 1712291470.998683}
{"obj": {"type": "LogFloats", "path": ["monitoring", "990f206c", "cpu"], "values": [{"value": 98.1, "step": null, "ts": 1712291481.007811}]}, "version": 147, "at": 1712291481.008309}
{"obj": {"type": "LogFloats", "path": ["monitoring", "990f206c", "memory"], "values": [{"value": 9.199016571044922, "step": null, "ts": 1712291481.007811}]}, "version": 148, "at": 1712291481.008804}
{"obj": {"type": "LogFloats", "path": ["monitoring", "990f206c", "cpu"], "values": [{"value": 98.1, "step": null, "ts": 1712291491.013768}]}, "version": 149, "at": 1712291491.014177}
