{"obj": {"type": "AssignString", "path": ["sys", "name"], "value": "6-Foldtest_size_0.2_RF"}, "version": 1, "at": 1708184632.7812731}
{"obj": {"type": "AssignString", "path": ["sys", "description"], "value": ""}, "version": 2, "at": 1708184632.781665}
{"obj": {"type": "AssignString", "path": ["monitoring", "1d5958ca", "hostname"], "value": "156.4.20.172.s.wireless.uri.edu"}, "version": 3, "at": 1708184632.781854}
{"obj": {"type": "AssignString", "path": ["sys", "hostname"], "value": "156.4.20.172.s.wireless.uri.edu"}, "version": 4, "at": 1708184632.782}
{"obj": {"type": "AssignString", "path": ["monitoring", "1d5958ca", "pid"], "value": "4220"}, "version": 5, "at": 1708184632.78214}
{"obj": {"type": "AssignString", "path": ["monitoring", "1d5958ca", "tid"], "value": "140704465368640"}, "version": 6, "at": 1708184632.782273}
{"obj": {"type": "AssignBool", "path": ["sys", "failed"], "value": false}, "version": 7, "at": 1708184632.782374}
{"obj": {"type": "UploadFile", "path": ["data", "feature_table"], "ext": "html", "file_path": null, "tmp_file_name": "data_feature_table-1708184633.614808-2024-02-17_10.43.53.614808.html", "clean_after_upload": false}, "version": 8, "at": 1708184633.617706}
{"obj": {"type": "UploadFile", "path": ["data", "test_data"], "ext": "html", "file_path": null, "tmp_file_name": "data_test_data-1708184667.398492-2024-02-17_10.44.27.398492.html", "clean_after_upload": false}, "version": 9, "at": 1708184667.399057}
{"obj": {"type": "AssignString", "path": ["cls_summary", "all_params", "memory"], "value": "None"}, "version": 10, "at": 1708184669.016314}
{"obj": {"type": "AssignString", "path": ["cls_summary", "all_params", "steps"], "value": "[('rf', RandomForestClassifier(max_depth=30, n_estimators=200, random_state=8))]"}, "version": 11, "at": 1708184669.01697}
{"obj": {"type": "AssignBool", "path": ["cls_summary", "all_params", "verbose"], "value": false}, "version": 12, "at": 1708184669.0171}
{"obj": {"type": "AssignString", "path": ["cls_summary", "all_params", "rf"], "value": "RandomForestClassifier(max_depth=30, n_estimators=200, random_state=8)"}, "version": 13, "at": 1708184669.017387}
{"obj": {"type": "AssignBool", "path": ["cls_summary", "all_params", "rf__bootstrap"], "value": true}, "version": 14, "at": 1708184669.0174642}
{"obj": {"type": "AssignFloat", "path": ["cls_summary", "all_params", "rf__ccp_alpha"], "value": 0.0}, "version": 15, "at": 1708184669.0175328}
{"obj": {"type": "AssignString", "path": ["cls_summary", "all_params", "rf__class_weight"], "value": "None"}, "version": 16, "at": 1708184669.0176058}
{"obj": {"type": "AssignString", "path": ["cls_summary", "all_params", "rf__criterion"], "value": "gini"}, "version": 17, "at": 1708184669.0176718}
{"obj": {"type": "AssignInt", "path": ["cls_summary", "all_params", "rf__max_depth"], "value": 30}, "version": 18, "at": 1708184669.017735}
{"obj": {"type": "AssignString", "path": ["cls_summary", "all_params", "rf__max_features"], "value": "sqrt"}, "version": 19, "at": 1708184669.017799}
{"obj": {"type": "AssignString", "path": ["cls_summary", "all_params", "rf__max_leaf_nodes"], "value": "None"}, "version": 20, "at": 1708184669.017864}
{"obj": {"type": "AssignString", "path": ["cls_summary", "all_params", "rf__max_samples"], "value": "None"}, "version": 21, "at": 1708184669.017928}
{"obj": {"type": "AssignFloat", "path": ["cls_summary", "all_params", "rf__min_impurity_decrease"], "value": 0.0}, "version": 22, "at": 1708184669.017987}
{"obj": {"type": "AssignInt", "path": ["cls_summary", "all_params", "rf__min_samples_leaf"], "value": 1}, "version": 23, "at": 1708184669.018045}
{"obj": {"type": "AssignInt", "path": ["cls_summary", "all_params", "rf__min_samples_split"], "value": 2}, "version": 24, "at": 1708184669.0180988}
{"obj": {"type": "AssignFloat", "path": ["cls_summary", "all_params", "rf__min_weight_fraction_leaf"], "value": 0.0}, "version": 25, "at": 1708184669.018155}
{"obj": {"type": "AssignInt", "path": ["cls_summary", "all_params", "rf__n_estimators"], "value": 200}, "version": 26, "at": 1708184669.01821}
{"obj": {"type": "AssignString", "path": ["cls_summary", "all_params", "rf__n_jobs"], "value": "None"}, "version": 27, "at": 1708184669.018273}
{"obj": {"type": "AssignBool", "path": ["cls_summary", "all_params", "rf__oob_score"], "value": false}, "version": 28, "at": 1708184669.018328}
{"obj": {"type": "AssignInt", "path": ["cls_summary", "all_params", "rf__random_state"], "value": 8}, "version": 29, "at": 1708184669.018382}
{"obj": {"type": "AssignInt", "path": ["cls_summary", "all_params", "rf__verbose"], "value": 0}, "version": 30, "at": 1708184669.018435}
{"obj": {"type": "AssignBool", "path": ["cls_summary", "all_params", "rf__warm_start"], "value": false}, "version": 31, "at": 1708184669.0184891}
{"obj": {"type": "UploadFile", "path": ["cls_summary", "pickled_model"], "ext": "pkl", "file_path": null, "tmp_file_name": "cls_summary_pickled_model-1708184669.018555-2024-02-17_10.44.29.018555.pkl", "clean_after_upload": false}, "version": 32, "at": 1708184669.024162}
{"obj": {"type": "UploadFile", "path": ["cls_summary", "test", "preds"], "ext": "html", "file_path": null, "tmp_file_name": "cls_summary_test_preds-1708184669.024621-2024-02-17_10.44.29.024621.html", "clean_after_upload": false}, "version": 33, "at": 1708184669.025165}
{"obj": {"type": "UploadFile", "path": ["cls_summary", "test", "preds_proba"], "ext": "html", "file_path": null, "tmp_file_name": "cls_summary_test_preds_proba-1708184669.02544-2024-02-17_10.44.29.025440.html", "clean_after_upload": false}, "version": 34, "at": 1708184669.0257401}
{"obj": {"type": "AssignFloat", "path": ["cls_summary", "test", "scores", "class_0", "precision"], "value": 0.8914646996838778}, "version": 35, "at": 1708184669.025929}
{"obj": {"type": "AssignFloat", "path": ["cls_summary", "test", "scores", "class_0", "recall"], "value": 0.7003311258278145}, "version": 36, "at": 1708184669.026004}
{"obj": {"type": "AssignFloat", "path": ["cls_summary", "test", "scores", "class_0", "fbeta_score"], "value": 0.78442280945758}, "version": 37, "at": 1708184669.026067}
{"obj": {"type": "AssignFloat", "path": ["cls_summary", "test", "scores", "class_0", "support"], "value": 1208.0}, "version": 38, "at": 1708184669.026131}
{"obj": {"type": "AssignFloat", "path": ["cls_summary", "test", "scores", "class_1", "precision"], "value": 0.167816091954023}, "version": 39, "at": 1708184669.026222}
{"obj": {"type": "AssignFloat", "path": ["cls_summary", "test", "scores", "class_1", "recall"], "value": 0.4147727272727273}, "version": 40, "at": 1708184669.0262861}
{"obj": {"type": "AssignFloat", "path": ["cls_summary", "test", "scores", "class_1", "fbeta_score"], "value": 0.23895253682487724}, "version": 41, "at": 1708184669.026346}
{"obj": {"type": "AssignFloat", "path": ["cls_summary", "test", "scores", "class_1", "support"], "value": 176.0}, "version": 42, "at": 1708184669.0264058}
{"obj": {"type": "UploadFile", "path": ["cls_summary", "diagnostics_charts", "classification_report"], "ext": "png", "file_path": null, "tmp_file_name": "cls_summary_diagnostics_charts_classification_report-1708184669.026494-2024-02-17_10.44.29.026494.png", "clean_after_upload": false}, "version": 43, "at": 1708184669.026732}
{"obj": {"type": "UploadFile", "path": ["cls_summary", "diagnostics_charts", "confusion_matrix"], "ext": "png", "file_path": null, "tmp_file_name": "cls_summary_diagnostics_charts_confusion_matrix-1708184669.026846-2024-02-17_10.44.29.026846.png", "clean_after_upload": false}, "version": 44, "at": 1708184669.0272052}
{"obj": {"type": "UploadFile", "path": ["cls_summary", "diagnostics_charts", "ROC_AUC"], "ext": "png", "file_path": null, "tmp_file_name": "cls_summary_diagnostics_charts_ROC_AUC-1708184669.027356-2024-02-17_10.44.29.027356.png", "clean_after_upload": false}, "version": 45, "at": 1708184669.027647}
{"obj": {"type": "UploadFile", "path": ["cls_summary", "diagnostics_charts", "precision_recall"], "ext": "png", "file_path": null, "tmp_file_name": "cls_summary_diagnostics_charts_precision_recall-1708184669.027733-2024-02-17_10.44.29.027733.png", "clean_after_upload": false}, "version": 46, "at": 1708184669.0279932}
{"obj": {"type": "UploadFile", "path": ["cls_summary", "diagnostics_charts", "class_prediction_error"], "ext": "png", "file_path": null, "tmp_file_name": "cls_summary_diagnostics_charts_class_prediction_error-1708184669.028068-2024-02-17_10.44.29.028068.png", "clean_after_upload": false}, "version": 47, "at": 1708184669.028276}
{"obj": {"type": "AssignString", "path": ["cls_summary", "integration", "about", "neptune-sklearn"], "value": "2.1.0"}, "version": 48, "at": 1708184669.028384}
{"obj": {"type": "AssignInt", "path": ["params", "rf__max_depth"], "value": 30}, "version": 49, "at": 1708184669.029002}
{"obj": {"type": "AssignInt", "path": ["params", "rf__min_samples_split"], "value": 2}, "version": 50, "at": 1708184669.029079}
{"obj": {"type": "AssignInt", "path": ["params", "rf__n_estimators"], "value": 200}, "version": 51, "at": 1708184669.029139}
{"obj": {"type": "UploadFile", "path": ["roc_curve"], "ext": "png", "file_path": "/Users/shehjarsadhu/Desktop/UniversityOfRhodeIsland/Graduate/WBL/Project_Q2Behave/GitQ2Bheave/q2behave_data_analysis/jupyternotebooks/roc_curve_class.png", "tmp_file_name": null, "clean_after_upload": false}, "version": 52, "at": 1708184673.501297}
{"obj": {"type": "AssignFloat", "path": ["precision"], "value": 0.7994400212442431}, "version": 53, "at": 1708184673.634121}
{"obj": {"type": "AssignFloat", "path": ["recall"], "value": 0.6640173410404624}, "version": 54, "at": 1708184673.634507}
{"obj": {"type": "AssignFloat", "path": ["f1_score"], "value": 0.7150566476198953}, "version": 55, "at": 1708184673.634646}
{"obj": {"type": "AssignFloat", "path": ["mean_train_accuracy"], "value": 1.0}, "version": 56, "at": 1708184673.634798}
{"obj": {"type": "AssignFloat", "path": ["mean_test_accuracy"], "value": 0.7215442603373637}, "version": 57, "at": 1708184673.6348941}
{"obj": {"type": "AssignFloat", "path": ["mean_sensitivity"], "value": 0.7265867066466766}, "version": 58, "at": 1708184673.634987}
