{"obj": {"type": "AssignString", "path": ["sys", "name"], "value": "3-Foldtest_size_0.2_RF"}, "version": 1, "at": 1712679289.1706839}
{"obj": {"type": "AssignString", "path": ["sys", "description"], "value": ""}, "version": 2, "at": 1712679289.1711318}
{"obj": {"type": "AssignString", "path": ["monitoring", "59880398", "hostname"], "value": "156.4.20.172.s.wireless.uri.edu"}, "version": 3, "at": 1712679289.171359}
{"obj": {"type": "AssignString", "path": ["sys", "hostname"], "value": "156.4.20.172.s.wireless.uri.edu"}, "version": 4, "at": 1712679289.171535}
{"obj": {"type": "AssignString", "path": ["monitoring", "59880398", "pid"], "value": "34031"}, "version": 5, "at": 1712679289.171702}
{"obj": {"type": "AssignString", "path": ["monitoring", "59880398", "tid"], "value": "140704351295040"}, "version": 6, "at": 1712679289.1718678}
{"obj": {"type": "AssignBool", "path": ["sys", "failed"], "value": false}, "version": 7, "at": 1712679289.1720052}
{"obj": {"type": "AssignString", "path": ["pid"], "value": "None"}, "version": 8, "at": 1712679289.179159}
{"obj": {"type": "UploadFile", "path": ["data", "feature_table"], "ext": "html", "file_path": null, "tmp_file_name": "data_feature_table-1712679308.213898-2024-04-09_12.15.08.213898.html", "clean_after_upload": false}, "version": 9, "at": 1712679308.230062}
{"obj": {"type": "AssignString", "path": ["original"], "value": "type\n0    29981\n1     1541\nName: count, dtype: int64"}, "version": 10, "at": 1712679308.233878}
{"obj": {"type": "AssignString", "path": ["train_samples_undersampled"], "value": "type\n0    1541\n1    1541\nName: count, dtype: int64"}, "version": 11, "at": 1712679308.2343428}
{"obj": {"type": "AssignString", "path": ["test_samples_undersampled"], "value": "type\n0    309\n1    308\nName: count, dtype: int64"}, "version": 12, "at": 1712679308.234724}
{"obj": {"type": "AssignString", "path": ["tag"], "value": "Clus"}, "version": 13, "at": 1712679308.234815}
{"obj": {"type": "UploadFile", "path": ["data", "test_data"], "ext": "html", "file_path": null, "tmp_file_name": "data_test_data-1712679341.043516-2024-04-09_12.15.41.043516.html", "clean_after_upload": false}, "version": 14, "at": 1712679341.045253}
{"obj": {"type": "AssignString", "path": ["cls_summary", "all_params", "memory"], "value": "None"}, "version": 15, "at": 1712679341.948023}
{"obj": {"type": "AssignString", "path": ["cls_summary", "all_params", "steps"], "value": "[('rf', RandomForestClassifier(min_samples_split=5, n_estimators=200, random_state=8))]"}, "version": 16, "at": 1712679341.948386}
{"obj": {"type": "AssignBool", "path": ["cls_summary", "all_params", "verbose"], "value": false}, "version": 17, "at": 1712679341.948461}
{"obj": {"type": "AssignString", "path": ["cls_summary", "all_params", "rf"], "value": "RandomForestClassifier(min_samples_split=5, n_estimators=200, random_state=8)"}, "version": 18, "at": 1712679341.9486668}
{"obj": {"type": "AssignBool", "path": ["cls_summary", "all_params", "rf__bootstrap"], "value": true}, "version": 19, "at": 1712679341.9487271}
{"obj": {"type": "AssignFloat", "path": ["cls_summary", "all_params", "rf__ccp_alpha"], "value": 0.0}, "version": 20, "at": 1712679341.948784}
{"obj": {"type": "AssignString", "path": ["cls_summary", "all_params", "rf__class_weight"], "value": "None"}, "version": 21, "at": 1712679341.9488409}
{"obj": {"type": "AssignString", "path": ["cls_summary", "all_params", "rf__criterion"], "value": "gini"}, "version": 22, "at": 1712679341.948894}
{"obj": {"type": "AssignString", "path": ["cls_summary", "all_params", "rf__max_depth"], "value": "None"}, "version": 23, "at": 1712679341.948948}
{"obj": {"type": "AssignString", "path": ["cls_summary", "all_params", "rf__max_features"], "value": "sqrt"}, "version": 24, "at": 1712679341.948997}
{"obj": {"type": "AssignString", "path": ["cls_summary", "all_params", "rf__max_leaf_nodes"], "value": "None"}, "version": 25, "at": 1712679341.949049}
{"obj": {"type": "AssignString", "path": ["cls_summary", "all_params", "rf__max_samples"], "value": "None"}, "version": 26, "at": 1712679341.949101}
{"obj": {"type": "AssignFloat", "path": ["cls_summary", "all_params", "rf__min_impurity_decrease"], "value": 0.0}, "version": 27, "at": 1712679341.9491498}
{"obj": {"type": "AssignInt", "path": ["cls_summary", "all_params", "rf__min_samples_leaf"], "value": 1}, "version": 28, "at": 1712679341.949203}
{"obj": {"type": "AssignInt", "path": ["cls_summary", "all_params", "rf__min_samples_split"], "value": 5}, "version": 29, "at": 1712679341.949249}
{"obj": {"type": "AssignFloat", "path": ["cls_summary", "all_params", "rf__min_weight_fraction_leaf"], "value": 0.0}, "version": 30, "at": 1712679341.949295}
{"obj": {"type": "AssignInt", "path": ["cls_summary", "all_params", "rf__n_estimators"], "value": 200}, "version": 31, "at": 1712679341.9493408}
{"obj": {"type": "AssignString", "path": ["cls_summary", "all_params", "rf__n_jobs"], "value": "None"}, "version": 32, "at": 1712679341.9493928}
{"obj": {"type": "AssignBool", "path": ["cls_summary", "all_params", "rf__oob_score"], "value": false}, "version": 33, "at": 1712679341.94944}
{"obj": {"type": "AssignInt", "path": ["cls_summary", "all_params", "rf__random_state"], "value": 8}, "version": 34, "at": 1712679341.949485}
{"obj": {"type": "AssignInt", "path": ["cls_summary", "all_params", "rf__verbose"], "value": 0}, "version": 35, "at": 1712679341.9495292}
{"obj": {"type": "AssignBool", "path": ["cls_summary", "all_params", "rf__warm_start"], "value": false}, "version": 36, "at": 1712679341.949574}
{"obj": {"type": "UploadFile", "path": ["cls_summary", "pickled_model"], "ext": "pkl", "file_path": null, "tmp_file_name": "cls_summary_pickled_model-1712679341.94963-2024-04-09_12.15.41.949630.pkl", "clean_after_upload": false}, "version": 37, "at": 1712679341.951472}
{"obj": {"type": "UploadFile", "path": ["cls_summary", "test", "preds"], "ext": "html", "file_path": null, "tmp_file_name": "cls_summary_test_preds-1712679341.951631-2024-04-09_12.15.41.951631.html", "clean_after_upload": false}, "version": 38, "at": 1712679341.9518661}
{"obj": {"type": "UploadFile", "path": ["cls_summary", "test", "preds_proba"], "ext": "html", "file_path": null, "tmp_file_name": "cls_summary_test_preds_proba-1712679341.951977-2024-04-09_12.15.41.951977.html", "clean_after_upload": false}, "version": 39, "at": 1712679341.9521961}
{"obj": {"type": "AssignFloat", "path": ["cls_summary", "test", "scores", "class_0", "precision"], "value": 0.9186746987951807}, "version": 40, "at": 1712679341.9523609}
{"obj": {"type": "AssignFloat", "path": ["cls_summary", "test", "scores", "class_0", "recall"], "value": 0.9870550161812298}, "version": 41, "at": 1712679341.9524522}
{"obj": {"type": "AssignFloat", "path": ["cls_summary", "test", "scores", "class_0", "fbeta_score"], "value": 0.951638065522621}, "version": 42, "at": 1712679341.952503}
{"obj": {"type": "AssignFloat", "path": ["cls_summary", "test", "scores", "class_0", "support"], "value": 309.0}, "version": 43, "at": 1712679341.952554}
{"obj": {"type": "AssignFloat", "path": ["cls_summary", "test", "scores", "class_1", "precision"], "value": 0.9859649122807017}, "version": 44, "at": 1712679341.952628}
{"obj": {"type": "AssignFloat", "path": ["cls_summary", "test", "scores", "class_1", "recall"], "value": 0.9123376623376623}, "version": 45, "at": 1712679341.952714}
{"obj": {"type": "AssignFloat", "path": ["cls_summary", "test", "scores", "class_1", "fbeta_score"], "value": 0.9477234401349072}, "version": 46, "at": 1712679341.952797}
{"obj": {"type": "AssignFloat", "path": ["cls_summary", "test", "scores", "class_1", "support"], "value": 308.0}, "version": 47, "at": 1712679341.952845}
{"obj": {"type": "UploadFile", "path": ["cls_summary", "diagnostics_charts", "classification_report"], "ext": "png", "file_path": null, "tmp_file_name": "cls_summary_diagnostics_charts_classification_report-1712679341.952916-2024-04-09_12.15.41.952916.png", "clean_after_upload": false}, "version": 48, "at": 1712679341.953205}
{"obj": {"type": "UploadFile", "path": ["cls_summary", "diagnostics_charts", "confusion_matrix"], "ext": "png", "file_path": null, "tmp_file_name": "cls_summary_diagnostics_charts_confusion_matrix-1712679341.953376-2024-04-09_12.15.41.953376.png", "clean_after_upload": false}, "version": 49, "at": 1712679341.9535282}
{"obj": {"type": "UploadFile", "path": ["cls_summary", "diagnostics_charts", "ROC_AUC"], "ext": "png", "file_path": null, "tmp_file_name": "cls_summary_diagnostics_charts_ROC_AUC-1712679341.953624-2024-04-09_12.15.41.953624.png", "clean_after_upload": false}, "version": 50, "at": 1712679341.953912}
{"obj": {"type": "UploadFile", "path": ["cls_summary", "diagnostics_charts", "precision_recall"], "ext": "png", "file_path": null, "tmp_file_name": "cls_summary_diagnostics_charts_precision_recall-1712679341.953983-2024-04-09_12.15.41.953983.png", "clean_after_upload": false}, "version": 51, "at": 1712679341.9542358}
{"obj": {"type": "UploadFile", "path": ["cls_summary", "diagnostics_charts", "class_prediction_error"], "ext": "png", "file_path": null, "tmp_file_name": "cls_summary_diagnostics_charts_class_prediction_error-1712679341.954382-2024-04-09_12.15.41.954382.png", "clean_after_upload": false}, "version": 52, "at": 1712679341.954602}
{"obj": {"type": "AssignString", "path": ["cls_summary", "integration", "about", "neptune-sklearn"], "value": "2.1.0"}, "version": 53, "at": 1712679341.954759}
{"obj": {"type": "AssignInt", "path": ["params", "rf__min_samples_split"], "value": 5}, "version": 54, "at": 1712679341.955242}
{"obj": {"type": "AssignInt", "path": ["params", "rf__n_estimators"], "value": 200}, "version": 55, "at": 1712679341.955301}
{"obj": {"type": "UploadFile", "path": ["data", "feature_importance"], "ext": "html", "file_path": null, "tmp_file_name": "data_feature_importance-1712679429.148807-2024-04-09_12.17.09.148807.html", "clean_after_upload": false}, "version": 56, "at": 1712679429.149222}
{"obj": {"type": "UploadFile", "path": ["feature_importance"], "ext": "png", "file_path": "/Users/shehjarsadhu/Desktop/UniversityOfRhodeIsland/Graduate/WBL/Project_Q2Behave/GitQ2Bheave/q2behave_data_analysis/jupyternotebooks/ML_Toolbox/feature_importance.png", "tmp_file_name": null, "clean_after_upload": false}, "version": 57, "at": 1712679429.2344089}
{"obj": {"type": "UploadFile", "path": ["roc_curve"], "ext": "png", "file_path": "/Users/shehjarsadhu/Desktop/UniversityOfRhodeIsland/Graduate/WBL/Project_Q2Behave/GitQ2Bheave/q2behave_data_analysis/jupyternotebooks/ML_Toolbox/roc_curve_class.png", "tmp_file_name": null, "clean_after_upload": false}, "version": 58, "at": 1712679429.3486981}
{"obj": {"type": "AssignFloat", "path": ["precision"], "value": 0.9522652753811458}, "version": 59, "at": 1712679429.606606}
{"obj": {"type": "AssignFloat", "path": ["recall"], "value": 0.9497568881685575}, "version": 60, "at": 1712679429.606956}
{"obj": {"type": "AssignFloat", "path": ["f1_score"], "value": 0.9496839251345889}, "version": 61, "at": 1712679429.607043}
{"obj": {"type": "AssignFloat", "path": ["mean_train_accuracy"], "value": 0.9980533700389563}, "version": 62, "at": 1712679429.6071239}
{"obj": {"type": "AssignFloat", "path": ["mean_test_accuracy"], "value": 0.9390001098738724}, "version": 63, "at": 1712679429.6072}
{"obj": {"type": "AssignFloat", "path": ["mean_sensitivity"], "value": 0.913049304338812}, "version": 64, "at": 1712679429.607275}
