{"obj": {"type": "AssignString", "path": ["sys", "name"], "value": "6-Foldtest_size_0.2_RF"}, "version": 1, "at": 1708187960.590208}
{"obj": {"type": "AssignString", "path": ["sys", "description"], "value": ""}, "version": 2, "at": 1708187960.590647}
{"obj": {"type": "AssignString", "path": ["monitoring", "c68c66ed", "hostname"], "value": "156.4.20.172.s.wireless.uri.edu"}, "version": 3, "at": 1708187960.590868}
{"obj": {"type": "AssignString", "path": ["sys", "hostname"], "value": "156.4.20.172.s.wireless.uri.edu"}, "version": 4, "at": 1708187960.591042}
{"obj": {"type": "AssignString", "path": ["monitoring", "c68c66ed", "pid"], "value": "7280"}, "version": 5, "at": 1708187960.59121}
{"obj": {"type": "AssignString", "path": ["monitoring", "c68c66ed", "tid"], "value": "140704465368640"}, "version": 6, "at": 1708187960.5913699}
{"obj": {"type": "AssignBool", "path": ["sys", "failed"], "value": false}, "version": 7, "at": 1708187960.591489}
{"obj": {"type": "UploadFile", "path": ["data", "feature_table"], "ext": "html", "file_path": null, "tmp_file_name": "data_feature_table-1708187961.37942-2024-02-17_11.39.21.379420.html", "clean_after_upload": false}, "version": 8, "at": 1708187961.380329}
{"obj": {"type": "UploadFile", "path": ["data", "test_data"], "ext": "html", "file_path": null, "tmp_file_name": "data_test_data-1708187988.998326-2024-02-17_11.39.48.998326.html", "clean_after_upload": false}, "version": 9, "at": 1708187988.99888}
{"obj": {"type": "AssignString", "path": ["cls_summary", "all_params", "memory"], "value": "None"}, "version": 10, "at": 1708187990.3402848}
{"obj": {"type": "AssignString", "path": ["cls_summary", "all_params", "steps"], "value": "[('rf', RandomForestClassifier(max_depth=20, n_estimators=200, random_state=8))]"}, "version": 11, "at": 1708187990.340886}
{"obj": {"type": "AssignBool", "path": ["cls_summary", "all_params", "verbose"], "value": false}, "version": 12, "at": 1708187990.34109}
{"obj": {"type": "AssignString", "path": ["cls_summary", "all_params", "rf"], "value": "RandomForestClassifier(max_depth=20, n_estimators=200, random_state=8)"}, "version": 13, "at": 1708187990.341481}
{"obj": {"type": "AssignBool", "path": ["cls_summary", "all_params", "rf__bootstrap"], "value": true}, "version": 14, "at": 1708187990.341717}
{"obj": {"type": "AssignFloat", "path": ["cls_summary", "all_params", "rf__ccp_alpha"], "value": 0.0}, "version": 15, "at": 1708187990.3418298}
{"obj": {"type": "AssignString", "path": ["cls_summary", "all_params", "rf__class_weight"], "value": "None"}, "version": 16, "at": 1708187990.3419058}
{"obj": {"type": "AssignString", "path": ["cls_summary", "all_params", "rf__criterion"], "value": "gini"}, "version": 17, "at": 1708187990.341969}
{"obj": {"type": "AssignInt", "path": ["cls_summary", "all_params", "rf__max_depth"], "value": 20}, "version": 18, "at": 1708187990.342071}
{"obj": {"type": "AssignString", "path": ["cls_summary", "all_params", "rf__max_features"], "value": "sqrt"}, "version": 19, "at": 1708187990.342135}
{"obj": {"type": "AssignString", "path": ["cls_summary", "all_params", "rf__max_leaf_nodes"], "value": "None"}, "version": 20, "at": 1708187990.342229}
{"obj": {"type": "AssignString", "path": ["cls_summary", "all_params", "rf__max_samples"], "value": "None"}, "version": 21, "at": 1708187990.3423202}
{"obj": {"type": "AssignFloat", "path": ["cls_summary", "all_params", "rf__min_impurity_decrease"], "value": 0.0}, "version": 22, "at": 1708187990.342474}
{"obj": {"type": "AssignInt", "path": ["cls_summary", "all_params", "rf__min_samples_leaf"], "value": 1}, "version": 23, "at": 1708187990.342606}
{"obj": {"type": "AssignInt", "path": ["cls_summary", "all_params", "rf__min_samples_split"], "value": 2}, "version": 24, "at": 1708187990.342709}
{"obj": {"type": "AssignFloat", "path": ["cls_summary", "all_params", "rf__min_weight_fraction_leaf"], "value": 0.0}, "version": 25, "at": 1708187990.3427682}
{"obj": {"type": "AssignInt", "path": ["cls_summary", "all_params", "rf__n_estimators"], "value": 200}, "version": 26, "at": 1708187990.342825}
{"obj": {"type": "AssignString", "path": ["cls_summary", "all_params", "rf__n_jobs"], "value": "None"}, "version": 27, "at": 1708187990.342891}
{"obj": {"type": "AssignBool", "path": ["cls_summary", "all_params", "rf__oob_score"], "value": false}, "version": 28, "at": 1708187990.3429508}
{"obj": {"type": "AssignInt", "path": ["cls_summary", "all_params", "rf__random_state"], "value": 8}, "version": 29, "at": 1708187990.343006}
{"obj": {"type": "AssignInt", "path": ["cls_summary", "all_params", "rf__verbose"], "value": 0}, "version": 30, "at": 1708187990.343059}
{"obj": {"type": "AssignBool", "path": ["cls_summary", "all_params", "rf__warm_start"], "value": false}, "version": 31, "at": 1708187990.343113}
{"obj": {"type": "UploadFile", "path": ["cls_summary", "pickled_model"], "ext": "pkl", "file_path": null, "tmp_file_name": "cls_summary_pickled_model-1708187990.343176-2024-02-17_11.39.50.343176.pkl", "clean_after_upload": false}, "version": 32, "at": 1708187990.345571}
{"obj": {"type": "UploadFile", "path": ["cls_summary", "test", "preds"], "ext": "html", "file_path": null, "tmp_file_name": "cls_summary_test_preds-1708187990.345757-2024-02-17_11.39.50.345757.html", "clean_after_upload": false}, "version": 33, "at": 1708187990.34619}
{"obj": {"type": "UploadFile", "path": ["cls_summary", "test", "preds_proba"], "ext": "html", "file_path": null, "tmp_file_name": "cls_summary_test_preds_proba-1708187990.346412-2024-02-17_11.39.50.346412.html", "clean_after_upload": false}, "version": 34, "at": 1708187990.346766}
{"obj": {"type": "AssignFloat", "path": ["cls_summary", "test", "scores", "class_0", "precision"], "value": 0.9091710758377425}, "version": 35, "at": 1708187990.346973}
{"obj": {"type": "AssignFloat", "path": ["cls_summary", "test", "scores", "class_0", "recall"], "value": 0.857024106400665}, "version": 36, "at": 1708187990.3470552}
{"obj": {"type": "AssignFloat", "path": ["cls_summary", "test", "scores", "class_0", "fbeta_score"], "value": 0.8823277706461274}, "version": 37, "at": 1708187990.3471181}
{"obj": {"type": "AssignFloat", "path": ["cls_summary", "test", "scores", "class_0", "support"], "value": 1203.0}, "version": 38, "at": 1708187990.3471842}
{"obj": {"type": "AssignFloat", "path": ["cls_summary", "test", "scores", "class_1", "precision"], "value": 0.135678391959799}, "version": 39, "at": 1708187990.3472772}
{"obj": {"type": "AssignFloat", "path": ["cls_summary", "test", "scores", "class_1", "recall"], "value": 0.2076923076923077}, "version": 40, "at": 1708187990.347338}
{"obj": {"type": "AssignFloat", "path": ["cls_summary", "test", "scores", "class_1", "fbeta_score"], "value": 0.16413373860182373}, "version": 41, "at": 1708187990.347423}
{"obj": {"type": "AssignFloat", "path": ["cls_summary", "test", "scores", "class_1", "support"], "value": 130.0}, "version": 42, "at": 1708187990.3474822}
{"obj": {"type": "UploadFile", "path": ["cls_summary", "diagnostics_charts", "classification_report"], "ext": "png", "file_path": null, "tmp_file_name": "cls_summary_diagnostics_charts_classification_report-1708187990.347649-2024-02-17_11.39.50.347649.png", "clean_after_upload": false}, "version": 43, "at": 1708187990.348011}
{"obj": {"type": "UploadFile", "path": ["cls_summary", "diagnostics_charts", "confusion_matrix"], "ext": "png", "file_path": null, "tmp_file_name": "cls_summary_diagnostics_charts_confusion_matrix-1708187990.348137-2024-02-17_11.39.50.348137.png", "clean_after_upload": false}, "version": 44, "at": 1708187990.348512}
{"obj": {"type": "UploadFile", "path": ["cls_summary", "diagnostics_charts", "ROC_AUC"], "ext": "png", "file_path": null, "tmp_file_name": "cls_summary_diagnostics_charts_ROC_AUC-1708187990.3489-2024-02-17_11.39.50.348900.png", "clean_after_upload": false}, "version": 45, "at": 1708187990.34988}
{"obj": {"type": "UploadFile", "path": ["cls_summary", "diagnostics_charts", "precision_recall"], "ext": "png", "file_path": null, "tmp_file_name": "cls_summary_diagnostics_charts_precision_recall-1708187990.350161-2024-02-17_11.39.50.350161.png", "clean_after_upload": false}, "version": 46, "at": 1708187990.350823}
{"obj": {"type": "UploadFile", "path": ["cls_summary", "diagnostics_charts", "class_prediction_error"], "ext": "png", "file_path": null, "tmp_file_name": "cls_summary_diagnostics_charts_class_prediction_error-1708187990.351071-2024-02-17_11.39.50.351071.png", "clean_after_upload": false}, "version": 47, "at": 1708187990.351475}
{"obj": {"type": "AssignString", "path": ["cls_summary", "integration", "about", "neptune-sklearn"], "value": "2.1.0"}, "version": 48, "at": 1708187990.3516538}
{"obj": {"type": "AssignInt", "path": ["params", "rf__max_depth"], "value": 20}, "version": 49, "at": 1708187990.35264}
{"obj": {"type": "AssignInt", "path": ["params", "rf__min_samples_split"], "value": 2}, "version": 50, "at": 1708187990.3528771}
{"obj": {"type": "AssignInt", "path": ["params", "rf__n_estimators"], "value": 200}, "version": 51, "at": 1708187990.3529851}
{"obj": {"type": "UploadFile", "path": ["roc_curve"], "ext": "png", "file_path": "/Users/shehjarsadhu/Desktop/UniversityOfRhodeIsland/Graduate/WBL/Project_Q2Behave/GitQ2Bheave/q2behave_data_analysis/jupyternotebooks/roc_curve_class.png", "tmp_file_name": null, "clean_after_upload": false}, "version": 52, "at": 1708187993.9096189}
{"obj": {"type": "AssignFloat", "path": ["precision"], "value": 0.8337366805608237}, "version": 53, "at": 1708187994.0623}
{"obj": {"type": "AssignFloat", "path": ["recall"], "value": 0.7936984246061516}, "version": 54, "at": 1708187994.062845}
{"obj": {"type": "AssignFloat", "path": ["f1_score"], "value": 0.8122863421646874}, "version": 55, "at": 1708187994.062942}
{"obj": {"type": "AssignFloat", "path": ["mean_train_accuracy"], "value": 1.0}, "version": 56, "at": 1708187994.063023}
{"obj": {"type": "AssignFloat", "path": ["mean_test_accuracy"], "value": 0.8189300411522634}, "version": 57, "at": 1708187994.063099}
{"obj": {"type": "AssignFloat", "path": ["mean_sensitivity"], "value": 0.8353909465020576}, "version": 58, "at": 1708187994.0631711}
