{"obj": {"type": "AssignString", "path": ["sys", "name"], "value": "2-Foldtest_size_0.2_RF"}, "version": 1, "at": 1712081629.366282}
{"obj": {"type": "AssignString", "path": ["sys", "description"], "value": ""}, "version": 2, "at": 1712081629.3664992}
{"obj": {"type": "AssignString", "path": ["monitoring", "299d85ac", "hostname"], "value": "156.4.20.172.s.wireless.uri.edu"}, "version": 3, "at": 1712081629.366596}
{"obj": {"type": "AssignString", "path": ["sys", "hostname"], "value": "156.4.20.172.s.wireless.uri.edu"}, "version": 4, "at": 1712081629.366664}
{"obj": {"type": "AssignString", "path": ["monitoring", "299d85ac", "pid"], "value": "37603"}, "version": 5, "at": 1712081629.366729}
{"obj": {"type": "AssignString", "path": ["monitoring", "299d85ac", "tid"], "value": "140704701883968"}, "version": 6, "at": 1712081629.366792}
{"obj": {"type": "AssignBool", "path": ["sys", "failed"], "value": false}, "version": 7, "at": 1712081629.366838}
{"obj": {"type": "UploadFile", "path": ["data", "feature_table"], "ext": "html", "file_path": null, "tmp_file_name": "data_feature_table-1712081647.07169-2024-04-02_14.14.07.071690.html", "clean_after_upload": false}, "version": 8, "at": 1712081647.111649}
{"obj": {"type": "UploadFile", "path": ["data", "test_data"], "ext": "html", "file_path": null, "tmp_file_name": "data_test_data-1712081663.958892-2024-04-02_14.14.23.958892.html", "clean_after_upload": false}, "version": 9, "at": 1712081663.960138}
{"obj": {"type": "AssignString", "path": ["cls_summary", "all_params", "memory"], "value": "None"}, "version": 10, "at": 1712081664.754515}
{"obj": {"type": "AssignString", "path": ["cls_summary", "all_params", "steps"], "value": "[('rf', RandomForestClassifier(random_state=8))]"}, "version": 11, "at": 1712081664.7549849}
{"obj": {"type": "AssignBool", "path": ["cls_summary", "all_params", "verbose"], "value": false}, "version": 12, "at": 1712081664.755079}
{"obj": {"type": "AssignString", "path": ["cls_summary", "all_params", "rf"], "value": "RandomForestClassifier(random_state=8)"}, "version": 13, "at": 1712081664.755321}
{"obj": {"type": "AssignBool", "path": ["cls_summary", "all_params", "rf__bootstrap"], "value": true}, "version": 14, "at": 1712081664.755391}
{"obj": {"type": "AssignFloat", "path": ["cls_summary", "all_params", "rf__ccp_alpha"], "value": 0.0}, "version": 15, "at": 1712081664.755459}
{"obj": {"type": "AssignString", "path": ["cls_summary", "all_params", "rf__class_weight"], "value": "None"}, "version": 16, "at": 1712081664.7555258}
{"obj": {"type": "AssignString", "path": ["cls_summary", "all_params", "rf__criterion"], "value": "gini"}, "version": 17, "at": 1712081664.755587}
{"obj": {"type": "AssignString", "path": ["cls_summary", "all_params", "rf__max_depth"], "value": "None"}, "version": 18, "at": 1712081664.75565}
{"obj": {"type": "AssignString", "path": ["cls_summary", "all_params", "rf__max_features"], "value": "sqrt"}, "version": 19, "at": 1712081664.755708}
{"obj": {"type": "AssignString", "path": ["cls_summary", "all_params", "rf__max_leaf_nodes"], "value": "None"}, "version": 20, "at": 1712081664.755768}
{"obj": {"type": "AssignString", "path": ["cls_summary", "all_params", "rf__max_samples"], "value": "None"}, "version": 21, "at": 1712081664.75583}
{"obj": {"type": "AssignFloat", "path": ["cls_summary", "all_params", "rf__min_impurity_decrease"], "value": 0.0}, "version": 22, "at": 1712081664.7558851}
{"obj": {"type": "AssignInt", "path": ["cls_summary", "all_params", "rf__min_samples_leaf"], "value": 1}, "version": 23, "at": 1712081664.755947}
{"obj": {"type": "AssignInt", "path": ["cls_summary", "all_params", "rf__min_samples_split"], "value": 2}, "version": 24, "at": 1712081664.7560031}
{"obj": {"type": "AssignFloat", "path": ["cls_summary", "all_params", "rf__min_weight_fraction_leaf"], "value": 0.0}, "version": 25, "at": 1712081664.7560582}
{"obj": {"type": "AssignInt", "path": ["cls_summary", "all_params", "rf__n_estimators"], "value": 100}, "version": 26, "at": 1712081664.7561119}
{"obj": {"type": "AssignString", "path": ["cls_summary", "all_params", "rf__n_jobs"], "value": "None"}, "version": 27, "at": 1712081664.756174}
{"obj": {"type": "AssignBool", "path": ["cls_summary", "all_params", "rf__oob_score"], "value": false}, "version": 28, "at": 1712081664.7562292}
{"obj": {"type": "AssignInt", "path": ["cls_summary", "all_params", "rf__random_state"], "value": 8}, "version": 29, "at": 1712081664.756282}
{"obj": {"type": "AssignInt", "path": ["cls_summary", "all_params", "rf__verbose"], "value": 0}, "version": 30, "at": 1712081664.756334}
{"obj": {"type": "AssignBool", "path": ["cls_summary", "all_params", "rf__warm_start"], "value": false}, "version": 31, "at": 1712081664.756387}
{"obj": {"type": "UploadFile", "path": ["cls_summary", "pickled_model"], "ext": "pkl", "file_path": null, "tmp_file_name": "cls_summary_pickled_model-1712081664.756448-2024-04-02_14.14.24.756448.pkl", "clean_after_upload": false}, "version": 32, "at": 1712081664.7596831}
{"obj": {"type": "UploadFile", "path": ["cls_summary", "test", "preds"], "ext": "html", "file_path": null, "tmp_file_name": "cls_summary_test_preds-1712081664.759931-2024-04-02_14.14.24.759931.html", "clean_after_upload": false}, "version": 33, "at": 1712081664.7603478}
{"obj": {"type": "UploadFile", "path": ["cls_summary", "test", "preds_proba"], "ext": "html", "file_path": null, "tmp_file_name": "cls_summary_test_preds_proba-1712081664.760505-2024-04-02_14.14.24.760505.html", "clean_after_upload": false}, "version": 34, "at": 1712081664.7608142}
{"obj": {"type": "AssignFloat", "path": ["cls_summary", "test", "scores", "class_0", "precision"], "value": 0.8278688524590164}, "version": 35, "at": 1712081664.761002}
{"obj": {"type": "AssignFloat", "path": ["cls_summary", "test", "scores", "class_0", "recall"], "value": 0.9837662337662337}, "version": 36, "at": 1712081664.7610722}
{"obj": {"type": "AssignFloat", "path": ["cls_summary", "test", "scores", "class_0", "fbeta_score"], "value": 0.8991097922848665}, "version": 37, "at": 1712081664.761131}
{"obj": {"type": "AssignFloat", "path": ["cls_summary", "test", "scores", "class_0", "support"], "value": 308.0}, "version": 38, "at": 1712081664.7611961}
{"obj": {"type": "AssignFloat", "path": ["cls_summary", "test", "scores", "class_1", "precision"], "value": 0.9800796812749004}, "version": 39, "at": 1712081664.761287}
{"obj": {"type": "AssignFloat", "path": ["cls_summary", "test", "scores", "class_1", "recall"], "value": 0.7961165048543689}, "version": 40, "at": 1712081664.761346}
{"obj": {"type": "AssignFloat", "path": ["cls_summary", "test", "scores", "class_1", "fbeta_score"], "value": 0.8785714285714284}, "version": 41, "at": 1712081664.7614028}
{"obj": {"type": "AssignFloat", "path": ["cls_summary", "test", "scores", "class_1", "support"], "value": 309.0}, "version": 42, "at": 1712081664.76146}
{"obj": {"type": "UploadFile", "path": ["cls_summary", "diagnostics_charts", "classification_report"], "ext": "png", "file_path": null, "tmp_file_name": "cls_summary_diagnostics_charts_classification_report-1712081664.761546-2024-04-02_14.14.24.761546.png", "clean_after_upload": false}, "version": 43, "at": 1712081664.7617679}
{"obj": {"type": "UploadFile", "path": ["cls_summary", "diagnostics_charts", "confusion_matrix"], "ext": "png", "file_path": null, "tmp_file_name": "cls_summary_diagnostics_charts_confusion_matrix-1712081664.76184-2024-04-02_14.14.24.761840.png", "clean_after_upload": false}, "version": 44, "at": 1712081664.762023}
{"obj": {"type": "UploadFile", "path": ["cls_summary", "diagnostics_charts", "ROC_AUC"], "ext": "png", "file_path": null, "tmp_file_name": "cls_summary_diagnostics_charts_ROC_AUC-1712081664.762091-2024-04-02_14.14.24.762091.png", "clean_after_upload": false}, "version": 45, "at": 1712081664.762325}
{"obj": {"type": "UploadFile", "path": ["cls_summary", "diagnostics_charts", "precision_recall"], "ext": "png", "file_path": null, "tmp_file_name": "cls_summary_diagnostics_charts_precision_recall-1712081664.762397-2024-04-02_14.14.24.762397.png", "clean_after_upload": false}, "version": 46, "at": 1712081664.7626681}
{"obj": {"type": "UploadFile", "path": ["cls_summary", "diagnostics_charts", "class_prediction_error"], "ext": "png", "file_path": null, "tmp_file_name": "cls_summary_diagnostics_charts_class_prediction_error-1712081664.762738-2024-04-02_14.14.24.762738.png", "clean_after_upload": false}, "version": 47, "at": 1712081664.762926}
{"obj": {"type": "AssignString", "path": ["cls_summary", "integration", "about", "neptune-sklearn"], "value": "2.1.0"}, "version": 48, "at": 1712081664.7630231}
{"obj": {"type": "AssignInt", "path": ["params", "rf__min_samples_split"], "value": 2}, "version": 49, "at": 1712081664.7637289}
{"obj": {"type": "AssignInt", "path": ["params", "rf__n_estimators"], "value": 100}, "version": 50, "at": 1712081664.763807}
{"obj": {"type": "UploadFile", "path": ["feature_importance"], "ext": "png", "file_path": "/Users/shehjarsadhu/Desktop/UniversityOfRhodeIsland/Graduate/WBL/Project_Q2Behave/GitQ2Bheave/q2behave_data_analysis/jupyternotebooks/ML_Toolbox/feature_importance.png", "tmp_file_name": null, "clean_after_upload": false}, "version": 51, "at": 1712081705.2335029}
{"obj": {"type": "UploadFile", "path": ["roc_curve"], "ext": "png", "file_path": "/Users/shehjarsadhu/Desktop/UniversityOfRhodeIsland/Graduate/WBL/Project_Q2Behave/GitQ2Bheave/q2behave_data_analysis/jupyternotebooks/ML_Toolbox/roc_curve_class.png", "tmp_file_name": null, "clean_after_upload": false}, "version": 52, "at": 1712081705.343065}
{"obj": {"type": "AssignFloat", "path": ["precision"], "value": 0.9040976143781544}, "version": 53, "at": 1712081705.7465549}
{"obj": {"type": "AssignFloat", "path": ["recall"], "value": 0.8897893030794165}, "version": 54, "at": 1712081705.747118}
{"obj": {"type": "AssignFloat", "path": ["f1_score"], "value": 0.8888239666974235}, "version": 55, "at": 1712081705.747216}
{"obj": {"type": "AssignFloat", "path": ["mean_train_accuracy"], "value": 0.9987021414665802}, "version": 56, "at": 1712081705.747299}
{"obj": {"type": "AssignFloat", "path": ["mean_test_accuracy"], "value": 0.935756002595717}, "version": 57, "at": 1712081705.7473762}
{"obj": {"type": "AssignFloat", "path": ["mean_sensitivity"], "value": 0.9104443546077787}, "version": 58, "at": 1712081705.747454}
