{"obj": {"type": "AssignString", "path": ["sys", "name"], "value": "2-Foldtest_size_0.2_DT"}, "version": 1, "at": 1712858141.3219461}
{"obj": {"type": "AssignString", "path": ["sys", "description"], "value": ""}, "version": 2, "at": 1712858141.322376}
{"obj": {"type": "AssignString", "path": ["monitoring", "2878b94e", "hostname"], "value": "156.4.20.172.s.wireless.uri.edu"}, "version": 3, "at": 1712858141.322616}
{"obj": {"type": "AssignString", "path": ["sys", "hostname"], "value": "156.4.20.172.s.wireless.uri.edu"}, "version": 4, "at": 1712858141.322746}
{"obj": {"type": "AssignString", "path": ["monitoring", "2878b94e", "pid"], "value": "5257"}, "version": 5, "at": 1712858141.322927}
{"obj": {"type": "AssignString", "path": ["monitoring", "2878b94e", "tid"], "value": "140704433595968"}, "version": 6, "at": 1712858141.323241}
{"obj": {"type": "AssignBool", "path": ["sys", "failed"], "value": false}, "version": 7, "at": 1712858141.323402}
{"obj": {"type": "AssignString", "path": ["pid"], "value": "none"}, "version": 8, "at": 1712858141.3350558}
{"obj": {"type": "UploadFile", "path": ["data", "feature_table"], "ext": "html", "file_path": null, "tmp_file_name": "data_feature_table-1712858163.859667-2024-04-11_13.56.03.859667.html", "clean_after_upload": false}, "version": 9, "at": 1712858163.90156}
{"obj": {"type": "AssignString", "path": ["original"], "value": "type\n0    29981\n1     5543\nName: count, dtype: int64"}, "version": 10, "at": 1712858163.9077828}
{"obj": {"type": "AssignString", "path": ["train_samples_undersampled"], "value": "type\n0    5543\n1    5543\nName: count, dtype: int64"}, "version": 11, "at": 1712858163.908928}
{"obj": {"type": "AssignString", "path": ["test_samples_undersampled"], "value": "type\n0    1109\n1    1109\nName: count, dtype: int64"}, "version": 12, "at": 1712858163.9094982}
{"obj": {"type": "AssignString", "path": ["tag"], "value": "Clus"}, "version": 13, "at": 1712858163.9095879}
{"obj": {"type": "UploadFile", "path": ["data", "test_data"], "ext": "html", "file_path": null, "tmp_file_name": "data_test_data-1712858175.555232-2024-04-11_13.56.15.555232.html", "clean_after_upload": false}, "version": 14, "at": 1712858175.582679}
{"obj": {"type": "AssignString", "path": ["cls_summary", "all_params", "memory"], "value": "None"}, "version": 15, "at": 1712858176.5826108}
{"obj": {"type": "AssignString", "path": ["cls_summary", "all_params", "steps"], "value": "[('dt', DecisionTreeClassifier(max_depth=10, min_samples_split=5, random_state=8))]"}, "version": 16, "at": 1712858176.584011}
{"obj": {"type": "AssignBool", "path": ["cls_summary", "all_params", "verbose"], "value": false}, "version": 17, "at": 1712858176.5841742}
{"obj": {"type": "AssignString", "path": ["cls_summary", "all_params", "dt"], "value": "DecisionTreeClassifier(max_depth=10, min_samples_split=5, random_state=8)"}, "version": 18, "at": 1712858176.58448}
{"obj": {"type": "AssignFloat", "path": ["cls_summary", "all_params", "dt__ccp_alpha"], "value": 0.0}, "version": 19, "at": 1712858176.584567}
{"obj": {"type": "AssignString", "path": ["cls_summary", "all_params", "dt__class_weight"], "value": "None"}, "version": 20, "at": 1712858176.584645}
{"obj": {"type": "AssignString", "path": ["cls_summary", "all_params", "dt__criterion"], "value": "gini"}, "version": 21, "at": 1712858176.5847082}
{"obj": {"type": "AssignInt", "path": ["cls_summary", "all_params", "dt__max_depth"], "value": 10}, "version": 22, "at": 1712858176.584775}
{"obj": {"type": "AssignString", "path": ["cls_summary", "all_params", "dt__max_features"], "value": "None"}, "version": 23, "at": 1712858176.584841}
{"obj": {"type": "AssignString", "path": ["cls_summary", "all_params", "dt__max_leaf_nodes"], "value": "None"}, "version": 24, "at": 1712858176.5849018}
{"obj": {"type": "AssignFloat", "path": ["cls_summary", "all_params", "dt__min_impurity_decrease"], "value": 0.0}, "version": 25, "at": 1712858176.58496}
{"obj": {"type": "AssignInt", "path": ["cls_summary", "all_params", "dt__min_samples_leaf"], "value": 1}, "version": 26, "at": 1712858176.585016}
{"obj": {"type": "AssignInt", "path": ["cls_summary", "all_params", "dt__min_samples_split"], "value": 5}, "version": 27, "at": 1712858176.5850701}
{"obj": {"type": "AssignFloat", "path": ["cls_summary", "all_params", "dt__min_weight_fraction_leaf"], "value": 0.0}, "version": 28, "at": 1712858176.5851321}
{"obj": {"type": "AssignInt", "path": ["cls_summary", "all_params", "dt__random_state"], "value": 8}, "version": 29, "at": 1712858176.585216}
{"obj": {"type": "AssignString", "path": ["cls_summary", "all_params", "dt__splitter"], "value": "best"}, "version": 30, "at": 1712858176.585288}
{"obj": {"type": "UploadFile", "path": ["cls_summary", "pickled_model"], "ext": "pkl", "file_path": null, "tmp_file_name": "cls_summary_pickled_model-1712858176.585353-2024-04-11_13.56.16.585353.pkl", "clean_after_upload": false}, "version": 31, "at": 1712858176.585742}
{"obj": {"type": "UploadFile", "path": ["cls_summary", "test", "preds"], "ext": "html", "file_path": null, "tmp_file_name": "cls_summary_test_preds-1712858176.585914-2024-04-11_13.56.16.585914.html", "clean_after_upload": false}, "version": 32, "at": 1712858176.586184}
{"obj": {"type": "UploadFile", "path": ["cls_summary", "test", "preds_proba"], "ext": "html", "file_path": null, "tmp_file_name": "cls_summary_test_preds_proba-1712858176.586262-2024-04-11_13.56.16.586262.html", "clean_after_upload": false}, "version": 33, "at": 1712858176.586543}
{"obj": {"type": "AssignFloat", "path": ["cls_summary", "test", "scores", "class_0", "precision"], "value": 0.7743132887899035}, "version": 34, "at": 1712858176.5867589}
{"obj": {"type": "AssignFloat", "path": ["cls_summary", "test", "scores", "class_0", "recall"], "value": 0.9404869251577999}, "version": 35, "at": 1712858176.586828}
{"obj": {"type": "AssignFloat", "path": ["cls_summary", "test", "scores", "class_0", "fbeta_score"], "value": 0.8493485342019543}, "version": 36, "at": 1712858176.586889}
{"obj": {"type": "AssignFloat", "path": ["cls_summary", "test", "scores", "class_0", "support"], "value": 1109.0}, "version": 37, "at": 1712858176.586951}
{"obj": {"type": "AssignFloat", "path": ["cls_summary", "test", "scores", "class_1", "precision"], "value": 0.9242250287026407}, "version": 38, "at": 1712858176.58705}
{"obj": {"type": "AssignFloat", "path": ["cls_summary", "test", "scores", "class_1", "recall"], "value": 0.7258791704238052}, "version": 39, "at": 1712858176.587111}
{"obj": {"type": "AssignFloat", "path": ["cls_summary", "test", "scores", "class_1", "fbeta_score"], "value": 0.8131313131313131}, "version": 40, "at": 1712858176.587168}
{"obj": {"type": "AssignFloat", "path": ["cls_summary", "test", "scores", "class_1", "support"], "value": 1109.0}, "version": 41, "at": 1712858176.5872252}
{"obj": {"type": "UploadFile", "path": ["cls_summary", "diagnostics_charts", "classification_report"], "ext": "png", "file_path": null, "tmp_file_name": "cls_summary_diagnostics_charts_classification_report-1712858176.58731-2024-04-11_13.56.16.587310.png", "clean_after_upload": false}, "version": 42, "at": 1712858176.5875452}
{"obj": {"type": "UploadFile", "path": ["cls_summary", "diagnostics_charts", "confusion_matrix"], "ext": "png", "file_path": null, "tmp_file_name": "cls_summary_diagnostics_charts_confusion_matrix-1712858176.587673-2024-04-11_13.56.16.587673.png", "clean_after_upload": false}, "version": 43, "at": 1712858176.5879622}
{"obj": {"type": "UploadFile", "path": ["cls_summary", "diagnostics_charts", "ROC_AUC"], "ext": "png", "file_path": null, "tmp_file_name": "cls_summary_diagnostics_charts_ROC_AUC-1712858176.588046-2024-04-11_13.56.16.588046.png", "clean_after_upload": false}, "version": 44, "at": 1712858176.5883331}
{"obj": {"type": "UploadFile", "path": ["cls_summary", "diagnostics_charts", "precision_recall"], "ext": "png", "file_path": null, "tmp_file_name": "cls_summary_diagnostics_charts_precision_recall-1712858176.588407-2024-04-11_13.56.16.588407.png", "clean_after_upload": false}, "version": 45, "at": 1712858176.588672}
{"obj": {"type": "UploadFile", "path": ["cls_summary", "diagnostics_charts", "class_prediction_error"], "ext": "png", "file_path": null, "tmp_file_name": "cls_summary_diagnostics_charts_class_prediction_error-1712858176.588742-2024-04-11_13.56.16.588742.png", "clean_after_upload": false}, "version": 46, "at": 1712858176.5889611}
{"obj": {"type": "AssignString", "path": ["cls_summary", "integration", "about", "neptune-sklearn"], "value": "2.1.0"}, "version": 47, "at": 1712858176.589066}
{"obj": {"type": "AssignInt", "path": ["params", "dt__max_depth"], "value": 10}, "version": 48, "at": 1712858176.5895941}
{"obj": {"type": "AssignInt", "path": ["params", "dt__min_samples_split"], "value": 5}, "version": 49, "at": 1712858176.5896661}
{"obj": {"type": "AssignString", "path": ["loss"], "value": "0.18211902614968442"}, "version": 50, "at": 1712858258.528388}
{"obj": {"type": "AssignFloat", "path": ["bias"], "value": 0.12894499549143373}, "version": 51, "at": 1712858258.5285661}
{"obj": {"type": "AssignFloat", "path": ["variance"], "value": 0.10849864743011724}, "version": 52, "at": 1712858258.528637}
{"obj": {"type": "UploadFile", "path": ["data", "feature_importance"], "ext": "html", "file_path": null, "tmp_file_name": "data_feature_importance-1712858263.780512-2024-04-11_13.57.43.780512.html", "clean_after_upload": false}, "version": 53, "at": 1712858263.7809238}
{"obj": {"type": "UploadFile", "path": ["feature_importance"], "ext": "png", "file_path": "/Users/shehjarsadhu/Desktop/UniversityOfRhodeIsland/Graduate/WBL/Project_Q2Behave/GitQ2Bheave/q2behave_data_analysis/jupyternotebooks/ML_Toolbox/feature_importance.png", "tmp_file_name": null, "clean_after_upload": false}, "version": 54, "at": 1712858263.878782}
{"obj": {"type": "UploadFile", "path": ["roc_curve"], "ext": "png", "file_path": "/Users/shehjarsadhu/Desktop/UniversityOfRhodeIsland/Graduate/WBL/Project_Q2Behave/GitQ2Bheave/q2behave_data_analysis/jupyternotebooks/ML_Toolbox/roc_curve_class.png", "tmp_file_name": null, "clean_after_upload": false}, "version": 55, "at": 1712858263.983271}
{"obj": {"type": "AssignFloat", "path": ["precision"], "value": 0.8492691587462721}, "version": 56, "at": 1712858264.188735}
{"obj": {"type": "AssignFloat", "path": ["recall"], "value": 0.8331830477908025}, "version": 57, "at": 1712858264.1889129}
{"obj": {"type": "AssignFloat", "path": ["f1_score"], "value": 0.8312399236666338}, "version": 58, "at": 1712858264.188985}
{"obj": {"type": "AssignFloat", "path": ["mean_train_accuracy"], "value": 0.9309038426844669}, "version": 59, "at": 1712858264.189055}
{"obj": {"type": "AssignFloat", "path": ["mean_test_accuracy"], "value": 0.8391665163268989}, "version": 60, "at": 1712858264.189122}
{"obj": {"type": "AssignFloat", "path": ["mean_sensitivity"], "value": 0.7824260025631371}, "version": 61, "at": 1712858264.189188}
