{"obj": {"type": "AssignString", "path": ["sys", "name"], "value": "3-Foldtest_size_0.2_RF"}, "version": 1, "at": 1712108040.378434}
{"obj": {"type": "AssignString", "path": ["sys", "description"], "value": ""}, "version": 2, "at": 1712108040.378897}
{"obj": {"type": "AssignString", "path": ["monitoring", "84ccd307", "hostname"], "value": "156.4.20.172.s.wireless.uri.edu"}, "version": 3, "at": 1712108040.379128}
{"obj": {"type": "AssignString", "path": ["sys", "hostname"], "value": "156.4.20.172.s.wireless.uri.edu"}, "version": 4, "at": 1712108040.379311}
{"obj": {"type": "AssignString", "path": ["monitoring", "84ccd307", "pid"], "value": "51560"}, "version": 5, "at": 1712108040.379477}
{"obj": {"type": "AssignString", "path": ["monitoring", "84ccd307", "tid"], "value": "140704701883968"}, "version": 6, "at": 1712108040.3796391}
{"obj": {"type": "AssignBool", "path": ["sys", "failed"], "value": false}, "version": 7, "at": 1712108040.379754}
{"obj": {"type": "AssignString", "path": ["pid"], "value": "P5"}, "version": 8, "at": 1712108040.389951}
{"obj": {"type": "UploadFile", "path": ["data", "feature_table"], "ext": "html", "file_path": null, "tmp_file_name": "data_feature_table-1712108041.03461-2024-04-02_21.34.01.034610.html", "clean_after_upload": false}, "version": 9, "at": 1712108041.03602}
{"obj": {"type": "AssignString", "path": ["original"], "value": "type\n0    1240\n1      44\nName: count, dtype: int64"}, "version": 10, "at": 1712108041.036902}
{"obj": {"type": "AssignString", "path": ["train_samples_undersampled"], "value": "type\n0    44\n1    44\nName: count, dtype: int64"}, "version": 11, "at": 1712108041.0378518}
{"obj": {"type": "AssignString", "path": ["test_samples_undersampled"], "value": "type\n1    9\n0    9\nName: count, dtype: int64"}, "version": 12, "at": 1712108041.038354}
{"obj": {"type": "UploadFile", "path": ["data", "test_data"], "ext": "html", "file_path": null, "tmp_file_name": "data_test_data-1712108046.745672-2024-04-02_21.34.06.745672.html", "clean_after_upload": false}, "version": 13, "at": 1712108046.746071}
{"obj": {"type": "AssignString", "path": ["cls_summary", "all_params", "memory"], "value": "None"}, "version": 14, "at": 1712108047.412283}
{"obj": {"type": "AssignString", "path": ["cls_summary", "all_params", "steps"], "value": "[('rf', RandomForestClassifier(random_state=8))]"}, "version": 15, "at": 1712108047.4126341}
{"obj": {"type": "AssignBool", "path": ["cls_summary", "all_params", "verbose"], "value": false}, "version": 16, "at": 1712108047.412717}
{"obj": {"type": "AssignString", "path": ["cls_summary", "all_params", "rf"], "value": "RandomForestClassifier(random_state=8)"}, "version": 17, "at": 1712108047.412929}
{"obj": {"type": "AssignBool", "path": ["cls_summary", "all_params", "rf__bootstrap"], "value": true}, "version": 18, "at": 1712108047.4129941}
{"obj": {"type": "AssignFloat", "path": ["cls_summary", "all_params", "rf__ccp_alpha"], "value": 0.0}, "version": 19, "at": 1712108047.413056}
{"obj": {"type": "AssignString", "path": ["cls_summary", "all_params", "rf__class_weight"], "value": "None"}, "version": 20, "at": 1712108047.413119}
{"obj": {"type": "AssignString", "path": ["cls_summary", "all_params", "rf__criterion"], "value": "gini"}, "version": 21, "at": 1712108047.413174}
{"obj": {"type": "AssignString", "path": ["cls_summary", "all_params", "rf__max_depth"], "value": "None"}, "version": 22, "at": 1712108047.413232}
{"obj": {"type": "AssignString", "path": ["cls_summary", "all_params", "rf__max_features"], "value": "sqrt"}, "version": 23, "at": 1712108047.413286}
{"obj": {"type": "AssignString", "path": ["cls_summary", "all_params", "rf__max_leaf_nodes"], "value": "None"}, "version": 24, "at": 1712108047.413341}
{"obj": {"type": "AssignString", "path": ["cls_summary", "all_params", "rf__max_samples"], "value": "None"}, "version": 25, "at": 1712108047.413396}
{"obj": {"type": "AssignFloat", "path": ["cls_summary", "all_params", "rf__min_impurity_decrease"], "value": 0.0}, "version": 26, "at": 1712108047.4134479}
{"obj": {"type": "AssignInt", "path": ["cls_summary", "all_params", "rf__min_samples_leaf"], "value": 1}, "version": 27, "at": 1712108047.413504}
{"obj": {"type": "AssignInt", "path": ["cls_summary", "all_params", "rf__min_samples_split"], "value": 2}, "version": 28, "at": 1712108047.4135559}
{"obj": {"type": "AssignFloat", "path": ["cls_summary", "all_params", "rf__min_weight_fraction_leaf"], "value": 0.0}, "version": 29, "at": 1712108047.413606}
{"obj": {"type": "AssignInt", "path": ["cls_summary", "all_params", "rf__n_estimators"], "value": 100}, "version": 30, "at": 1712108047.413656}
{"obj": {"type": "AssignString", "path": ["cls_summary", "all_params", "rf__n_jobs"], "value": "None"}, "version": 31, "at": 1712108047.413711}
{"obj": {"type": "AssignBool", "path": ["cls_summary", "all_params", "rf__oob_score"], "value": false}, "version": 32, "at": 1712108047.413762}
{"obj": {"type": "AssignInt", "path": ["cls_summary", "all_params", "rf__random_state"], "value": 8}, "version": 33, "at": 1712108047.413811}
{"obj": {"type": "AssignInt", "path": ["cls_summary", "all_params", "rf__verbose"], "value": 0}, "version": 34, "at": 1712108047.4138591}
{"obj": {"type": "AssignBool", "path": ["cls_summary", "all_params", "rf__warm_start"], "value": false}, "version": 35, "at": 1712108047.413907}
{"obj": {"type": "UploadFile", "path": ["cls_summary", "pickled_model"], "ext": "pkl", "file_path": null, "tmp_file_name": "cls_summary_pickled_model-1712108047.413966-2024-04-02_21.34.07.413966.pkl", "clean_after_upload": false}, "version": 36, "at": 1712108047.415232}
{"obj": {"type": "UploadFile", "path": ["cls_summary", "test", "preds"], "ext": "html", "file_path": null, "tmp_file_name": "cls_summary_test_preds-1712108047.415405-2024-04-02_21.34.07.415405.html", "clean_after_upload": false}, "version": 37, "at": 1712108047.415641}
{"obj": {"type": "UploadFile", "path": ["cls_summary", "test", "preds_proba"], "ext": "html", "file_path": null, "tmp_file_name": "cls_summary_test_preds_proba-1712108047.415727-2024-04-02_21.34.07.415727.html", "clean_after_upload": false}, "version": 38, "at": 1712108047.4159229}
{"obj": {"type": "AssignFloat", "path": ["cls_summary", "test", "scores", "class_0", "precision"], "value": 1.0}, "version": 39, "at": 1712108047.416109}
{"obj": {"type": "AssignFloat", "path": ["cls_summary", "test", "scores", "class_0", "recall"], "value": 1.0}, "version": 40, "at": 1712108047.416169}
{"obj": {"type": "AssignFloat", "path": ["cls_summary", "test", "scores", "class_0", "fbeta_score"], "value": 1.0}, "version": 41, "at": 1712108047.416259}
{"obj": {"type": "AssignFloat", "path": ["cls_summary", "test", "scores", "class_0", "support"], "value": 9.0}, "version": 42, "at": 1712108047.4163451}
{"obj": {"type": "AssignFloat", "path": ["cls_summary", "test", "scores", "class_1", "precision"], "value": 1.0}, "version": 43, "at": 1712108047.416425}
{"obj": {"type": "AssignFloat", "path": ["cls_summary", "test", "scores", "class_1", "recall"], "value": 1.0}, "version": 44, "at": 1712108047.4164789}
{"obj": {"type": "AssignFloat", "path": ["cls_summary", "test", "scores", "class_1", "fbeta_score"], "value": 1.0}, "version": 45, "at": 1712108047.4165308}
{"obj": {"type": "AssignFloat", "path": ["cls_summary", "test", "scores", "class_1", "support"], "value": 9.0}, "version": 46, "at": 1712108047.4165819}
{"obj": {"type": "UploadFile", "path": ["cls_summary", "diagnostics_charts", "classification_report"], "ext": "png", "file_path": null, "tmp_file_name": "cls_summary_diagnostics_charts_classification_report-1712108047.416741-2024-04-02_21.34.07.416741.png", "clean_after_upload": false}, "version": 47, "at": 1712108047.416936}
{"obj": {"type": "UploadFile", "path": ["cls_summary", "diagnostics_charts", "confusion_matrix"], "ext": "png", "file_path": null, "tmp_file_name": "cls_summary_diagnostics_charts_confusion_matrix-1712108047.417004-2024-04-02_21.34.07.417004.png", "clean_after_upload": false}, "version": 48, "at": 1712108047.417257}
{"obj": {"type": "UploadFile", "path": ["cls_summary", "diagnostics_charts", "ROC_AUC"], "ext": "png", "file_path": null, "tmp_file_name": "cls_summary_diagnostics_charts_ROC_AUC-1712108047.417322-2024-04-02_21.34.07.417322.png", "clean_after_upload": false}, "version": 49, "at": 1712108047.417641}
{"obj": {"type": "UploadFile", "path": ["cls_summary", "diagnostics_charts", "precision_recall"], "ext": "png", "file_path": null, "tmp_file_name": "cls_summary_diagnostics_charts_precision_recall-1712108047.417721-2024-04-02_21.34.07.417721.png", "clean_after_upload": false}, "version": 50, "at": 1712108047.417967}
{"obj": {"type": "UploadFile", "path": ["cls_summary", "diagnostics_charts", "class_prediction_error"], "ext": "png", "file_path": null, "tmp_file_name": "cls_summary_diagnostics_charts_class_prediction_error-1712108047.418047-2024-04-02_21.34.07.418047.png", "clean_after_upload": false}, "version": 51, "at": 1712108047.418476}
{"obj": {"type": "AssignString", "path": ["cls_summary", "integration", "about", "neptune-sklearn"], "value": "2.1.0"}, "version": 52, "at": 1712108047.418678}
{"obj": {"type": "AssignInt", "path": ["params", "rf__min_samples_split"], "value": 2}, "version": 53, "at": 1712108047.418855}
{"obj": {"type": "AssignInt", "path": ["params", "rf__n_estimators"], "value": 100}, "version": 54, "at": 1712108047.418923}
{"obj": {"type": "UploadFile", "path": ["data", "feature_importance"], "ext": "html", "file_path": null, "tmp_file_name": "data_feature_importance-1712108056.013074-2024-04-02_21.34.16.013074.html", "clean_after_upload": false}, "version": 55, "at": 1712108056.0140202}
{"obj": {"type": "UploadFile", "path": ["feature_importance"], "ext": "png", "file_path": "/Users/shehjarsadhu/Desktop/UniversityOfRhodeIsland/Graduate/WBL/Project_Q2Behave/GitQ2Bheave/q2behave_data_analysis/jupyternotebooks/ML_Toolbox/feature_importance.png", "tmp_file_name": null, "clean_after_upload": false}, "version": 56, "at": 1712108056.105213}
{"obj": {"type": "UploadFile", "path": ["roc_curve"], "ext": "png", "file_path": "/Users/shehjarsadhu/Desktop/UniversityOfRhodeIsland/Graduate/WBL/Project_Q2Behave/GitQ2Bheave/q2behave_data_analysis/jupyternotebooks/ML_Toolbox/roc_curve_class.png", "tmp_file_name": null, "clean_after_upload": false}, "version": 57, "at": 1712108056.214357}
{"obj": {"type": "AssignFloat", "path": ["precision"], "value": 1.0}, "version": 58, "at": 1712108056.44155}
{"obj": {"type": "AssignFloat", "path": ["recall"], "value": 1.0}, "version": 59, "at": 1712108056.4420102}
{"obj": {"type": "AssignFloat", "path": ["f1_score"], "value": 1.0}, "version": 60, "at": 1712108056.442497}
{"obj": {"type": "AssignFloat", "path": ["mean_train_accuracy"], "value": 1.0}, "version": 61, "at": 1712108056.4426088}
{"obj": {"type": "AssignFloat", "path": ["mean_test_accuracy"], "value": 0.8524904214559387}, "version": 62, "at": 1712108056.442687}
{"obj": {"type": "AssignFloat", "path": ["mean_sensitivity"], "value": 0.7714285714285714}, "version": 63, "at": 1712108056.442764}
