{"obj": {"type": "AssignString", "path": ["sys", "name"], "value": "2-Foldtest_size_0.2_RF"}, "version": 1, "at": 1712107495.889632}
{"obj": {"type": "AssignString", "path": ["sys", "description"], "value": ""}, "version": 2, "at": 1712107495.889992}
{"obj": {"type": "AssignString", "path": ["monitoring", "84ccd307", "hostname"], "value": "156.4.20.172.s.wireless.uri.edu"}, "version": 3, "at": 1712107495.89022}
{"obj": {"type": "AssignString", "path": ["sys", "hostname"], "value": "156.4.20.172.s.wireless.uri.edu"}, "version": 4, "at": 1712107495.890392}
{"obj": {"type": "AssignString", "path": ["monitoring", "84ccd307", "pid"], "value": "51560"}, "version": 5, "at": 1712107495.89057}
{"obj": {"type": "AssignString", "path": ["monitoring", "84ccd307", "tid"], "value": "140704701883968"}, "version": 6, "at": 1712107495.890773}
{"obj": {"type": "AssignBool", "path": ["sys", "failed"], "value": false}, "version": 7, "at": 1712107495.8909178}
{"obj": {"type": "AssignString", "path": ["pid"], "value": "P7"}, "version": 8, "at": 1712107495.899696}
{"obj": {"type": "UploadFile", "path": ["data", "feature_table"], "ext": "html", "file_path": null, "tmp_file_name": "data_feature_table-1712107496.780255-2024-04-02_21.24.56.780255.html", "clean_after_upload": false}, "version": 9, "at": 1712107496.783017}
{"obj": {"type": "AssignString", "path": ["original"], "value": "type\n0    1568\n1     142\nName: count, dtype: int64"}, "version": 10, "at": 1712107496.7843251}
{"obj": {"type": "AssignString", "path": ["train_samples_undersampled"], "value": "type\n0    142\n1    142\nName: count, dtype: int64"}, "version": 11, "at": 1712107496.784787}
{"obj": {"type": "AssignString", "path": ["test_samples_undersampled"], "value": "type\n1    29\n0    28\nName: count, dtype: int64"}, "version": 12, "at": 1712107496.78514}
{"obj": {"type": "UploadFile", "path": ["data", "test_data"], "ext": "html", "file_path": null, "tmp_file_name": "data_test_data-1712107502.32711-2024-04-02_21.25.02.327110.html", "clean_after_upload": false}, "version": 13, "at": 1712107502.3275049}
{"obj": {"type": "AssignString", "path": ["cls_summary", "all_params", "memory"], "value": "None"}, "version": 14, "at": 1712107503.1970198}
{"obj": {"type": "AssignString", "path": ["cls_summary", "all_params", "steps"], "value": "[('rf', RandomForestClassifier(n_estimators=200, random_state=8))]"}, "version": 15, "at": 1712107503.197917}
{"obj": {"type": "AssignBool", "path": ["cls_summary", "all_params", "verbose"], "value": false}, "version": 16, "at": 1712107503.198256}
{"obj": {"type": "AssignString", "path": ["cls_summary", "all_params", "rf"], "value": "RandomForestClassifier(n_estimators=200, random_state=8)"}, "version": 17, "at": 1712107503.198873}
{"obj": {"type": "AssignBool", "path": ["cls_summary", "all_params", "rf__bootstrap"], "value": true}, "version": 18, "at": 1712107503.199054}
{"obj": {"type": "AssignFloat", "path": ["cls_summary", "all_params", "rf__ccp_alpha"], "value": 0.0}, "version": 19, "at": 1712107503.199139}
{"obj": {"type": "AssignString", "path": ["cls_summary", "all_params", "rf__class_weight"], "value": "None"}, "version": 20, "at": 1712107503.199222}
{"obj": {"type": "AssignString", "path": ["cls_summary", "all_params", "rf__criterion"], "value": "gini"}, "version": 21, "at": 1712107503.199292}
{"obj": {"type": "AssignString", "path": ["cls_summary", "all_params", "rf__max_depth"], "value": "None"}, "version": 22, "at": 1712107503.199382}
{"obj": {"type": "AssignString", "path": ["cls_summary", "all_params", "rf__max_features"], "value": "sqrt"}, "version": 23, "at": 1712107503.199442}
{"obj": {"type": "AssignString", "path": ["cls_summary", "all_params", "rf__max_leaf_nodes"], "value": "None"}, "version": 24, "at": 1712107503.1995049}
{"obj": {"type": "AssignString", "path": ["cls_summary", "all_params", "rf__max_samples"], "value": "None"}, "version": 25, "at": 1712107503.1995788}
{"obj": {"type": "AssignFloat", "path": ["cls_summary", "all_params", "rf__min_impurity_decrease"], "value": 0.0}, "version": 26, "at": 1712107503.199816}
{"obj": {"type": "AssignInt", "path": ["cls_summary", "all_params", "rf__min_samples_leaf"], "value": 1}, "version": 27, "at": 1712107503.199939}
{"obj": {"type": "AssignInt", "path": ["cls_summary", "all_params", "rf__min_samples_split"], "value": 2}, "version": 28, "at": 1712107503.200002}
{"obj": {"type": "AssignFloat", "path": ["cls_summary", "all_params", "rf__min_weight_fraction_leaf"], "value": 0.0}, "version": 29, "at": 1712107503.2000582}
{"obj": {"type": "AssignInt", "path": ["cls_summary", "all_params", "rf__n_estimators"], "value": 200}, "version": 30, "at": 1712107503.2001128}
{"obj": {"type": "AssignString", "path": ["cls_summary", "all_params", "rf__n_jobs"], "value": "None"}, "version": 31, "at": 1712107503.2001789}
{"obj": {"type": "AssignBool", "path": ["cls_summary", "all_params", "rf__oob_score"], "value": false}, "version": 32, "at": 1712107503.200238}
{"obj": {"type": "AssignInt", "path": ["cls_summary", "all_params", "rf__random_state"], "value": 8}, "version": 33, "at": 1712107503.200292}
{"obj": {"type": "AssignInt", "path": ["cls_summary", "all_params", "rf__verbose"], "value": 0}, "version": 34, "at": 1712107503.200346}
{"obj": {"type": "AssignBool", "path": ["cls_summary", "all_params", "rf__warm_start"], "value": false}, "version": 35, "at": 1712107503.20047}
{"obj": {"type": "UploadFile", "path": ["cls_summary", "pickled_model"], "ext": "pkl", "file_path": null, "tmp_file_name": "cls_summary_pickled_model-1712107503.20061-2024-04-02_21.25.03.200610.pkl", "clean_after_upload": false}, "version": 36, "at": 1712107503.2021272}
{"obj": {"type": "UploadFile", "path": ["cls_summary", "test", "preds"], "ext": "html", "file_path": null, "tmp_file_name": "cls_summary_test_preds-1712107503.202463-2024-04-02_21.25.03.202463.html", "clean_after_upload": false}, "version": 37, "at": 1712107503.2027981}
{"obj": {"type": "UploadFile", "path": ["cls_summary", "test", "preds_proba"], "ext": "html", "file_path": null, "tmp_file_name": "cls_summary_test_preds_proba-1712107503.202941-2024-04-02_21.25.03.202941.html", "clean_after_upload": false}, "version": 38, "at": 1712107503.203192}
{"obj": {"type": "AssignFloat", "path": ["cls_summary", "test", "scores", "class_0", "precision"], "value": 0.9642857142857143}, "version": 39, "at": 1712107503.2034209}
{"obj": {"type": "AssignFloat", "path": ["cls_summary", "test", "scores", "class_0", "recall"], "value": 0.9642857142857143}, "version": 40, "at": 1712107503.203493}
{"obj": {"type": "AssignFloat", "path": ["cls_summary", "test", "scores", "class_0", "fbeta_score"], "value": 0.9642857142857143}, "version": 41, "at": 1712107503.203552}
{"obj": {"type": "AssignFloat", "path": ["cls_summary", "test", "scores", "class_0", "support"], "value": 28.0}, "version": 42, "at": 1712107503.2036119}
{"obj": {"type": "AssignFloat", "path": ["cls_summary", "test", "scores", "class_1", "precision"], "value": 0.9655172413793104}, "version": 43, "at": 1712107503.203698}
{"obj": {"type": "AssignFloat", "path": ["cls_summary", "test", "scores", "class_1", "recall"], "value": 0.9655172413793104}, "version": 44, "at": 1712107503.203756}
{"obj": {"type": "AssignFloat", "path": ["cls_summary", "test", "scores", "class_1", "fbeta_score"], "value": 0.9655172413793104}, "version": 45, "at": 1712107503.2038121}
{"obj": {"type": "AssignFloat", "path": ["cls_summary", "test", "scores", "class_1", "support"], "value": 29.0}, "version": 46, "at": 1712107503.2038689}
{"obj": {"type": "UploadFile", "path": ["cls_summary", "diagnostics_charts", "classification_report"], "ext": "png", "file_path": null, "tmp_file_name": "cls_summary_diagnostics_charts_classification_report-1712107503.203954-2024-04-02_21.25.03.203954.png", "clean_after_upload": false}, "version": 47, "at": 1712107503.204175}
{"obj": {"type": "UploadFile", "path": ["cls_summary", "diagnostics_charts", "confusion_matrix"], "ext": "png", "file_path": null, "tmp_file_name": "cls_summary_diagnostics_charts_confusion_matrix-1712107503.204254-2024-04-02_21.25.03.204254.png", "clean_after_upload": false}, "version": 48, "at": 1712107503.2045062}
{"obj": {"type": "UploadFile", "path": ["cls_summary", "diagnostics_charts", "ROC_AUC"], "ext": "png", "file_path": null, "tmp_file_name": "cls_summary_diagnostics_charts_ROC_AUC-1712107503.204578-2024-04-02_21.25.03.204578.png", "clean_after_upload": false}, "version": 49, "at": 1712107503.204906}
{"obj": {"type": "UploadFile", "path": ["cls_summary", "diagnostics_charts", "precision_recall"], "ext": "png", "file_path": null, "tmp_file_name": "cls_summary_diagnostics_charts_precision_recall-1712107503.205035-2024-04-02_21.25.03.205035.png", "clean_after_upload": false}, "version": 50, "at": 1712107503.205329}
{"obj": {"type": "UploadFile", "path": ["cls_summary", "diagnostics_charts", "class_prediction_error"], "ext": "png", "file_path": null, "tmp_file_name": "cls_summary_diagnostics_charts_class_prediction_error-1712107503.205492-2024-04-02_21.25.03.205492.png", "clean_after_upload": false}, "version": 51, "at": 1712107503.2058392}
{"obj": {"type": "AssignString", "path": ["cls_summary", "integration", "about", "neptune-sklearn"], "value": "2.1.0"}, "version": 52, "at": 1712107503.206006}
{"obj": {"type": "AssignInt", "path": ["params", "rf__min_samples_split"], "value": 2}, "version": 53, "at": 1712107503.206262}
{"obj": {"type": "AssignInt", "path": ["params", "rf__n_estimators"], "value": 200}, "version": 54, "at": 1712107503.206333}
{"obj": {"type": "UploadFile", "path": ["data", "feature_importance"], "ext": "html", "file_path": null, "tmp_file_name": "data_feature_importance-1712107526.06579-2024-04-02_21.25.26.065790.html", "clean_after_upload": false}, "version": 55, "at": 1712107526.066165}
{"obj": {"type": "UploadFile", "path": ["feature_importance"], "ext": "png", "file_path": "/Users/shehjarsadhu/Desktop/UniversityOfRhodeIsland/Graduate/WBL/Project_Q2Behave/GitQ2Bheave/q2behave_data_analysis/jupyternotebooks/ML_Toolbox/feature_importance.png", "tmp_file_name": null, "clean_after_upload": false}, "version": 56, "at": 1712107526.14661}
{"obj": {"type": "UploadFile", "path": ["roc_curve"], "ext": "png", "file_path": "/Users/shehjarsadhu/Desktop/UniversityOfRhodeIsland/Graduate/WBL/Project_Q2Behave/GitQ2Bheave/q2behave_data_analysis/jupyternotebooks/ML_Toolbox/roc_curve_class.png", "tmp_file_name": null, "clean_after_upload": false}, "version": 57, "at": 1712107526.2790568}
{"obj": {"type": "AssignFloat", "path": ["precision"], "value": 0.9649122807017544}, "version": 58, "at": 1712107526.503668}
{"obj": {"type": "AssignFloat", "path": ["recall"], "value": 0.9649122807017544}, "version": 59, "at": 1712107526.504241}
{"obj": {"type": "AssignFloat", "path": ["f1_score"], "value": 0.9649122807017544}, "version": 60, "at": 1712107526.5043461}
{"obj": {"type": "AssignFloat", "path": ["mean_train_accuracy"], "value": 1.0}, "version": 61, "at": 1712107526.5044942}
{"obj": {"type": "AssignFloat", "path": ["mean_test_accuracy"], "value": 0.8732394366197183}, "version": 62, "at": 1712107526.504629}
{"obj": {"type": "AssignFloat", "path": ["mean_sensitivity"], "value": 0.852112676056338}, "version": 63, "at": 1712107526.504761}
