{"obj": {"type": "AssignString", "path": ["sys", "name"], "value": "2-Foldtest_size_0.2_RF"}, "version": 1, "at": 1711897918.6038861}
{"obj": {"type": "AssignString", "path": ["sys", "description"], "value": ""}, "version": 2, "at": 1711897918.604245}
{"obj": {"type": "AssignString", "path": ["monitoring", "0dc1831a", "hostname"], "value": "156.4.20.172.s.wireless.uri.edu"}, "version": 3, "at": 1711897918.6044018}
{"obj": {"type": "AssignString", "path": ["sys", "hostname"], "value": "156.4.20.172.s.wireless.uri.edu"}, "version": 4, "at": 1711897918.604519}
{"obj": {"type": "AssignString", "path": ["monitoring", "0dc1831a", "pid"], "value": "67163"}, "version": 5, "at": 1711897918.6046348}
{"obj": {"type": "AssignString", "path": ["monitoring", "0dc1831a", "tid"], "value": "140704736732736"}, "version": 6, "at": 1711897918.604744}
{"obj": {"type": "AssignBool", "path": ["sys", "failed"], "value": false}, "version": 7, "at": 1711897918.604824}
{"obj": {"type": "UploadFile", "path": ["data", "feature_table"], "ext": "html", "file_path": null, "tmp_file_name": "data_feature_table-1711897920.253449-2024-03-31_11.12.00.253449.html", "clean_after_upload": false}, "version": 8, "at": 1711897920.257749}
{"obj": {"type": "UploadFile", "path": ["data", "test_data"], "ext": "html", "file_path": null, "tmp_file_name": "data_test_data-1711897924.660836-2024-03-31_11.12.04.660836.html", "clean_after_upload": false}, "version": 9, "at": 1711897924.6614861}
{"obj": {"type": "AssignString", "path": ["cls_summary", "all_params", "memory"], "value": "None"}, "version": 10, "at": 1711897925.530108}
{"obj": {"type": "AssignString", "path": ["cls_summary", "all_params", "steps"], "value": "[('rf', RandomForestClassifier(n_estimators=300, random_state=8))]"}, "version": 11, "at": 1711897925.530547}
{"obj": {"type": "AssignBool", "path": ["cls_summary", "all_params", "verbose"], "value": false}, "version": 12, "at": 1711897925.5306408}
{"obj": {"type": "AssignString", "path": ["cls_summary", "all_params", "rf"], "value": "RandomForestClassifier(n_estimators=300, random_state=8)"}, "version": 13, "at": 1711897925.530876}
{"obj": {"type": "AssignBool", "path": ["cls_summary", "all_params", "rf__bootstrap"], "value": true}, "version": 14, "at": 1711897925.530945}
{"obj": {"type": "AssignFloat", "path": ["cls_summary", "all_params", "rf__ccp_alpha"], "value": 0.0}, "version": 15, "at": 1711897925.5310268}
{"obj": {"type": "AssignString", "path": ["cls_summary", "all_params", "rf__class_weight"], "value": "None"}, "version": 16, "at": 1711897925.531095}
{"obj": {"type": "AssignString", "path": ["cls_summary", "all_params", "rf__criterion"], "value": "gini"}, "version": 17, "at": 1711897925.5311549}
{"obj": {"type": "AssignString", "path": ["cls_summary", "all_params", "rf__max_depth"], "value": "None"}, "version": 18, "at": 1711897925.5312169}
{"obj": {"type": "AssignString", "path": ["cls_summary", "all_params", "rf__max_features"], "value": "sqrt"}, "version": 19, "at": 1711897925.531275}
{"obj": {"type": "AssignString", "path": ["cls_summary", "all_params", "rf__max_leaf_nodes"], "value": "None"}, "version": 20, "at": 1711897925.5313349}
{"obj": {"type": "AssignString", "path": ["cls_summary", "all_params", "rf__max_samples"], "value": "None"}, "version": 21, "at": 1711897925.531397}
{"obj": {"type": "AssignFloat", "path": ["cls_summary", "all_params", "rf__min_impurity_decrease"], "value": 0.0}, "version": 22, "at": 1711897925.531453}
{"obj": {"type": "AssignInt", "path": ["cls_summary", "all_params", "rf__min_samples_leaf"], "value": 1}, "version": 23, "at": 1711897925.5315142}
{"obj": {"type": "AssignInt", "path": ["cls_summary", "all_params", "rf__min_samples_split"], "value": 2}, "version": 24, "at": 1711897925.531568}
{"obj": {"type": "AssignFloat", "path": ["cls_summary", "all_params", "rf__min_weight_fraction_leaf"], "value": 0.0}, "version": 25, "at": 1711897925.5316212}
{"obj": {"type": "AssignInt", "path": ["cls_summary", "all_params", "rf__n_estimators"], "value": 300}, "version": 26, "at": 1711897925.5316749}
{"obj": {"type": "AssignString", "path": ["cls_summary", "all_params", "rf__n_jobs"], "value": "None"}, "version": 27, "at": 1711897925.531735}
{"obj": {"type": "AssignBool", "path": ["cls_summary", "all_params", "rf__oob_score"], "value": false}, "version": 28, "at": 1711897925.531788}
{"obj": {"type": "AssignInt", "path": ["cls_summary", "all_params", "rf__random_state"], "value": 8}, "version": 29, "at": 1711897925.53184}
{"obj": {"type": "AssignInt", "path": ["cls_summary", "all_params", "rf__verbose"], "value": 0}, "version": 30, "at": 1711897925.5318909}
{"obj": {"type": "AssignBool", "path": ["cls_summary", "all_params", "rf__warm_start"], "value": false}, "version": 31, "at": 1711897925.531944}
{"obj": {"type": "UploadFile", "path": ["cls_summary", "pickled_model"], "ext": "pkl", "file_path": null, "tmp_file_name": "cls_summary_pickled_model-1711897925.532005-2024-03-31_11.12.05.532005.pkl", "clean_after_upload": false}, "version": 32, "at": 1711897925.53541}
{"obj": {"type": "UploadFile", "path": ["cls_summary", "test", "preds"], "ext": "html", "file_path": null, "tmp_file_name": "cls_summary_test_preds-1711897925.535741-2024-03-31_11.12.05.535741.html", "clean_after_upload": false}, "version": 33, "at": 1711897925.536324}
{"obj": {"type": "UploadFile", "path": ["cls_summary", "test", "preds_proba"], "ext": "html", "file_path": null, "tmp_file_name": "cls_summary_test_preds_proba-1711897925.536486-2024-03-31_11.12.05.536486.html", "clean_after_upload": false}, "version": 34, "at": 1711897925.536782}
{"obj": {"type": "AssignFloat", "path": ["cls_summary", "test", "scores", "class_0", "precision"], "value": 0.5238095238095238}, "version": 35, "at": 1711897925.536962}
{"obj": {"type": "AssignFloat", "path": ["cls_summary", "test", "scores", "class_0", "recall"], "value": 0.8461538461538461}, "version": 36, "at": 1711897925.537031}
{"obj": {"type": "AssignFloat", "path": ["cls_summary", "test", "scores", "class_0", "fbeta_score"], "value": 0.6470588235294118}, "version": 37, "at": 1711897925.53709}
{"obj": {"type": "AssignFloat", "path": ["cls_summary", "test", "scores", "class_0", "support"], "value": 13.0}, "version": 38, "at": 1711897925.53715}
{"obj": {"type": "AssignFloat", "path": ["cls_summary", "test", "scores", "class_1", "precision"], "value": 0.5}, "version": 39, "at": 1711897925.537235}
{"obj": {"type": "AssignFloat", "path": ["cls_summary", "test", "scores", "class_1", "recall"], "value": 0.16666666666666666}, "version": 40, "at": 1711897925.5372941}
{"obj": {"type": "AssignFloat", "path": ["cls_summary", "test", "scores", "class_1", "fbeta_score"], "value": 0.25}, "version": 41, "at": 1711897925.537351}
{"obj": {"type": "AssignFloat", "path": ["cls_summary", "test", "scores", "class_1", "support"], "value": 12.0}, "version": 42, "at": 1711897925.537407}
{"obj": {"type": "UploadFile", "path": ["cls_summary", "diagnostics_charts", "classification_report"], "ext": "png", "file_path": null, "tmp_file_name": "cls_summary_diagnostics_charts_classification_report-1711897925.537492-2024-03-31_11.12.05.537492.png", "clean_after_upload": false}, "version": 43, "at": 1711897925.537676}
{"obj": {"type": "UploadFile", "path": ["cls_summary", "diagnostics_charts", "confusion_matrix"], "ext": "png", "file_path": null, "tmp_file_name": "cls_summary_diagnostics_charts_confusion_matrix-1711897925.537748-2024-03-31_11.12.05.537748.png", "clean_after_upload": false}, "version": 44, "at": 1711897925.537934}
{"obj": {"type": "UploadFile", "path": ["cls_summary", "diagnostics_charts", "ROC_AUC"], "ext": "png", "file_path": null, "tmp_file_name": "cls_summary_diagnostics_charts_ROC_AUC-1711897925.538006-2024-03-31_11.12.05.538006.png", "clean_after_upload": false}, "version": 45, "at": 1711897925.5382268}
{"obj": {"type": "UploadFile", "path": ["cls_summary", "diagnostics_charts", "precision_recall"], "ext": "png", "file_path": null, "tmp_file_name": "cls_summary_diagnostics_charts_precision_recall-1711897925.538302-2024-03-31_11.12.05.538302.png", "clean_after_upload": false}, "version": 46, "at": 1711897925.538523}
{"obj": {"type": "UploadFile", "path": ["cls_summary", "diagnostics_charts", "class_prediction_error"], "ext": "png", "file_path": null, "tmp_file_name": "cls_summary_diagnostics_charts_class_prediction_error-1711897925.538593-2024-03-31_11.12.05.538593.png", "clean_after_upload": false}, "version": 47, "at": 1711897925.53878}
{"obj": {"type": "AssignString", "path": ["cls_summary", "integration", "about", "neptune-sklearn"], "value": "2.1.0"}, "version": 48, "at": 1711897925.538879}
{"obj": {"type": "AssignInt", "path": ["params", "rf__min_samples_split"], "value": 2}, "version": 49, "at": 1711897925.5390239}
{"obj": {"type": "AssignInt", "path": ["params", "rf__n_estimators"], "value": 300}, "version": 50, "at": 1711897925.5390851}
{"obj": {"type": "UploadFile", "path": ["roc_curve"], "ext": "png", "file_path": "/Users/shehjarsadhu/Desktop/UniversityOfRhodeIsland/Graduate/WBL/Project_Q2Behave/GitQ2Bheave/q2behave_data_analysis/jupyternotebooks/roc_curve_class.png", "tmp_file_name": null, "clean_after_upload": false}, "version": 51, "at": 1711897926.363581}
{"obj": {"type": "AssignFloat", "path": ["precision"], "value": 0.5123809523809524}, "version": 52, "at": 1711897926.487324}
{"obj": {"type": "AssignFloat", "path": ["recall"], "value": 0.52}, "version": 53, "at": 1711897926.487652}
{"obj": {"type": "AssignFloat", "path": ["f1_score"], "value": 0.45647058823529413}, "version": 54, "at": 1711897926.4880419}
{"obj": {"type": "AssignFloat", "path": ["mean_train_accuracy"], "value": 1.0}, "version": 55, "at": 1711897926.4881449}
{"obj": {"type": "AssignFloat", "path": ["mean_test_accuracy"], "value": 0.5512800252844501}, "version": 56, "at": 1711897926.488226}
{"obj": {"type": "AssignFloat", "path": ["mean_sensitivity"], "value": 0.6109022556390977}, "version": 57, "at": 1711897926.488408}
