{"obj": {"type": "AssignString", "path": ["sys", "name"], "value": "3-Foldtest_size_0.2_RF"}, "version": 1, "at": 1712176897.651371}
{"obj": {"type": "AssignString", "path": ["sys", "description"], "value": ""}, "version": 2, "at": 1712176897.6515808}
{"obj": {"type": "AssignString", "path": ["monitoring", "ec81925f", "hostname"], "value": "156.4.20.172.s.wireless.uri.edu"}, "version": 3, "at": 1712176897.651666}
{"obj": {"type": "AssignString", "path": ["sys", "hostname"], "value": "156.4.20.172.s.wireless.uri.edu"}, "version": 4, "at": 1712176897.6517289}
{"obj": {"type": "AssignString", "path": ["monitoring", "ec81925f", "pid"], "value": "2918"}, "version": 5, "at": 1712176897.651791}
{"obj": {"type": "AssignString", "path": ["monitoring", "ec81925f", "tid"], "value": "140704319387200"}, "version": 6, "at": 1712176897.651851}
{"obj": {"type": "AssignBool", "path": ["sys", "failed"], "value": false}, "version": 7, "at": 1712176897.6518972}
{"obj": {"type": "AssignString", "path": ["pid"], "value": "P15"}, "version": 8, "at": 1712176897.6576262}
{"obj": {"type": "UploadFile", "path": ["data", "feature_table"], "ext": "html", "file_path": null, "tmp_file_name": "data_feature_table-1712176898.647154-2024-04-03_16.41.38.647154.html", "clean_after_upload": false}, "version": 9, "at": 1712176898.6497412}
{"obj": {"type": "AssignString", "path": ["original"], "value": "type\n0    1537\n1     110\nName: count, dtype: int64"}, "version": 10, "at": 1712176898.6507819}
{"obj": {"type": "AssignString", "path": ["train_samples_undersampled"], "value": "type\n0    110\n1    110\nName: count, dtype: int64"}, "version": 11, "at": 1712176898.6512241}
{"obj": {"type": "AssignString", "path": ["test_samples_undersampled"], "value": "type\n1    22\n0    22\nName: count, dtype: int64"}, "version": 12, "at": 1712176898.651595}
{"obj": {"type": "AssignString", "path": ["tag"], "value": "Clus"}, "version": 13, "at": 1712176898.651666}
{"obj": {"type": "UploadFile", "path": ["data", "test_data"], "ext": "html", "file_path": null, "tmp_file_name": "data_test_data-1712176907.975423-2024-04-03_16.41.47.975423.html", "clean_after_upload": false}, "version": 14, "at": 1712176907.9764218}
{"obj": {"type": "AssignString", "path": ["cls_summary", "all_params", "memory"], "value": "None"}, "version": 15, "at": 1712176909.167914}
{"obj": {"type": "AssignString", "path": ["cls_summary", "all_params", "steps"], "value": "[('rf', RandomForestClassifier(max_depth=10, n_estimators=200, random_state=8))]"}, "version": 16, "at": 1712176909.168395}
{"obj": {"type": "AssignBool", "path": ["cls_summary", "all_params", "verbose"], "value": false}, "version": 17, "at": 1712176909.168501}
{"obj": {"type": "AssignString", "path": ["cls_summary", "all_params", "rf"], "value": "RandomForestClassifier(max_depth=10, n_estimators=200, random_state=8)"}, "version": 18, "at": 1712176909.168798}
{"obj": {"type": "AssignBool", "path": ["cls_summary", "all_params", "rf__bootstrap"], "value": true}, "version": 19, "at": 1712176909.1688828}
{"obj": {"type": "AssignFloat", "path": ["cls_summary", "all_params", "rf__ccp_alpha"], "value": 0.0}, "version": 20, "at": 1712176909.168961}
{"obj": {"type": "AssignString", "path": ["cls_summary", "all_params", "rf__class_weight"], "value": "None"}, "version": 21, "at": 1712176909.169041}
{"obj": {"type": "AssignString", "path": ["cls_summary", "all_params", "rf__criterion"], "value": "gini"}, "version": 22, "at": 1712176909.1691148}
{"obj": {"type": "AssignInt", "path": ["cls_summary", "all_params", "rf__max_depth"], "value": 10}, "version": 23, "at": 1712176909.1691892}
{"obj": {"type": "AssignString", "path": ["cls_summary", "all_params", "rf__max_features"], "value": "sqrt"}, "version": 24, "at": 1712176909.169458}
{"obj": {"type": "AssignString", "path": ["cls_summary", "all_params", "rf__max_leaf_nodes"], "value": "None"}, "version": 25, "at": 1712176909.1697972}
{"obj": {"type": "AssignString", "path": ["cls_summary", "all_params", "rf__max_samples"], "value": "None"}, "version": 26, "at": 1712176909.1700501}
{"obj": {"type": "AssignFloat", "path": ["cls_summary", "all_params", "rf__min_impurity_decrease"], "value": 0.0}, "version": 27, "at": 1712176909.170188}
{"obj": {"type": "AssignInt", "path": ["cls_summary", "all_params", "rf__min_samples_leaf"], "value": 1}, "version": 28, "at": 1712176909.170274}
{"obj": {"type": "AssignInt", "path": ["cls_summary", "all_params", "rf__min_samples_split"], "value": 2}, "version": 29, "at": 1712176909.170354}
{"obj": {"type": "AssignFloat", "path": ["cls_summary", "all_params", "rf__min_weight_fraction_leaf"], "value": 0.0}, "version": 30, "at": 1712176909.1704378}
{"obj": {"type": "AssignInt", "path": ["cls_summary", "all_params", "rf__n_estimators"], "value": 200}, "version": 31, "at": 1712176909.170509}
{"obj": {"type": "AssignString", "path": ["cls_summary", "all_params", "rf__n_jobs"], "value": "None"}, "version": 32, "at": 1712176909.170592}
{"obj": {"type": "AssignBool", "path": ["cls_summary", "all_params", "rf__oob_score"], "value": false}, "version": 33, "at": 1712176909.170769}
{"obj": {"type": "AssignInt", "path": ["cls_summary", "all_params", "rf__random_state"], "value": 8}, "version": 34, "at": 1712176909.1708539}
{"obj": {"type": "AssignInt", "path": ["cls_summary", "all_params", "rf__verbose"], "value": 0}, "version": 35, "at": 1712176909.170927}
{"obj": {"type": "AssignBool", "path": ["cls_summary", "all_params", "rf__warm_start"], "value": false}, "version": 36, "at": 1712176909.170998}
{"obj": {"type": "UploadFile", "path": ["cls_summary", "pickled_model"], "ext": "pkl", "file_path": null, "tmp_file_name": "cls_summary_pickled_model-1712176909.171078-2024-04-03_16.41.49.171078.pkl", "clean_after_upload": false}, "version": 37, "at": 1712176909.173316}
{"obj": {"type": "UploadFile", "path": ["cls_summary", "test", "preds"], "ext": "html", "file_path": null, "tmp_file_name": "cls_summary_test_preds-1712176909.173582-2024-04-03_16.41.49.173582.html", "clean_after_upload": false}, "version": 38, "at": 1712176909.1739972}
{"obj": {"type": "UploadFile", "path": ["cls_summary", "test", "preds_proba"], "ext": "html", "file_path": null, "tmp_file_name": "cls_summary_test_preds_proba-1712176909.174281-2024-04-03_16.41.49.174281.html", "clean_after_upload": false}, "version": 39, "at": 1712176909.174772}
{"obj": {"type": "AssignFloat", "path": ["cls_summary", "test", "scores", "class_0", "precision"], "value": 0.8461538461538461}, "version": 40, "at": 1712176909.175023}
{"obj": {"type": "AssignFloat", "path": ["cls_summary", "test", "scores", "class_0", "recall"], "value": 1.0}, "version": 41, "at": 1712176909.175117}
{"obj": {"type": "AssignFloat", "path": ["cls_summary", "test", "scores", "class_0", "fbeta_score"], "value": 0.9166666666666666}, "version": 42, "at": 1712176909.175189}
{"obj": {"type": "AssignFloat", "path": ["cls_summary", "test", "scores", "class_0", "support"], "value": 22.0}, "version": 43, "at": 1712176909.175265}
{"obj": {"type": "AssignFloat", "path": ["cls_summary", "test", "scores", "class_1", "precision"], "value": 1.0}, "version": 44, "at": 1712176909.1753721}
{"obj": {"type": "AssignFloat", "path": ["cls_summary", "test", "scores", "class_1", "recall"], "value": 0.8181818181818182}, "version": 45, "at": 1712176909.175447}
{"obj": {"type": "AssignFloat", "path": ["cls_summary", "test", "scores", "class_1", "fbeta_score"], "value": 0.9}, "version": 46, "at": 1712176909.1755211}
{"obj": {"type": "AssignFloat", "path": ["cls_summary", "test", "scores", "class_1", "support"], "value": 22.0}, "version": 47, "at": 1712176909.175602}
{"obj": {"type": "UploadFile", "path": ["cls_summary", "diagnostics_charts", "classification_report"], "ext": "png", "file_path": null, "tmp_file_name": "cls_summary_diagnostics_charts_classification_report-1712176909.175728-2024-04-03_16.41.49.175728.png", "clean_after_upload": false}, "version": 48, "at": 1712176909.176163}
{"obj": {"type": "UploadFile", "path": ["cls_summary", "diagnostics_charts", "confusion_matrix"], "ext": "png", "file_path": null, "tmp_file_name": "cls_summary_diagnostics_charts_confusion_matrix-1712176909.176386-2024-04-03_16.41.49.176386.png", "clean_after_upload": false}, "version": 49, "at": 1712176909.1768231}
{"obj": {"type": "UploadFile", "path": ["cls_summary", "diagnostics_charts", "ROC_AUC"], "ext": "png", "file_path": null, "tmp_file_name": "cls_summary_diagnostics_charts_ROC_AUC-1712176909.176987-2024-04-03_16.41.49.176987.png", "clean_after_upload": false}, "version": 50, "at": 1712176909.177473}
{"obj": {"type": "UploadFile", "path": ["cls_summary", "diagnostics_charts", "precision_recall"], "ext": "png", "file_path": null, "tmp_file_name": "cls_summary_diagnostics_charts_precision_recall-1712176909.177641-2024-04-03_16.41.49.177641.png", "clean_after_upload": false}, "version": 51, "at": 1712176909.1780312}
{"obj": {"type": "UploadFile", "path": ["cls_summary", "diagnostics_charts", "class_prediction_error"], "ext": "png", "file_path": null, "tmp_file_name": "cls_summary_diagnostics_charts_class_prediction_error-1712176909.178271-2024-04-03_16.41.49.178271.png", "clean_after_upload": false}, "version": 52, "at": 1712176909.178602}
{"obj": {"type": "AssignString", "path": ["cls_summary", "integration", "about", "neptune-sklearn"], "value": "2.1.0"}, "version": 53, "at": 1712176909.1787572}
{"obj": {"type": "AssignInt", "path": ["params", "rf__max_depth"], "value": 10}, "version": 54, "at": 1712176909.179949}
{"obj": {"type": "AssignInt", "path": ["params", "rf__min_samples_split"], "value": 2}, "version": 55, "at": 1712176909.180205}
{"obj": {"type": "AssignInt", "path": ["params", "rf__n_estimators"], "value": 200}, "version": 56, "at": 1712176909.180394}
{"obj": {"type": "UploadFile", "path": ["data", "feature_importance"], "ext": "html", "file_path": null, "tmp_file_name": "data_feature_importance-1712176934.43863-2024-04-03_16.42.14.438630.html", "clean_after_upload": false}, "version": 57, "at": 1712176934.439116}
{"obj": {"type": "UploadFile", "path": ["feature_importance"], "ext": "png", "file_path": "/Users/shehjarsadhu/Desktop/UniversityOfRhodeIsland/Graduate/WBL/Project_Q2Behave/GitQ2Bheave/q2behave_data_analysis/jupyternotebooks/ML_Toolbox/feature_importance.png", "tmp_file_name": null, "clean_after_upload": false}, "version": 58, "at": 1712176934.5436149}
{"obj": {"type": "UploadFile", "path": ["roc_curve"], "ext": "png", "file_path": "/Users/shehjarsadhu/Desktop/UniversityOfRhodeIsland/Graduate/WBL/Project_Q2Behave/GitQ2Bheave/q2behave_data_analysis/jupyternotebooks/ML_Toolbox/roc_curve_class.png", "tmp_file_name": null, "clean_after_upload": false}, "version": 59, "at": 1712176934.684957}
{"obj": {"type": "AssignFloat", "path": ["precision"], "value": 0.923076923076923}, "version": 60, "at": 1712176934.9725282}
{"obj": {"type": "AssignFloat", "path": ["recall"], "value": 0.9090909090909091}, "version": 61, "at": 1712176934.972908}
{"obj": {"type": "AssignFloat", "path": ["f1_score"], "value": 0.9083333333333333}, "version": 62, "at": 1712176934.973012}
{"obj": {"type": "AssignFloat", "path": ["mean_train_accuracy"], "value": 1.0}, "version": 63, "at": 1712176934.973096}
{"obj": {"type": "AssignFloat", "path": ["mean_test_accuracy"], "value": 0.8773910897198568}, "version": 64, "at": 1712176934.973172}
{"obj": {"type": "AssignFloat", "path": ["mean_sensitivity"], "value": 0.8175675675675675}, "version": 65, "at": 1712176934.973247}
