{"obj": {"type": "AssignString", "path": ["sys", "name"], "value": "3-Foldtest_size_0.2_RF"}, "version": 1, "at": 1709306797.879932}
{"obj": {"type": "AssignString", "path": ["sys", "description"], "value": ""}, "version": 2, "at": 1709306797.880414}
{"obj": {"type": "AssignString", "path": ["monitoring", "b8543b68", "hostname"], "value": "156.4.20.172.s.wireless.uri.edu"}, "version": 3, "at": 1709306797.88066}
{"obj": {"type": "AssignString", "path": ["sys", "hostname"], "value": "156.4.20.172.s.wireless.uri.edu"}, "version": 4, "at": 1709306797.8808079}
{"obj": {"type": "AssignString", "path": ["monitoring", "b8543b68", "pid"], "value": "6191"}, "version": 5, "at": 1709306797.880951}
{"obj": {"type": "AssignString", "path": ["monitoring", "b8543b68", "tid"], "value": "140704505513536"}, "version": 6, "at": 1709306797.8810902}
{"obj": {"type": "AssignBool", "path": ["sys", "failed"], "value": false}, "version": 7, "at": 1709306797.8811882}
{"obj": {"type": "UploadFile", "path": ["data", "feature_table"], "ext": "html", "file_path": null, "tmp_file_name": "data_feature_table-1709306798.598956-2024-03-01_10.26.38.598956.html", "clean_after_upload": false}, "version": 8, "at": 1709306798.602206}
{"obj": {"type": "UploadFile", "path": ["data", "test_data"], "ext": "html", "file_path": null, "tmp_file_name": "data_test_data-1709306821.272151-2024-03-01_10.27.01.272151.html", "clean_after_upload": false}, "version": 9, "at": 1709306821.272654}
{"obj": {"type": "AssignString", "path": ["cls_summary", "all_params", "memory"], "value": "None"}, "version": 10, "at": 1709306822.520256}
{"obj": {"type": "AssignString", "path": ["cls_summary", "all_params", "steps"], "value": "[('rf', RandomForestClassifier(max_depth=20, min_samples_split=10, random_state=8))]"}, "version": 11, "at": 1709306822.520742}
{"obj": {"type": "AssignBool", "path": ["cls_summary", "all_params", "verbose"], "value": false}, "version": 12, "at": 1709306822.520854}
{"obj": {"type": "AssignString", "path": ["cls_summary", "all_params", "rf"], "value": "RandomForestClassifier(max_depth=20, min_samples_split=10, random_state=8)"}, "version": 13, "at": 1709306822.5211499}
{"obj": {"type": "AssignBool", "path": ["cls_summary", "all_params", "rf__bootstrap"], "value": true}, "version": 14, "at": 1709306822.52124}
{"obj": {"type": "AssignFloat", "path": ["cls_summary", "all_params", "rf__ccp_alpha"], "value": 0.0}, "version": 15, "at": 1709306822.521339}
{"obj": {"type": "AssignString", "path": ["cls_summary", "all_params", "rf__class_weight"], "value": "None"}, "version": 16, "at": 1709306822.52142}
{"obj": {"type": "AssignString", "path": ["cls_summary", "all_params", "rf__criterion"], "value": "gini"}, "version": 17, "at": 1709306822.5215092}
{"obj": {"type": "AssignInt", "path": ["cls_summary", "all_params", "rf__max_depth"], "value": 20}, "version": 18, "at": 1709306822.521636}
{"obj": {"type": "AssignString", "path": ["cls_summary", "all_params", "rf__max_features"], "value": "sqrt"}, "version": 19, "at": 1709306822.521761}
{"obj": {"type": "AssignString", "path": ["cls_summary", "all_params", "rf__max_leaf_nodes"], "value": "None"}, "version": 20, "at": 1709306822.521853}
{"obj": {"type": "AssignString", "path": ["cls_summary", "all_params", "rf__max_samples"], "value": "None"}, "version": 21, "at": 1709306822.5219321}
{"obj": {"type": "AssignFloat", "path": ["cls_summary", "all_params", "rf__min_impurity_decrease"], "value": 0.0}, "version": 22, "at": 1709306822.522003}
{"obj": {"type": "AssignInt", "path": ["cls_summary", "all_params", "rf__min_samples_leaf"], "value": 1}, "version": 23, "at": 1709306822.5220711}
{"obj": {"type": "AssignInt", "path": ["cls_summary", "all_params", "rf__min_samples_split"], "value": 10}, "version": 24, "at": 1709306822.522142}
{"obj": {"type": "AssignFloat", "path": ["cls_summary", "all_params", "rf__min_weight_fraction_leaf"], "value": 0.0}, "version": 25, "at": 1709306822.522206}
{"obj": {"type": "AssignInt", "path": ["cls_summary", "all_params", "rf__n_estimators"], "value": 100}, "version": 26, "at": 1709306822.52227}
{"obj": {"type": "AssignString", "path": ["cls_summary", "all_params", "rf__n_jobs"], "value": "None"}, "version": 27, "at": 1709306822.522341}
{"obj": {"type": "AssignBool", "path": ["cls_summary", "all_params", "rf__oob_score"], "value": false}, "version": 28, "at": 1709306822.5224068}
{"obj": {"type": "AssignInt", "path": ["cls_summary", "all_params", "rf__random_state"], "value": 8}, "version": 29, "at": 1709306822.52247}
{"obj": {"type": "AssignInt", "path": ["cls_summary", "all_params", "rf__verbose"], "value": 0}, "version": 30, "at": 1709306822.522531}
{"obj": {"type": "AssignBool", "path": ["cls_summary", "all_params", "rf__warm_start"], "value": false}, "version": 31, "at": 1709306822.5225952}
{"obj": {"type": "UploadFile", "path": ["cls_summary", "pickled_model"], "ext": "pkl", "file_path": null, "tmp_file_name": "cls_summary_pickled_model-1709306822.522668-2024-03-01_10.27.02.522668.pkl", "clean_after_upload": false}, "version": 32, "at": 1709306822.5242682}
{"obj": {"type": "UploadFile", "path": ["cls_summary", "test", "preds"], "ext": "html", "file_path": null, "tmp_file_name": "cls_summary_test_preds-1709306822.524563-2024-03-01_10.27.02.524563.html", "clean_after_upload": false}, "version": 33, "at": 1709306822.524985}
{"obj": {"type": "UploadFile", "path": ["cls_summary", "test", "preds_proba"], "ext": "html", "file_path": null, "tmp_file_name": "cls_summary_test_preds_proba-1709306822.525118-2024-03-01_10.27.02.525118.html", "clean_after_upload": false}, "version": 34, "at": 1709306822.5253708}
{"obj": {"type": "AssignFloat", "path": ["cls_summary", "test", "scores", "class_0", "precision"], "value": 0.527027027027027}, "version": 35, "at": 1709306822.525558}
{"obj": {"type": "AssignFloat", "path": ["cls_summary", "test", "scores", "class_0", "recall"], "value": 0.5909090909090909}, "version": 36, "at": 1709306822.5256388}
{"obj": {"type": "AssignFloat", "path": ["cls_summary", "test", "scores", "class_0", "fbeta_score"], "value": 0.5571428571428572}, "version": 37, "at": 1709306822.5257092}
{"obj": {"type": "AssignFloat", "path": ["cls_summary", "test", "scores", "class_0", "support"], "value": 66.0}, "version": 38, "at": 1709306822.525779}
{"obj": {"type": "AssignFloat", "path": ["cls_summary", "test", "scores", "class_1", "precision"], "value": 0.5344827586206896}, "version": 39, "at": 1709306822.525882}
{"obj": {"type": "AssignFloat", "path": ["cls_summary", "test", "scores", "class_1", "recall"], "value": 0.4696969696969697}, "version": 40, "at": 1709306822.525952}
{"obj": {"type": "AssignFloat", "path": ["cls_summary", "test", "scores", "class_1", "fbeta_score"], "value": 0.5}, "version": 41, "at": 1709306822.5260181}
{"obj": {"type": "AssignFloat", "path": ["cls_summary", "test", "scores", "class_1", "support"], "value": 66.0}, "version": 42, "at": 1709306822.5260859}
{"obj": {"type": "UploadFile", "path": ["cls_summary", "diagnostics_charts", "classification_report"], "ext": "png", "file_path": null, "tmp_file_name": "cls_summary_diagnostics_charts_classification_report-1709306822.526184-2024-03-01_10.27.02.526184.png", "clean_after_upload": false}, "version": 43, "at": 1709306822.526409}
{"obj": {"type": "UploadFile", "path": ["cls_summary", "diagnostics_charts", "confusion_matrix"], "ext": "png", "file_path": null, "tmp_file_name": "cls_summary_diagnostics_charts_confusion_matrix-1709306822.526497-2024-03-01_10.27.02.526497.png", "clean_after_upload": false}, "version": 44, "at": 1709306822.526751}
{"obj": {"type": "UploadFile", "path": ["cls_summary", "diagnostics_charts", "ROC_AUC"], "ext": "png", "file_path": null, "tmp_file_name": "cls_summary_diagnostics_charts_ROC_AUC-1709306822.526838-2024-03-01_10.27.02.526838.png", "clean_after_upload": false}, "version": 45, "at": 1709306822.527073}
{"obj": {"type": "UploadFile", "path": ["cls_summary", "diagnostics_charts", "precision_recall"], "ext": "png", "file_path": null, "tmp_file_name": "cls_summary_diagnostics_charts_precision_recall-1709306822.527158-2024-03-01_10.27.02.527158.png", "clean_after_upload": false}, "version": 46, "at": 1709306822.527412}
{"obj": {"type": "UploadFile", "path": ["cls_summary", "diagnostics_charts", "class_prediction_error"], "ext": "png", "file_path": null, "tmp_file_name": "cls_summary_diagnostics_charts_class_prediction_error-1709306822.527492-2024-03-01_10.27.02.527492.png", "clean_after_upload": false}, "version": 47, "at": 1709306822.5276911}
{"obj": {"type": "AssignString", "path": ["cls_summary", "integration", "about", "neptune-sklearn"], "value": "2.1.0"}, "version": 48, "at": 1709306822.5278}
{"obj": {"type": "AssignInt", "path": ["params", "rf__max_depth"], "value": 20}, "version": 49, "at": 1709306822.5280619}
{"obj": {"type": "AssignInt", "path": ["params", "rf__min_samples_split"], "value": 10}, "version": 50, "at": 1709306822.528142}
{"obj": {"type": "AssignInt", "path": ["params", "rf__n_estimators"], "value": 100}, "version": 51, "at": 1709306822.5282109}
{"obj": {"type": "UploadFile", "path": ["roc_curve"], "ext": "png", "file_path": "/Users/shehjarsadhu/Desktop/UniversityOfRhodeIsland/Graduate/WBL/Project_Q2Behave/GitQ2Bheave/q2behave_data_analysis/jupyternotebooks/roc_curve_class.png", "tmp_file_name": null, "clean_after_upload": false}, "version": 52, "at": 1709306823.789376}
{"obj": {"type": "AssignFloat", "path": ["precision"], "value": 0.5307548928238583}, "version": 53, "at": 1709306823.92526}
{"obj": {"type": "AssignFloat", "path": ["recall"], "value": 0.5303030303030303}, "version": 54, "at": 1709306823.925637}
{"obj": {"type": "AssignFloat", "path": ["f1_score"], "value": 0.5285714285714286}, "version": 55, "at": 1709306823.9257338}
{"obj": {"type": "AssignFloat", "path": ["mean_train_accuracy"], "value": 0.9932659932659932}, "version": 56, "at": 1709306823.925822}
{"obj": {"type": "AssignFloat", "path": ["mean_test_accuracy"], "value": 0.6843434343434343}, "version": 57, "at": 1709306823.925905}
{"obj": {"type": "AssignFloat", "path": ["mean_sensitivity"], "value": 0.6767676767676768}, "version": 58, "at": 1709306823.9259882}
