{"obj": {"type": "AssignString", "path": ["sys", "name"], "value": "3-Foldtest_size_0.2_RF"}, "version": 1, "at": 1711322784.586077}
{"obj": {"type": "AssignString", "path": ["sys", "description"], "value": ""}, "version": 2, "at": 1711322784.5863051}
{"obj": {"type": "AssignString", "path": ["monitoring", "185b3ab7", "hostname"], "value": "156.4.20.172.s.wireless.uri.edu"}, "version": 3, "at": 1711322784.586411}
{"obj": {"type": "AssignString", "path": ["sys", "hostname"], "value": "156.4.20.172.s.wireless.uri.edu"}, "version": 4, "at": 1711322784.586483}
{"obj": {"type": "AssignString", "path": ["monitoring", "185b3ab7", "pid"], "value": "57812"}, "version": 5, "at": 1711322784.5865521}
{"obj": {"type": "AssignString", "path": ["monitoring", "185b3ab7", "tid"], "value": "140704496821824"}, "version": 6, "at": 1711322784.5866182}
{"obj": {"type": "AssignBool", "path": ["sys", "failed"], "value": false}, "version": 7, "at": 1711322784.5866702}
{"obj": {"type": "UploadFile", "path": ["data", "feature_table"], "ext": "html", "file_path": null, "tmp_file_name": "data_feature_table-1711322786.377853-2024-03-24_19.26.26.377853.html", "clean_after_upload": false}, "version": 8, "at": 1711322786.3801658}
{"obj": {"type": "UploadFile", "path": ["data", "test_data"], "ext": "html", "file_path": null, "tmp_file_name": "data_test_data-1711322821.458631-2024-03-24_19.27.01.458631.html", "clean_after_upload": false}, "version": 9, "at": 1711322821.459719}
{"obj": {"type": "AssignString", "path": ["cls_summary", "all_params", "memory"], "value": "None"}, "version": 10, "at": 1711322822.5361102}
{"obj": {"type": "AssignString", "path": ["cls_summary", "all_params", "steps"], "value": "[('rf', RandomForestClassifier(max_depth=20, min_samples_split=5, n_estimators=300,\n                       random_state=8))]"}, "version": 11, "at": 1711322822.536798}
{"obj": {"type": "AssignBool", "path": ["cls_summary", "all_params", "verbose"], "value": false}, "version": 12, "at": 1711322822.536937}
{"obj": {"type": "AssignString", "path": ["cls_summary", "all_params", "rf"], "value": "RandomForestClassifier(max_depth=20, min_samples_split=5, n_estimators=300,\n                       random_state=8)"}, "version": 13, "at": 1711322822.537408}
{"obj": {"type": "AssignBool", "path": ["cls_summary", "all_params", "rf__bootstrap"], "value": true}, "version": 14, "at": 1711322822.5375}
{"obj": {"type": "AssignFloat", "path": ["cls_summary", "all_params", "rf__ccp_alpha"], "value": 0.0}, "version": 15, "at": 1711322822.537577}
{"obj": {"type": "AssignString", "path": ["cls_summary", "all_params", "rf__class_weight"], "value": "None"}, "version": 16, "at": 1711322822.537655}
{"obj": {"type": "AssignString", "path": ["cls_summary", "all_params", "rf__criterion"], "value": "gini"}, "version": 17, "at": 1711322822.537725}
{"obj": {"type": "AssignInt", "path": ["cls_summary", "all_params", "rf__max_depth"], "value": 20}, "version": 18, "at": 1711322822.537796}
{"obj": {"type": "AssignString", "path": ["cls_summary", "all_params", "rf__max_features"], "value": "sqrt"}, "version": 19, "at": 1711322822.537863}
{"obj": {"type": "AssignString", "path": ["cls_summary", "all_params", "rf__max_leaf_nodes"], "value": "None"}, "version": 20, "at": 1711322822.537934}
{"obj": {"type": "AssignString", "path": ["cls_summary", "all_params", "rf__max_samples"], "value": "None"}, "version": 21, "at": 1711322822.538003}
{"obj": {"type": "AssignFloat", "path": ["cls_summary", "all_params", "rf__min_impurity_decrease"], "value": 0.0}, "version": 22, "at": 1711322822.5380669}
{"obj": {"type": "AssignInt", "path": ["cls_summary", "all_params", "rf__min_samples_leaf"], "value": 1}, "version": 23, "at": 1711322822.538132}
{"obj": {"type": "AssignInt", "path": ["cls_summary", "all_params", "rf__min_samples_split"], "value": 5}, "version": 24, "at": 1711322822.538193}
{"obj": {"type": "AssignFloat", "path": ["cls_summary", "all_params", "rf__min_weight_fraction_leaf"], "value": 0.0}, "version": 25, "at": 1711322822.5382552}
{"obj": {"type": "AssignInt", "path": ["cls_summary", "all_params", "rf__n_estimators"], "value": 300}, "version": 26, "at": 1711322822.538317}
{"obj": {"type": "AssignString", "path": ["cls_summary", "all_params", "rf__n_jobs"], "value": "None"}, "version": 27, "at": 1711322822.538385}
{"obj": {"type": "AssignBool", "path": ["cls_summary", "all_params", "rf__oob_score"], "value": false}, "version": 28, "at": 1711322822.5384479}
{"obj": {"type": "AssignInt", "path": ["cls_summary", "all_params", "rf__random_state"], "value": 8}, "version": 29, "at": 1711322822.538507}
{"obj": {"type": "AssignInt", "path": ["cls_summary", "all_params", "rf__verbose"], "value": 0}, "version": 30, "at": 1711322822.5385668}
{"obj": {"type": "AssignBool", "path": ["cls_summary", "all_params", "rf__warm_start"], "value": false}, "version": 31, "at": 1711322822.5386271}
{"obj": {"type": "UploadFile", "path": ["cls_summary", "pickled_model"], "ext": "pkl", "file_path": null, "tmp_file_name": "cls_summary_pickled_model-1711322822.538698-2024-03-24_19.27.02.538698.pkl", "clean_after_upload": false}, "version": 32, "at": 1711322822.545717}
{"obj": {"type": "UploadFile", "path": ["cls_summary", "test", "preds"], "ext": "html", "file_path": null, "tmp_file_name": "cls_summary_test_preds-1711322822.545945-2024-03-24_19.27.02.545945.html", "clean_after_upload": false}, "version": 33, "at": 1711322822.546313}
{"obj": {"type": "UploadFile", "path": ["cls_summary", "test", "preds_proba"], "ext": "html", "file_path": null, "tmp_file_name": "cls_summary_test_preds_proba-1711322822.549737-2024-03-24_19.27.02.549737.html", "clean_after_upload": false}, "version": 34, "at": 1711322822.5526521}
{"obj": {"type": "AssignFloat", "path": ["cls_summary", "test", "scores", "class_0", "precision"], "value": 0.6083333333333333}, "version": 35, "at": 1711322822.555688}
{"obj": {"type": "AssignFloat", "path": ["cls_summary", "test", "scores", "class_0", "recall"], "value": 0.8202247191011236}, "version": 36, "at": 1711322822.555856}
{"obj": {"type": "AssignFloat", "path": ["cls_summary", "test", "scores", "class_0", "fbeta_score"], "value": 0.6985645933014353}, "version": 37, "at": 1711322822.555937}
{"obj": {"type": "AssignFloat", "path": ["cls_summary", "test", "scores", "class_0", "support"], "value": 89.0}, "version": 38, "at": 1711322822.5560079}
{"obj": {"type": "AssignFloat", "path": ["cls_summary", "test", "scores", "class_1", "precision"], "value": 0.7192982456140351}, "version": 39, "at": 1711322822.5561118}
{"obj": {"type": "AssignFloat", "path": ["cls_summary", "test", "scores", "class_1", "recall"], "value": 0.4659090909090909}, "version": 40, "at": 1711322822.556185}
{"obj": {"type": "AssignFloat", "path": ["cls_summary", "test", "scores", "class_1", "fbeta_score"], "value": 0.5655172413793104}, "version": 41, "at": 1711322822.556261}
{"obj": {"type": "AssignFloat", "path": ["cls_summary", "test", "scores", "class_1", "support"], "value": 88.0}, "version": 42, "at": 1711322822.55634}
{"obj": {"type": "UploadFile", "path": ["cls_summary", "diagnostics_charts", "classification_report"], "ext": "png", "file_path": null, "tmp_file_name": "cls_summary_diagnostics_charts_classification_report-1711322822.556499-2024-03-24_19.27.02.556499.png", "clean_after_upload": false}, "version": 43, "at": 1711322822.556911}
{"obj": {"type": "UploadFile", "path": ["cls_summary", "diagnostics_charts", "confusion_matrix"], "ext": "png", "file_path": null, "tmp_file_name": "cls_summary_diagnostics_charts_confusion_matrix-1711322822.557139-2024-03-24_19.27.02.557139.png", "clean_after_upload": false}, "version": 44, "at": 1711322822.557647}
{"obj": {"type": "UploadFile", "path": ["cls_summary", "diagnostics_charts", "ROC_AUC"], "ext": "png", "file_path": null, "tmp_file_name": "cls_summary_diagnostics_charts_ROC_AUC-1711322822.55783-2024-03-24_19.27.02.557830.png", "clean_after_upload": false}, "version": 45, "at": 1711322822.5581398}
{"obj": {"type": "UploadFile", "path": ["cls_summary", "diagnostics_charts", "precision_recall"], "ext": "png", "file_path": null, "tmp_file_name": "cls_summary_diagnostics_charts_precision_recall-1711322822.558473-2024-03-24_19.27.02.558473.png", "clean_after_upload": false}, "version": 46, "at": 1711322822.55879}
{"obj": {"type": "UploadFile", "path": ["cls_summary", "diagnostics_charts", "class_prediction_error"], "ext": "png", "file_path": null, "tmp_file_name": "cls_summary_diagnostics_charts_class_prediction_error-1711322822.558904-2024-03-24_19.27.02.558904.png", "clean_after_upload": false}, "version": 47, "at": 1711322822.5592902}
{"obj": {"type": "AssignString", "path": ["cls_summary", "integration", "about", "neptune-sklearn"], "value": "2.1.0"}, "version": 48, "at": 1711322822.559447}
{"obj": {"type": "AssignInt", "path": ["params", "rf__max_depth"], "value": 20}, "version": 49, "at": 1711322822.5610628}
{"obj": {"type": "AssignInt", "path": ["params", "rf__min_samples_split"], "value": 5}, "version": 50, "at": 1711322822.5612118}
{"obj": {"type": "AssignInt", "path": ["params", "rf__n_estimators"], "value": 300}, "version": 51, "at": 1711322822.561287}
{"obj": {"type": "UploadFile", "path": ["roc_curve"], "ext": "png", "file_path": "/Users/shehjarsadhu/Desktop/UniversityOfRhodeIsland/Graduate/WBL/Project_Q2Behave/GitQ2Bheave/q2behave_data_analysis/jupyternotebooks/roc_curve_class.png", "tmp_file_name": null, "clean_after_upload": false}, "version": 52, "at": 1711322826.725197}
{"obj": {"type": "AssignFloat", "path": ["precision"], "value": 0.6635023292695014}, "version": 53, "at": 1711322826.855885}
{"obj": {"type": "AssignFloat", "path": ["recall"], "value": 0.6440677966101694}, "version": 54, "at": 1711322826.856429}
{"obj": {"type": "AssignFloat", "path": ["f1_score"], "value": 0.632416757317554}, "version": 55, "at": 1711322826.856705}
{"obj": {"type": "AssignFloat", "path": ["mean_train_accuracy"], "value": 0.9981146894765233}, "version": 56, "at": 1711322826.85687}
{"obj": {"type": "AssignFloat", "path": ["mean_test_accuracy"], "value": 0.6517926304942615}, "version": 57, "at": 1711322826.857047}
{"obj": {"type": "AssignFloat", "path": ["mean_sensitivity"], "value": 0.6733673807159408}, "version": 58, "at": 1711322826.857184}
