{"obj": {"type": "AssignString", "path": ["sys", "name"], "value": "3-Foldtest_size_0.2_RF"}, "version": 1, "at": 1710904236.964621}
{"obj": {"type": "AssignString", "path": ["sys", "description"], "value": ""}, "version": 2, "at": 1710904236.965011}
{"obj": {"type": "AssignString", "path": ["monitoring", "1e0c4588", "hostname"], "value": "156.4.20.172.s.wireless.uri.edu"}, "version": 3, "at": 1710904236.965323}
{"obj": {"type": "AssignString", "path": ["sys", "hostname"], "value": "156.4.20.172.s.wireless.uri.edu"}, "version": 4, "at": 1710904236.965575}
{"obj": {"type": "AssignString", "path": ["monitoring", "1e0c4588", "pid"], "value": "94253"}, "version": 5, "at": 1710904236.9673622}
{"obj": {"type": "AssignString", "path": ["monitoring", "1e0c4588", "tid"], "value": "140704622650944"}, "version": 6, "at": 1710904236.967776}
{"obj": {"type": "AssignBool", "path": ["sys", "failed"], "value": false}, "version": 7, "at": 1710904236.967892}
{"obj": {"type": "UploadFile", "path": ["data", "feature_table"], "ext": "html", "file_path": null, "tmp_file_name": "data_feature_table-1710904244.719202-2024-03-19_23.10.44.719202.html", "clean_after_upload": false}, "version": 8, "at": 1710904244.732834}
{"obj": {"type": "UploadFile", "path": ["data", "test_data"], "ext": "html", "file_path": null, "tmp_file_name": "data_test_data-1710904300.904243-2024-03-19_23.11.40.904243.html", "clean_after_upload": false}, "version": 9, "at": 1710904300.906681}
{"obj": {"type": "AssignString", "path": ["cls_summary", "all_params", "memory"], "value": "None"}, "version": 10, "at": 1710904302.013608}
{"obj": {"type": "AssignString", "path": ["cls_summary", "all_params", "steps"], "value": "[('rf', RandomForestClassifier(max_depth=20, min_samples_split=5, n_estimators=300,\n                       random_state=8))]"}, "version": 11, "at": 1710904302.014216}
{"obj": {"type": "AssignBool", "path": ["cls_summary", "all_params", "verbose"], "value": false}, "version": 12, "at": 1710904302.014304}
{"obj": {"type": "AssignString", "path": ["cls_summary", "all_params", "rf"], "value": "RandomForestClassifier(max_depth=20, min_samples_split=5, n_estimators=300,\n                       random_state=8)"}, "version": 13, "at": 1710904302.0147169}
{"obj": {"type": "AssignBool", "path": ["cls_summary", "all_params", "rf__bootstrap"], "value": true}, "version": 14, "at": 1710904302.01491}
{"obj": {"type": "AssignFloat", "path": ["cls_summary", "all_params", "rf__ccp_alpha"], "value": 0.0}, "version": 15, "at": 1710904302.015038}
{"obj": {"type": "AssignString", "path": ["cls_summary", "all_params", "rf__class_weight"], "value": "None"}, "version": 16, "at": 1710904302.015115}
{"obj": {"type": "AssignString", "path": ["cls_summary", "all_params", "rf__criterion"], "value": "gini"}, "version": 17, "at": 1710904302.01518}
{"obj": {"type": "AssignInt", "path": ["cls_summary", "all_params", "rf__max_depth"], "value": 20}, "version": 18, "at": 1710904302.015242}
{"obj": {"type": "AssignString", "path": ["cls_summary", "all_params", "rf__max_features"], "value": "sqrt"}, "version": 19, "at": 1710904302.015302}
{"obj": {"type": "AssignString", "path": ["cls_summary", "all_params", "rf__max_leaf_nodes"], "value": "None"}, "version": 20, "at": 1710904302.0153651}
{"obj": {"type": "AssignString", "path": ["cls_summary", "all_params", "rf__max_samples"], "value": "None"}, "version": 21, "at": 1710904302.015427}
{"obj": {"type": "AssignFloat", "path": ["cls_summary", "all_params", "rf__min_impurity_decrease"], "value": 0.0}, "version": 22, "at": 1710904302.0154839}
{"obj": {"type": "AssignInt", "path": ["cls_summary", "all_params", "rf__min_samples_leaf"], "value": 1}, "version": 23, "at": 1710904302.015539}
{"obj": {"type": "AssignInt", "path": ["cls_summary", "all_params", "rf__min_samples_split"], "value": 5}, "version": 24, "at": 1710904302.015596}
{"obj": {"type": "AssignFloat", "path": ["cls_summary", "all_params", "rf__min_weight_fraction_leaf"], "value": 0.0}, "version": 25, "at": 1710904302.01565}
{"obj": {"type": "AssignInt", "path": ["cls_summary", "all_params", "rf__n_estimators"], "value": 300}, "version": 26, "at": 1710904302.0157042}
{"obj": {"type": "AssignString", "path": ["cls_summary", "all_params", "rf__n_jobs"], "value": "None"}, "version": 27, "at": 1710904302.015764}
{"obj": {"type": "AssignBool", "path": ["cls_summary", "all_params", "rf__oob_score"], "value": false}, "version": 28, "at": 1710904302.0158179}
{"obj": {"type": "AssignInt", "path": ["cls_summary", "all_params", "rf__random_state"], "value": 8}, "version": 29, "at": 1710904302.0158699}
{"obj": {"type": "AssignInt", "path": ["cls_summary", "all_params", "rf__verbose"], "value": 0}, "version": 30, "at": 1710904302.0159209}
{"obj": {"type": "AssignBool", "path": ["cls_summary", "all_params", "rf__warm_start"], "value": false}, "version": 31, "at": 1710904302.015975}
{"obj": {"type": "UploadFile", "path": ["cls_summary", "pickled_model"], "ext": "pkl", "file_path": null, "tmp_file_name": "cls_summary_pickled_model-1710904302.016036-2024-03-19_23.11.42.016036.pkl", "clean_after_upload": false}, "version": 32, "at": 1710904302.026937}
{"obj": {"type": "UploadFile", "path": ["cls_summary", "test", "preds"], "ext": "html", "file_path": null, "tmp_file_name": "cls_summary_test_preds-1710904302.027208-2024-03-19_23.11.42.027208.html", "clean_after_upload": false}, "version": 33, "at": 1710904302.027549}
{"obj": {"type": "UploadFile", "path": ["cls_summary", "test", "preds_proba"], "ext": "html", "file_path": null, "tmp_file_name": "cls_summary_test_preds_proba-1710904302.027643-2024-03-19_23.11.42.027643.html", "clean_after_upload": false}, "version": 34, "at": 1710904302.027827}
{"obj": {"type": "AssignFloat", "path": ["cls_summary", "test", "scores", "class_0", "precision"], "value": 0.75}, "version": 35, "at": 1710904302.028}
{"obj": {"type": "AssignFloat", "path": ["cls_summary", "test", "scores", "class_0", "recall"], "value": 0.2874251497005988}, "version": 36, "at": 1710904302.0280662}
{"obj": {"type": "AssignFloat", "path": ["cls_summary", "test", "scores", "class_0", "fbeta_score"], "value": 0.4155844155844155}, "version": 37, "at": 1710904302.0281248}
{"obj": {"type": "AssignFloat", "path": ["cls_summary", "test", "scores", "class_0", "support"], "value": 167.0}, "version": 38, "at": 1710904302.0281842}
{"obj": {"type": "AssignFloat", "path": ["cls_summary", "test", "scores", "class_1", "precision"], "value": 0.5592592592592592}, "version": 39, "at": 1710904302.028269}
{"obj": {"type": "AssignFloat", "path": ["cls_summary", "test", "scores", "class_1", "recall"], "value": 0.9041916167664671}, "version": 40, "at": 1710904302.028327}
{"obj": {"type": "AssignFloat", "path": ["cls_summary", "test", "scores", "class_1", "fbeta_score"], "value": 0.6910755148741419}, "version": 41, "at": 1710904302.028382}
{"obj": {"type": "AssignFloat", "path": ["cls_summary", "test", "scores", "class_1", "support"], "value": 167.0}, "version": 42, "at": 1710904302.028439}
{"obj": {"type": "UploadFile", "path": ["cls_summary", "diagnostics_charts", "classification_report"], "ext": "png", "file_path": null, "tmp_file_name": "cls_summary_diagnostics_charts_classification_report-1710904302.02852-2024-03-19_23.11.42.028520.png", "clean_after_upload": false}, "version": 43, "at": 1710904302.028716}
{"obj": {"type": "UploadFile", "path": ["cls_summary", "diagnostics_charts", "confusion_matrix"], "ext": "png", "file_path": null, "tmp_file_name": "cls_summary_diagnostics_charts_confusion_matrix-1710904302.028785-2024-03-19_23.11.42.028785.png", "clean_after_upload": false}, "version": 44, "at": 1710904302.028957}
{"obj": {"type": "UploadFile", "path": ["cls_summary", "diagnostics_charts", "ROC_AUC"], "ext": "png", "file_path": null, "tmp_file_name": "cls_summary_diagnostics_charts_ROC_AUC-1710904302.029058-2024-03-19_23.11.42.029058.png", "clean_after_upload": false}, "version": 45, "at": 1710904302.029303}
{"obj": {"type": "UploadFile", "path": ["cls_summary", "diagnostics_charts", "precision_recall"], "ext": "png", "file_path": null, "tmp_file_name": "cls_summary_diagnostics_charts_precision_recall-1710904302.029399-2024-03-19_23.11.42.029399.png", "clean_after_upload": false}, "version": 46, "at": 1710904302.029602}
{"obj": {"type": "UploadFile", "path": ["cls_summary", "diagnostics_charts", "class_prediction_error"], "ext": "png", "file_path": null, "tmp_file_name": "cls_summary_diagnostics_charts_class_prediction_error-1710904302.029671-2024-03-19_23.11.42.029671.png", "clean_after_upload": false}, "version": 47, "at": 1710904302.029844}
{"obj": {"type": "AssignString", "path": ["cls_summary", "integration", "about", "neptune-sklearn"], "value": "2.1.0"}, "version": 48, "at": 1710904302.029943}
{"obj": {"type": "AssignInt", "path": ["params", "rf__max_depth"], "value": 20}, "version": 49, "at": 1710904302.03145}
{"obj": {"type": "AssignInt", "path": ["params", "rf__min_samples_split"], "value": 5}, "version": 50, "at": 1710904302.0315259}
{"obj": {"type": "AssignInt", "path": ["params", "rf__n_estimators"], "value": 300}, "version": 51, "at": 1710904302.0315788}
{"obj": {"type": "UploadFile", "path": ["roc_curve"], "ext": "png", "file_path": "/Users/shehjarsadhu/Desktop/UniversityOfRhodeIsland/Graduate/WBL/Project_Q2Behave/GitQ2Bheave/q2behave_data_analysis/jupyternotebooks/roc_curve_class.png", "tmp_file_name": null, "clean_after_upload": false}, "version": 52, "at": 1710904312.13939}
{"obj": {"type": "AssignFloat", "path": ["precision"], "value": 0.6546296296296297}, "version": 53, "at": 1710904312.2713118}
{"obj": {"type": "AssignFloat", "path": ["recall"], "value": 0.5958083832335329}, "version": 54, "at": 1710904312.2718048}
{"obj": {"type": "AssignFloat", "path": ["f1_score"], "value": 0.5533299652292787}, "version": 55, "at": 1710904312.271944}
{"obj": {"type": "AssignFloat", "path": ["mean_train_accuracy"], "value": 0.998001249125687}, "version": 56, "at": 1710904312.2720451}
{"obj": {"type": "AssignFloat", "path": ["mean_test_accuracy"], "value": 0.6212577422577422}, "version": 57, "at": 1710904312.272161}
{"obj": {"type": "AssignFloat", "path": ["mean_sensitivity"], "value": 0.6402355289421157}, "version": 58, "at": 1710904312.2723022}
