{"obj": {"type": "AssignString", "path": ["sys", "name"], "value": "2-Foldtest_size_0.2_RF"}, "version": 1, "at": 1711210337.670958}
{"obj": {"type": "AssignString", "path": ["sys", "description"], "value": ""}, "version": 2, "at": 1711210337.671469}
{"obj": {"type": "AssignString", "path": ["monitoring", "6aa31d75", "hostname"], "value": "156.4.20.172.s.wireless.uri.edu"}, "version": 3, "at": 1711210337.67172}
{"obj": {"type": "AssignString", "path": ["sys", "hostname"], "value": "156.4.20.172.s.wireless.uri.edu"}, "version": 4, "at": 1711210337.671916}
{"obj": {"type": "AssignString", "path": ["monitoring", "6aa31d75", "pid"], "value": "1465"}, "version": 5, "at": 1711210337.672104}
{"obj": {"type": "AssignString", "path": ["monitoring", "6aa31d75", "tid"], "value": "140704496821824"}, "version": 6, "at": 1711210337.6722791}
{"obj": {"type": "AssignBool", "path": ["sys", "failed"], "value": false}, "version": 7, "at": 1711210337.6724072}
{"obj": {"type": "UploadFile", "path": ["data", "feature_table"], "ext": "html", "file_path": null, "tmp_file_name": "data_feature_table-1711210339.581521-2024-03-23_12.12.19.581521.html", "clean_after_upload": false}, "version": 8, "at": 1711210339.5873}
{"obj": {"type": "UploadFile", "path": ["data", "test_data"], "ext": "html", "file_path": null, "tmp_file_name": "data_test_data-1711210359.721095-2024-03-23_12.12.39.721095.html", "clean_after_upload": false}, "version": 9, "at": 1711210359.721635}
{"obj": {"type": "AssignString", "path": ["cls_summary", "all_params", "memory"], "value": "None"}, "version": 10, "at": 1711210360.802318}
{"obj": {"type": "AssignString", "path": ["cls_summary", "all_params", "steps"], "value": "[('rf', RandomForestClassifier(max_depth=10, min_samples_split=10, n_estimators=300,\n                       random_state=8))]"}, "version": 11, "at": 1711210360.802969}
{"obj": {"type": "AssignBool", "path": ["cls_summary", "all_params", "verbose"], "value": false}, "version": 12, "at": 1711210360.803078}
{"obj": {"type": "AssignString", "path": ["cls_summary", "all_params", "rf"], "value": "RandomForestClassifier(max_depth=10, min_samples_split=10, n_estimators=300,\n                       random_state=8)"}, "version": 13, "at": 1711210360.803467}
{"obj": {"type": "AssignBool", "path": ["cls_summary", "all_params", "rf__bootstrap"], "value": true}, "version": 14, "at": 1711210360.803545}
{"obj": {"type": "AssignFloat", "path": ["cls_summary", "all_params", "rf__ccp_alpha"], "value": 0.0}, "version": 15, "at": 1711210360.803637}
{"obj": {"type": "AssignString", "path": ["cls_summary", "all_params", "rf__class_weight"], "value": "None"}, "version": 16, "at": 1711210360.803765}
{"obj": {"type": "AssignString", "path": ["cls_summary", "all_params", "rf__criterion"], "value": "gini"}, "version": 17, "at": 1711210360.803835}
{"obj": {"type": "AssignInt", "path": ["cls_summary", "all_params", "rf__max_depth"], "value": 10}, "version": 18, "at": 1711210360.803908}
{"obj": {"type": "AssignString", "path": ["cls_summary", "all_params", "rf__max_features"], "value": "sqrt"}, "version": 19, "at": 1711210360.8039758}
{"obj": {"type": "AssignString", "path": ["cls_summary", "all_params", "rf__max_leaf_nodes"], "value": "None"}, "version": 20, "at": 1711210360.804045}
{"obj": {"type": "AssignString", "path": ["cls_summary", "all_params", "rf__max_samples"], "value": "None"}, "version": 21, "at": 1711210360.804112}
{"obj": {"type": "AssignFloat", "path": ["cls_summary", "all_params", "rf__min_impurity_decrease"], "value": 0.0}, "version": 22, "at": 1711210360.8041759}
{"obj": {"type": "AssignInt", "path": ["cls_summary", "all_params", "rf__min_samples_leaf"], "value": 1}, "version": 23, "at": 1711210360.804239}
{"obj": {"type": "AssignInt", "path": ["cls_summary", "all_params", "rf__min_samples_split"], "value": 10}, "version": 24, "at": 1711210360.804299}
{"obj": {"type": "AssignFloat", "path": ["cls_summary", "all_params", "rf__min_weight_fraction_leaf"], "value": 0.0}, "version": 25, "at": 1711210360.804364}
{"obj": {"type": "AssignInt", "path": ["cls_summary", "all_params", "rf__n_estimators"], "value": 300}, "version": 26, "at": 1711210360.804424}
{"obj": {"type": "AssignString", "path": ["cls_summary", "all_params", "rf__n_jobs"], "value": "None"}, "version": 27, "at": 1711210360.804491}
{"obj": {"type": "AssignBool", "path": ["cls_summary", "all_params", "rf__oob_score"], "value": false}, "version": 28, "at": 1711210360.804551}
{"obj": {"type": "AssignInt", "path": ["cls_summary", "all_params", "rf__random_state"], "value": 8}, "version": 29, "at": 1711210360.804615}
{"obj": {"type": "AssignInt", "path": ["cls_summary", "all_params", "rf__verbose"], "value": 0}, "version": 30, "at": 1711210360.804676}
{"obj": {"type": "AssignBool", "path": ["cls_summary", "all_params", "rf__warm_start"], "value": false}, "version": 31, "at": 1711210360.804739}
{"obj": {"type": "UploadFile", "path": ["cls_summary", "pickled_model"], "ext": "pkl", "file_path": null, "tmp_file_name": "cls_summary_pickled_model-1711210360.804807-2024-03-23_12.12.40.804807.pkl", "clean_after_upload": false}, "version": 32, "at": 1711210360.8126059}
{"obj": {"type": "UploadFile", "path": ["cls_summary", "test", "preds"], "ext": "html", "file_path": null, "tmp_file_name": "cls_summary_test_preds-1711210360.812936-2024-03-23_12.12.40.812936.html", "clean_after_upload": false}, "version": 33, "at": 1711210360.815119}
{"obj": {"type": "UploadFile", "path": ["cls_summary", "test", "preds_proba"], "ext": "html", "file_path": null, "tmp_file_name": "cls_summary_test_preds_proba-1711210360.815319-2024-03-23_12.12.40.815319.html", "clean_after_upload": false}, "version": 34, "at": 1711210360.815729}
{"obj": {"type": "AssignFloat", "path": ["cls_summary", "test", "scores", "class_0", "precision"], "value": 0.8148148148148148}, "version": 35, "at": 1711210360.815969}
{"obj": {"type": "AssignFloat", "path": ["cls_summary", "test", "scores", "class_0", "recall"], "value": 0.5454545454545454}, "version": 36, "at": 1711210360.8160582}
{"obj": {"type": "AssignFloat", "path": ["cls_summary", "test", "scores", "class_0", "fbeta_score"], "value": 0.6534653465346534}, "version": 37, "at": 1711210360.816128}
{"obj": {"type": "AssignFloat", "path": ["cls_summary", "test", "scores", "class_0", "support"], "value": 121.0}, "version": 38, "at": 1711210360.816202}
{"obj": {"type": "AssignFloat", "path": ["cls_summary", "test", "scores", "class_1", "precision"], "value": 0.6583850931677019}, "version": 39, "at": 1711210360.8163042}
{"obj": {"type": "AssignFloat", "path": ["cls_summary", "test", "scores", "class_1", "recall"], "value": 0.8760330578512396}, "version": 40, "at": 1711210360.816409}
{"obj": {"type": "AssignFloat", "path": ["cls_summary", "test", "scores", "class_1", "fbeta_score"], "value": 0.7517730496453902}, "version": 41, "at": 1711210360.816489}
{"obj": {"type": "AssignFloat", "path": ["cls_summary", "test", "scores", "class_1", "support"], "value": 121.0}, "version": 42, "at": 1711210360.8165681}
{"obj": {"type": "UploadFile", "path": ["cls_summary", "diagnostics_charts", "classification_report"], "ext": "png", "file_path": null, "tmp_file_name": "cls_summary_diagnostics_charts_classification_report-1711210360.816734-2024-03-23_12.12.40.816734.png", "clean_after_upload": false}, "version": 43, "at": 1711210360.8171751}
{"obj": {"type": "UploadFile", "path": ["cls_summary", "diagnostics_charts", "confusion_matrix"], "ext": "png", "file_path": null, "tmp_file_name": "cls_summary_diagnostics_charts_confusion_matrix-1711210360.817351-2024-03-23_12.12.40.817351.png", "clean_after_upload": false}, "version": 44, "at": 1711210360.817626}
{"obj": {"type": "UploadFile", "path": ["cls_summary", "diagnostics_charts", "ROC_AUC"], "ext": "png", "file_path": null, "tmp_file_name": "cls_summary_diagnostics_charts_ROC_AUC-1711210360.817802-2024-03-23_12.12.40.817802.png", "clean_after_upload": false}, "version": 45, "at": 1711210360.8181188}
{"obj": {"type": "UploadFile", "path": ["cls_summary", "diagnostics_charts", "precision_recall"], "ext": "png", "file_path": null, "tmp_file_name": "cls_summary_diagnostics_charts_precision_recall-1711210360.818277-2024-03-23_12.12.40.818277.png", "clean_after_upload": false}, "version": 46, "at": 1711210360.819469}
{"obj": {"type": "UploadFile", "path": ["cls_summary", "diagnostics_charts", "class_prediction_error"], "ext": "png", "file_path": null, "tmp_file_name": "cls_summary_diagnostics_charts_class_prediction_error-1711210360.819657-2024-03-23_12.12.40.819657.png", "clean_after_upload": false}, "version": 47, "at": 1711210360.8200462}
{"obj": {"type": "AssignString", "path": ["cls_summary", "integration", "about", "neptune-sklearn"], "value": "2.1.0"}, "version": 48, "at": 1711210360.820228}
{"obj": {"type": "AssignInt", "path": ["params", "rf__max_depth"], "value": 10}, "version": 49, "at": 1711210360.821385}
{"obj": {"type": "AssignInt", "path": ["params", "rf__min_samples_split"], "value": 10}, "version": 50, "at": 1711210360.8214688}
{"obj": {"type": "AssignInt", "path": ["params", "rf__n_estimators"], "value": 300}, "version": 51, "at": 1711210360.821533}
{"obj": {"type": "UploadFile", "path": ["roc_curve"], "ext": "png", "file_path": "/Users/shehjarsadhu/Desktop/UniversityOfRhodeIsland/Graduate/WBL/Project_Q2Behave/GitQ2Bheave/q2behave_data_analysis/jupyternotebooks/roc_curve_class.png", "tmp_file_name": null, "clean_after_upload": false}, "version": 52, "at": 1711210363.517142}
{"obj": {"type": "AssignFloat", "path": ["precision"], "value": 0.7365999539912584}, "version": 53, "at": 1711210363.67555}
{"obj": {"type": "AssignFloat", "path": ["recall"], "value": 0.7107438016528925}, "version": 54, "at": 1711210363.67609}
{"obj": {"type": "AssignFloat", "path": ["f1_score"], "value": 0.7026191980900217}, "version": 55, "at": 1711210363.67627}
{"obj": {"type": "AssignFloat", "path": ["mean_train_accuracy"], "value": 0.9046082949308756}, "version": 56, "at": 1711210363.676626}
{"obj": {"type": "AssignFloat", "path": ["mean_test_accuracy"], "value": 0.7207373271889401}, "version": 57, "at": 1711210363.676777}
{"obj": {"type": "AssignFloat", "path": ["mean_sensitivity"], "value": 0.7907721894898507}, "version": 58, "at": 1711210363.676878}
