{"obj": {"type": "AssignString", "path": ["sys", "name"], "value": "2-Foldtest_size_0.5_RF"}, "version": 1, "at": 1711926163.782876}
{"obj": {"type": "AssignString", "path": ["sys", "description"], "value": ""}, "version": 2, "at": 1711926163.7833211}
{"obj": {"type": "AssignString", "path": ["monitoring", "b8aa34a7", "hostname"], "value": "156.4.20.172.s.wireless.uri.edu"}, "version": 3, "at": 1711926163.783573}
{"obj": {"type": "AssignString", "path": ["sys", "hostname"], "value": "156.4.20.172.s.wireless.uri.edu"}, "version": 4, "at": 1711926163.783757}
{"obj": {"type": "AssignString", "path": ["monitoring", "b8aa34a7", "pid"], "value": "70175"}, "version": 5, "at": 1711926163.783936}
{"obj": {"type": "AssignString", "path": ["monitoring", "b8aa34a7", "tid"], "value": "140704736732736"}, "version": 6, "at": 1711926163.7841039}
{"obj": {"type": "AssignBool", "path": ["sys", "failed"], "value": false}, "version": 7, "at": 1711926163.784223}
{"obj": {"type": "UploadFile", "path": ["data", "feature_table"], "ext": "html", "file_path": null, "tmp_file_name": "data_feature_table-1711926166.695619-2024-03-31_19.02.46.695619.html", "clean_after_upload": false}, "version": 8, "at": 1711926166.701798}
{"obj": {"type": "UploadFile", "path": ["data", "test_data"], "ext": "html", "file_path": null, "tmp_file_name": "data_test_data-1711926171.171681-2024-03-31_19.02.51.171681.html", "clean_after_upload": false}, "version": 9, "at": 1711926171.172224}
{"obj": {"type": "AssignString", "path": ["cls_summary", "all_params", "memory"], "value": "None"}, "version": 10, "at": 1711926172.173547}
{"obj": {"type": "AssignString", "path": ["cls_summary", "all_params", "steps"], "value": "[('rf', RandomForestClassifier(n_estimators=200, random_state=8))]"}, "version": 11, "at": 1711926172.174356}
{"obj": {"type": "AssignBool", "path": ["cls_summary", "all_params", "verbose"], "value": false}, "version": 12, "at": 1711926172.174491}
{"obj": {"type": "AssignString", "path": ["cls_summary", "all_params", "rf"], "value": "RandomForestClassifier(n_estimators=200, random_state=8)"}, "version": 13, "at": 1711926172.174772}
{"obj": {"type": "AssignBool", "path": ["cls_summary", "all_params", "rf__bootstrap"], "value": true}, "version": 14, "at": 1711926172.174902}
{"obj": {"type": "AssignFloat", "path": ["cls_summary", "all_params", "rf__ccp_alpha"], "value": 0.0}, "version": 15, "at": 1711926172.174988}
{"obj": {"type": "AssignString", "path": ["cls_summary", "all_params", "rf__class_weight"], "value": "None"}, "version": 16, "at": 1711926172.1750898}
{"obj": {"type": "AssignString", "path": ["cls_summary", "all_params", "rf__criterion"], "value": "gini"}, "version": 17, "at": 1711926172.175275}
{"obj": {"type": "AssignString", "path": ["cls_summary", "all_params", "rf__max_depth"], "value": "None"}, "version": 18, "at": 1711926172.175381}
{"obj": {"type": "AssignString", "path": ["cls_summary", "all_params", "rf__max_features"], "value": "sqrt"}, "version": 19, "at": 1711926172.175582}
{"obj": {"type": "AssignString", "path": ["cls_summary", "all_params", "rf__max_leaf_nodes"], "value": "None"}, "version": 20, "at": 1711926172.1757371}
{"obj": {"type": "AssignString", "path": ["cls_summary", "all_params", "rf__max_samples"], "value": "None"}, "version": 21, "at": 1711926172.175822}
{"obj": {"type": "AssignFloat", "path": ["cls_summary", "all_params", "rf__min_impurity_decrease"], "value": 0.0}, "version": 22, "at": 1711926172.1760252}
{"obj": {"type": "AssignInt", "path": ["cls_summary", "all_params", "rf__min_samples_leaf"], "value": 1}, "version": 23, "at": 1711926172.176217}
{"obj": {"type": "AssignInt", "path": ["cls_summary", "all_params", "rf__min_samples_split"], "value": 2}, "version": 24, "at": 1711926172.176314}
{"obj": {"type": "AssignFloat", "path": ["cls_summary", "all_params", "rf__min_weight_fraction_leaf"], "value": 0.0}, "version": 25, "at": 1711926172.176387}
{"obj": {"type": "AssignInt", "path": ["cls_summary", "all_params", "rf__n_estimators"], "value": 200}, "version": 26, "at": 1711926172.1764522}
{"obj": {"type": "AssignString", "path": ["cls_summary", "all_params", "rf__n_jobs"], "value": "None"}, "version": 27, "at": 1711926172.176534}
{"obj": {"type": "AssignBool", "path": ["cls_summary", "all_params", "rf__oob_score"], "value": false}, "version": 28, "at": 1711926172.1766038}
{"obj": {"type": "AssignInt", "path": ["cls_summary", "all_params", "rf__random_state"], "value": 8}, "version": 29, "at": 1711926172.1766741}
{"obj": {"type": "AssignInt", "path": ["cls_summary", "all_params", "rf__verbose"], "value": 0}, "version": 30, "at": 1711926172.176734}
{"obj": {"type": "AssignBool", "path": ["cls_summary", "all_params", "rf__warm_start"], "value": false}, "version": 31, "at": 1711926172.176804}
{"obj": {"type": "UploadFile", "path": ["cls_summary", "pickled_model"], "ext": "pkl", "file_path": null, "tmp_file_name": "cls_summary_pickled_model-1711926172.17688-2024-03-31_19.02.52.176880.pkl", "clean_after_upload": false}, "version": 32, "at": 1711926172.177824}
{"obj": {"type": "UploadFile", "path": ["cls_summary", "test", "preds"], "ext": "html", "file_path": null, "tmp_file_name": "cls_summary_test_preds-1711926172.178054-2024-03-31_19.02.52.178054.html", "clean_after_upload": false}, "version": 33, "at": 1711926172.178457}
{"obj": {"type": "UploadFile", "path": ["cls_summary", "test", "preds_proba"], "ext": "html", "file_path": null, "tmp_file_name": "cls_summary_test_preds_proba-1711926172.178557-2024-03-31_19.02.52.178557.html", "clean_after_upload": false}, "version": 34, "at": 1711926172.178866}
{"obj": {"type": "AssignFloat", "path": ["cls_summary", "test", "scores", "class_0", "precision"], "value": 0.5833333333333334}, "version": 35, "at": 1711926172.179138}
{"obj": {"type": "AssignFloat", "path": ["cls_summary", "test", "scores", "class_0", "recall"], "value": 1.0}, "version": 36, "at": 1711926172.1792488}
{"obj": {"type": "AssignFloat", "path": ["cls_summary", "test", "scores", "class_0", "fbeta_score"], "value": 0.7368421052631579}, "version": 37, "at": 1711926172.179318}
{"obj": {"type": "AssignFloat", "path": ["cls_summary", "test", "scores", "class_0", "support"], "value": 14.0}, "version": 38, "at": 1711926172.179382}
{"obj": {"type": "AssignFloat", "path": ["cls_summary", "test", "scores", "class_1", "precision"], "value": 1.0}, "version": 39, "at": 1711926172.1794748}
{"obj": {"type": "AssignFloat", "path": ["cls_summary", "test", "scores", "class_1", "recall"], "value": 0.23076923076923078}, "version": 40, "at": 1711926172.1795359}
{"obj": {"type": "AssignFloat", "path": ["cls_summary", "test", "scores", "class_1", "fbeta_score"], "value": 0.375}, "version": 41, "at": 1711926172.179594}
{"obj": {"type": "AssignFloat", "path": ["cls_summary", "test", "scores", "class_1", "support"], "value": 13.0}, "version": 42, "at": 1711926172.1796532}
{"obj": {"type": "UploadFile", "path": ["cls_summary", "diagnostics_charts", "classification_report"], "ext": "png", "file_path": null, "tmp_file_name": "cls_summary_diagnostics_charts_classification_report-1711926172.179746-2024-03-31_19.02.52.179746.png", "clean_after_upload": false}, "version": 43, "at": 1711926172.180041}
{"obj": {"type": "UploadFile", "path": ["cls_summary", "diagnostics_charts", "confusion_matrix"], "ext": "png", "file_path": null, "tmp_file_name": "cls_summary_diagnostics_charts_confusion_matrix-1711926172.180129-2024-03-31_19.02.52.180129.png", "clean_after_upload": false}, "version": 44, "at": 1711926172.180444}
{"obj": {"type": "UploadFile", "path": ["cls_summary", "diagnostics_charts", "ROC_AUC"], "ext": "png", "file_path": null, "tmp_file_name": "cls_summary_diagnostics_charts_ROC_AUC-1711926172.180685-2024-03-31_19.02.52.180685.png", "clean_after_upload": false}, "version": 45, "at": 1711926172.181299}
{"obj": {"type": "UploadFile", "path": ["cls_summary", "diagnostics_charts", "precision_recall"], "ext": "png", "file_path": null, "tmp_file_name": "cls_summary_diagnostics_charts_precision_recall-1711926172.181478-2024-03-31_19.02.52.181478.png", "clean_after_upload": false}, "version": 46, "at": 1711926172.181993}
{"obj": {"type": "UploadFile", "path": ["cls_summary", "diagnostics_charts", "class_prediction_error"], "ext": "png", "file_path": null, "tmp_file_name": "cls_summary_diagnostics_charts_class_prediction_error-1711926172.182279-2024-03-31_19.02.52.182279.png", "clean_after_upload": false}, "version": 47, "at": 1711926172.182764}
{"obj": {"type": "AssignString", "path": ["cls_summary", "integration", "about", "neptune-sklearn"], "value": "2.1.0"}, "version": 48, "at": 1711926172.18293}
{"obj": {"type": "AssignInt", "path": ["params", "rf__min_samples_split"], "value": 2}, "version": 49, "at": 1711926172.185885}
{"obj": {"type": "AssignInt", "path": ["params", "rf__n_estimators"], "value": 200}, "version": 50, "at": 1711926172.1860201}
{"obj": {"type": "UploadFile", "path": ["feature_importance"], "ext": "png", "file_path": "/Users/shehjarsadhu/Desktop/UniversityOfRhodeIsland/Graduate/WBL/Project_Q2Behave/GitQ2Bheave/q2behave_data_analysis/jupyternotebooks/ML_Toolbox/feature_importance.png", "tmp_file_name": null, "clean_after_upload": false}, "version": 51, "at": 1711926186.0924292}
{"obj": {"type": "UploadFile", "path": ["roc_curve"], "ext": "png", "file_path": "/Users/shehjarsadhu/Desktop/UniversityOfRhodeIsland/Graduate/WBL/Project_Q2Behave/GitQ2Bheave/q2behave_data_analysis/jupyternotebooks/ML_Toolbox/roc_curve_class.png", "tmp_file_name": null, "clean_after_upload": false}, "version": 52, "at": 1711926186.224299}
{"obj": {"type": "AssignFloat", "path": ["precision"], "value": 0.7839506172839507}, "version": 53, "at": 1711926186.618558}
{"obj": {"type": "AssignFloat", "path": ["recall"], "value": 0.6296296296296297}, "version": 54, "at": 1711926186.618877}
{"obj": {"type": "AssignFloat", "path": ["f1_score"], "value": 0.5626218323586745}, "version": 55, "at": 1711926186.618967}
{"obj": {"type": "AssignFloat", "path": ["mean_train_accuracy"], "value": 1.0}, "version": 56, "at": 1711926186.619061}
{"obj": {"type": "AssignFloat", "path": ["mean_test_accuracy"], "value": 0.7087912087912087}, "version": 57, "at": 1711926186.619139}
{"obj": {"type": "AssignFloat", "path": ["mean_sensitivity"], "value": 0.7142857142857143}, "version": 58, "at": 1711926186.619216}
