{"obj": {"type": "AssignString", "path": ["sys", "name"], "value": "2-Foldtest_size_0.2_RF"}, "version": 1, "at": 1712677002.719991}
{"obj": {"type": "AssignString", "path": ["sys", "description"], "value": ""}, "version": 2, "at": 1712677002.720393}
{"obj": {"type": "AssignString", "path": ["monitoring", "59880398", "hostname"], "value": "156.4.20.172.s.wireless.uri.edu"}, "version": 3, "at": 1712677002.720553}
{"obj": {"type": "AssignString", "path": ["sys", "hostname"], "value": "156.4.20.172.s.wireless.uri.edu"}, "version": 4, "at": 1712677002.720695}
{"obj": {"type": "AssignString", "path": ["monitoring", "59880398", "pid"], "value": "34031"}, "version": 5, "at": 1712677002.7208152}
{"obj": {"type": "AssignString", "path": ["monitoring", "59880398", "tid"], "value": "140704351295040"}, "version": 6, "at": 1712677002.720927}
{"obj": {"type": "AssignBool", "path": ["sys", "failed"], "value": false}, "version": 7, "at": 1712677002.721036}
{"obj": {"type": "AssignString", "path": ["pid"], "value": "None"}, "version": 8, "at": 1712677002.737314}
{"obj": {"type": "UploadFile", "path": ["data", "feature_table"], "ext": "html", "file_path": null, "tmp_file_name": "data_feature_table-1712677013.175543-2024-04-09_11.36.53.175543.html", "clean_after_upload": false}, "version": 9, "at": 1712677013.18993}
{"obj": {"type": "AssignString", "path": ["original"], "value": "type\n0    10749\n1     1032\nName: count, dtype: int64"}, "version": 10, "at": 1712677013.194387}
{"obj": {"type": "AssignString", "path": ["train_samples_undersampled"], "value": "type\n0    1032\n1    1032\nName: count, dtype: int64"}, "version": 11, "at": 1712677013.195148}
{"obj": {"type": "AssignString", "path": ["test_samples_undersampled"], "value": "type\n0    207\n1    206\nName: count, dtype: int64"}, "version": 12, "at": 1712677013.195634}
{"obj": {"type": "AssignString", "path": ["tag"], "value": "Rus"}, "version": 13, "at": 1712677013.195711}
{"obj": {"type": "UploadFile", "path": ["data", "test_data"], "ext": "html", "file_path": null, "tmp_file_name": "data_test_data-1712677039.206092-2024-04-09_11.37.19.206092.html", "clean_after_upload": false}, "version": 14, "at": 1712677039.20692}
{"obj": {"type": "AssignString", "path": ["cls_summary", "all_params", "memory"], "value": "None"}, "version": 15, "at": 1712677040.3813381}
{"obj": {"type": "AssignString", "path": ["cls_summary", "all_params", "steps"], "value": "[('rf', RandomForestClassifier(max_depth=10, min_samples_split=10, n_estimators=300,\n                       random_state=8))]"}, "version": 16, "at": 1712677040.382847}
{"obj": {"type": "AssignBool", "path": ["cls_summary", "all_params", "verbose"], "value": false}, "version": 17, "at": 1712677040.382988}
{"obj": {"type": "AssignString", "path": ["cls_summary", "all_params", "rf"], "value": "RandomForestClassifier(max_depth=10, min_samples_split=10, n_estimators=300,\n                       random_state=8)"}, "version": 18, "at": 1712677040.383554}
{"obj": {"type": "AssignBool", "path": ["cls_summary", "all_params", "rf__bootstrap"], "value": true}, "version": 19, "at": 1712677040.383638}
{"obj": {"type": "AssignFloat", "path": ["cls_summary", "all_params", "rf__ccp_alpha"], "value": 0.0}, "version": 20, "at": 1712677040.383723}
{"obj": {"type": "AssignString", "path": ["cls_summary", "all_params", "rf__class_weight"], "value": "None"}, "version": 21, "at": 1712677040.383805}
{"obj": {"type": "AssignString", "path": ["cls_summary", "all_params", "rf__criterion"], "value": "gini"}, "version": 22, "at": 1712677040.3839}
{"obj": {"type": "AssignInt", "path": ["cls_summary", "all_params", "rf__max_depth"], "value": 10}, "version": 23, "at": 1712677040.3840692}
{"obj": {"type": "AssignString", "path": ["cls_summary", "all_params", "rf__max_features"], "value": "sqrt"}, "version": 24, "at": 1712677040.384166}
{"obj": {"type": "AssignString", "path": ["cls_summary", "all_params", "rf__max_leaf_nodes"], "value": "None"}, "version": 25, "at": 1712677040.3842938}
{"obj": {"type": "AssignString", "path": ["cls_summary", "all_params", "rf__max_samples"], "value": "None"}, "version": 26, "at": 1712677040.384436}
{"obj": {"type": "AssignFloat", "path": ["cls_summary", "all_params", "rf__min_impurity_decrease"], "value": 0.0}, "version": 27, "at": 1712677040.384543}
{"obj": {"type": "AssignInt", "path": ["cls_summary", "all_params", "rf__min_samples_leaf"], "value": 1}, "version": 28, "at": 1712677040.3846169}
{"obj": {"type": "AssignInt", "path": ["cls_summary", "all_params", "rf__min_samples_split"], "value": 10}, "version": 29, "at": 1712677040.3846872}
{"obj": {"type": "AssignFloat", "path": ["cls_summary", "all_params", "rf__min_weight_fraction_leaf"], "value": 0.0}, "version": 30, "at": 1712677040.384747}
{"obj": {"type": "AssignInt", "path": ["cls_summary", "all_params", "rf__n_estimators"], "value": 300}, "version": 31, "at": 1712677040.384864}
{"obj": {"type": "AssignString", "path": ["cls_summary", "all_params", "rf__n_jobs"], "value": "None"}, "version": 32, "at": 1712677040.385053}
{"obj": {"type": "AssignBool", "path": ["cls_summary", "all_params", "rf__oob_score"], "value": false}, "version": 33, "at": 1712677040.3851259}
{"obj": {"type": "AssignInt", "path": ["cls_summary", "all_params", "rf__random_state"], "value": 8}, "version": 34, "at": 1712677040.385188}
{"obj": {"type": "AssignInt", "path": ["cls_summary", "all_params", "rf__verbose"], "value": 0}, "version": 35, "at": 1712677040.385244}
{"obj": {"type": "AssignBool", "path": ["cls_summary", "all_params", "rf__warm_start"], "value": false}, "version": 36, "at": 1712677040.385299}
{"obj": {"type": "UploadFile", "path": ["cls_summary", "pickled_model"], "ext": "pkl", "file_path": null, "tmp_file_name": "cls_summary_pickled_model-1712677040.385374-2024-04-09_11.37.20.385374.pkl", "clean_after_upload": false}, "version": 37, "at": 1712677040.389956}
{"obj": {"type": "UploadFile", "path": ["cls_summary", "test", "preds"], "ext": "html", "file_path": null, "tmp_file_name": "cls_summary_test_preds-1712677040.390196-2024-04-09_11.37.20.390196.html", "clean_after_upload": false}, "version": 38, "at": 1712677040.390534}
{"obj": {"type": "UploadFile", "path": ["cls_summary", "test", "preds_proba"], "ext": "html", "file_path": null, "tmp_file_name": "cls_summary_test_preds_proba-1712677040.390652-2024-04-09_11.37.20.390652.html", "clean_after_upload": false}, "version": 39, "at": 1712677040.390889}
{"obj": {"type": "AssignFloat", "path": ["cls_summary", "test", "scores", "class_0", "precision"], "value": 0.5459459459459459}, "version": 40, "at": 1712677040.391074}
{"obj": {"type": "AssignFloat", "path": ["cls_summary", "test", "scores", "class_0", "recall"], "value": 0.9758454106280193}, "version": 41, "at": 1712677040.3911412}
{"obj": {"type": "AssignFloat", "path": ["cls_summary", "test", "scores", "class_0", "fbeta_score"], "value": 0.7001733102253032}, "version": 42, "at": 1712677040.3912141}
{"obj": {"type": "AssignFloat", "path": ["cls_summary", "test", "scores", "class_0", "support"], "value": 207.0}, "version": 43, "at": 1712677040.391304}
{"obj": {"type": "AssignFloat", "path": ["cls_summary", "test", "scores", "class_1", "precision"], "value": 0.8837209302325582}, "version": 44, "at": 1712677040.391597}
{"obj": {"type": "AssignFloat", "path": ["cls_summary", "test", "scores", "class_1", "recall"], "value": 0.18446601941747573}, "version": 45, "at": 1712677040.391794}
{"obj": {"type": "AssignFloat", "path": ["cls_summary", "test", "scores", "class_1", "fbeta_score"], "value": 0.30522088353413657}, "version": 46, "at": 1712677040.391872}
{"obj": {"type": "AssignFloat", "path": ["cls_summary", "test", "scores", "class_1", "support"], "value": 206.0}, "version": 47, "at": 1712677040.391932}
{"obj": {"type": "UploadFile", "path": ["cls_summary", "diagnostics_charts", "classification_report"], "ext": "png", "file_path": null, "tmp_file_name": "cls_summary_diagnostics_charts_classification_report-1712677040.392025-2024-04-09_11.37.20.392025.png", "clean_after_upload": false}, "version": 48, "at": 1712677040.3922749}
{"obj": {"type": "UploadFile", "path": ["cls_summary", "diagnostics_charts", "confusion_matrix"], "ext": "png", "file_path": null, "tmp_file_name": "cls_summary_diagnostics_charts_confusion_matrix-1712677040.392434-2024-04-09_11.37.20.392434.png", "clean_after_upload": false}, "version": 49, "at": 1712677040.392736}
{"obj": {"type": "UploadFile", "path": ["cls_summary", "diagnostics_charts", "ROC_AUC"], "ext": "png", "file_path": null, "tmp_file_name": "cls_summary_diagnostics_charts_ROC_AUC-1712677040.39286-2024-04-09_11.37.20.392860.png", "clean_after_upload": false}, "version": 50, "at": 1712677040.393187}
{"obj": {"type": "UploadFile", "path": ["cls_summary", "diagnostics_charts", "precision_recall"], "ext": "png", "file_path": null, "tmp_file_name": "cls_summary_diagnostics_charts_precision_recall-1712677040.393302-2024-04-09_11.37.20.393302.png", "clean_after_upload": false}, "version": 51, "at": 1712677040.3937159}
{"obj": {"type": "UploadFile", "path": ["cls_summary", "diagnostics_charts", "class_prediction_error"], "ext": "png", "file_path": null, "tmp_file_name": "cls_summary_diagnostics_charts_class_prediction_error-1712677040.393886-2024-04-09_11.37.20.393886.png", "clean_after_upload": false}, "version": 52, "at": 1712677040.394093}
{"obj": {"type": "AssignString", "path": ["cls_summary", "integration", "about", "neptune-sklearn"], "value": "2.1.0"}, "version": 53, "at": 1712677040.394238}
{"obj": {"type": "AssignInt", "path": ["params", "rf__max_depth"], "value": 10}, "version": 54, "at": 1712677040.395206}
{"obj": {"type": "AssignInt", "path": ["params", "rf__min_samples_split"], "value": 10}, "version": 55, "at": 1712677040.3953001}
{"obj": {"type": "AssignInt", "path": ["params", "rf__n_estimators"], "value": 300}, "version": 56, "at": 1712677040.395359}
{"obj": {"type": "UploadFile", "path": ["data", "feature_importance"], "ext": "html", "file_path": null, "tmp_file_name": "data_feature_importance-1712677168.328907-2024-04-09_11.39.28.328907.html", "clean_after_upload": false}, "version": 57, "at": 1712677168.329407}
{"obj": {"type": "UploadFile", "path": ["feature_importance"], "ext": "png", "file_path": "/Users/shehjarsadhu/Desktop/UniversityOfRhodeIsland/Graduate/WBL/Project_Q2Behave/GitQ2Bheave/q2behave_data_analysis/jupyternotebooks/ML_Toolbox/feature_importance.png", "tmp_file_name": null, "clean_after_upload": false}, "version": 58, "at": 1712677168.4275389}
{"obj": {"type": "UploadFile", "path": ["roc_curve"], "ext": "png", "file_path": "/Users/shehjarsadhu/Desktop/UniversityOfRhodeIsland/Graduate/WBL/Project_Q2Behave/GitQ2Bheave/q2behave_data_analysis/jupyternotebooks/ML_Toolbox/roc_curve_class.png", "tmp_file_name": null, "clean_after_upload": false}, "version": 59, "at": 1712677168.541101}
{"obj": {"type": "AssignFloat", "path": ["precision"], "value": 0.714424509536847}, "version": 60, "at": 1712677168.769449}
{"obj": {"type": "AssignFloat", "path": ["recall"], "value": 0.5811138014527845}, "version": 61, "at": 1712677168.7700968}
{"obj": {"type": "AssignFloat", "path": ["f1_score"], "value": 0.5031752475173605}, "version": 62, "at": 1712677168.770208}
{"obj": {"type": "AssignFloat", "path": ["mean_train_accuracy"], "value": 0.9626937984496124}, "version": 63, "at": 1712677168.7702909}
{"obj": {"type": "AssignFloat", "path": ["mean_test_accuracy"], "value": 0.5755813953488372}, "version": 64, "at": 1712677168.770368}
{"obj": {"type": "AssignFloat", "path": ["mean_sensitivity"], "value": 0.6308139534883721}, "version": 65, "at": 1712677168.770441}
