{"obj": {"type": "AssignString", "path": ["sys", "name"], "value": "3-Foldtest_size_0.1_RF"}, "version": 1, "at": 1711913654.16325}
{"obj": {"type": "AssignString", "path": ["sys", "description"], "value": ""}, "version": 2, "at": 1711913654.1639402}
{"obj": {"type": "AssignString", "path": ["monitoring", "58564477", "hostname"], "value": "156.4.20.172.s.wireless.uri.edu"}, "version": 3, "at": 1711913654.164292}
{"obj": {"type": "AssignString", "path": ["sys", "hostname"], "value": "156.4.20.172.s.wireless.uri.edu"}, "version": 4, "at": 1711913654.164565}
{"obj": {"type": "AssignString", "path": ["monitoring", "58564477", "pid"], "value": "69156"}, "version": 5, "at": 1711913654.164842}
{"obj": {"type": "AssignString", "path": ["monitoring", "58564477", "tid"], "value": "140704736732736"}, "version": 6, "at": 1711913654.1651049}
{"obj": {"type": "AssignBool", "path": ["sys", "failed"], "value": false}, "version": 7, "at": 1711913654.165257}
{"obj": {"type": "UploadFile", "path": ["data", "feature_table"], "ext": "html", "file_path": null, "tmp_file_name": "data_feature_table-1711913656.710416-2024-03-31_15.34.16.710416.html", "clean_after_upload": false}, "version": 8, "at": 1711913656.7123342}
{"obj": {"type": "UploadFile", "path": ["data", "test_data"], "ext": "html", "file_path": null, "tmp_file_name": "data_test_data-1711913666.052911-2024-03-31_15.34.26.052911.html", "clean_after_upload": false}, "version": 9, "at": 1711913666.0539289}
{"obj": {"type": "AssignString", "path": ["cls_summary", "all_params", "memory"], "value": "None"}, "version": 10, "at": 1711913667.050265}
{"obj": {"type": "AssignString", "path": ["cls_summary", "all_params", "steps"], "value": "[('rf', RandomForestClassifier(min_samples_split=5, n_estimators=200, random_state=8))]"}, "version": 11, "at": 1711913667.050785}
{"obj": {"type": "AssignBool", "path": ["cls_summary", "all_params", "verbose"], "value": false}, "version": 12, "at": 1711913667.0509179}
{"obj": {"type": "AssignString", "path": ["cls_summary", "all_params", "rf"], "value": "RandomForestClassifier(min_samples_split=5, n_estimators=200, random_state=8)"}, "version": 13, "at": 1711913667.0512419}
{"obj": {"type": "AssignBool", "path": ["cls_summary", "all_params", "rf__bootstrap"], "value": true}, "version": 14, "at": 1711913667.05137}
{"obj": {"type": "AssignFloat", "path": ["cls_summary", "all_params", "rf__ccp_alpha"], "value": 0.0}, "version": 15, "at": 1711913667.0516312}
{"obj": {"type": "AssignString", "path": ["cls_summary", "all_params", "rf__class_weight"], "value": "None"}, "version": 16, "at": 1711913667.051754}
{"obj": {"type": "AssignString", "path": ["cls_summary", "all_params", "rf__criterion"], "value": "gini"}, "version": 17, "at": 1711913667.0518222}
{"obj": {"type": "AssignString", "path": ["cls_summary", "all_params", "rf__max_depth"], "value": "None"}, "version": 18, "at": 1711913667.051889}
{"obj": {"type": "AssignString", "path": ["cls_summary", "all_params", "rf__max_features"], "value": "sqrt"}, "version": 19, "at": 1711913667.0519512}
{"obj": {"type": "AssignString", "path": ["cls_summary", "all_params", "rf__max_leaf_nodes"], "value": "None"}, "version": 20, "at": 1711913667.052047}
{"obj": {"type": "AssignString", "path": ["cls_summary", "all_params", "rf__max_samples"], "value": "None"}, "version": 21, "at": 1711913667.0521102}
{"obj": {"type": "AssignFloat", "path": ["cls_summary", "all_params", "rf__min_impurity_decrease"], "value": 0.0}, "version": 22, "at": 1711913667.05229}
{"obj": {"type": "AssignInt", "path": ["cls_summary", "all_params", "rf__min_samples_leaf"], "value": 1}, "version": 23, "at": 1711913667.0523698}
{"obj": {"type": "AssignInt", "path": ["cls_summary", "all_params", "rf__min_samples_split"], "value": 5}, "version": 24, "at": 1711913667.052439}
{"obj": {"type": "AssignFloat", "path": ["cls_summary", "all_params", "rf__min_weight_fraction_leaf"], "value": 0.0}, "version": 25, "at": 1711913667.052499}
{"obj": {"type": "AssignInt", "path": ["cls_summary", "all_params", "rf__n_estimators"], "value": 200}, "version": 26, "at": 1711913667.052554}
{"obj": {"type": "AssignString", "path": ["cls_summary", "all_params", "rf__n_jobs"], "value": "None"}, "version": 27, "at": 1711913667.052618}
{"obj": {"type": "AssignBool", "path": ["cls_summary", "all_params", "rf__oob_score"], "value": false}, "version": 28, "at": 1711913667.052675}
{"obj": {"type": "AssignInt", "path": ["cls_summary", "all_params", "rf__random_state"], "value": 8}, "version": 29, "at": 1711913667.0527291}
{"obj": {"type": "AssignInt", "path": ["cls_summary", "all_params", "rf__verbose"], "value": 0}, "version": 30, "at": 1711913667.0528011}
{"obj": {"type": "AssignBool", "path": ["cls_summary", "all_params", "rf__warm_start"], "value": false}, "version": 31, "at": 1711913667.052856}
{"obj": {"type": "UploadFile", "path": ["cls_summary", "pickled_model"], "ext": "pkl", "file_path": null, "tmp_file_name": "cls_summary_pickled_model-1711913667.052924-2024-03-31_15.34.27.052924.pkl", "clean_after_upload": false}, "version": 32, "at": 1711913667.053643}
{"obj": {"type": "UploadFile", "path": ["cls_summary", "test", "preds"], "ext": "html", "file_path": null, "tmp_file_name": "cls_summary_test_preds-1711913667.05378-2024-03-31_15.34.27.053780.html", "clean_after_upload": false}, "version": 33, "at": 1711913667.0540109}
{"obj": {"type": "UploadFile", "path": ["cls_summary", "test", "preds_proba"], "ext": "html", "file_path": null, "tmp_file_name": "cls_summary_test_preds_proba-1711913667.054087-2024-03-31_15.34.27.054087.html", "clean_after_upload": false}, "version": 34, "at": 1711913667.054268}
{"obj": {"type": "AssignFloat", "path": ["cls_summary", "test", "scores", "class_0", "precision"], "value": 0.6428571428571429}, "version": 35, "at": 1711913667.054415}
{"obj": {"type": "AssignFloat", "path": ["cls_summary", "test", "scores", "class_0", "recall"], "value": 0.6428571428571429}, "version": 36, "at": 1711913667.054616}
{"obj": {"type": "AssignFloat", "path": ["cls_summary", "test", "scores", "class_0", "fbeta_score"], "value": 0.6428571428571429}, "version": 37, "at": 1711913667.054726}
{"obj": {"type": "AssignFloat", "path": ["cls_summary", "test", "scores", "class_0", "support"], "value": 14.0}, "version": 38, "at": 1711913667.054792}
{"obj": {"type": "AssignFloat", "path": ["cls_summary", "test", "scores", "class_1", "precision"], "value": 0.6428571428571429}, "version": 39, "at": 1711913667.054883}
{"obj": {"type": "AssignFloat", "path": ["cls_summary", "test", "scores", "class_1", "recall"], "value": 0.6428571428571429}, "version": 40, "at": 1711913667.054943}
{"obj": {"type": "AssignFloat", "path": ["cls_summary", "test", "scores", "class_1", "fbeta_score"], "value": 0.6428571428571429}, "version": 41, "at": 1711913667.055}
{"obj": {"type": "AssignFloat", "path": ["cls_summary", "test", "scores", "class_1", "support"], "value": 14.0}, "version": 42, "at": 1711913667.0550568}
{"obj": {"type": "UploadFile", "path": ["cls_summary", "diagnostics_charts", "classification_report"], "ext": "png", "file_path": null, "tmp_file_name": "cls_summary_diagnostics_charts_classification_report-1711913667.055143-2024-03-31_15.34.27.055143.png", "clean_after_upload": false}, "version": 43, "at": 1711913667.055375}
{"obj": {"type": "UploadFile", "path": ["cls_summary", "diagnostics_charts", "confusion_matrix"], "ext": "png", "file_path": null, "tmp_file_name": "cls_summary_diagnostics_charts_confusion_matrix-1711913667.055448-2024-03-31_15.34.27.055448.png", "clean_after_upload": false}, "version": 44, "at": 1711913667.055754}
{"obj": {"type": "UploadFile", "path": ["cls_summary", "diagnostics_charts", "ROC_AUC"], "ext": "png", "file_path": null, "tmp_file_name": "cls_summary_diagnostics_charts_ROC_AUC-1711913667.055858-2024-03-31_15.34.27.055858.png", "clean_after_upload": false}, "version": 45, "at": 1711913667.05619}
{"obj": {"type": "UploadFile", "path": ["cls_summary", "diagnostics_charts", "precision_recall"], "ext": "png", "file_path": null, "tmp_file_name": "cls_summary_diagnostics_charts_precision_recall-1711913667.056273-2024-03-31_15.34.27.056273.png", "clean_after_upload": false}, "version": 46, "at": 1711913667.056504}
{"obj": {"type": "UploadFile", "path": ["cls_summary", "diagnostics_charts", "class_prediction_error"], "ext": "png", "file_path": null, "tmp_file_name": "cls_summary_diagnostics_charts_class_prediction_error-1711913667.056578-2024-03-31_15.34.27.056578.png", "clean_after_upload": false}, "version": 47, "at": 1711913667.056756}
{"obj": {"type": "AssignString", "path": ["cls_summary", "integration", "about", "neptune-sklearn"], "value": "2.1.0"}, "version": 48, "at": 1711913667.056876}
{"obj": {"type": "AssignInt", "path": ["params", "rf__min_samples_split"], "value": 5}, "version": 49, "at": 1711913667.057087}
{"obj": {"type": "AssignInt", "path": ["params", "rf__n_estimators"], "value": 200}, "version": 50, "at": 1711913667.057149}
{"obj": {"type": "UploadFile", "path": ["feature_importance"], "ext": "png", "file_path": "/Users/shehjarsadhu/Desktop/UniversityOfRhodeIsland/Graduate/WBL/Project_Q2Behave/GitQ2Bheave/q2behave_data_analysis/jupyternotebooks/ML_Toolbox/feature_importance.png", "tmp_file_name": null, "clean_after_upload": false}, "version": 51, "at": 1711913683.855527}
{"obj": {"type": "UploadFile", "path": ["roc_curve"], "ext": "png", "file_path": "/Users/shehjarsadhu/Desktop/UniversityOfRhodeIsland/Graduate/WBL/Project_Q2Behave/GitQ2Bheave/q2behave_data_analysis/jupyternotebooks/ML_Toolbox/roc_curve_class.png", "tmp_file_name": null, "clean_after_upload": false}, "version": 52, "at": 1711913683.979021}
{"obj": {"type": "AssignFloat", "path": ["precision"], "value": 0.6428571428571429}, "version": 53, "at": 1711913684.36627}
{"obj": {"type": "AssignFloat", "path": ["recall"], "value": 0.6428571428571429}, "version": 54, "at": 1711913684.366677}
{"obj": {"type": "AssignFloat", "path": ["f1_score"], "value": 0.6428571428571429}, "version": 55, "at": 1711913684.366772}
{"obj": {"type": "AssignFloat", "path": ["mean_train_accuracy"], "value": 0.9958973970562246}, "version": 56, "at": 1711913684.366858}
{"obj": {"type": "AssignFloat", "path": ["mean_test_accuracy"], "value": 0.5861688246512095}, "version": 57, "at": 1711913684.366938}
{"obj": {"type": "AssignFloat", "path": ["mean_sensitivity"], "value": 0.598780487804878}, "version": 58, "at": 1711913684.367014}
