{"obj": {"type": "AssignString", "path": ["sys", "name"], "value": "3-Foldtest_size_0.2_RF"}, "version": 1, "at": 1711925683.6248078}
{"obj": {"type": "AssignString", "path": ["sys", "description"], "value": ""}, "version": 2, "at": 1711925683.6252291}
{"obj": {"type": "AssignString", "path": ["monitoring", "b8aa34a7", "hostname"], "value": "156.4.20.172.s.wireless.uri.edu"}, "version": 3, "at": 1711925683.6254542}
{"obj": {"type": "AssignString", "path": ["sys", "hostname"], "value": "156.4.20.172.s.wireless.uri.edu"}, "version": 4, "at": 1711925683.625631}
{"obj": {"type": "AssignString", "path": ["monitoring", "b8aa34a7", "pid"], "value": "70175"}, "version": 5, "at": 1711925683.6258051}
{"obj": {"type": "AssignString", "path": ["monitoring", "b8aa34a7", "tid"], "value": "140704736732736"}, "version": 6, "at": 1711925683.625969}
{"obj": {"type": "AssignBool", "path": ["sys", "failed"], "value": false}, "version": 7, "at": 1711925683.626109}
{"obj": {"type": "UploadFile", "path": ["data", "feature_table"], "ext": "html", "file_path": null, "tmp_file_name": "data_feature_table-1711925686.871514-2024-03-31_18.54.46.871514.html", "clean_after_upload": false}, "version": 8, "at": 1711925686.873734}
{"obj": {"type": "UploadFile", "path": ["data", "test_data"], "ext": "html", "file_path": null, "tmp_file_name": "data_test_data-1711925692.505697-2024-03-31_18.54.52.505697.html", "clean_after_upload": false}, "version": 9, "at": 1711925692.506109}
{"obj": {"type": "AssignString", "path": ["cls_summary", "all_params", "memory"], "value": "None"}, "version": 10, "at": 1711925693.279753}
{"obj": {"type": "AssignString", "path": ["cls_summary", "all_params", "steps"], "value": "[('rf', RandomForestClassifier(min_samples_split=10, n_estimators=200, random_state=8))]"}, "version": 11, "at": 1711925693.28018}
{"obj": {"type": "AssignBool", "path": ["cls_summary", "all_params", "verbose"], "value": false}, "version": 12, "at": 1711925693.280268}
{"obj": {"type": "AssignString", "path": ["cls_summary", "all_params", "rf"], "value": "RandomForestClassifier(min_samples_split=10, n_estimators=200, random_state=8)"}, "version": 13, "at": 1711925693.280511}
{"obj": {"type": "AssignBool", "path": ["cls_summary", "all_params", "rf__bootstrap"], "value": true}, "version": 14, "at": 1711925693.2805812}
{"obj": {"type": "AssignFloat", "path": ["cls_summary", "all_params", "rf__ccp_alpha"], "value": 0.0}, "version": 15, "at": 1711925693.280648}
{"obj": {"type": "AssignString", "path": ["cls_summary", "all_params", "rf__class_weight"], "value": "None"}, "version": 16, "at": 1711925693.280716}
{"obj": {"type": "AssignString", "path": ["cls_summary", "all_params", "rf__criterion"], "value": "gini"}, "version": 17, "at": 1711925693.2807791}
{"obj": {"type": "AssignString", "path": ["cls_summary", "all_params", "rf__max_depth"], "value": "None"}, "version": 18, "at": 1711925693.280844}
{"obj": {"type": "AssignString", "path": ["cls_summary", "all_params", "rf__max_features"], "value": "sqrt"}, "version": 19, "at": 1711925693.280904}
{"obj": {"type": "AssignString", "path": ["cls_summary", "all_params", "rf__max_leaf_nodes"], "value": "None"}, "version": 20, "at": 1711925693.280967}
{"obj": {"type": "AssignString", "path": ["cls_summary", "all_params", "rf__max_samples"], "value": "None"}, "version": 21, "at": 1711925693.2810292}
{"obj": {"type": "AssignFloat", "path": ["cls_summary", "all_params", "rf__min_impurity_decrease"], "value": 0.0}, "version": 22, "at": 1711925693.281085}
{"obj": {"type": "AssignInt", "path": ["cls_summary", "all_params", "rf__min_samples_leaf"], "value": 1}, "version": 23, "at": 1711925693.2811468}
{"obj": {"type": "AssignInt", "path": ["cls_summary", "all_params", "rf__min_samples_split"], "value": 10}, "version": 24, "at": 1711925693.281203}
{"obj": {"type": "AssignFloat", "path": ["cls_summary", "all_params", "rf__min_weight_fraction_leaf"], "value": 0.0}, "version": 25, "at": 1711925693.2812579}
{"obj": {"type": "AssignInt", "path": ["cls_summary", "all_params", "rf__n_estimators"], "value": 200}, "version": 26, "at": 1711925693.2813141}
{"obj": {"type": "AssignString", "path": ["cls_summary", "all_params", "rf__n_jobs"], "value": "None"}, "version": 27, "at": 1711925693.281376}
{"obj": {"type": "AssignBool", "path": ["cls_summary", "all_params", "rf__oob_score"], "value": false}, "version": 28, "at": 1711925693.281431}
{"obj": {"type": "AssignInt", "path": ["cls_summary", "all_params", "rf__random_state"], "value": 8}, "version": 29, "at": 1711925693.2814841}
{"obj": {"type": "AssignInt", "path": ["cls_summary", "all_params", "rf__verbose"], "value": 0}, "version": 30, "at": 1711925693.281536}
{"obj": {"type": "AssignBool", "path": ["cls_summary", "all_params", "rf__warm_start"], "value": false}, "version": 31, "at": 1711925693.281589}
{"obj": {"type": "UploadFile", "path": ["cls_summary", "pickled_model"], "ext": "pkl", "file_path": null, "tmp_file_name": "cls_summary_pickled_model-1711925693.281653-2024-03-31_18.54.53.281653.pkl", "clean_after_upload": false}, "version": 32, "at": 1711925693.282083}
{"obj": {"type": "UploadFile", "path": ["cls_summary", "test", "preds"], "ext": "html", "file_path": null, "tmp_file_name": "cls_summary_test_preds-1711925693.282206-2024-03-31_18.54.53.282206.html", "clean_after_upload": false}, "version": 33, "at": 1711925693.2824361}
{"obj": {"type": "UploadFile", "path": ["cls_summary", "test", "preds_proba"], "ext": "html", "file_path": null, "tmp_file_name": "cls_summary_test_preds_proba-1711925693.28251-2024-03-31_18.54.53.282510.html", "clean_after_upload": false}, "version": 34, "at": 1711925693.282752}
{"obj": {"type": "AssignFloat", "path": ["cls_summary", "test", "scores", "class_0", "precision"], "value": 0.5}, "version": 35, "at": 1711925693.2829142}
{"obj": {"type": "AssignFloat", "path": ["cls_summary", "test", "scores", "class_0", "recall"], "value": 0.3333333333333333}, "version": 36, "at": 1711925693.2830038}
{"obj": {"type": "AssignFloat", "path": ["cls_summary", "test", "scores", "class_0", "fbeta_score"], "value": 0.4}, "version": 37, "at": 1711925693.283056}
{"obj": {"type": "AssignFloat", "path": ["cls_summary", "test", "scores", "class_0", "support"], "value": 3.0}, "version": 38, "at": 1711925693.283108}
{"obj": {"type": "AssignFloat", "path": ["cls_summary", "test", "scores", "class_1", "precision"], "value": 0.5}, "version": 39, "at": 1711925693.2831821}
{"obj": {"type": "AssignFloat", "path": ["cls_summary", "test", "scores", "class_1", "recall"], "value": 0.6666666666666666}, "version": 40, "at": 1711925693.283232}
{"obj": {"type": "AssignFloat", "path": ["cls_summary", "test", "scores", "class_1", "fbeta_score"], "value": 0.5714285714285715}, "version": 41, "at": 1711925693.2832808}
{"obj": {"type": "AssignFloat", "path": ["cls_summary", "test", "scores", "class_1", "support"], "value": 3.0}, "version": 42, "at": 1711925693.28333}
{"obj": {"type": "UploadFile", "path": ["cls_summary", "diagnostics_charts", "classification_report"], "ext": "png", "file_path": null, "tmp_file_name": "cls_summary_diagnostics_charts_classification_report-1711925693.283402-2024-03-31_18.54.53.283402.png", "clean_after_upload": false}, "version": 43, "at": 1711925693.2835672}
{"obj": {"type": "UploadFile", "path": ["cls_summary", "diagnostics_charts", "confusion_matrix"], "ext": "png", "file_path": null, "tmp_file_name": "cls_summary_diagnostics_charts_confusion_matrix-1711925693.283628-2024-03-31_18.54.53.283628.png", "clean_after_upload": false}, "version": 44, "at": 1711925693.283851}
{"obj": {"type": "UploadFile", "path": ["cls_summary", "diagnostics_charts", "ROC_AUC"], "ext": "png", "file_path": null, "tmp_file_name": "cls_summary_diagnostics_charts_ROC_AUC-1711925693.283915-2024-03-31_18.54.53.283915.png", "clean_after_upload": false}, "version": 45, "at": 1711925693.284344}
{"obj": {"type": "UploadFile", "path": ["cls_summary", "diagnostics_charts", "precision_recall"], "ext": "png", "file_path": null, "tmp_file_name": "cls_summary_diagnostics_charts_precision_recall-1711925693.284514-2024-03-31_18.54.53.284514.png", "clean_after_upload": false}, "version": 46, "at": 1711925693.28476}
{"obj": {"type": "UploadFile", "path": ["cls_summary", "diagnostics_charts", "class_prediction_error"], "ext": "png", "file_path": null, "tmp_file_name": "cls_summary_diagnostics_charts_class_prediction_error-1711925693.284832-2024-03-31_18.54.53.284832.png", "clean_after_upload": false}, "version": 47, "at": 1711925693.285196}
{"obj": {"type": "AssignString", "path": ["cls_summary", "integration", "about", "neptune-sklearn"], "value": "2.1.0"}, "version": 48, "at": 1711925693.2853801}
{"obj": {"type": "AssignInt", "path": ["params", "rf__min_samples_split"], "value": 10}, "version": 49, "at": 1711925693.2855139}
{"obj": {"type": "AssignInt", "path": ["params", "rf__n_estimators"], "value": 200}, "version": 50, "at": 1711925693.285567}
{"obj": {"type": "UploadFile", "path": ["feature_importance"], "ext": "png", "file_path": "/Users/shehjarsadhu/Desktop/UniversityOfRhodeIsland/Graduate/WBL/Project_Q2Behave/GitQ2Bheave/q2behave_data_analysis/jupyternotebooks/ML_Toolbox/feature_importance.png", "tmp_file_name": null, "clean_after_upload": false}, "version": 51, "at": 1711925706.356389}
{"obj": {"type": "UploadFile", "path": ["roc_curve"], "ext": "png", "file_path": "/Users/shehjarsadhu/Desktop/UniversityOfRhodeIsland/Graduate/WBL/Project_Q2Behave/GitQ2Bheave/q2behave_data_analysis/jupyternotebooks/ML_Toolbox/roc_curve_class.png", "tmp_file_name": null, "clean_after_upload": false}, "version": 52, "at": 1711925706.485441}
{"obj": {"type": "AssignFloat", "path": ["precision"], "value": 0.5}, "version": 53, "at": 1711925706.881852}
{"obj": {"type": "AssignFloat", "path": ["recall"], "value": 0.5}, "version": 54, "at": 1711925706.882473}
{"obj": {"type": "AssignFloat", "path": ["f1_score"], "value": 0.48571428571428577}, "version": 55, "at": 1711925706.8826082}
{"obj": {"type": "AssignFloat", "path": ["mean_train_accuracy"], "value": 0.9791666666666666}, "version": 56, "at": 1711925706.882741}
{"obj": {"type": "AssignFloat", "path": ["mean_test_accuracy"], "value": 0.5416666666666666}, "version": 57, "at": 1711925706.8828359}
{"obj": {"type": "AssignFloat", "path": ["mean_sensitivity"], "value": 0.5833333333333334}, "version": 58, "at": 1711925706.882924}
