{"obj": {"type": "AssignString", "path": ["sys", "name"], "value": "3-Foldtest_size_0.2_RF"}, "version": 1, "at": 1712103831.986124}
{"obj": {"type": "AssignString", "path": ["sys", "description"], "value": ""}, "version": 2, "at": 1712103831.9865658}
{"obj": {"type": "AssignString", "path": ["monitoring", "11ca8da0", "hostname"], "value": "156.4.20.172.s.wireless.uri.edu"}, "version": 3, "at": 1712103831.986787}
{"obj": {"type": "AssignString", "path": ["sys", "hostname"], "value": "156.4.20.172.s.wireless.uri.edu"}, "version": 4, "at": 1712103831.9869592}
{"obj": {"type": "AssignString", "path": ["monitoring", "11ca8da0", "pid"], "value": "85285"}, "version": 5, "at": 1712103831.9871302}
{"obj": {"type": "AssignString", "path": ["monitoring", "11ca8da0", "tid"], "value": "140704701883968"}, "version": 6, "at": 1712103831.9872918}
{"obj": {"type": "AssignBool", "path": ["sys", "failed"], "value": false}, "version": 7, "at": 1712103831.987416}
{"obj": {"type": "UploadFile", "path": ["data", "feature_table"], "ext": "html", "file_path": null, "tmp_file_name": "data_feature_table-1712103835.005855-2024-04-02_20.23.55.005855.html", "clean_after_upload": false}, "version": 8, "at": 1712103835.009534}
{"obj": {"type": "AssignString", "path": ["original"], "value": "type\n0    6004\n1     248\nName: count, dtype: int64"}, "version": 9, "at": 1712103835.011196}
{"obj": {"type": "AssignString", "path": ["train_samples_undersampled"], "value": "type\n0    248\n1    248\nName: count, dtype: int64"}, "version": 10, "at": 1712103835.01158}
{"obj": {"type": "AssignString", "path": ["test_samples_undersampled"], "value": "type\n1    50\n0    50\nName: count, dtype: int64"}, "version": 11, "at": 1712103835.0119848}
{"obj": {"type": "UploadFile", "path": ["data", "test_data"], "ext": "html", "file_path": null, "tmp_file_name": "data_test_data-1712103844.377458-2024-04-02_20.24.04.377458.html", "clean_after_upload": false}, "version": 12, "at": 1712103844.3782132}
{"obj": {"type": "AssignString", "path": ["cls_summary", "all_params", "memory"], "value": "None"}, "version": 13, "at": 1712103845.0726001}
{"obj": {"type": "AssignString", "path": ["cls_summary", "all_params", "steps"], "value": "[('rf', RandomForestClassifier(min_samples_split=10, random_state=8))]"}, "version": 14, "at": 1712103845.072971}
{"obj": {"type": "AssignBool", "path": ["cls_summary", "all_params", "verbose"], "value": false}, "version": 15, "at": 1712103845.073046}
{"obj": {"type": "AssignString", "path": ["cls_summary", "all_params", "rf"], "value": "RandomForestClassifier(min_samples_split=10, random_state=8)"}, "version": 16, "at": 1712103845.073251}
{"obj": {"type": "AssignBool", "path": ["cls_summary", "all_params", "rf__bootstrap"], "value": true}, "version": 17, "at": 1712103845.07331}
{"obj": {"type": "AssignFloat", "path": ["cls_summary", "all_params", "rf__ccp_alpha"], "value": 0.0}, "version": 18, "at": 1712103845.073368}
{"obj": {"type": "AssignString", "path": ["cls_summary", "all_params", "rf__class_weight"], "value": "None"}, "version": 19, "at": 1712103845.0734248}
{"obj": {"type": "AssignString", "path": ["cls_summary", "all_params", "rf__criterion"], "value": "gini"}, "version": 20, "at": 1712103845.073476}
{"obj": {"type": "AssignString", "path": ["cls_summary", "all_params", "rf__max_depth"], "value": "None"}, "version": 21, "at": 1712103845.073529}
{"obj": {"type": "AssignString", "path": ["cls_summary", "all_params", "rf__max_features"], "value": "sqrt"}, "version": 22, "at": 1712103845.073579}
{"obj": {"type": "AssignString", "path": ["cls_summary", "all_params", "rf__max_leaf_nodes"], "value": "None"}, "version": 23, "at": 1712103845.073633}
{"obj": {"type": "AssignString", "path": ["cls_summary", "all_params", "rf__max_samples"], "value": "None"}, "version": 24, "at": 1712103845.0736861}
{"obj": {"type": "AssignFloat", "path": ["cls_summary", "all_params", "rf__min_impurity_decrease"], "value": 0.0}, "version": 25, "at": 1712103845.0737338}
{"obj": {"type": "AssignInt", "path": ["cls_summary", "all_params", "rf__min_samples_leaf"], "value": 1}, "version": 26, "at": 1712103845.073787}
{"obj": {"type": "AssignInt", "path": ["cls_summary", "all_params", "rf__min_samples_split"], "value": 10}, "version": 27, "at": 1712103845.073833}
{"obj": {"type": "AssignFloat", "path": ["cls_summary", "all_params", "rf__min_weight_fraction_leaf"], "value": 0.0}, "version": 28, "at": 1712103845.073879}
{"obj": {"type": "AssignInt", "path": ["cls_summary", "all_params", "rf__n_estimators"], "value": 100}, "version": 29, "at": 1712103845.073925}
{"obj": {"type": "AssignString", "path": ["cls_summary", "all_params", "rf__n_jobs"], "value": "None"}, "version": 30, "at": 1712103845.073977}
{"obj": {"type": "AssignBool", "path": ["cls_summary", "all_params", "rf__oob_score"], "value": false}, "version": 31, "at": 1712103845.0740218}
{"obj": {"type": "AssignInt", "path": ["cls_summary", "all_params", "rf__random_state"], "value": 8}, "version": 32, "at": 1712103845.074066}
{"obj": {"type": "AssignInt", "path": ["cls_summary", "all_params", "rf__verbose"], "value": 0}, "version": 33, "at": 1712103845.07411}
{"obj": {"type": "AssignBool", "path": ["cls_summary", "all_params", "rf__warm_start"], "value": false}, "version": 34, "at": 1712103845.074154}
{"obj": {"type": "UploadFile", "path": ["cls_summary", "pickled_model"], "ext": "pkl", "file_path": null, "tmp_file_name": "cls_summary_pickled_model-1712103845.074206-2024-04-02_20.24.05.074206.pkl", "clean_after_upload": false}, "version": 35, "at": 1712103845.07475}
{"obj": {"type": "UploadFile", "path": ["cls_summary", "test", "preds"], "ext": "html", "file_path": null, "tmp_file_name": "cls_summary_test_preds-1712103845.074853-2024-04-02_20.24.05.074853.html", "clean_after_upload": false}, "version": 36, "at": 1712103845.0750642}
{"obj": {"type": "UploadFile", "path": ["cls_summary", "test", "preds_proba"], "ext": "html", "file_path": null, "tmp_file_name": "cls_summary_test_preds_proba-1712103845.075127-2024-04-02_20.24.05.075127.html", "clean_after_upload": false}, "version": 37, "at": 1712103845.075281}
{"obj": {"type": "AssignFloat", "path": ["cls_summary", "test", "scores", "class_0", "precision"], "value": 0.8636363636363636}, "version": 38, "at": 1712103845.0754838}
{"obj": {"type": "AssignFloat", "path": ["cls_summary", "test", "scores", "class_0", "recall"], "value": 0.76}, "version": 39, "at": 1712103845.075541}
{"obj": {"type": "AssignFloat", "path": ["cls_summary", "test", "scores", "class_0", "fbeta_score"], "value": 0.8085106382978724}, "version": 40, "at": 1712103845.07559}
{"obj": {"type": "AssignFloat", "path": ["cls_summary", "test", "scores", "class_0", "support"], "value": 50.0}, "version": 41, "at": 1712103845.0756428}
{"obj": {"type": "AssignFloat", "path": ["cls_summary", "test", "scores", "class_1", "precision"], "value": 0.7857142857142857}, "version": 42, "at": 1712103845.0757172}
{"obj": {"type": "AssignFloat", "path": ["cls_summary", "test", "scores", "class_1", "recall"], "value": 0.88}, "version": 43, "at": 1712103845.075766}
{"obj": {"type": "AssignFloat", "path": ["cls_summary", "test", "scores", "class_1", "fbeta_score"], "value": 0.830188679245283}, "version": 44, "at": 1712103845.075813}
{"obj": {"type": "AssignFloat", "path": ["cls_summary", "test", "scores", "class_1", "support"], "value": 50.0}, "version": 45, "at": 1712103845.07586}
{"obj": {"type": "UploadFile", "path": ["cls_summary", "diagnostics_charts", "classification_report"], "ext": "png", "file_path": null, "tmp_file_name": "cls_summary_diagnostics_charts_classification_report-1712103845.07593-2024-04-02_20.24.05.075930.png", "clean_after_upload": false}, "version": 46, "at": 1712103845.0761}
{"obj": {"type": "UploadFile", "path": ["cls_summary", "diagnostics_charts", "confusion_matrix"], "ext": "png", "file_path": null, "tmp_file_name": "cls_summary_diagnostics_charts_confusion_matrix-1712103845.07616-2024-04-02_20.24.05.076160.png", "clean_after_upload": false}, "version": 47, "at": 1712103845.076391}
{"obj": {"type": "UploadFile", "path": ["cls_summary", "diagnostics_charts", "ROC_AUC"], "ext": "png", "file_path": null, "tmp_file_name": "cls_summary_diagnostics_charts_ROC_AUC-1712103845.07645-2024-04-02_20.24.05.076450.png", "clean_after_upload": false}, "version": 48, "at": 1712103845.076809}
{"obj": {"type": "UploadFile", "path": ["cls_summary", "diagnostics_charts", "precision_recall"], "ext": "png", "file_path": null, "tmp_file_name": "cls_summary_diagnostics_charts_precision_recall-1712103845.076937-2024-04-02_20.24.05.076937.png", "clean_after_upload": false}, "version": 49, "at": 1712103845.077194}
{"obj": {"type": "UploadFile", "path": ["cls_summary", "diagnostics_charts", "class_prediction_error"], "ext": "png", "file_path": null, "tmp_file_name": "cls_summary_diagnostics_charts_class_prediction_error-1712103845.077279-2024-04-02_20.24.05.077279.png", "clean_after_upload": false}, "version": 50, "at": 1712103845.077524}
{"obj": {"type": "AssignString", "path": ["cls_summary", "integration", "about", "neptune-sklearn"], "value": "2.1.0"}, "version": 51, "at": 1712103845.077693}
{"obj": {"type": "AssignInt", "path": ["params", "rf__min_samples_split"], "value": 10}, "version": 52, "at": 1712103845.078454}
{"obj": {"type": "AssignInt", "path": ["params", "rf__n_estimators"], "value": 100}, "version": 53, "at": 1712103845.078519}
{"obj": {"type": "UploadFile", "path": ["data", "feature_importance"], "ext": "html", "file_path": null, "tmp_file_name": "data_feature_importance-1712103858.531944-2024-04-02_20.24.18.531944.html", "clean_after_upload": false}, "version": 54, "at": 1712103858.53235}
{"obj": {"type": "UploadFile", "path": ["feature_importance"], "ext": "png", "file_path": "/Users/shehjarsadhu/Desktop/UniversityOfRhodeIsland/Graduate/WBL/Project_Q2Behave/GitQ2Bheave/q2behave_data_analysis/jupyternotebooks/ML_Toolbox/feature_importance.png", "tmp_file_name": null, "clean_after_upload": false}, "version": 55, "at": 1712103858.605367}
{"obj": {"type": "UploadFile", "path": ["roc_curve"], "ext": "png", "file_path": "/Users/shehjarsadhu/Desktop/UniversityOfRhodeIsland/Graduate/WBL/Project_Q2Behave/GitQ2Bheave/q2behave_data_analysis/jupyternotebooks/ML_Toolbox/roc_curve_class.png", "tmp_file_name": null, "clean_after_upload": false}, "version": 56, "at": 1712103858.702023}
{"obj": {"type": "AssignFloat", "path": ["precision"], "value": 0.8246753246753247}, "version": 57, "at": 1712103858.918365}
{"obj": {"type": "AssignFloat", "path": ["recall"], "value": 0.82}, "version": 58, "at": 1712103858.9190469}
{"obj": {"type": "AssignFloat", "path": ["f1_score"], "value": 0.8193496587715776}, "version": 59, "at": 1712103858.919251}
{"obj": {"type": "AssignFloat", "path": ["mean_train_accuracy"], "value": 0.9919375019072904}, "version": 60, "at": 1712103858.919412}
{"obj": {"type": "AssignFloat", "path": ["mean_test_accuracy"], "value": 0.639174881343556}, "version": 61, "at": 1712103858.9195578}
{"obj": {"type": "AssignFloat", "path": ["mean_sensitivity"], "value": 0.6653443040454502}, "version": 62, "at": 1712103858.919713}
