{"obj": {"type": "AssignString", "path": ["sys", "name"], "value": "2-Foldtest_size_0.2_RF"}, "version": 1, "at": 1712108689.703413}
{"obj": {"type": "AssignString", "path": ["sys", "description"], "value": ""}, "version": 2, "at": 1712108689.703635}
{"obj": {"type": "AssignString", "path": ["monitoring", "38481bb5", "hostname"], "value": "156.4.20.172.s.wireless.uri.edu"}, "version": 3, "at": 1712108689.703723}
{"obj": {"type": "AssignString", "path": ["sys", "hostname"], "value": "156.4.20.172.s.wireless.uri.edu"}, "version": 4, "at": 1712108689.703786}
{"obj": {"type": "AssignString", "path": ["monitoring", "38481bb5", "pid"], "value": "55672"}, "version": 5, "at": 1712108689.703847}
{"obj": {"type": "AssignString", "path": ["monitoring", "38481bb5", "tid"], "value": "140704701883968"}, "version": 6, "at": 1712108689.703905}
{"obj": {"type": "AssignBool", "path": ["sys", "failed"], "value": false}, "version": 7, "at": 1712108689.703949}
{"obj": {"type": "AssignString", "path": ["pid"], "value": "P11"}, "version": 8, "at": 1712108689.709267}
{"obj": {"type": "UploadFile", "path": ["data", "feature_table"], "ext": "html", "file_path": null, "tmp_file_name": "data_feature_table-1712108691.298845-2024-04-02_21.44.51.298845.html", "clean_after_upload": false}, "version": 9, "at": 1712108691.3002849}
{"obj": {"type": "AssignString", "path": ["original"], "value": "type\n0    2683\n1     325\nName: count, dtype: int64"}, "version": 10, "at": 1712108691.30214}
{"obj": {"type": "AssignString", "path": ["train_samples_undersampled"], "value": "type\n0    325\n1    325\nName: count, dtype: int64"}, "version": 11, "at": 1712108691.302828}
{"obj": {"type": "AssignString", "path": ["test_samples_undersampled"], "value": "type\n0    65\n1    65\nName: count, dtype: int64"}, "version": 12, "at": 1712108691.303503}
{"obj": {"type": "UploadFile", "path": ["data", "test_data"], "ext": "html", "file_path": null, "tmp_file_name": "data_test_data-1712108699.323613-2024-04-02_21.44.59.323613.html", "clean_after_upload": false}, "version": 13, "at": 1712108699.3242009}
{"obj": {"type": "AssignString", "path": ["cls_summary", "all_params", "memory"], "value": "None"}, "version": 14, "at": 1712108700.311645}
{"obj": {"type": "AssignString", "path": ["cls_summary", "all_params", "steps"], "value": "[('rf', RandomForestClassifier(max_depth=10, min_samples_split=5, n_estimators=200,\n                       random_state=8))]"}, "version": 15, "at": 1712108700.312195}
{"obj": {"type": "AssignBool", "path": ["cls_summary", "all_params", "verbose"], "value": false}, "version": 16, "at": 1712108700.3122802}
{"obj": {"type": "AssignString", "path": ["cls_summary", "all_params", "rf"], "value": "RandomForestClassifier(max_depth=10, min_samples_split=5, n_estimators=200,\n                       random_state=8)"}, "version": 17, "at": 1712108700.31265}
{"obj": {"type": "AssignBool", "path": ["cls_summary", "all_params", "rf__bootstrap"], "value": true}, "version": 18, "at": 1712108700.312719}
{"obj": {"type": "AssignFloat", "path": ["cls_summary", "all_params", "rf__ccp_alpha"], "value": 0.0}, "version": 19, "at": 1712108700.312784}
{"obj": {"type": "AssignString", "path": ["cls_summary", "all_params", "rf__class_weight"], "value": "None"}, "version": 20, "at": 1712108700.31285}
{"obj": {"type": "AssignString", "path": ["cls_summary", "all_params", "rf__criterion"], "value": "gini"}, "version": 21, "at": 1712108700.3129091}
{"obj": {"type": "AssignInt", "path": ["cls_summary", "all_params", "rf__max_depth"], "value": 10}, "version": 22, "at": 1712108700.3129668}
{"obj": {"type": "AssignString", "path": ["cls_summary", "all_params", "rf__max_features"], "value": "sqrt"}, "version": 23, "at": 1712108700.313025}
{"obj": {"type": "AssignString", "path": ["cls_summary", "all_params", "rf__max_leaf_nodes"], "value": "None"}, "version": 24, "at": 1712108700.313086}
{"obj": {"type": "AssignString", "path": ["cls_summary", "all_params", "rf__max_samples"], "value": "None"}, "version": 25, "at": 1712108700.3131452}
{"obj": {"type": "AssignFloat", "path": ["cls_summary", "all_params", "rf__min_impurity_decrease"], "value": 0.0}, "version": 26, "at": 1712108700.3132002}
{"obj": {"type": "AssignInt", "path": ["cls_summary", "all_params", "rf__min_samples_leaf"], "value": 1}, "version": 27, "at": 1712108700.3132548}
{"obj": {"type": "AssignInt", "path": ["cls_summary", "all_params", "rf__min_samples_split"], "value": 5}, "version": 28, "at": 1712108700.313308}
{"obj": {"type": "AssignFloat", "path": ["cls_summary", "all_params", "rf__min_weight_fraction_leaf"], "value": 0.0}, "version": 29, "at": 1712108700.31336}
{"obj": {"type": "AssignInt", "path": ["cls_summary", "all_params", "rf__n_estimators"], "value": 200}, "version": 30, "at": 1712108700.3134131}
{"obj": {"type": "AssignString", "path": ["cls_summary", "all_params", "rf__n_jobs"], "value": "None"}, "version": 31, "at": 1712108700.313471}
{"obj": {"type": "AssignBool", "path": ["cls_summary", "all_params", "rf__oob_score"], "value": false}, "version": 32, "at": 1712108700.313525}
{"obj": {"type": "AssignInt", "path": ["cls_summary", "all_params", "rf__random_state"], "value": 8}, "version": 33, "at": 1712108700.313577}
{"obj": {"type": "AssignInt", "path": ["cls_summary", "all_params", "rf__verbose"], "value": 0}, "version": 34, "at": 1712108700.3136268}
{"obj": {"type": "AssignBool", "path": ["cls_summary", "all_params", "rf__warm_start"], "value": false}, "version": 35, "at": 1712108700.313678}
{"obj": {"type": "UploadFile", "path": ["cls_summary", "pickled_model"], "ext": "pkl", "file_path": null, "tmp_file_name": "cls_summary_pickled_model-1712108700.313737-2024-04-02_21.45.00.313737.pkl", "clean_after_upload": false}, "version": 36, "at": 1712108700.315937}
{"obj": {"type": "UploadFile", "path": ["cls_summary", "test", "preds"], "ext": "html", "file_path": null, "tmp_file_name": "cls_summary_test_preds-1712108700.316158-2024-04-02_21.45.00.316158.html", "clean_after_upload": false}, "version": 37, "at": 1712108700.316492}
{"obj": {"type": "UploadFile", "path": ["cls_summary", "test", "preds_proba"], "ext": "html", "file_path": null, "tmp_file_name": "cls_summary_test_preds_proba-1712108700.316629-2024-04-02_21.45.00.316629.html", "clean_after_upload": false}, "version": 38, "at": 1712108700.316861}
{"obj": {"type": "AssignFloat", "path": ["cls_summary", "test", "scores", "class_0", "precision"], "value": 0.9152542372881356}, "version": 39, "at": 1712108700.317119}
{"obj": {"type": "AssignFloat", "path": ["cls_summary", "test", "scores", "class_0", "recall"], "value": 0.8307692307692308}, "version": 40, "at": 1712108700.317216}
{"obj": {"type": "AssignFloat", "path": ["cls_summary", "test", "scores", "class_0", "fbeta_score"], "value": 0.870967741935484}, "version": 41, "at": 1712108700.3172789}
{"obj": {"type": "AssignFloat", "path": ["cls_summary", "test", "scores", "class_0", "support"], "value": 65.0}, "version": 42, "at": 1712108700.3173969}
{"obj": {"type": "AssignFloat", "path": ["cls_summary", "test", "scores", "class_1", "precision"], "value": 0.8450704225352113}, "version": 43, "at": 1712108700.31752}
{"obj": {"type": "AssignFloat", "path": ["cls_summary", "test", "scores", "class_1", "recall"], "value": 0.9230769230769231}, "version": 44, "at": 1712108700.317642}
{"obj": {"type": "AssignFloat", "path": ["cls_summary", "test", "scores", "class_1", "fbeta_score"], "value": 0.8823529411764706}, "version": 45, "at": 1712108700.3177779}
{"obj": {"type": "AssignFloat", "path": ["cls_summary", "test", "scores", "class_1", "support"], "value": 65.0}, "version": 46, "at": 1712108700.31785}
{"obj": {"type": "UploadFile", "path": ["cls_summary", "diagnostics_charts", "classification_report"], "ext": "png", "file_path": null, "tmp_file_name": "cls_summary_diagnostics_charts_classification_report-1712108700.317956-2024-04-02_21.45.00.317956.png", "clean_after_upload": false}, "version": 47, "at": 1712108700.318282}
{"obj": {"type": "UploadFile", "path": ["cls_summary", "diagnostics_charts", "confusion_matrix"], "ext": "png", "file_path": null, "tmp_file_name": "cls_summary_diagnostics_charts_confusion_matrix-1712108700.318378-2024-04-02_21.45.00.318378.png", "clean_after_upload": false}, "version": 48, "at": 1712108700.318579}
{"obj": {"type": "UploadFile", "path": ["cls_summary", "diagnostics_charts", "ROC_AUC"], "ext": "png", "file_path": null, "tmp_file_name": "cls_summary_diagnostics_charts_ROC_AUC-1712108700.318651-2024-04-02_21.45.00.318651.png", "clean_after_upload": false}, "version": 49, "at": 1712108700.3188438}
{"obj": {"type": "UploadFile", "path": ["cls_summary", "diagnostics_charts", "precision_recall"], "ext": "png", "file_path": null, "tmp_file_name": "cls_summary_diagnostics_charts_precision_recall-1712108700.318918-2024-04-02_21.45.00.318918.png", "clean_after_upload": false}, "version": 50, "at": 1712108700.319129}
{"obj": {"type": "UploadFile", "path": ["cls_summary", "diagnostics_charts", "class_prediction_error"], "ext": "png", "file_path": null, "tmp_file_name": "cls_summary_diagnostics_charts_class_prediction_error-1712108700.319201-2024-04-02_21.45.00.319201.png", "clean_after_upload": false}, "version": 51, "at": 1712108700.319385}
{"obj": {"type": "AssignString", "path": ["cls_summary", "integration", "about", "neptune-sklearn"], "value": "2.1.0"}, "version": 52, "at": 1712108700.319487}
{"obj": {"type": "AssignInt", "path": ["params", "rf__max_depth"], "value": 10}, "version": 53, "at": 1712108700.3197708}
{"obj": {"type": "AssignInt", "path": ["params", "rf__min_samples_split"], "value": 5}, "version": 54, "at": 1712108700.3198369}
{"obj": {"type": "AssignInt", "path": ["params", "rf__n_estimators"], "value": 200}, "version": 55, "at": 1712108700.319891}
{"obj": {"type": "UploadFile", "path": ["data", "feature_importance"], "ext": "html", "file_path": null, "tmp_file_name": "data_feature_importance-1712108733.556973-2024-04-02_21.45.33.556973.html", "clean_after_upload": false}, "version": 56, "at": 1712108733.557347}
{"obj": {"type": "UploadFile", "path": ["feature_importance"], "ext": "png", "file_path": "/Users/shehjarsadhu/Desktop/UniversityOfRhodeIsland/Graduate/WBL/Project_Q2Behave/GitQ2Bheave/q2behave_data_analysis/jupyternotebooks/ML_Toolbox/feature_importance.png", "tmp_file_name": null, "clean_after_upload": false}, "version": 57, "at": 1712108733.645816}
{"obj": {"type": "UploadFile", "path": ["roc_curve"], "ext": "png", "file_path": "/Users/shehjarsadhu/Desktop/UniversityOfRhodeIsland/Graduate/WBL/Project_Q2Behave/GitQ2Bheave/q2behave_data_analysis/jupyternotebooks/ML_Toolbox/roc_curve_class.png", "tmp_file_name": null, "clean_after_upload": false}, "version": 58, "at": 1712108733.7722151}
{"obj": {"type": "AssignFloat", "path": ["precision"], "value": 0.8801623299116734}, "version": 59, "at": 1712108734.013323}
{"obj": {"type": "AssignFloat", "path": ["recall"], "value": 0.8769230769230769}, "version": 60, "at": 1712108734.013636}
{"obj": {"type": "AssignFloat", "path": ["f1_score"], "value": 0.8766603415559773}, "version": 61, "at": 1712108734.013749}
{"obj": {"type": "AssignFloat", "path": ["mean_train_accuracy"], "value": 1.0}, "version": 62, "at": 1712108734.013844}
{"obj": {"type": "AssignFloat", "path": ["mean_test_accuracy"], "value": 0.6384615384615384}, "version": 63, "at": 1712108734.013922}
{"obj": {"type": "AssignFloat", "path": ["mean_sensitivity"], "value": 0.6337764144512611}, "version": 64, "at": 1712108734.014007}
