{"obj": {"type": "AssignString", "path": ["sys", "name"], "value": "5-Foldtest_size_0.2"}, "version": 1, "at": 1712182441.919578}
{"obj": {"type": "AssignString", "path": ["sys", "description"], "value": ""}, "version": 2, "at": 1712182441.920086}
{"obj": {"type": "AssignString", "path": ["monitoring", "49e77911", "hostname"], "value": "156.4.20.172.s.wireless.uri.edu"}, "version": 3, "at": 1712182441.920278}
{"obj": {"type": "AssignString", "path": ["sys", "hostname"], "value": "156.4.20.172.s.wireless.uri.edu"}, "version": 4, "at": 1712182441.9205272}
{"obj": {"type": "AssignString", "path": ["monitoring", "49e77911", "pid"], "value": "3574"}, "version": 5, "at": 1712182441.9207418}
{"obj": {"type": "AssignString", "path": ["monitoring", "49e77911", "tid"], "value": "140704319387200"}, "version": 6, "at": 1712182441.920897}
{"obj": {"type": "AssignBool", "path": ["sys", "failed"], "value": false}, "version": 7, "at": 1712182441.921035}
{"obj": {"type": "AssignString", "path": ["feature_list"], "value": "Index(['Filtered_Accel_X_max_power_psd', 'Filtered_Accel_X_min_power_psd',\n       'Filtered_Accel_X_skewness_power_psd',\n       'Filtered_Accel_X_kurtosis_power_psd',\n       'Filtered_Accel_X_mean_power_psd',\n       'Filtered_Accel_X_sum_freq_diff_power_psd',\n       'Filtered_Accel_X_average_power_power_psd',\n       'Filtered_Accel_Xfeature_num_peaks_power_psd',\n       'Filtered_Accel_Y_max_power_psd', 'Filtered_Accel_Y_min_power_psd',\n       'Filtered_Accel_Y_skewness_power_psd',\n       'Filtered_Accel_Y_kurtosis_power_psd',\n       'Filtered_Accel_Y_mean_power_psd',\n       'Filtered_Accel_Y_sum_freq_diff_power_psd',\n       'Filtered_Accel_Y_average_power_power_psd',\n       'Filtered_Accel_Yfeature_num_peaks_power_psd',\n       'Filtered_Accel_Z_max_power_psd', 'Filtered_Accel_Z_min_power_psd',\n       'Filtered_Accel_Z_skewness_power_psd',\n       'Filtered_Accel_Z_kurtosis_power_psd',\n       'Filtered_Accel_Z_mean_power_psd',\n       'Filtered_Accel_Z_sum_freq_diff_power_psd',\n       'Filtered_Accel_Z_average_power_power_psd',\n       'Filtered_Accel_Zfeature_num_peaks_power_psd',\n       'Filtered_Gryo_X_max_power_psd', 'Filtered_Gryo_X_min_power_psd',\n       'Filtered_Gryo_X_skewness_power_psd',\n       'Filtered_Gryo_X_kurtosis_power_psd', 'Filtered_Gryo_X_mean_power_psd',\n       'Filtered_Gryo_X_sum_freq_diff_power_psd',\n       'Filtered_Gryo_X_average_power_power_psd',\n       'Filtered_Gryo_Xfeature_num_peaks_power_psd',\n       'Filtered_Gryo_Y_max_power_psd', 'Filtered_Gryo_Y_min_power_psd',\n       'Filtered_Gryo_Y_skewness_power_psd',\n       'Filtered_Gryo_Y_kurtosis_power_psd', 'Filtered_Gryo_Y_mean_power_psd',\n       'Filtered_Gryo_Y_sum_freq_diff_power_psd',\n       'Filtered_Gryo_Y_average_power_power_psd',\n       'Filtered_Gryo_Yfeature_num_peaks_power_psd',\n       'Filtered_Gryo_Z_max_power_psd', 'Filtered_Gryo_Z_min_power_psd',\n       'Filtered_Gryo_Z_skewness_power_psd',\n       'Filtered_Gryo_Z_kurtosis_power_psd', 'Filtered_Gryo_Z_mean_power_psd',\n       'Filtered_Gryo_Z_sum_freq_diff_power_psd',\n       'Filtered_Gryo_Z_average_power_power_psd',\n       'Filtered_Gryo_Zfeature_num_peaks_power_psd', 'WindowNumber',\n       'filename', 'participantId', 'activityID', 'type', 'BehaviorCode',\n       'FeatureName'],\n      dtype='object')"}, "version": 8, "at": 1712182441.933824}
{"obj": {"type": "AssignString", "path": ["tag"], "value": "Clus"}, "version": 9, "at": 1712182441.936388}
{"obj": {"type": "UploadFile", "path": ["data", "feature_table"], "ext": "html", "file_path": null, "tmp_file_name": "data_feature_table-1712182468.703149-2024-04-03_18.14.28.703149.html", "clean_after_upload": false}, "version": 10, "at": 1712182468.750644}
{"obj": {"type": "AssignString", "path": ["cls_summary", "all_params", "memory"], "value": "None"}, "version": 11, "at": 1712188087.27421}
{"obj": {"type": "AssignString", "path": ["cls_summary", "all_params", "steps"], "value": "[('svm', SVC(C=40, decision_function_shape='ovo', probability=True))]"}, "version": 12, "at": 1712188087.277706}
{"obj": {"type": "AssignBool", "path": ["cls_summary", "all_params", "verbose"], "value": false}, "version": 13, "at": 1712188087.277923}
{"obj": {"type": "AssignString", "path": ["cls_summary", "all_params", "svm"], "value": "SVC(C=40, decision_function_shape='ovo', probability=True)"}, "version": 14, "at": 1712188087.278261}
{"obj": {"type": "AssignInt", "path": ["cls_summary", "all_params", "svm__C"], "value": 40}, "version": 15, "at": 1712188087.278406}
{"obj": {"type": "AssignBool", "path": ["cls_summary", "all_params", "svm__break_ties"], "value": false}, "version": 16, "at": 1712188087.278476}
{"obj": {"type": "AssignInt", "path": ["cls_summary", "all_params", "svm__cache_size"], "value": 200}, "version": 17, "at": 1712188087.278538}
{"obj": {"type": "AssignString", "path": ["cls_summary", "all_params", "svm__class_weight"], "value": "None"}, "version": 18, "at": 1712188087.2786071}
{"obj": {"type": "AssignFloat", "path": ["cls_summary", "all_params", "svm__coef0"], "value": 0.0}, "version": 19, "at": 1712188087.2787251}
{"obj": {"type": "AssignString", "path": ["cls_summary", "all_params", "svm__decision_function_shape"], "value": "ovo"}, "version": 20, "at": 1712188087.27881}
{"obj": {"type": "AssignInt", "path": ["cls_summary", "all_params", "svm__degree"], "value": 3}, "version": 21, "at": 1712188087.278868}
{"obj": {"type": "AssignString", "path": ["cls_summary", "all_params", "svm__gamma"], "value": "scale"}, "version": 22, "at": 1712188087.278927}
{"obj": {"type": "AssignString", "path": ["cls_summary", "all_params", "svm__kernel"], "value": "rbf"}, "version": 23, "at": 1712188087.278985}
{"obj": {"type": "AssignInt", "path": ["cls_summary", "all_params", "svm__max_iter"], "value": -1}, "version": 24, "at": 1712188087.279042}
{"obj": {"type": "AssignBool", "path": ["cls_summary", "all_params", "svm__probability"], "value": true}, "version": 25, "at": 1712188087.279099}
{"obj": {"type": "AssignString", "path": ["cls_summary", "all_params", "svm__random_state"], "value": "None"}, "version": 26, "at": 1712188087.2791622}
{"obj": {"type": "AssignBool", "path": ["cls_summary", "all_params", "svm__shrinking"], "value": true}, "version": 27, "at": 1712188087.279217}
{"obj": {"type": "AssignFloat", "path": ["cls_summary", "all_params", "svm__tol"], "value": 0.001}, "version": 28, "at": 1712188087.2792718}
{"obj": {"type": "AssignBool", "path": ["cls_summary", "all_params", "svm__verbose"], "value": false}, "version": 29, "at": 1712188087.279327}
{"obj": {"type": "UploadFile", "path": ["cls_summary", "pickled_model"], "ext": "pkl", "file_path": null, "tmp_file_name": "cls_summary_pickled_model-1712188087.279518-2024-04-03_19.48.07.279518.pkl", "clean_after_upload": false}, "version": 30, "at": 1712188087.2809238}
{"obj": {"type": "UploadFile", "path": ["cls_summary", "test", "preds"], "ext": "html", "file_path": null, "tmp_file_name": "cls_summary_test_preds-1712188087.28109-2024-04-03_19.48.07.281090.html", "clean_after_upload": false}, "version": 31, "at": 1712188087.2814279}
{"obj": {"type": "UploadFile", "path": ["cls_summary", "test", "preds_proba"], "ext": "html", "file_path": null, "tmp_file_name": "cls_summary_test_preds_proba-1712188087.281548-2024-04-03_19.48.07.281548.html", "clean_after_upload": false}, "version": 32, "at": 1712188087.281787}
{"obj": {"type": "AssignFloat", "path": ["cls_summary", "test", "scores", "class_0", "precision"], "value": 0.7948339483394834}, "version": 33, "at": 1712188087.2819479}
{"obj": {"type": "AssignFloat", "path": ["cls_summary", "test", "scores", "class_0", "recall"], "value": 0.9711451758340848}, "version": 34, "at": 1712188087.282028}
{"obj": {"type": "AssignFloat", "path": ["cls_summary", "test", "scores", "class_0", "fbeta_score"], "value": 0.8741883116883118}, "version": 35, "at": 1712188087.282091}
{"obj": {"type": "AssignFloat", "path": ["cls_summary", "test", "scores", "class_0", "support"], "value": 1109.0}, "version": 36, "at": 1712188087.282163}
{"obj": {"type": "AssignFloat", "path": ["cls_summary", "test", "scores", "class_1", "precision"], "value": 0.9629200463499421}, "version": 37, "at": 1712188087.2822511}
{"obj": {"type": "AssignFloat", "path": ["cls_summary", "test", "scores", "class_1", "recall"], "value": 0.7493237150586114}, "version": 38, "at": 1712188087.282329}
{"obj": {"type": "AssignFloat", "path": ["cls_summary", "test", "scores", "class_1", "fbeta_score"], "value": 0.8427991886409737}, "version": 39, "at": 1712188087.282388}
{"obj": {"type": "AssignFloat", "path": ["cls_summary", "test", "scores", "class_1", "support"], "value": 1109.0}, "version": 40, "at": 1712188087.2824461}
{"obj": {"type": "UploadFile", "path": ["cls_summary", "diagnostics_charts", "classification_report"], "ext": "png", "file_path": null, "tmp_file_name": "cls_summary_diagnostics_charts_classification_report-1712188087.282529-2024-04-03_19.48.07.282529.png", "clean_after_upload": false}, "version": 41, "at": 1712188087.282729}
{"obj": {"type": "UploadFile", "path": ["cls_summary", "diagnostics_charts", "confusion_matrix"], "ext": "png", "file_path": null, "tmp_file_name": "cls_summary_diagnostics_charts_confusion_matrix-1712188087.282801-2024-04-03_19.48.07.282801.png", "clean_after_upload": false}, "version": 42, "at": 1712188087.2829812}
{"obj": {"type": "UploadFile", "path": ["cls_summary", "diagnostics_charts", "ROC_AUC"], "ext": "png", "file_path": null, "tmp_file_name": "cls_summary_diagnostics_charts_ROC_AUC-1712188087.283048-2024-04-03_19.48.07.283048.png", "clean_after_upload": false}, "version": 43, "at": 1712188087.2833521}
{"obj": {"type": "UploadFile", "path": ["cls_summary", "diagnostics_charts", "precision_recall"], "ext": "png", "file_path": null, "tmp_file_name": "cls_summary_diagnostics_charts_precision_recall-1712188087.283505-2024-04-03_19.48.07.283505.png", "clean_after_upload": false}, "version": 44, "at": 1712188087.2838001}
{"obj": {"type": "UploadFile", "path": ["cls_summary", "diagnostics_charts", "class_prediction_error"], "ext": "png", "file_path": null, "tmp_file_name": "cls_summary_diagnostics_charts_class_prediction_error-1712188087.283962-2024-04-03_19.48.07.283962.png", "clean_after_upload": false}, "version": 45, "at": 1712188087.284269}
{"obj": {"type": "AssignString", "path": ["cls_summary", "integration", "about", "neptune-sklearn"], "value": "2.1.0"}, "version": 46, "at": 1712188087.284402}
{"obj": {"type": "AssignInt", "path": ["params", "svm__C"], "value": 40}, "version": 47, "at": 1712188087.2845922}
{"obj": {"type": "AssignString", "path": ["params", "svm__gamma"], "value": "scale"}, "version": 48, "at": 1712188087.2846642}
{"obj": {"type": "AssignString", "path": ["params", "svm__kernel"], "value": "rbf"}, "version": 49, "at": 1712188087.284723}
{"obj": {"type": "UploadFile", "path": ["data", "test_data"], "ext": "html", "file_path": null, "tmp_file_name": "data_test_data-1712188090.057853-2024-04-03_19.48.10.057853.html", "clean_after_upload": false}, "version": 50, "at": 1712188090.060423}
