{"obj": {"type": "AssignString", "path": ["sys", "name"], "value": "2-Foldtest_size_0.2_RF"}, "version": 1, "at": 1712176761.075549}
{"obj": {"type": "AssignString", "path": ["sys", "description"], "value": ""}, "version": 2, "at": 1712176761.075807}
{"obj": {"type": "AssignString", "path": ["monitoring", "ec81925f", "hostname"], "value": "156.4.20.172.s.wireless.uri.edu"}, "version": 3, "at": 1712176761.075935}
{"obj": {"type": "AssignString", "path": ["sys", "hostname"], "value": "156.4.20.172.s.wireless.uri.edu"}, "version": 4, "at": 1712176761.076021}
{"obj": {"type": "AssignString", "path": ["monitoring", "ec81925f", "pid"], "value": "2918"}, "version": 5, "at": 1712176761.076103}
{"obj": {"type": "AssignString", "path": ["monitoring", "ec81925f", "tid"], "value": "140704319387200"}, "version": 6, "at": 1712176761.076177}
{"obj": {"type": "AssignBool", "path": ["sys", "failed"], "value": false}, "version": 7, "at": 1712176761.076232}
{"obj": {"type": "AssignString", "path": ["pid"], "value": "P23"}, "version": 8, "at": 1712176761.082562}
{"obj": {"type": "UploadFile", "path": ["data", "feature_table"], "ext": "html", "file_path": null, "tmp_file_name": "data_feature_table-1712176761.651494-2024-04-03_16.39.21.651494.html", "clean_after_upload": false}, "version": 9, "at": 1712176761.6537259}
{"obj": {"type": "AssignString", "path": ["original"], "value": "type\n0    890\n1     33\nName: count, dtype: int64"}, "version": 10, "at": 1712176761.654571}
{"obj": {"type": "AssignString", "path": ["train_samples_undersampled"], "value": "type\n0    33\n1    33\nName: count, dtype: int64"}, "version": 11, "at": 1712176761.654999}
{"obj": {"type": "AssignString", "path": ["test_samples_undersampled"], "value": "type\n0    7\n1    7\nName: count, dtype: int64"}, "version": 12, "at": 1712176761.6553931}
{"obj": {"type": "AssignString", "path": ["tag"], "value": "Clus"}, "version": 13, "at": 1712176761.655554}
{"obj": {"type": "UploadFile", "path": ["data", "test_data"], "ext": "html", "file_path": null, "tmp_file_name": "data_test_data-1712176767.612581-2024-04-03_16.39.27.612581.html", "clean_after_upload": false}, "version": 14, "at": 1712176767.6130319}
{"obj": {"type": "AssignString", "path": ["cls_summary", "all_params", "memory"], "value": "None"}, "version": 15, "at": 1712176768.7424629}
{"obj": {"type": "AssignString", "path": ["cls_summary", "all_params", "steps"], "value": "[('rf', RandomForestClassifier(min_samples_split=10, random_state=8))]"}, "version": 16, "at": 1712176768.7430882}
{"obj": {"type": "AssignBool", "path": ["cls_summary", "all_params", "verbose"], "value": false}, "version": 17, "at": 1712176768.743354}
{"obj": {"type": "AssignString", "path": ["cls_summary", "all_params", "rf"], "value": "RandomForestClassifier(min_samples_split=10, random_state=8)"}, "version": 18, "at": 1712176768.7439208}
{"obj": {"type": "AssignBool", "path": ["cls_summary", "all_params", "rf__bootstrap"], "value": true}, "version": 19, "at": 1712176768.7442298}
{"obj": {"type": "AssignFloat", "path": ["cls_summary", "all_params", "rf__ccp_alpha"], "value": 0.0}, "version": 20, "at": 1712176768.7443242}
{"obj": {"type": "AssignString", "path": ["cls_summary", "all_params", "rf__class_weight"], "value": "None"}, "version": 21, "at": 1712176768.744402}
{"obj": {"type": "AssignString", "path": ["cls_summary", "all_params", "rf__criterion"], "value": "gini"}, "version": 22, "at": 1712176768.7444649}
{"obj": {"type": "AssignString", "path": ["cls_summary", "all_params", "rf__max_depth"], "value": "None"}, "version": 23, "at": 1712176768.7445261}
{"obj": {"type": "AssignString", "path": ["cls_summary", "all_params", "rf__max_features"], "value": "sqrt"}, "version": 24, "at": 1712176768.744583}
{"obj": {"type": "AssignString", "path": ["cls_summary", "all_params", "rf__max_leaf_nodes"], "value": "None"}, "version": 25, "at": 1712176768.744642}
{"obj": {"type": "AssignString", "path": ["cls_summary", "all_params", "rf__max_samples"], "value": "None"}, "version": 26, "at": 1712176768.7447019}
{"obj": {"type": "AssignFloat", "path": ["cls_summary", "all_params", "rf__min_impurity_decrease"], "value": 0.0}, "version": 27, "at": 1712176768.7447581}
{"obj": {"type": "AssignInt", "path": ["cls_summary", "all_params", "rf__min_samples_leaf"], "value": 1}, "version": 28, "at": 1712176768.7448242}
{"obj": {"type": "AssignInt", "path": ["cls_summary", "all_params", "rf__min_samples_split"], "value": 10}, "version": 29, "at": 1712176768.744887}
{"obj": {"type": "AssignFloat", "path": ["cls_summary", "all_params", "rf__min_weight_fraction_leaf"], "value": 0.0}, "version": 30, "at": 1712176768.7449422}
{"obj": {"type": "AssignInt", "path": ["cls_summary", "all_params", "rf__n_estimators"], "value": 100}, "version": 31, "at": 1712176768.7449942}
{"obj": {"type": "AssignString", "path": ["cls_summary", "all_params", "rf__n_jobs"], "value": "None"}, "version": 32, "at": 1712176768.7450721}
{"obj": {"type": "AssignBool", "path": ["cls_summary", "all_params", "rf__oob_score"], "value": false}, "version": 33, "at": 1712176768.745172}
{"obj": {"type": "AssignInt", "path": ["cls_summary", "all_params", "rf__random_state"], "value": 8}, "version": 34, "at": 1712176768.745312}
{"obj": {"type": "AssignInt", "path": ["cls_summary", "all_params", "rf__verbose"], "value": 0}, "version": 35, "at": 1712176768.7453701}
{"obj": {"type": "AssignBool", "path": ["cls_summary", "all_params", "rf__warm_start"], "value": false}, "version": 36, "at": 1712176768.74543}
{"obj": {"type": "UploadFile", "path": ["cls_summary", "pickled_model"], "ext": "pkl", "file_path": null, "tmp_file_name": "cls_summary_pickled_model-1712176768.745544-2024-04-03_16.39.28.745544.pkl", "clean_after_upload": false}, "version": 37, "at": 1712176768.746015}
{"obj": {"type": "UploadFile", "path": ["cls_summary", "test", "preds"], "ext": "html", "file_path": null, "tmp_file_name": "cls_summary_test_preds-1712176768.746227-2024-04-03_16.39.28.746227.html", "clean_after_upload": false}, "version": 38, "at": 1712176768.7465868}
{"obj": {"type": "UploadFile", "path": ["cls_summary", "test", "preds_proba"], "ext": "html", "file_path": null, "tmp_file_name": "cls_summary_test_preds_proba-1712176768.746712-2024-04-03_16.39.28.746712.html", "clean_after_upload": false}, "version": 39, "at": 1712176768.747057}
{"obj": {"type": "AssignFloat", "path": ["cls_summary", "test", "scores", "class_0", "precision"], "value": 1.0}, "version": 40, "at": 1712176768.7472608}
{"obj": {"type": "AssignFloat", "path": ["cls_summary", "test", "scores", "class_0", "recall"], "value": 1.0}, "version": 41, "at": 1712176768.7473369}
{"obj": {"type": "AssignFloat", "path": ["cls_summary", "test", "scores", "class_0", "fbeta_score"], "value": 1.0}, "version": 42, "at": 1712176768.747395}
{"obj": {"type": "AssignFloat", "path": ["cls_summary", "test", "scores", "class_0", "support"], "value": 7.0}, "version": 43, "at": 1712176768.747468}
{"obj": {"type": "AssignFloat", "path": ["cls_summary", "test", "scores", "class_1", "precision"], "value": 1.0}, "version": 44, "at": 1712176768.747565}
{"obj": {"type": "AssignFloat", "path": ["cls_summary", "test", "scores", "class_1", "recall"], "value": 1.0}, "version": 45, "at": 1712176768.7476249}
{"obj": {"type": "AssignFloat", "path": ["cls_summary", "test", "scores", "class_1", "fbeta_score"], "value": 1.0}, "version": 46, "at": 1712176768.747691}
{"obj": {"type": "AssignFloat", "path": ["cls_summary", "test", "scores", "class_1", "support"], "value": 7.0}, "version": 47, "at": 1712176768.747754}
{"obj": {"type": "UploadFile", "path": ["cls_summary", "diagnostics_charts", "classification_report"], "ext": "png", "file_path": null, "tmp_file_name": "cls_summary_diagnostics_charts_classification_report-1712176768.747855-2024-04-03_16.39.28.747855.png", "clean_after_upload": false}, "version": 48, "at": 1712176768.748201}
{"obj": {"type": "UploadFile", "path": ["cls_summary", "diagnostics_charts", "confusion_matrix"], "ext": "png", "file_path": null, "tmp_file_name": "cls_summary_diagnostics_charts_confusion_matrix-1712176768.748308-2024-04-03_16.39.28.748308.png", "clean_after_upload": false}, "version": 49, "at": 1712176768.7487218}
{"obj": {"type": "UploadFile", "path": ["cls_summary", "diagnostics_charts", "ROC_AUC"], "ext": "png", "file_path": null, "tmp_file_name": "cls_summary_diagnostics_charts_ROC_AUC-1712176768.748953-2024-04-03_16.39.28.748953.png", "clean_after_upload": false}, "version": 50, "at": 1712176768.749344}
{"obj": {"type": "UploadFile", "path": ["cls_summary", "diagnostics_charts", "precision_recall"], "ext": "png", "file_path": null, "tmp_file_name": "cls_summary_diagnostics_charts_precision_recall-1712176768.749572-2024-04-03_16.39.28.749572.png", "clean_after_upload": false}, "version": 51, "at": 1712176768.7499058}
{"obj": {"type": "UploadFile", "path": ["cls_summary", "diagnostics_charts", "class_prediction_error"], "ext": "png", "file_path": null, "tmp_file_name": "cls_summary_diagnostics_charts_class_prediction_error-1712176768.750036-2024-04-03_16.39.28.750036.png", "clean_after_upload": false}, "version": 52, "at": 1712176768.750349}
{"obj": {"type": "AssignString", "path": ["cls_summary", "integration", "about", "neptune-sklearn"], "value": "2.1.0"}, "version": 53, "at": 1712176768.7505128}
{"obj": {"type": "AssignInt", "path": ["params", "rf__min_samples_split"], "value": 10}, "version": 54, "at": 1712176768.750783}
{"obj": {"type": "AssignInt", "path": ["params", "rf__n_estimators"], "value": 100}, "version": 55, "at": 1712176768.750867}
{"obj": {"type": "UploadFile", "path": ["data", "feature_importance"], "ext": "html", "file_path": null, "tmp_file_name": "data_feature_importance-1712176782.830788-2024-04-03_16.39.42.830788.html", "clean_after_upload": false}, "version": 56, "at": 1712176782.831221}
{"obj": {"type": "UploadFile", "path": ["feature_importance"], "ext": "png", "file_path": "/Users/shehjarsadhu/Desktop/UniversityOfRhodeIsland/Graduate/WBL/Project_Q2Behave/GitQ2Bheave/q2behave_data_analysis/jupyternotebooks/ML_Toolbox/feature_importance.png", "tmp_file_name": null, "clean_after_upload": false}, "version": 57, "at": 1712176782.9356868}
{"obj": {"type": "UploadFile", "path": ["roc_curve"], "ext": "png", "file_path": "/Users/shehjarsadhu/Desktop/UniversityOfRhodeIsland/Graduate/WBL/Project_Q2Behave/GitQ2Bheave/q2behave_data_analysis/jupyternotebooks/ML_Toolbox/roc_curve_class.png", "tmp_file_name": null, "clean_after_upload": false}, "version": 58, "at": 1712176783.0740402}
{"obj": {"type": "AssignFloat", "path": ["precision"], "value": 1.0}, "version": 59, "at": 1712176783.3405619}
{"obj": {"type": "AssignFloat", "path": ["recall"], "value": 1.0}, "version": 60, "at": 1712176783.34093}
{"obj": {"type": "AssignFloat", "path": ["f1_score"], "value": 1.0}, "version": 61, "at": 1712176783.341017}
{"obj": {"type": "AssignFloat", "path": ["mean_train_accuracy"], "value": 1.0}, "version": 62, "at": 1712176783.341121}
{"obj": {"type": "AssignFloat", "path": ["mean_test_accuracy"], "value": 0.8181818181818181}, "version": 63, "at": 1712176783.341198}
{"obj": {"type": "AssignFloat", "path": ["mean_sensitivity"], "value": 0.7555147058823529}, "version": 64, "at": 1712176783.341274}
