{"obj": {"type": "AssignString", "path": ["sys", "name"], "value": "2-Foldtest_size_0.2_RF"}, "version": 1, "at": 1712103859.340945}
{"obj": {"type": "AssignString", "path": ["sys", "description"], "value": ""}, "version": 2, "at": 1712103859.341384}
{"obj": {"type": "AssignString", "path": ["monitoring", "11ca8da0", "hostname"], "value": "156.4.20.172.s.wireless.uri.edu"}, "version": 3, "at": 1712103859.3416069}
{"obj": {"type": "AssignString", "path": ["sys", "hostname"], "value": "156.4.20.172.s.wireless.uri.edu"}, "version": 4, "at": 1712103859.3417768}
{"obj": {"type": "AssignString", "path": ["monitoring", "11ca8da0", "pid"], "value": "85285"}, "version": 5, "at": 1712103859.341943}
{"obj": {"type": "AssignString", "path": ["monitoring", "11ca8da0", "tid"], "value": "140704701883968"}, "version": 6, "at": 1712103859.342103}
{"obj": {"type": "AssignBool", "path": ["sys", "failed"], "value": false}, "version": 7, "at": 1712103859.342217}
{"obj": {"type": "UploadFile", "path": ["data", "feature_table"], "ext": "html", "file_path": null, "tmp_file_name": "data_feature_table-1712103876.70249-2024-04-02_20.24.36.702490.html", "clean_after_upload": false}, "version": 8, "at": 1712103876.747072}
{"obj": {"type": "AssignString", "path": ["original"], "value": "type\n0    29981\n1     1541\nName: count, dtype: int64"}, "version": 9, "at": 1712103876.752409}
{"obj": {"type": "AssignString", "path": ["train_samples_undersampled"], "value": "type\n0    1541\n1    1541\nName: count, dtype: int64"}, "version": 10, "at": 1712103876.7530198}
{"obj": {"type": "AssignString", "path": ["test_samples_undersampled"], "value": "type\n0    309\n1    308\nName: count, dtype: int64"}, "version": 11, "at": 1712103876.753578}
{"obj": {"type": "UploadFile", "path": ["data", "test_data"], "ext": "html", "file_path": null, "tmp_file_name": "data_test_data-1712103900.990364-2024-04-02_20.25.00.990364.html", "clean_after_upload": false}, "version": 12, "at": 1712103900.9921331}
{"obj": {"type": "AssignString", "path": ["cls_summary", "all_params", "memory"], "value": "None"}, "version": 13, "at": 1712103902.0947359}
{"obj": {"type": "AssignString", "path": ["cls_summary", "all_params", "steps"], "value": "[('rf', RandomForestClassifier(min_samples_split=5, n_estimators=300, random_state=8))]"}, "version": 14, "at": 1712103902.095127}
{"obj": {"type": "AssignBool", "path": ["cls_summary", "all_params", "verbose"], "value": false}, "version": 15, "at": 1712103902.09521}
{"obj": {"type": "AssignString", "path": ["cls_summary", "all_params", "rf"], "value": "RandomForestClassifier(min_samples_split=5, n_estimators=300, random_state=8)"}, "version": 16, "at": 1712103902.0954309}
{"obj": {"type": "AssignBool", "path": ["cls_summary", "all_params", "rf__bootstrap"], "value": true}, "version": 17, "at": 1712103902.095495}
{"obj": {"type": "AssignFloat", "path": ["cls_summary", "all_params", "rf__ccp_alpha"], "value": 0.0}, "version": 18, "at": 1712103902.095556}
{"obj": {"type": "AssignString", "path": ["cls_summary", "all_params", "rf__class_weight"], "value": "None"}, "version": 19, "at": 1712103902.095618}
{"obj": {"type": "AssignString", "path": ["cls_summary", "all_params", "rf__criterion"], "value": "gini"}, "version": 20, "at": 1712103902.095673}
{"obj": {"type": "AssignString", "path": ["cls_summary", "all_params", "rf__max_depth"], "value": "None"}, "version": 21, "at": 1712103902.095731}
{"obj": {"type": "AssignString", "path": ["cls_summary", "all_params", "rf__max_features"], "value": "sqrt"}, "version": 22, "at": 1712103902.095785}
{"obj": {"type": "AssignString", "path": ["cls_summary", "all_params", "rf__max_leaf_nodes"], "value": "None"}, "version": 23, "at": 1712103902.09584}
{"obj": {"type": "AssignString", "path": ["cls_summary", "all_params", "rf__max_samples"], "value": "None"}, "version": 24, "at": 1712103902.095895}
{"obj": {"type": "AssignFloat", "path": ["cls_summary", "all_params", "rf__min_impurity_decrease"], "value": 0.0}, "version": 25, "at": 1712103902.095945}
{"obj": {"type": "AssignInt", "path": ["cls_summary", "all_params", "rf__min_samples_leaf"], "value": 1}, "version": 26, "at": 1712103902.096001}
{"obj": {"type": "AssignInt", "path": ["cls_summary", "all_params", "rf__min_samples_split"], "value": 5}, "version": 27, "at": 1712103902.096051}
{"obj": {"type": "AssignFloat", "path": ["cls_summary", "all_params", "rf__min_weight_fraction_leaf"], "value": 0.0}, "version": 28, "at": 1712103902.0961}
{"obj": {"type": "AssignInt", "path": ["cls_summary", "all_params", "rf__n_estimators"], "value": 300}, "version": 29, "at": 1712103902.096148}
{"obj": {"type": "AssignString", "path": ["cls_summary", "all_params", "rf__n_jobs"], "value": "None"}, "version": 30, "at": 1712103902.096203}
{"obj": {"type": "AssignBool", "path": ["cls_summary", "all_params", "rf__oob_score"], "value": false}, "version": 31, "at": 1712103902.096252}
{"obj": {"type": "AssignInt", "path": ["cls_summary", "all_params", "rf__random_state"], "value": 8}, "version": 32, "at": 1712103902.0963042}
{"obj": {"type": "AssignInt", "path": ["cls_summary", "all_params", "rf__verbose"], "value": 0}, "version": 33, "at": 1712103902.096352}
{"obj": {"type": "AssignBool", "path": ["cls_summary", "all_params", "rf__warm_start"], "value": false}, "version": 34, "at": 1712103902.0963998}
{"obj": {"type": "UploadFile", "path": ["cls_summary", "pickled_model"], "ext": "pkl", "file_path": null, "tmp_file_name": "cls_summary_pickled_model-1712103902.096458-2024-04-02_20.25.02.096458.pkl", "clean_after_upload": false}, "version": 35, "at": 1712103902.112393}
{"obj": {"type": "UploadFile", "path": ["cls_summary", "test", "preds"], "ext": "html", "file_path": null, "tmp_file_name": "cls_summary_test_preds-1712103902.112597-2024-04-02_20.25.02.112597.html", "clean_after_upload": false}, "version": 36, "at": 1712103902.1129}
{"obj": {"type": "UploadFile", "path": ["cls_summary", "test", "preds_proba"], "ext": "html", "file_path": null, "tmp_file_name": "cls_summary_test_preds_proba-1712103902.112977-2024-04-02_20.25.02.112977.html", "clean_after_upload": false}, "version": 37, "at": 1712103902.113182}
{"obj": {"type": "AssignFloat", "path": ["cls_summary", "test", "scores", "class_0", "precision"], "value": 0.6381156316916489}, "version": 38, "at": 1712103902.113324}
{"obj": {"type": "AssignFloat", "path": ["cls_summary", "test", "scores", "class_0", "recall"], "value": 0.9644012944983819}, "version": 39, "at": 1712103902.113386}
{"obj": {"type": "AssignFloat", "path": ["cls_summary", "test", "scores", "class_0", "fbeta_score"], "value": 0.7680412371134021}, "version": 40, "at": 1712103902.113439}
{"obj": {"type": "AssignFloat", "path": ["cls_summary", "test", "scores", "class_0", "support"], "value": 309.0}, "version": 41, "at": 1712103902.113494}
{"obj": {"type": "AssignFloat", "path": ["cls_summary", "test", "scores", "class_1", "precision"], "value": 0.9266666666666666}, "version": 42, "at": 1712103902.1135721}
{"obj": {"type": "AssignFloat", "path": ["cls_summary", "test", "scores", "class_1", "recall"], "value": 0.4512987012987013}, "version": 43, "at": 1712103902.113627}
{"obj": {"type": "AssignFloat", "path": ["cls_summary", "test", "scores", "class_1", "fbeta_score"], "value": 0.6069868995633187}, "version": 44, "at": 1712103902.1136792}
{"obj": {"type": "AssignFloat", "path": ["cls_summary", "test", "scores", "class_1", "support"], "value": 308.0}, "version": 45, "at": 1712103902.113732}
{"obj": {"type": "UploadFile", "path": ["cls_summary", "diagnostics_charts", "classification_report"], "ext": "png", "file_path": null, "tmp_file_name": "cls_summary_diagnostics_charts_classification_report-1712103902.113808-2024-04-02_20.25.02.113808.png", "clean_after_upload": false}, "version": 46, "at": 1712103902.114013}
{"obj": {"type": "UploadFile", "path": ["cls_summary", "diagnostics_charts", "confusion_matrix"], "ext": "png", "file_path": null, "tmp_file_name": "cls_summary_diagnostics_charts_confusion_matrix-1712103902.114079-2024-04-02_20.25.02.114079.png", "clean_after_upload": false}, "version": 47, "at": 1712103902.114242}
{"obj": {"type": "UploadFile", "path": ["cls_summary", "diagnostics_charts", "ROC_AUC"], "ext": "png", "file_path": null, "tmp_file_name": "cls_summary_diagnostics_charts_ROC_AUC-1712103902.114305-2024-04-02_20.25.02.114305.png", "clean_after_upload": false}, "version": 48, "at": 1712103902.1144729}
{"obj": {"type": "UploadFile", "path": ["cls_summary", "diagnostics_charts", "precision_recall"], "ext": "png", "file_path": null, "tmp_file_name": "cls_summary_diagnostics_charts_precision_recall-1712103902.11454-2024-04-02_20.25.02.114540.png", "clean_after_upload": false}, "version": 49, "at": 1712103902.115102}
{"obj": {"type": "UploadFile", "path": ["cls_summary", "diagnostics_charts", "class_prediction_error"], "ext": "png", "file_path": null, "tmp_file_name": "cls_summary_diagnostics_charts_class_prediction_error-1712103902.115198-2024-04-02_20.25.02.115198.png", "clean_after_upload": false}, "version": 50, "at": 1712103902.1154199}
{"obj": {"type": "AssignString", "path": ["cls_summary", "integration", "about", "neptune-sklearn"], "value": "2.1.0"}, "version": 51, "at": 1712103902.115516}
{"obj": {"type": "AssignInt", "path": ["params", "rf__min_samples_split"], "value": 5}, "version": 52, "at": 1712103902.1170182}
{"obj": {"type": "AssignInt", "path": ["params", "rf__n_estimators"], "value": 300}, "version": 53, "at": 1712103902.1171231}
{"obj": {"type": "UploadFile", "path": ["data", "feature_importance"], "ext": "html", "file_path": null, "tmp_file_name": "data_feature_importance-1712104065.756549-2024-04-02_20.27.45.756549.html", "clean_after_upload": false}, "version": 54, "at": 1712104065.757078}
{"obj": {"type": "UploadFile", "path": ["feature_importance"], "ext": "png", "file_path": "/Users/shehjarsadhu/Desktop/UniversityOfRhodeIsland/Graduate/WBL/Project_Q2Behave/GitQ2Bheave/q2behave_data_analysis/jupyternotebooks/ML_Toolbox/feature_importance.png", "tmp_file_name": null, "clean_after_upload": false}, "version": 55, "at": 1712104065.830385}
{"obj": {"type": "UploadFile", "path": ["roc_curve"], "ext": "png", "file_path": "/Users/shehjarsadhu/Desktop/UniversityOfRhodeIsland/Graduate/WBL/Project_Q2Behave/GitQ2Bheave/q2behave_data_analysis/jupyternotebooks/ML_Toolbox/roc_curve_class.png", "tmp_file_name": null, "clean_after_upload": false}, "version": 56, "at": 1712104065.925462}
{"obj": {"type": "AssignFloat", "path": ["precision"], "value": 0.7821573152772331}, "version": 57, "at": 1712104066.125704}
{"obj": {"type": "AssignFloat", "path": ["recall"], "value": 0.7082658022690438}, "version": 58, "at": 1712104066.126376}
{"obj": {"type": "AssignFloat", "path": ["f1_score"], "value": 0.6876445823882389}, "version": 59, "at": 1712104066.126467}
{"obj": {"type": "AssignFloat", "path": ["mean_train_accuracy"], "value": 0.9941596365996106}, "version": 60, "at": 1712104066.1265411}
{"obj": {"type": "AssignFloat", "path": ["mean_test_accuracy"], "value": 0.5918234912394549}, "version": 61, "at": 1712104066.1266088}
{"obj": {"type": "AssignFloat", "path": ["mean_sensitivity"], "value": 0.6145307999393603}, "version": 62, "at": 1712104066.126675}
