{"obj": {"type": "AssignString", "path": ["sys", "name"], "value": "5-Foldtest_size_0.2_RF"}, "version": 1, "at": 1708184604.445225}
{"obj": {"type": "AssignString", "path": ["sys", "description"], "value": ""}, "version": 2, "at": 1708184604.445743}
{"obj": {"type": "AssignString", "path": ["monitoring", "1d5958ca", "hostname"], "value": "156.4.20.172.s.wireless.uri.edu"}, "version": 3, "at": 1708184604.446362}
{"obj": {"type": "AssignString", "path": ["sys", "hostname"], "value": "156.4.20.172.s.wireless.uri.edu"}, "version": 4, "at": 1708184604.446688}
{"obj": {"type": "AssignString", "path": ["monitoring", "1d5958ca", "pid"], "value": "4220"}, "version": 5, "at": 1708184604.4469278}
{"obj": {"type": "AssignString", "path": ["monitoring", "1d5958ca", "tid"], "value": "140704465368640"}, "version": 6, "at": 1708184604.447155}
{"obj": {"type": "AssignBool", "path": ["sys", "failed"], "value": false}, "version": 7, "at": 1708184604.447426}
{"obj": {"type": "UploadFile", "path": ["data", "feature_table"], "ext": "html", "file_path": null, "tmp_file_name": "data_feature_table-1708184605.199279-2024-02-17_10.43.25.199279.html", "clean_after_upload": false}, "version": 8, "at": 1708184605.200138}
{"obj": {"type": "UploadFile", "path": ["data", "test_data"], "ext": "html", "file_path": null, "tmp_file_name": "data_test_data-1708184629.270864-2024-02-17_10.43.49.270864.html", "clean_after_upload": false}, "version": 9, "at": 1708184629.271689}
{"obj": {"type": "AssignString", "path": ["cls_summary", "all_params", "memory"], "value": "None"}, "version": 10, "at": 1708184630.5009449}
{"obj": {"type": "AssignString", "path": ["cls_summary", "all_params", "steps"], "value": "[('rf', RandomForestClassifier(min_samples_split=5, random_state=8))]"}, "version": 11, "at": 1708184630.501548}
{"obj": {"type": "AssignBool", "path": ["cls_summary", "all_params", "verbose"], "value": false}, "version": 12, "at": 1708184630.5017369}
{"obj": {"type": "AssignString", "path": ["cls_summary", "all_params", "rf"], "value": "RandomForestClassifier(min_samples_split=5, random_state=8)"}, "version": 13, "at": 1708184630.502319}
{"obj": {"type": "AssignBool", "path": ["cls_summary", "all_params", "rf__bootstrap"], "value": true}, "version": 14, "at": 1708184630.502423}
{"obj": {"type": "AssignFloat", "path": ["cls_summary", "all_params", "rf__ccp_alpha"], "value": 0.0}, "version": 15, "at": 1708184630.502516}
{"obj": {"type": "AssignString", "path": ["cls_summary", "all_params", "rf__class_weight"], "value": "None"}, "version": 16, "at": 1708184630.502597}
{"obj": {"type": "AssignString", "path": ["cls_summary", "all_params", "rf__criterion"], "value": "gini"}, "version": 17, "at": 1708184630.502667}
{"obj": {"type": "AssignString", "path": ["cls_summary", "all_params", "rf__max_depth"], "value": "None"}, "version": 18, "at": 1708184630.5027351}
{"obj": {"type": "AssignString", "path": ["cls_summary", "all_params", "rf__max_features"], "value": "sqrt"}, "version": 19, "at": 1708184630.502796}
{"obj": {"type": "AssignString", "path": ["cls_summary", "all_params", "rf__max_leaf_nodes"], "value": "None"}, "version": 20, "at": 1708184630.502861}
{"obj": {"type": "AssignString", "path": ["cls_summary", "all_params", "rf__max_samples"], "value": "None"}, "version": 21, "at": 1708184630.5029252}
{"obj": {"type": "AssignFloat", "path": ["cls_summary", "all_params", "rf__min_impurity_decrease"], "value": 0.0}, "version": 22, "at": 1708184630.502984}
{"obj": {"type": "AssignInt", "path": ["cls_summary", "all_params", "rf__min_samples_leaf"], "value": 1}, "version": 23, "at": 1708184630.503055}
{"obj": {"type": "AssignInt", "path": ["cls_summary", "all_params", "rf__min_samples_split"], "value": 5}, "version": 24, "at": 1708184630.503113}
{"obj": {"type": "AssignFloat", "path": ["cls_summary", "all_params", "rf__min_weight_fraction_leaf"], "value": 0.0}, "version": 25, "at": 1708184630.503169}
{"obj": {"type": "AssignInt", "path": ["cls_summary", "all_params", "rf__n_estimators"], "value": 100}, "version": 26, "at": 1708184630.5032241}
{"obj": {"type": "AssignString", "path": ["cls_summary", "all_params", "rf__n_jobs"], "value": "None"}, "version": 27, "at": 1708184630.503287}
{"obj": {"type": "AssignBool", "path": ["cls_summary", "all_params", "rf__oob_score"], "value": false}, "version": 28, "at": 1708184630.503343}
{"obj": {"type": "AssignInt", "path": ["cls_summary", "all_params", "rf__random_state"], "value": 8}, "version": 29, "at": 1708184630.503398}
{"obj": {"type": "AssignInt", "path": ["cls_summary", "all_params", "rf__verbose"], "value": 0}, "version": 30, "at": 1708184630.5034518}
{"obj": {"type": "AssignBool", "path": ["cls_summary", "all_params", "rf__warm_start"], "value": false}, "version": 31, "at": 1708184630.503507}
{"obj": {"type": "UploadFile", "path": ["cls_summary", "pickled_model"], "ext": "pkl", "file_path": null, "tmp_file_name": "cls_summary_pickled_model-1708184630.503571-2024-02-17_10.43.50.503571.pkl", "clean_after_upload": false}, "version": 32, "at": 1708184630.504704}
{"obj": {"type": "UploadFile", "path": ["cls_summary", "test", "preds"], "ext": "html", "file_path": null, "tmp_file_name": "cls_summary_test_preds-1708184630.504848-2024-02-17_10.43.50.504848.html", "clean_after_upload": false}, "version": 33, "at": 1708184630.505117}
{"obj": {"type": "UploadFile", "path": ["cls_summary", "test", "preds_proba"], "ext": "html", "file_path": null, "tmp_file_name": "cls_summary_test_preds_proba-1708184630.505197-2024-02-17_10.43.50.505197.html", "clean_after_upload": false}, "version": 34, "at": 1708184630.505426}
{"obj": {"type": "AssignFloat", "path": ["cls_summary", "test", "scores", "class_0", "precision"], "value": 0.8880351262349067}, "version": 35, "at": 1708184630.505579}
{"obj": {"type": "AssignFloat", "path": ["cls_summary", "test", "scores", "class_0", "recall"], "value": 0.6697019867549668}, "version": 36, "at": 1708184630.505654}
{"obj": {"type": "AssignFloat", "path": ["cls_summary", "test", "scores", "class_0", "fbeta_score"], "value": 0.7635677206229354}, "version": 37, "at": 1708184630.505716}
{"obj": {"type": "AssignFloat", "path": ["cls_summary", "test", "scores", "class_0", "support"], "value": 1208.0}, "version": 38, "at": 1708184630.5057778}
{"obj": {"type": "AssignFloat", "path": ["cls_summary", "test", "scores", "class_1", "precision"], "value": 0.15644820295983086}, "version": 39, "at": 1708184630.505871}
{"obj": {"type": "AssignFloat", "path": ["cls_summary", "test", "scores", "class_1", "recall"], "value": 0.42045454545454547}, "version": 40, "at": 1708184630.505954}
{"obj": {"type": "AssignFloat", "path": ["cls_summary", "test", "scores", "class_1", "fbeta_score"], "value": 0.2280431432973806}, "version": 41, "at": 1708184630.506024}
{"obj": {"type": "AssignFloat", "path": ["cls_summary", "test", "scores", "class_1", "support"], "value": 176.0}, "version": 42, "at": 1708184630.5060852}
{"obj": {"type": "UploadFile", "path": ["cls_summary", "diagnostics_charts", "classification_report"], "ext": "png", "file_path": null, "tmp_file_name": "cls_summary_diagnostics_charts_classification_report-1708184630.506169-2024-02-17_10.43.50.506169.png", "clean_after_upload": false}, "version": 43, "at": 1708184630.5063941}
{"obj": {"type": "UploadFile", "path": ["cls_summary", "diagnostics_charts", "confusion_matrix"], "ext": "png", "file_path": null, "tmp_file_name": "cls_summary_diagnostics_charts_confusion_matrix-1708184630.506471-2024-02-17_10.43.50.506471.png", "clean_after_upload": false}, "version": 44, "at": 1708184630.506818}
{"obj": {"type": "UploadFile", "path": ["cls_summary", "diagnostics_charts", "ROC_AUC"], "ext": "png", "file_path": null, "tmp_file_name": "cls_summary_diagnostics_charts_ROC_AUC-1708184630.506996-2024-02-17_10.43.50.506996.png", "clean_after_upload": false}, "version": 45, "at": 1708184630.5074089}
{"obj": {"type": "UploadFile", "path": ["cls_summary", "diagnostics_charts", "precision_recall"], "ext": "png", "file_path": null, "tmp_file_name": "cls_summary_diagnostics_charts_precision_recall-1708184630.507591-2024-02-17_10.43.50.507591.png", "clean_after_upload": false}, "version": 46, "at": 1708184630.507966}
{"obj": {"type": "UploadFile", "path": ["cls_summary", "diagnostics_charts", "class_prediction_error"], "ext": "png", "file_path": null, "tmp_file_name": "cls_summary_diagnostics_charts_class_prediction_error-1708184630.50822-2024-02-17_10.43.50.508220.png", "clean_after_upload": false}, "version": 47, "at": 1708184630.508554}
{"obj": {"type": "AssignString", "path": ["cls_summary", "integration", "about", "neptune-sklearn"], "value": "2.1.0"}, "version": 48, "at": 1708184630.5087721}
{"obj": {"type": "AssignInt", "path": ["params", "rf__min_samples_split"], "value": 5}, "version": 49, "at": 1708184630.5157208}
{"obj": {"type": "AssignInt", "path": ["params", "rf__n_estimators"], "value": 100}, "version": 50, "at": 1708184630.516564}
{"obj": {"type": "UploadFile", "path": ["roc_curve"], "ext": "png", "file_path": "/Users/shehjarsadhu/Desktop/UniversityOfRhodeIsland/Graduate/WBL/Project_Q2Behave/GitQ2Bheave/q2behave_data_analysis/jupyternotebooks/roc_curve_class.png", "tmp_file_name": null, "clean_after_upload": false}, "version": 51, "at": 1708184632.2766788}
{"obj": {"type": "AssignFloat", "path": ["precision"], "value": 0.7950009510207353}, "version": 52, "at": 1708184632.423359}
{"obj": {"type": "AssignFloat", "path": ["recall"], "value": 0.6380057803468208}, "version": 53, "at": 1708184632.423945}
{"obj": {"type": "AssignFloat", "path": ["f1_score"], "value": 0.6954663292867377}, "version": 54, "at": 1708184632.424143}
{"obj": {"type": "AssignFloat", "path": ["mean_train_accuracy"], "value": 0.9998201438848919}, "version": 55, "at": 1708184632.424566}
{"obj": {"type": "AssignFloat", "path": ["mean_test_accuracy"], "value": 0.7158273381294964}, "version": 56, "at": 1708184632.424839}
{"obj": {"type": "AssignFloat", "path": ["mean_sensitivity"], "value": 0.7294964028776979}, "version": 57, "at": 1708184632.425091}
