{"obj": {"type": "AssignString", "path": ["sys", "name"], "value": "3-Foldtest_size_0.2_RF"}, "version": 1, "at": 1711323634.369303}
{"obj": {"type": "AssignString", "path": ["sys", "description"], "value": ""}, "version": 2, "at": 1711323634.3696342}
{"obj": {"type": "AssignString", "path": ["monitoring", "185b3ab7", "hostname"], "value": "156.4.20.172.s.wireless.uri.edu"}, "version": 3, "at": 1711323634.370593}
{"obj": {"type": "AssignString", "path": ["sys", "hostname"], "value": "156.4.20.172.s.wireless.uri.edu"}, "version": 4, "at": 1711323634.372046}
{"obj": {"type": "AssignString", "path": ["monitoring", "185b3ab7", "pid"], "value": "57812"}, "version": 5, "at": 1711323634.372169}
{"obj": {"type": "AssignString", "path": ["monitoring", "185b3ab7", "tid"], "value": "140704496821824"}, "version": 6, "at": 1711323634.372262}
{"obj": {"type": "AssignBool", "path": ["sys", "failed"], "value": false}, "version": 7, "at": 1711323634.372332}
{"obj": {"type": "UploadFile", "path": ["data", "feature_table"], "ext": "html", "file_path": null, "tmp_file_name": "data_feature_table-1711323636.282211-2024-03-24_19.40.36.282211.html", "clean_after_upload": false}, "version": 8, "at": 1711323636.284373}
{"obj": {"type": "UploadFile", "path": ["data", "test_data"], "ext": "html", "file_path": null, "tmp_file_name": "data_test_data-1711323646.73542-2024-03-24_19.40.46.735420.html", "clean_after_upload": false}, "version": 9, "at": 1711323646.735841}
{"obj": {"type": "AssignString", "path": ["cls_summary", "all_params", "memory"], "value": "None"}, "version": 10, "at": 1711323647.54437}
{"obj": {"type": "AssignString", "path": ["cls_summary", "all_params", "steps"], "value": "[('rf', RandomForestClassifier(random_state=8))]"}, "version": 11, "at": 1711323647.5448089}
{"obj": {"type": "AssignBool", "path": ["cls_summary", "all_params", "verbose"], "value": false}, "version": 12, "at": 1711323647.5449028}
{"obj": {"type": "AssignString", "path": ["cls_summary", "all_params", "rf"], "value": "RandomForestClassifier(random_state=8)"}, "version": 13, "at": 1711323647.54514}
{"obj": {"type": "AssignBool", "path": ["cls_summary", "all_params", "rf__bootstrap"], "value": true}, "version": 14, "at": 1711323647.545217}
{"obj": {"type": "AssignFloat", "path": ["cls_summary", "all_params", "rf__ccp_alpha"], "value": 0.0}, "version": 15, "at": 1711323647.5452878}
{"obj": {"type": "AssignString", "path": ["cls_summary", "all_params", "rf__class_weight"], "value": "None"}, "version": 16, "at": 1711323647.5453591}
{"obj": {"type": "AssignString", "path": ["cls_summary", "all_params", "rf__criterion"], "value": "gini"}, "version": 17, "at": 1711323647.545423}
{"obj": {"type": "AssignString", "path": ["cls_summary", "all_params", "rf__max_depth"], "value": "None"}, "version": 18, "at": 1711323647.5454879}
{"obj": {"type": "AssignString", "path": ["cls_summary", "all_params", "rf__max_features"], "value": "sqrt"}, "version": 19, "at": 1711323647.54555}
{"obj": {"type": "AssignString", "path": ["cls_summary", "all_params", "rf__max_leaf_nodes"], "value": "None"}, "version": 20, "at": 1711323647.5456152}
{"obj": {"type": "AssignString", "path": ["cls_summary", "all_params", "rf__max_samples"], "value": "None"}, "version": 21, "at": 1711323647.545679}
{"obj": {"type": "AssignFloat", "path": ["cls_summary", "all_params", "rf__min_impurity_decrease"], "value": 0.0}, "version": 22, "at": 1711323647.545741}
{"obj": {"type": "AssignInt", "path": ["cls_summary", "all_params", "rf__min_samples_leaf"], "value": 1}, "version": 23, "at": 1711323647.545805}
{"obj": {"type": "AssignInt", "path": ["cls_summary", "all_params", "rf__min_samples_split"], "value": 2}, "version": 24, "at": 1711323647.5458639}
{"obj": {"type": "AssignFloat", "path": ["cls_summary", "all_params", "rf__min_weight_fraction_leaf"], "value": 0.0}, "version": 25, "at": 1711323647.545921}
{"obj": {"type": "AssignInt", "path": ["cls_summary", "all_params", "rf__n_estimators"], "value": 100}, "version": 26, "at": 1711323647.5459788}
{"obj": {"type": "AssignString", "path": ["cls_summary", "all_params", "rf__n_jobs"], "value": "None"}, "version": 27, "at": 1711323647.5460422}
{"obj": {"type": "AssignBool", "path": ["cls_summary", "all_params", "rf__oob_score"], "value": false}, "version": 28, "at": 1711323647.546099}
{"obj": {"type": "AssignInt", "path": ["cls_summary", "all_params", "rf__random_state"], "value": 8}, "version": 29, "at": 1711323647.5461628}
{"obj": {"type": "AssignInt", "path": ["cls_summary", "all_params", "rf__verbose"], "value": 0}, "version": 30, "at": 1711323647.546251}
{"obj": {"type": "AssignBool", "path": ["cls_summary", "all_params", "rf__warm_start"], "value": false}, "version": 31, "at": 1711323647.5463119}
{"obj": {"type": "UploadFile", "path": ["cls_summary", "pickled_model"], "ext": "pkl", "file_path": null, "tmp_file_name": "cls_summary_pickled_model-1711323647.546382-2024-03-24_19.40.47.546382.pkl", "clean_after_upload": false}, "version": 32, "at": 1711323647.548084}
{"obj": {"type": "UploadFile", "path": ["cls_summary", "test", "preds"], "ext": "html", "file_path": null, "tmp_file_name": "cls_summary_test_preds-1711323647.548294-2024-03-24_19.40.47.548294.html", "clean_after_upload": false}, "version": 33, "at": 1711323647.548623}
{"obj": {"type": "UploadFile", "path": ["cls_summary", "test", "preds_proba"], "ext": "html", "file_path": null, "tmp_file_name": "cls_summary_test_preds_proba-1711323647.548773-2024-03-24_19.40.47.548773.html", "clean_after_upload": false}, "version": 34, "at": 1711323647.5489721}
{"obj": {"type": "AssignFloat", "path": ["cls_summary", "test", "scores", "class_0", "precision"], "value": 0.47058823529411764}, "version": 35, "at": 1711323647.5491881}
{"obj": {"type": "AssignFloat", "path": ["cls_summary", "test", "scores", "class_0", "recall"], "value": 0.7058823529411765}, "version": 36, "at": 1711323647.5492601}
{"obj": {"type": "AssignFloat", "path": ["cls_summary", "test", "scores", "class_0", "fbeta_score"], "value": 0.5647058823529412}, "version": 37, "at": 1711323647.549322}
{"obj": {"type": "AssignFloat", "path": ["cls_summary", "test", "scores", "class_0", "support"], "value": 34.0}, "version": 38, "at": 1711323647.549385}
{"obj": {"type": "AssignFloat", "path": ["cls_summary", "test", "scores", "class_1", "precision"], "value": 0.4117647058823529}, "version": 39, "at": 1711323647.549473}
{"obj": {"type": "AssignFloat", "path": ["cls_summary", "test", "scores", "class_1", "recall"], "value": 0.20588235294117646}, "version": 40, "at": 1711323647.549535}
{"obj": {"type": "AssignFloat", "path": ["cls_summary", "test", "scores", "class_1", "fbeta_score"], "value": 0.2745098039215686}, "version": 41, "at": 1711323647.5495949}
{"obj": {"type": "AssignFloat", "path": ["cls_summary", "test", "scores", "class_1", "support"], "value": 34.0}, "version": 42, "at": 1711323647.549655}
{"obj": {"type": "UploadFile", "path": ["cls_summary", "diagnostics_charts", "classification_report"], "ext": "png", "file_path": null, "tmp_file_name": "cls_summary_diagnostics_charts_classification_report-1711323647.549742-2024-03-24_19.40.47.549742.png", "clean_after_upload": false}, "version": 43, "at": 1711323647.549963}
{"obj": {"type": "UploadFile", "path": ["cls_summary", "diagnostics_charts", "confusion_matrix"], "ext": "png", "file_path": null, "tmp_file_name": "cls_summary_diagnostics_charts_confusion_matrix-1711323647.550078-2024-03-24_19.40.47.550078.png", "clean_after_upload": false}, "version": 44, "at": 1711323647.550265}
{"obj": {"type": "UploadFile", "path": ["cls_summary", "diagnostics_charts", "ROC_AUC"], "ext": "png", "file_path": null, "tmp_file_name": "cls_summary_diagnostics_charts_ROC_AUC-1711323647.550373-2024-03-24_19.40.47.550373.png", "clean_after_upload": false}, "version": 45, "at": 1711323647.550608}
{"obj": {"type": "UploadFile", "path": ["cls_summary", "diagnostics_charts", "precision_recall"], "ext": "png", "file_path": null, "tmp_file_name": "cls_summary_diagnostics_charts_precision_recall-1711323647.550696-2024-03-24_19.40.47.550696.png", "clean_after_upload": false}, "version": 46, "at": 1711323647.55091}
{"obj": {"type": "UploadFile", "path": ["cls_summary", "diagnostics_charts", "class_prediction_error"], "ext": "png", "file_path": null, "tmp_file_name": "cls_summary_diagnostics_charts_class_prediction_error-1711323647.550993-2024-03-24_19.40.47.550993.png", "clean_after_upload": false}, "version": 47, "at": 1711323647.551189}
{"obj": {"type": "AssignString", "path": ["cls_summary", "integration", "about", "neptune-sklearn"], "value": "2.1.0"}, "version": 48, "at": 1711323647.551386}
{"obj": {"type": "AssignInt", "path": ["params", "rf__min_samples_split"], "value": 2}, "version": 49, "at": 1711323647.551738}
{"obj": {"type": "AssignInt", "path": ["params", "rf__n_estimators"], "value": 100}, "version": 50, "at": 1711323647.551816}
{"obj": {"type": "UploadFile", "path": ["roc_curve"], "ext": "png", "file_path": "/Users/shehjarsadhu/Desktop/UniversityOfRhodeIsland/Graduate/WBL/Project_Q2Behave/GitQ2Bheave/q2behave_data_analysis/jupyternotebooks/roc_curve_class.png", "tmp_file_name": null, "clean_after_upload": false}, "version": 51, "at": 1711323648.3942158}
{"obj": {"type": "AssignFloat", "path": ["precision"], "value": 0.4411764705882353}, "version": 52, "at": 1711323648.537303}
{"obj": {"type": "AssignFloat", "path": ["recall"], "value": 0.45588235294117646}, "version": 53, "at": 1711323648.5378292}
{"obj": {"type": "AssignFloat", "path": ["f1_score"], "value": 0.41960784313725485}, "version": 54, "at": 1711323648.537996}
{"obj": {"type": "AssignFloat", "path": ["mean_train_accuracy"], "value": 0.9975328914026232}, "version": 55, "at": 1711323648.5380878}
{"obj": {"type": "AssignFloat", "path": ["mean_test_accuracy"], "value": 0.569152481750638}, "version": 56, "at": 1711323648.538173}
{"obj": {"type": "AssignFloat", "path": ["mean_sensitivity"], "value": 0.5921827476865333}, "version": 57, "at": 1711323648.538253}
