{"obj": {"type": "AssignString", "path": ["sys", "name"], "value": "2-Foldtest_size_0.2_RF"}, "version": 1, "at": 1712103795.558945}
{"obj": {"type": "AssignString", "path": ["sys", "description"], "value": ""}, "version": 2, "at": 1712103795.559249}
{"obj": {"type": "AssignString", "path": ["monitoring", "11ca8da0", "hostname"], "value": "156.4.20.172.s.wireless.uri.edu"}, "version": 3, "at": 1712103795.559382}
{"obj": {"type": "AssignString", "path": ["sys", "hostname"], "value": "156.4.20.172.s.wireless.uri.edu"}, "version": 4, "at": 1712103795.55948}
{"obj": {"type": "AssignString", "path": ["monitoring", "11ca8da0", "pid"], "value": "85285"}, "version": 5, "at": 1712103795.559576}
{"obj": {"type": "AssignString", "path": ["monitoring", "11ca8da0", "tid"], "value": "140704701883968"}, "version": 6, "at": 1712103795.559666}
{"obj": {"type": "AssignBool", "path": ["sys", "failed"], "value": false}, "version": 7, "at": 1712103795.559733}
{"obj": {"type": "UploadFile", "path": ["data", "feature_table"], "ext": "html", "file_path": null, "tmp_file_name": "data_feature_table-1712103799.222254-2024-04-02_20.23.19.222254.html", "clean_after_upload": false}, "version": 8, "at": 1712103799.229255}
{"obj": {"type": "AssignString", "path": ["original"], "value": "type\n0    6004\n1     248\nName: count, dtype: int64"}, "version": 9, "at": 1712103799.23104}
{"obj": {"type": "AssignString", "path": ["train_samples_undersampled"], "value": "type\n0    248\n1    248\nName: count, dtype: int64"}, "version": 10, "at": 1712103799.231638}
{"obj": {"type": "AssignString", "path": ["test_samples_undersampled"], "value": "type\n1    50\n0    50\nName: count, dtype: int64"}, "version": 11, "at": 1712103799.232203}
{"obj": {"type": "UploadFile", "path": ["data", "test_data"], "ext": "html", "file_path": null, "tmp_file_name": "data_test_data-1712103806.577016-2024-04-02_20.23.26.577016.html", "clean_after_upload": false}, "version": 12, "at": 1712103806.577439}
{"obj": {"type": "AssignString", "path": ["cls_summary", "all_params", "memory"], "value": "None"}, "version": 13, "at": 1712103807.322381}
{"obj": {"type": "AssignString", "path": ["cls_summary", "all_params", "steps"], "value": "[('rf', RandomForestClassifier(min_samples_split=10, n_estimators=200, random_state=8))]"}, "version": 14, "at": 1712103807.322766}
{"obj": {"type": "AssignBool", "path": ["cls_summary", "all_params", "verbose"], "value": false}, "version": 15, "at": 1712103807.3228428}
{"obj": {"type": "AssignString", "path": ["cls_summary", "all_params", "rf"], "value": "RandomForestClassifier(min_samples_split=10, n_estimators=200, random_state=8)"}, "version": 16, "at": 1712103807.323052}
{"obj": {"type": "AssignBool", "path": ["cls_summary", "all_params", "rf__bootstrap"], "value": true}, "version": 17, "at": 1712103807.3231108}
{"obj": {"type": "AssignFloat", "path": ["cls_summary", "all_params", "rf__ccp_alpha"], "value": 0.0}, "version": 18, "at": 1712103807.323169}
{"obj": {"type": "AssignString", "path": ["cls_summary", "all_params", "rf__class_weight"], "value": "None"}, "version": 19, "at": 1712103807.323227}
{"obj": {"type": "AssignString", "path": ["cls_summary", "all_params", "rf__criterion"], "value": "gini"}, "version": 20, "at": 1712103807.3232782}
{"obj": {"type": "AssignString", "path": ["cls_summary", "all_params", "rf__max_depth"], "value": "None"}, "version": 21, "at": 1712103807.3233302}
{"obj": {"type": "AssignString", "path": ["cls_summary", "all_params", "rf__max_features"], "value": "sqrt"}, "version": 22, "at": 1712103807.323381}
{"obj": {"type": "AssignString", "path": ["cls_summary", "all_params", "rf__max_leaf_nodes"], "value": "None"}, "version": 23, "at": 1712103807.323432}
{"obj": {"type": "AssignString", "path": ["cls_summary", "all_params", "rf__max_samples"], "value": "None"}, "version": 24, "at": 1712103807.323484}
{"obj": {"type": "AssignFloat", "path": ["cls_summary", "all_params", "rf__min_impurity_decrease"], "value": 0.0}, "version": 25, "at": 1712103807.323531}
{"obj": {"type": "AssignInt", "path": ["cls_summary", "all_params", "rf__min_samples_leaf"], "value": 1}, "version": 26, "at": 1712103807.323583}
{"obj": {"type": "AssignInt", "path": ["cls_summary", "all_params", "rf__min_samples_split"], "value": 10}, "version": 27, "at": 1712103807.32363}
{"obj": {"type": "AssignFloat", "path": ["cls_summary", "all_params", "rf__min_weight_fraction_leaf"], "value": 0.0}, "version": 28, "at": 1712103807.3236759}
{"obj": {"type": "AssignInt", "path": ["cls_summary", "all_params", "rf__n_estimators"], "value": 200}, "version": 29, "at": 1712103807.323722}
{"obj": {"type": "AssignString", "path": ["cls_summary", "all_params", "rf__n_jobs"], "value": "None"}, "version": 30, "at": 1712103807.323775}
{"obj": {"type": "AssignBool", "path": ["cls_summary", "all_params", "rf__oob_score"], "value": false}, "version": 31, "at": 1712103807.3238232}
{"obj": {"type": "AssignInt", "path": ["cls_summary", "all_params", "rf__random_state"], "value": 8}, "version": 32, "at": 1712103807.3238678}
{"obj": {"type": "AssignInt", "path": ["cls_summary", "all_params", "rf__verbose"], "value": 0}, "version": 33, "at": 1712103807.3239129}
{"obj": {"type": "AssignBool", "path": ["cls_summary", "all_params", "rf__warm_start"], "value": false}, "version": 34, "at": 1712103807.323958}
{"obj": {"type": "UploadFile", "path": ["cls_summary", "pickled_model"], "ext": "pkl", "file_path": null, "tmp_file_name": "cls_summary_pickled_model-1712103807.324016-2024-04-02_20.23.27.324016.pkl", "clean_after_upload": false}, "version": 35, "at": 1712103807.3247712}
{"obj": {"type": "UploadFile", "path": ["cls_summary", "test", "preds"], "ext": "html", "file_path": null, "tmp_file_name": "cls_summary_test_preds-1712103807.324888-2024-04-02_20.23.27.324888.html", "clean_after_upload": false}, "version": 36, "at": 1712103807.325102}
{"obj": {"type": "UploadFile", "path": ["cls_summary", "test", "preds_proba"], "ext": "html", "file_path": null, "tmp_file_name": "cls_summary_test_preds_proba-1712103807.325167-2024-04-02_20.23.27.325167.html", "clean_after_upload": false}, "version": 37, "at": 1712103807.3253162}
{"obj": {"type": "AssignFloat", "path": ["cls_summary", "test", "scores", "class_0", "precision"], "value": 0.8913043478260869}, "version": 38, "at": 1712103807.325578}
{"obj": {"type": "AssignFloat", "path": ["cls_summary", "test", "scores", "class_0", "recall"], "value": 0.82}, "version": 39, "at": 1712103807.325783}
{"obj": {"type": "AssignFloat", "path": ["cls_summary", "test", "scores", "class_0", "fbeta_score"], "value": 0.8541666666666666}, "version": 40, "at": 1712103807.3258429}
{"obj": {"type": "AssignFloat", "path": ["cls_summary", "test", "scores", "class_0", "support"], "value": 50.0}, "version": 41, "at": 1712103807.325902}
{"obj": {"type": "AssignFloat", "path": ["cls_summary", "test", "scores", "class_1", "precision"], "value": 0.8333333333333334}, "version": 42, "at": 1712103807.3260238}
{"obj": {"type": "AssignFloat", "path": ["cls_summary", "test", "scores", "class_1", "recall"], "value": 0.9}, "version": 43, "at": 1712103807.326077}
{"obj": {"type": "AssignFloat", "path": ["cls_summary", "test", "scores", "class_1", "fbeta_score"], "value": 0.8653846153846153}, "version": 44, "at": 1712103807.3261251}
{"obj": {"type": "AssignFloat", "path": ["cls_summary", "test", "scores", "class_1", "support"], "value": 50.0}, "version": 45, "at": 1712103807.3261938}
{"obj": {"type": "UploadFile", "path": ["cls_summary", "diagnostics_charts", "classification_report"], "ext": "png", "file_path": null, "tmp_file_name": "cls_summary_diagnostics_charts_classification_report-1712103807.326268-2024-04-02_20.23.27.326268.png", "clean_after_upload": false}, "version": 46, "at": 1712103807.3265111}
{"obj": {"type": "UploadFile", "path": ["cls_summary", "diagnostics_charts", "confusion_matrix"], "ext": "png", "file_path": null, "tmp_file_name": "cls_summary_diagnostics_charts_confusion_matrix-1712103807.326577-2024-04-02_20.23.27.326577.png", "clean_after_upload": false}, "version": 47, "at": 1712103807.3268218}
{"obj": {"type": "UploadFile", "path": ["cls_summary", "diagnostics_charts", "ROC_AUC"], "ext": "png", "file_path": null, "tmp_file_name": "cls_summary_diagnostics_charts_ROC_AUC-1712103807.326883-2024-04-02_20.23.27.326883.png", "clean_after_upload": false}, "version": 48, "at": 1712103807.327209}
{"obj": {"type": "UploadFile", "path": ["cls_summary", "diagnostics_charts", "precision_recall"], "ext": "png", "file_path": null, "tmp_file_name": "cls_summary_diagnostics_charts_precision_recall-1712103807.327283-2024-04-02_20.23.27.327283.png", "clean_after_upload": false}, "version": 49, "at": 1712103807.3274848}
{"obj": {"type": "UploadFile", "path": ["cls_summary", "diagnostics_charts", "class_prediction_error"], "ext": "png", "file_path": null, "tmp_file_name": "cls_summary_diagnostics_charts_class_prediction_error-1712103807.327545-2024-04-02_20.23.27.327545.png", "clean_after_upload": false}, "version": 50, "at": 1712103807.327845}
{"obj": {"type": "AssignString", "path": ["cls_summary", "integration", "about", "neptune-sklearn"], "value": "2.1.0"}, "version": 51, "at": 1712103807.327927}
{"obj": {"type": "AssignInt", "path": ["params", "rf__min_samples_split"], "value": 10}, "version": 52, "at": 1712103807.32864}
{"obj": {"type": "AssignInt", "path": ["params", "rf__n_estimators"], "value": 200}, "version": 53, "at": 1712103807.328705}
{"obj": {"type": "UploadFile", "path": ["data", "feature_importance"], "ext": "html", "file_path": null, "tmp_file_name": "data_feature_importance-1712103831.215674-2024-04-02_20.23.51.215674.html", "clean_after_upload": false}, "version": 54, "at": 1712103831.216081}
{"obj": {"type": "UploadFile", "path": ["feature_importance"], "ext": "png", "file_path": "/Users/shehjarsadhu/Desktop/UniversityOfRhodeIsland/Graduate/WBL/Project_Q2Behave/GitQ2Bheave/q2behave_data_analysis/jupyternotebooks/ML_Toolbox/feature_importance.png", "tmp_file_name": null, "clean_after_upload": false}, "version": 55, "at": 1712103831.315487}
{"obj": {"type": "UploadFile", "path": ["roc_curve"], "ext": "png", "file_path": "/Users/shehjarsadhu/Desktop/UniversityOfRhodeIsland/Graduate/WBL/Project_Q2Behave/GitQ2Bheave/q2behave_data_analysis/jupyternotebooks/ML_Toolbox/roc_curve_class.png", "tmp_file_name": null, "clean_after_upload": false}, "version": 56, "at": 1712103831.418575}
{"obj": {"type": "AssignFloat", "path": ["precision"], "value": 0.8623188405797102}, "version": 57, "at": 1712103831.627685}
{"obj": {"type": "AssignFloat", "path": ["recall"], "value": 0.86}, "version": 58, "at": 1712103831.628347}
{"obj": {"type": "AssignFloat", "path": ["f1_score"], "value": 0.8597756410256409}, "version": 59, "at": 1712103831.628434}
{"obj": {"type": "AssignFloat", "path": ["mean_train_accuracy"], "value": 0.9959677419354839}, "version": 60, "at": 1712103831.628522}
{"obj": {"type": "AssignFloat", "path": ["mean_test_accuracy"], "value": 0.622983870967742}, "version": 61, "at": 1712103831.628591}
{"obj": {"type": "AssignFloat", "path": ["mean_sensitivity"], "value": 0.6411290322580645}, "version": 62, "at": 1712103831.6286578}
