{"obj": {"type": "AssignString", "path": ["sys", "name"], "value": "2-Foldtest_size_0.2_RF"}, "version": 1, "at": 1712083412.400739}
{"obj": {"type": "AssignString", "path": ["sys", "description"], "value": ""}, "version": 2, "at": 1712083412.4011898}
{"obj": {"type": "AssignString", "path": ["monitoring", "299d85ac", "hostname"], "value": "156.4.20.172.s.wireless.uri.edu"}, "version": 3, "at": 1712083412.401431}
{"obj": {"type": "AssignString", "path": ["sys", "hostname"], "value": "156.4.20.172.s.wireless.uri.edu"}, "version": 4, "at": 1712083412.4016168}
{"obj": {"type": "AssignString", "path": ["monitoring", "299d85ac", "pid"], "value": "37603"}, "version": 5, "at": 1712083412.4018009}
{"obj": {"type": "AssignString", "path": ["monitoring", "299d85ac", "tid"], "value": "140704701883968"}, "version": 6, "at": 1712083412.4019752}
{"obj": {"type": "AssignBool", "path": ["sys", "failed"], "value": false}, "version": 7, "at": 1712083412.402095}
{"obj": {"type": "UploadFile", "path": ["data", "feature_table"], "ext": "html", "file_path": null, "tmp_file_name": "data_feature_table-1712083420.749861-2024-04-02_14.43.40.749861.html", "clean_after_upload": false}, "version": 8, "at": 1712083420.759373}
{"obj": {"type": "UploadFile", "path": ["data", "test_data"], "ext": "html", "file_path": null, "tmp_file_name": "data_test_data-1712083536.920953-2024-04-02_14.45.36.920953.html", "clean_after_upload": false}, "version": 9, "at": 1712083536.923944}
{"obj": {"type": "AssignString", "path": ["cls_summary", "all_params", "memory"], "value": "None"}, "version": 10, "at": 1712083539.1780539}
{"obj": {"type": "AssignString", "path": ["cls_summary", "all_params", "steps"], "value": "[('rf', RandomForestClassifier(max_depth=20, n_estimators=300, random_state=8))]"}, "version": 11, "at": 1712083539.1784801}
{"obj": {"type": "AssignBool", "path": ["cls_summary", "all_params", "verbose"], "value": false}, "version": 12, "at": 1712083539.178577}
{"obj": {"type": "AssignString", "path": ["cls_summary", "all_params", "rf"], "value": "RandomForestClassifier(max_depth=20, n_estimators=300, random_state=8)"}, "version": 13, "at": 1712083539.1787899}
{"obj": {"type": "AssignBool", "path": ["cls_summary", "all_params", "rf__bootstrap"], "value": true}, "version": 14, "at": 1712083539.1788511}
{"obj": {"type": "AssignFloat", "path": ["cls_summary", "all_params", "rf__ccp_alpha"], "value": 0.0}, "version": 15, "at": 1712083539.178922}
{"obj": {"type": "AssignString", "path": ["cls_summary", "all_params", "rf__class_weight"], "value": "None"}, "version": 16, "at": 1712083539.178983}
{"obj": {"type": "AssignString", "path": ["cls_summary", "all_params", "rf__criterion"], "value": "gini"}, "version": 17, "at": 1712083539.179036}
{"obj": {"type": "AssignInt", "path": ["cls_summary", "all_params", "rf__max_depth"], "value": 20}, "version": 18, "at": 1712083539.179105}
{"obj": {"type": "AssignString", "path": ["cls_summary", "all_params", "rf__max_features"], "value": "sqrt"}, "version": 19, "at": 1712083539.179157}
{"obj": {"type": "AssignString", "path": ["cls_summary", "all_params", "rf__max_leaf_nodes"], "value": "None"}, "version": 20, "at": 1712083539.179213}
{"obj": {"type": "AssignString", "path": ["cls_summary", "all_params", "rf__max_samples"], "value": "None"}, "version": 21, "at": 1712083539.1792672}
{"obj": {"type": "AssignFloat", "path": ["cls_summary", "all_params", "rf__min_impurity_decrease"], "value": 0.0}, "version": 22, "at": 1712083539.179316}
{"obj": {"type": "AssignInt", "path": ["cls_summary", "all_params", "rf__min_samples_leaf"], "value": 1}, "version": 23, "at": 1712083539.179362}
{"obj": {"type": "AssignInt", "path": ["cls_summary", "all_params", "rf__min_samples_split"], "value": 2}, "version": 24, "at": 1712083539.1794088}
{"obj": {"type": "AssignFloat", "path": ["cls_summary", "all_params", "rf__min_weight_fraction_leaf"], "value": 0.0}, "version": 25, "at": 1712083539.179455}
{"obj": {"type": "AssignInt", "path": ["cls_summary", "all_params", "rf__n_estimators"], "value": 300}, "version": 26, "at": 1712083539.179502}
{"obj": {"type": "AssignString", "path": ["cls_summary", "all_params", "rf__n_jobs"], "value": "None"}, "version": 27, "at": 1712083539.1795552}
{"obj": {"type": "AssignBool", "path": ["cls_summary", "all_params", "rf__oob_score"], "value": false}, "version": 28, "at": 1712083539.179601}
{"obj": {"type": "AssignInt", "path": ["cls_summary", "all_params", "rf__random_state"], "value": 8}, "version": 29, "at": 1712083539.179647}
{"obj": {"type": "AssignInt", "path": ["cls_summary", "all_params", "rf__verbose"], "value": 0}, "version": 30, "at": 1712083539.179692}
{"obj": {"type": "AssignBool", "path": ["cls_summary", "all_params", "rf__warm_start"], "value": false}, "version": 31, "at": 1712083539.179738}
{"obj": {"type": "UploadFile", "path": ["cls_summary", "pickled_model"], "ext": "pkl", "file_path": null, "tmp_file_name": "cls_summary_pickled_model-1712083539.179791-2024-04-02_14.45.39.179791.pkl", "clean_after_upload": false}, "version": 32, "at": 1712083539.225369}
{"obj": {"type": "UploadFile", "path": ["cls_summary", "test", "preds"], "ext": "html", "file_path": null, "tmp_file_name": "cls_summary_test_preds-1712083539.225645-2024-04-02_14.45.39.225645.html", "clean_after_upload": false}, "version": 33, "at": 1712083539.2259588}
{"obj": {"type": "UploadFile", "path": ["cls_summary", "test", "preds_proba"], "ext": "html", "file_path": null, "tmp_file_name": "cls_summary_test_preds_proba-1712083539.226071-2024-04-02_14.45.39.226071.html", "clean_after_upload": false}, "version": 34, "at": 1712083539.2263098}
{"obj": {"type": "AssignFloat", "path": ["cls_summary", "test", "scores", "class_0", "precision"], "value": 0.7771124417831005}, "version": 35, "at": 1712083539.226449}
{"obj": {"type": "AssignFloat", "path": ["cls_summary", "test", "scores", "class_0", "recall"], "value": 0.9125}, "version": 36, "at": 1712083539.226515}
{"obj": {"type": "AssignFloat", "path": ["cls_summary", "test", "scores", "class_0", "fbeta_score"], "value": 0.8393819619116062}, "version": 37, "at": 1712083539.226569}
{"obj": {"type": "AssignFloat", "path": ["cls_summary", "test", "scores", "class_0", "support"], "value": 1280.0}, "version": 38, "at": 1712083539.226624}
{"obj": {"type": "AssignFloat", "path": ["cls_summary", "test", "scores", "class_1", "precision"], "value": 0.8940397350993378}, "version": 39, "at": 1712083539.2267032}
{"obj": {"type": "AssignFloat", "path": ["cls_summary", "test", "scores", "class_1", "recall"], "value": 0.73828125}, "version": 40, "at": 1712083539.226756}
{"obj": {"type": "AssignFloat", "path": ["cls_summary", "test", "scores", "class_1", "fbeta_score"], "value": 0.8087291399229782}, "version": 41, "at": 1712083539.2268102}
{"obj": {"type": "AssignFloat", "path": ["cls_summary", "test", "scores", "class_1", "support"], "value": 1280.0}, "version": 42, "at": 1712083539.2268622}
{"obj": {"type": "UploadFile", "path": ["cls_summary", "diagnostics_charts", "classification_report"], "ext": "png", "file_path": null, "tmp_file_name": "cls_summary_diagnostics_charts_classification_report-1712083539.22694-2024-04-02_14.45.39.226940.png", "clean_after_upload": false}, "version": 43, "at": 1712083539.227129}
{"obj": {"type": "UploadFile", "path": ["cls_summary", "diagnostics_charts", "confusion_matrix"], "ext": "png", "file_path": null, "tmp_file_name": "cls_summary_diagnostics_charts_confusion_matrix-1712083539.227194-2024-04-02_14.45.39.227194.png", "clean_after_upload": false}, "version": 44, "at": 1712083539.227377}
{"obj": {"type": "UploadFile", "path": ["cls_summary", "diagnostics_charts", "ROC_AUC"], "ext": "png", "file_path": null, "tmp_file_name": "cls_summary_diagnostics_charts_ROC_AUC-1712083539.227445-2024-04-02_14.45.39.227445.png", "clean_after_upload": false}, "version": 45, "at": 1712083539.227631}
{"obj": {"type": "UploadFile", "path": ["cls_summary", "diagnostics_charts", "precision_recall"], "ext": "png", "file_path": null, "tmp_file_name": "cls_summary_diagnostics_charts_precision_recall-1712083539.227735-2024-04-02_14.45.39.227735.png", "clean_after_upload": false}, "version": 46, "at": 1712083539.2280169}
{"obj": {"type": "UploadFile", "path": ["cls_summary", "diagnostics_charts", "class_prediction_error"], "ext": "png", "file_path": null, "tmp_file_name": "cls_summary_diagnostics_charts_class_prediction_error-1712083539.228106-2024-04-02_14.45.39.228106.png", "clean_after_upload": false}, "version": 47, "at": 1712083539.228298}
{"obj": {"type": "AssignString", "path": ["cls_summary", "integration", "about", "neptune-sklearn"], "value": "2.1.0"}, "version": 48, "at": 1712083539.2284029}
{"obj": {"type": "AssignInt", "path": ["params", "rf__max_depth"], "value": 20}, "version": 49, "at": 1712083539.232707}
{"obj": {"type": "AssignInt", "path": ["params", "rf__min_samples_split"], "value": 2}, "version": 50, "at": 1712083539.232821}
{"obj": {"type": "AssignInt", "path": ["params", "rf__n_estimators"], "value": 300}, "version": 51, "at": 1712083539.232873}
{"obj": {"type": "UploadFile", "path": ["feature_importance"], "ext": "png", "file_path": "/Users/shehjarsadhu/Desktop/UniversityOfRhodeIsland/Graduate/WBL/Project_Q2Behave/GitQ2Bheave/q2behave_data_analysis/jupyternotebooks/ML_Toolbox/feature_importance.png", "tmp_file_name": null, "clean_after_upload": false}, "version": 52, "at": 1712084207.3985689}
{"obj": {"type": "UploadFile", "path": ["roc_curve"], "ext": "png", "file_path": "/Users/shehjarsadhu/Desktop/UniversityOfRhodeIsland/Graduate/WBL/Project_Q2Behave/GitQ2Bheave/q2behave_data_analysis/jupyternotebooks/ML_Toolbox/roc_curve_class.png", "tmp_file_name": null, "clean_after_upload": false}, "version": 53, "at": 1712084207.5009868}
{"obj": {"type": "AssignFloat", "path": ["precision"], "value": 0.8355760884412191}, "version": 54, "at": 1712084207.9248488}
{"obj": {"type": "AssignFloat", "path": ["recall"], "value": 0.825390625}, "version": 55, "at": 1712084207.9276211}
{"obj": {"type": "AssignFloat", "path": ["f1_score"], "value": 0.8240555509172921}, "version": 56, "at": 1712084207.9281862}
{"obj": {"type": "AssignFloat", "path": ["mean_train_accuracy"], "value": 0.9935927488670104}, "version": 57, "at": 1712084207.928385}
{"obj": {"type": "AssignFloat", "path": ["mean_test_accuracy"], "value": 0.6986247851226755}, "version": 58, "at": 1712084207.928513}
{"obj": {"type": "AssignFloat", "path": ["mean_sensitivity"], "value": 0.6229064746795874}, "version": 59, "at": 1712084207.9286022}
