{"obj": {"type": "AssignString", "path": ["sys", "name"], "value": "2-Foldtest_size_0.2_RF"}, "version": 1, "at": 1712085182.593193}
{"obj": {"type": "AssignString", "path": ["sys", "description"], "value": ""}, "version": 2, "at": 1712085182.593635}
{"obj": {"type": "AssignString", "path": ["monitoring", "299d85ac", "hostname"], "value": "156.4.20.172.s.wireless.uri.edu"}, "version": 3, "at": 1712085182.5938601}
{"obj": {"type": "AssignString", "path": ["sys", "hostname"], "value": "156.4.20.172.s.wireless.uri.edu"}, "version": 4, "at": 1712085182.594035}
{"obj": {"type": "AssignString", "path": ["monitoring", "299d85ac", "pid"], "value": "37603"}, "version": 5, "at": 1712085182.594208}
{"obj": {"type": "AssignString", "path": ["monitoring", "299d85ac", "tid"], "value": "140704701883968"}, "version": 6, "at": 1712085182.5943758}
{"obj": {"type": "AssignBool", "path": ["sys", "failed"], "value": false}, "version": 7, "at": 1712085182.594497}
{"obj": {"type": "UploadFile", "path": ["data", "feature_table"], "ext": "html", "file_path": null, "tmp_file_name": "data_feature_table-1712085186.377403-2024-04-02_15.13.06.377403.html", "clean_after_upload": false}, "version": 8, "at": 1712085186.381524}
{"obj": {"type": "UploadFile", "path": ["data", "test_data"], "ext": "html", "file_path": null, "tmp_file_name": "data_test_data-1712085220.450183-2024-04-02_15.13.40.450183.html", "clean_after_upload": false}, "version": 9, "at": 1712085220.4508789}
{"obj": {"type": "AssignString", "path": ["cls_summary", "all_params", "memory"], "value": "None"}, "version": 10, "at": 1712085221.6027}
{"obj": {"type": "AssignString", "path": ["cls_summary", "all_params", "steps"], "value": "[('rf', RandomForestClassifier(max_depth=10, n_estimators=300, random_state=8))]"}, "version": 11, "at": 1712085221.603225}
{"obj": {"type": "AssignBool", "path": ["cls_summary", "all_params", "verbose"], "value": false}, "version": 12, "at": 1712085221.603321}
{"obj": {"type": "AssignString", "path": ["cls_summary", "all_params", "rf"], "value": "RandomForestClassifier(max_depth=10, n_estimators=300, random_state=8)"}, "version": 13, "at": 1712085221.60354}
{"obj": {"type": "AssignBool", "path": ["cls_summary", "all_params", "rf__bootstrap"], "value": true}, "version": 14, "at": 1712085221.603604}
{"obj": {"type": "AssignFloat", "path": ["cls_summary", "all_params", "rf__ccp_alpha"], "value": 0.0}, "version": 15, "at": 1712085221.6036758}
{"obj": {"type": "AssignString", "path": ["cls_summary", "all_params", "rf__class_weight"], "value": "None"}, "version": 16, "at": 1712085221.6037388}
{"obj": {"type": "AssignString", "path": ["cls_summary", "all_params", "rf__criterion"], "value": "gini"}, "version": 17, "at": 1712085221.603812}
{"obj": {"type": "AssignInt", "path": ["cls_summary", "all_params", "rf__max_depth"], "value": 10}, "version": 18, "at": 1712085221.60387}
{"obj": {"type": "AssignString", "path": ["cls_summary", "all_params", "rf__max_features"], "value": "sqrt"}, "version": 19, "at": 1712085221.603922}
{"obj": {"type": "AssignString", "path": ["cls_summary", "all_params", "rf__max_leaf_nodes"], "value": "None"}, "version": 20, "at": 1712085221.603977}
{"obj": {"type": "AssignString", "path": ["cls_summary", "all_params", "rf__max_samples"], "value": "None"}, "version": 21, "at": 1712085221.60403}
{"obj": {"type": "AssignFloat", "path": ["cls_summary", "all_params", "rf__min_impurity_decrease"], "value": 0.0}, "version": 22, "at": 1712085221.604079}
{"obj": {"type": "AssignInt", "path": ["cls_summary", "all_params", "rf__min_samples_leaf"], "value": 1}, "version": 23, "at": 1712085221.604125}
{"obj": {"type": "AssignInt", "path": ["cls_summary", "all_params", "rf__min_samples_split"], "value": 2}, "version": 24, "at": 1712085221.604172}
{"obj": {"type": "AssignFloat", "path": ["cls_summary", "all_params", "rf__min_weight_fraction_leaf"], "value": 0.0}, "version": 25, "at": 1712085221.604219}
{"obj": {"type": "AssignInt", "path": ["cls_summary", "all_params", "rf__n_estimators"], "value": 300}, "version": 26, "at": 1712085221.6042671}
{"obj": {"type": "AssignString", "path": ["cls_summary", "all_params", "rf__n_jobs"], "value": "None"}, "version": 27, "at": 1712085221.604321}
{"obj": {"type": "AssignBool", "path": ["cls_summary", "all_params", "rf__oob_score"], "value": false}, "version": 28, "at": 1712085221.6043708}
{"obj": {"type": "AssignInt", "path": ["cls_summary", "all_params", "rf__random_state"], "value": 8}, "version": 29, "at": 1712085221.6044211}
{"obj": {"type": "AssignInt", "path": ["cls_summary", "all_params", "rf__verbose"], "value": 0}, "version": 30, "at": 1712085221.6044679}
{"obj": {"type": "AssignBool", "path": ["cls_summary", "all_params", "rf__warm_start"], "value": false}, "version": 31, "at": 1712085221.604515}
{"obj": {"type": "UploadFile", "path": ["cls_summary", "pickled_model"], "ext": "pkl", "file_path": null, "tmp_file_name": "cls_summary_pickled_model-1712085221.604568-2024-04-02_15.13.41.604568.pkl", "clean_after_upload": false}, "version": 32, "at": 1712085221.6094239}
{"obj": {"type": "UploadFile", "path": ["cls_summary", "test", "preds"], "ext": "html", "file_path": null, "tmp_file_name": "cls_summary_test_preds-1712085221.609769-2024-04-02_15.13.41.609769.html", "clean_after_upload": false}, "version": 33, "at": 1712085221.610262}
{"obj": {"type": "UploadFile", "path": ["cls_summary", "test", "preds_proba"], "ext": "html", "file_path": null, "tmp_file_name": "cls_summary_test_preds_proba-1712085221.610541-2024-04-02_15.13.41.610541.html", "clean_after_upload": false}, "version": 34, "at": 1712085221.610903}
{"obj": {"type": "AssignFloat", "path": ["cls_summary", "test", "scores", "class_0", "precision"], "value": 0.6690391459074733}, "version": 35, "at": 1712085221.61117}
{"obj": {"type": "AssignFloat", "path": ["cls_summary", "test", "scores", "class_0", "recall"], "value": 0.9330024813895782}, "version": 36, "at": 1712085221.611239}
{"obj": {"type": "AssignFloat", "path": ["cls_summary", "test", "scores", "class_0", "fbeta_score"], "value": 0.7792746113989637}, "version": 37, "at": 1712085221.611299}
{"obj": {"type": "AssignFloat", "path": ["cls_summary", "test", "scores", "class_0", "support"], "value": 403.0}, "version": 38, "at": 1712085221.611359}
{"obj": {"type": "AssignFloat", "path": ["cls_summary", "test", "scores", "class_1", "precision"], "value": 0.8888888888888888}, "version": 39, "at": 1712085221.611445}
{"obj": {"type": "AssignFloat", "path": ["cls_summary", "test", "scores", "class_1", "recall"], "value": 0.5373134328358209}, "version": 40, "at": 1712085221.6115031}
{"obj": {"type": "AssignFloat", "path": ["cls_summary", "test", "scores", "class_1", "fbeta_score"], "value": 0.6697674418604651}, "version": 41, "at": 1712085221.611559}
{"obj": {"type": "AssignFloat", "path": ["cls_summary", "test", "scores", "class_1", "support"], "value": 402.0}, "version": 42, "at": 1712085221.611615}
{"obj": {"type": "UploadFile", "path": ["cls_summary", "diagnostics_charts", "classification_report"], "ext": "png", "file_path": null, "tmp_file_name": "cls_summary_diagnostics_charts_classification_report-1712085221.611697-2024-04-02_15.13.41.611697.png", "clean_after_upload": false}, "version": 43, "at": 1712085221.6119199}
{"obj": {"type": "UploadFile", "path": ["cls_summary", "diagnostics_charts", "confusion_matrix"], "ext": "png", "file_path": null, "tmp_file_name": "cls_summary_diagnostics_charts_confusion_matrix-1712085221.611993-2024-04-02_15.13.41.611993.png", "clean_after_upload": false}, "version": 44, "at": 1712085221.612245}
{"obj": {"type": "UploadFile", "path": ["cls_summary", "diagnostics_charts", "ROC_AUC"], "ext": "png", "file_path": null, "tmp_file_name": "cls_summary_diagnostics_charts_ROC_AUC-1712085221.612316-2024-04-02_15.13.41.612316.png", "clean_after_upload": false}, "version": 45, "at": 1712085221.6125429}
{"obj": {"type": "UploadFile", "path": ["cls_summary", "diagnostics_charts", "precision_recall"], "ext": "png", "file_path": null, "tmp_file_name": "cls_summary_diagnostics_charts_precision_recall-1712085221.612618-2024-04-02_15.13.41.612618.png", "clean_after_upload": false}, "version": 46, "at": 1712085221.612849}
{"obj": {"type": "UploadFile", "path": ["cls_summary", "diagnostics_charts", "class_prediction_error"], "ext": "png", "file_path": null, "tmp_file_name": "cls_summary_diagnostics_charts_class_prediction_error-1712085221.612926-2024-04-02_15.13.41.612926.png", "clean_after_upload": false}, "version": 47, "at": 1712085221.613369}
{"obj": {"type": "AssignString", "path": ["cls_summary", "integration", "about", "neptune-sklearn"], "value": "2.1.0"}, "version": 48, "at": 1712085221.6134982}
{"obj": {"type": "AssignInt", "path": ["params", "rf__max_depth"], "value": 10}, "version": 49, "at": 1712085221.614281}
{"obj": {"type": "AssignInt", "path": ["params", "rf__min_samples_split"], "value": 2}, "version": 50, "at": 1712085221.6143591}
{"obj": {"type": "AssignInt", "path": ["params", "rf__n_estimators"], "value": 300}, "version": 51, "at": 1712085221.614411}
{"obj": {"type": "UploadFile", "path": ["feature_importance"], "ext": "png", "file_path": "/Users/shehjarsadhu/Desktop/UniversityOfRhodeIsland/Graduate/WBL/Project_Q2Behave/GitQ2Bheave/q2behave_data_analysis/jupyternotebooks/ML_Toolbox/feature_importance.png", "tmp_file_name": null, "clean_after_upload": false}, "version": 52, "at": 1712085371.673141}
{"obj": {"type": "UploadFile", "path": ["roc_curve"], "ext": "png", "file_path": "/Users/shehjarsadhu/Desktop/UniversityOfRhodeIsland/Graduate/WBL/Project_Q2Behave/GitQ2Bheave/q2behave_data_analysis/jupyternotebooks/ML_Toolbox/roc_curve_class.png", "tmp_file_name": null, "clean_after_upload": false}, "version": 53, "at": 1712085371.768075}
{"obj": {"type": "AssignFloat", "path": ["precision"], "value": 0.7788274647627889}, "version": 54, "at": 1712085372.17529}
{"obj": {"type": "AssignFloat", "path": ["recall"], "value": 0.7354037267080745}, "version": 55, "at": 1712085372.175842}
{"obj": {"type": "AssignFloat", "path": ["f1_score"], "value": 0.724589043505204}, "version": 56, "at": 1712085372.17593}
{"obj": {"type": "AssignFloat", "path": ["mean_train_accuracy"], "value": 0.9199801192842942}, "version": 57, "at": 1712085372.1760051}
{"obj": {"type": "AssignFloat", "path": ["mean_test_accuracy"], "value": 0.7569582504970179}, "version": 58, "at": 1712085372.176081}
{"obj": {"type": "AssignFloat", "path": ["mean_sensitivity"], "value": 0.6128230616302187}, "version": 59, "at": 1712085372.176146}
