{"obj": {"type": "AssignString", "path": ["sys", "name"], "value": "3-Foldtest_size_0.2_RF"}, "version": 1, "at": 1712176964.930151}
{"obj": {"type": "AssignString", "path": ["sys", "description"], "value": ""}, "version": 2, "at": 1712176964.930464}
{"obj": {"type": "AssignString", "path": ["monitoring", "ec81925f", "hostname"], "value": "156.4.20.172.s.wireless.uri.edu"}, "version": 3, "at": 1712176964.9307609}
{"obj": {"type": "AssignString", "path": ["sys", "hostname"], "value": "156.4.20.172.s.wireless.uri.edu"}, "version": 4, "at": 1712176964.930909}
{"obj": {"type": "AssignString", "path": ["monitoring", "ec81925f", "pid"], "value": "2918"}, "version": 5, "at": 1712176964.931011}
{"obj": {"type": "AssignString", "path": ["monitoring", "ec81925f", "tid"], "value": "140704319387200"}, "version": 6, "at": 1712176964.931123}
{"obj": {"type": "AssignBool", "path": ["sys", "failed"], "value": false}, "version": 7, "at": 1712176964.931198}
{"obj": {"type": "AssignString", "path": ["pid"], "value": "P18"}, "version": 8, "at": 1712176964.938414}
{"obj": {"type": "UploadFile", "path": ["data", "feature_table"], "ext": "html", "file_path": null, "tmp_file_name": "data_feature_table-1712176966.08126-2024-04-03_16.42.46.081260.html", "clean_after_upload": false}, "version": 9, "at": 1712176966.084317}
{"obj": {"type": "AssignString", "path": ["original"], "value": "type\n0    1824\n1      37\nName: count, dtype: int64"}, "version": 10, "at": 1712176966.085304}
{"obj": {"type": "AssignString", "path": ["train_samples_undersampled"], "value": "type\n0    37\n1    37\nName: count, dtype: int64"}, "version": 11, "at": 1712176966.086176}
{"obj": {"type": "AssignString", "path": ["test_samples_undersampled"], "value": "type\n1    8\n0    7\nName: count, dtype: int64"}, "version": 12, "at": 1712176966.08696}
{"obj": {"type": "AssignString", "path": ["tag"], "value": "Clus"}, "version": 13, "at": 1712176966.087094}
{"obj": {"type": "UploadFile", "path": ["data", "test_data"], "ext": "html", "file_path": null, "tmp_file_name": "data_test_data-1712176974.157365-2024-04-03_16.42.54.157365.html", "clean_after_upload": false}, "version": 14, "at": 1712176974.1588569}
{"obj": {"type": "AssignString", "path": ["cls_summary", "all_params", "memory"], "value": "None"}, "version": 15, "at": 1712176975.254206}
{"obj": {"type": "AssignString", "path": ["cls_summary", "all_params", "steps"], "value": "[('rf', RandomForestClassifier(n_estimators=300, random_state=8))]"}, "version": 16, "at": 1712176975.2545989}
{"obj": {"type": "AssignBool", "path": ["cls_summary", "all_params", "verbose"], "value": false}, "version": 17, "at": 1712176975.2547}
{"obj": {"type": "AssignString", "path": ["cls_summary", "all_params", "rf"], "value": "RandomForestClassifier(n_estimators=300, random_state=8)"}, "version": 18, "at": 1712176975.254965}
{"obj": {"type": "AssignBool", "path": ["cls_summary", "all_params", "rf__bootstrap"], "value": true}, "version": 19, "at": 1712176975.2550342}
{"obj": {"type": "AssignFloat", "path": ["cls_summary", "all_params", "rf__ccp_alpha"], "value": 0.0}, "version": 20, "at": 1712176975.2550988}
{"obj": {"type": "AssignString", "path": ["cls_summary", "all_params", "rf__class_weight"], "value": "None"}, "version": 21, "at": 1712176975.255167}
{"obj": {"type": "AssignString", "path": ["cls_summary", "all_params", "rf__criterion"], "value": "gini"}, "version": 22, "at": 1712176975.25523}
{"obj": {"type": "AssignString", "path": ["cls_summary", "all_params", "rf__max_depth"], "value": "None"}, "version": 23, "at": 1712176975.255293}
{"obj": {"type": "AssignString", "path": ["cls_summary", "all_params", "rf__max_features"], "value": "sqrt"}, "version": 24, "at": 1712176975.25535}
{"obj": {"type": "AssignString", "path": ["cls_summary", "all_params", "rf__max_leaf_nodes"], "value": "None"}, "version": 25, "at": 1712176975.255408}
{"obj": {"type": "AssignString", "path": ["cls_summary", "all_params", "rf__max_samples"], "value": "None"}, "version": 26, "at": 1712176975.255467}
{"obj": {"type": "AssignFloat", "path": ["cls_summary", "all_params", "rf__min_impurity_decrease"], "value": 0.0}, "version": 27, "at": 1712176975.255523}
{"obj": {"type": "AssignInt", "path": ["cls_summary", "all_params", "rf__min_samples_leaf"], "value": 1}, "version": 28, "at": 1712176975.2555819}
{"obj": {"type": "AssignInt", "path": ["cls_summary", "all_params", "rf__min_samples_split"], "value": 2}, "version": 29, "at": 1712176975.255635}
{"obj": {"type": "AssignFloat", "path": ["cls_summary", "all_params", "rf__min_weight_fraction_leaf"], "value": 0.0}, "version": 30, "at": 1712176975.255688}
{"obj": {"type": "AssignInt", "path": ["cls_summary", "all_params", "rf__n_estimators"], "value": 300}, "version": 31, "at": 1712176975.25574}
{"obj": {"type": "AssignString", "path": ["cls_summary", "all_params", "rf__n_jobs"], "value": "None"}, "version": 32, "at": 1712176975.255799}
{"obj": {"type": "AssignBool", "path": ["cls_summary", "all_params", "rf__oob_score"], "value": false}, "version": 33, "at": 1712176975.255853}
{"obj": {"type": "AssignInt", "path": ["cls_summary", "all_params", "rf__random_state"], "value": 8}, "version": 34, "at": 1712176975.255906}
{"obj": {"type": "AssignInt", "path": ["cls_summary", "all_params", "rf__verbose"], "value": 0}, "version": 35, "at": 1712176975.255957}
{"obj": {"type": "AssignBool", "path": ["cls_summary", "all_params", "rf__warm_start"], "value": false}, "version": 36, "at": 1712176975.25601}
{"obj": {"type": "UploadFile", "path": ["cls_summary", "pickled_model"], "ext": "pkl", "file_path": null, "tmp_file_name": "cls_summary_pickled_model-1712176975.256072-2024-04-03_16.42.55.256072.pkl", "clean_after_upload": false}, "version": 37, "at": 1712176975.2565591}
{"obj": {"type": "UploadFile", "path": ["cls_summary", "test", "preds"], "ext": "html", "file_path": null, "tmp_file_name": "cls_summary_test_preds-1712176975.256691-2024-04-03_16.42.55.256691.html", "clean_after_upload": false}, "version": 38, "at": 1712176975.256929}
{"obj": {"type": "UploadFile", "path": ["cls_summary", "test", "preds_proba"], "ext": "html", "file_path": null, "tmp_file_name": "cls_summary_test_preds_proba-1712176975.257005-2024-04-03_16.42.55.257005.html", "clean_after_upload": false}, "version": 39, "at": 1712176975.257271}
{"obj": {"type": "AssignFloat", "path": ["cls_summary", "test", "scores", "class_0", "precision"], "value": 0.8571428571428571}, "version": 40, "at": 1712176975.257452}
{"obj": {"type": "AssignFloat", "path": ["cls_summary", "test", "scores", "class_0", "recall"], "value": 0.8571428571428571}, "version": 41, "at": 1712176975.257523}
{"obj": {"type": "AssignFloat", "path": ["cls_summary", "test", "scores", "class_0", "fbeta_score"], "value": 0.8571428571428571}, "version": 42, "at": 1712176975.2575848}
{"obj": {"type": "AssignFloat", "path": ["cls_summary", "test", "scores", "class_0", "support"], "value": 7.0}, "version": 43, "at": 1712176975.257796}
{"obj": {"type": "AssignFloat", "path": ["cls_summary", "test", "scores", "class_1", "precision"], "value": 0.875}, "version": 44, "at": 1712176975.2580092}
{"obj": {"type": "AssignFloat", "path": ["cls_summary", "test", "scores", "class_1", "recall"], "value": 0.875}, "version": 45, "at": 1712176975.258092}
{"obj": {"type": "AssignFloat", "path": ["cls_summary", "test", "scores", "class_1", "fbeta_score"], "value": 0.875}, "version": 46, "at": 1712176975.258209}
{"obj": {"type": "AssignFloat", "path": ["cls_summary", "test", "scores", "class_1", "support"], "value": 8.0}, "version": 47, "at": 1712176975.258322}
{"obj": {"type": "UploadFile", "path": ["cls_summary", "diagnostics_charts", "classification_report"], "ext": "png", "file_path": null, "tmp_file_name": "cls_summary_diagnostics_charts_classification_report-1712176975.258428-2024-04-03_16.42.55.258428.png", "clean_after_upload": false}, "version": 48, "at": 1712176975.25891}
{"obj": {"type": "UploadFile", "path": ["cls_summary", "diagnostics_charts", "confusion_matrix"], "ext": "png", "file_path": null, "tmp_file_name": "cls_summary_diagnostics_charts_confusion_matrix-1712176975.25907-2024-04-03_16.42.55.259070.png", "clean_after_upload": false}, "version": 49, "at": 1712176975.2594209}
{"obj": {"type": "UploadFile", "path": ["cls_summary", "diagnostics_charts", "ROC_AUC"], "ext": "png", "file_path": null, "tmp_file_name": "cls_summary_diagnostics_charts_ROC_AUC-1712176975.259547-2024-04-03_16.42.55.259547.png", "clean_after_upload": false}, "version": 50, "at": 1712176975.260021}
{"obj": {"type": "UploadFile", "path": ["cls_summary", "diagnostics_charts", "precision_recall"], "ext": "png", "file_path": null, "tmp_file_name": "cls_summary_diagnostics_charts_precision_recall-1712176975.2604-2024-04-03_16.42.55.260400.png", "clean_after_upload": false}, "version": 51, "at": 1712176975.261075}
{"obj": {"type": "UploadFile", "path": ["cls_summary", "diagnostics_charts", "class_prediction_error"], "ext": "png", "file_path": null, "tmp_file_name": "cls_summary_diagnostics_charts_class_prediction_error-1712176975.261319-2024-04-03_16.42.55.261319.png", "clean_after_upload": false}, "version": 52, "at": 1712176975.261698}
{"obj": {"type": "AssignString", "path": ["cls_summary", "integration", "about", "neptune-sklearn"], "value": "2.1.0"}, "version": 53, "at": 1712176975.261843}
{"obj": {"type": "AssignInt", "path": ["params", "rf__min_samples_split"], "value": 2}, "version": 54, "at": 1712176975.262005}
{"obj": {"type": "AssignInt", "path": ["params", "rf__n_estimators"], "value": 300}, "version": 55, "at": 1712176975.262066}
{"obj": {"type": "UploadFile", "path": ["data", "feature_importance"], "ext": "html", "file_path": null, "tmp_file_name": "data_feature_importance-1712177003.690084-2024-04-03_16.43.23.690084.html", "clean_after_upload": false}, "version": 56, "at": 1712177003.690511}
{"obj": {"type": "UploadFile", "path": ["feature_importance"], "ext": "png", "file_path": "/Users/shehjarsadhu/Desktop/UniversityOfRhodeIsland/Graduate/WBL/Project_Q2Behave/GitQ2Bheave/q2behave_data_analysis/jupyternotebooks/ML_Toolbox/feature_importance.png", "tmp_file_name": null, "clean_after_upload": false}, "version": 57, "at": 1712177003.792761}
{"obj": {"type": "UploadFile", "path": ["roc_curve"], "ext": "png", "file_path": "/Users/shehjarsadhu/Desktop/UniversityOfRhodeIsland/Graduate/WBL/Project_Q2Behave/GitQ2Bheave/q2behave_data_analysis/jupyternotebooks/ML_Toolbox/roc_curve_class.png", "tmp_file_name": null, "clean_after_upload": false}, "version": 58, "at": 1712177003.9502988}
{"obj": {"type": "AssignFloat", "path": ["precision"], "value": 0.8666666666666667}, "version": 59, "at": 1712177004.222244}
{"obj": {"type": "AssignFloat", "path": ["recall"], "value": 0.8666666666666667}, "version": 60, "at": 1712177004.2226062}
{"obj": {"type": "AssignFloat", "path": ["f1_score"], "value": 0.8666666666666667}, "version": 61, "at": 1712177004.222694}
{"obj": {"type": "AssignFloat", "path": ["mean_train_accuracy"], "value": 1.0}, "version": 62, "at": 1712177004.222844}
{"obj": {"type": "AssignFloat", "path": ["mean_test_accuracy"], "value": 0.8911111111111111}, "version": 63, "at": 1712177004.222951}
{"obj": {"type": "AssignFloat", "path": ["mean_sensitivity"], "value": 0.8675213675213675}, "version": 64, "at": 1712177004.2230358}
