{"obj": {"type": "AssignString", "path": ["sys", "name"], "value": "3-Foldtest_size_0.2_RF"}, "version": 1, "at": 1710911099.6518831}
{"obj": {"type": "AssignString", "path": ["sys", "description"], "value": ""}, "version": 2, "at": 1710911099.652096}
{"obj": {"type": "AssignString", "path": ["monitoring", "1e0c4588", "hostname"], "value": "156.4.20.172.s.wireless.uri.edu"}, "version": 3, "at": 1710911099.6521852}
{"obj": {"type": "AssignString", "path": ["sys", "hostname"], "value": "156.4.20.172.s.wireless.uri.edu"}, "version": 4, "at": 1710911099.652252}
{"obj": {"type": "AssignString", "path": ["monitoring", "1e0c4588", "pid"], "value": "94253"}, "version": 5, "at": 1710911099.6523159}
{"obj": {"type": "AssignString", "path": ["monitoring", "1e0c4588", "tid"], "value": "140704622650944"}, "version": 6, "at": 1710911099.652375}
{"obj": {"type": "AssignBool", "path": ["sys", "failed"], "value": false}, "version": 7, "at": 1710911099.65242}
{"obj": {"type": "UploadFile", "path": ["data", "feature_table"], "ext": "html", "file_path": null, "tmp_file_name": "data_feature_table-1710911132.993587-2024-03-20_01.05.32.993587.html", "clean_after_upload": false}, "version": 8, "at": 1710911133.018374}
{"obj": {"type": "UploadFile", "path": ["data", "test_data"], "ext": "html", "file_path": null, "tmp_file_name": "data_test_data-1710911910.759533-2024-03-20_01.18.30.759533.html", "clean_after_upload": false}, "version": 9, "at": 1710911910.7630332}
{"obj": {"type": "AssignString", "path": ["cls_summary", "all_params", "memory"], "value": "None"}, "version": 10, "at": 1710911914.382442}
{"obj": {"type": "AssignString", "path": ["cls_summary", "all_params", "steps"], "value": "[('rf', RandomForestClassifier(max_depth=30, min_samples_split=5, n_estimators=300,\n                       random_state=8))]"}, "version": 11, "at": 1710911914.3831732}
{"obj": {"type": "AssignBool", "path": ["cls_summary", "all_params", "verbose"], "value": false}, "version": 12, "at": 1710911914.383484}
{"obj": {"type": "AssignString", "path": ["cls_summary", "all_params", "rf"], "value": "RandomForestClassifier(max_depth=30, min_samples_split=5, n_estimators=300,\n                       random_state=8)"}, "version": 13, "at": 1710911914.3839831}
{"obj": {"type": "AssignBool", "path": ["cls_summary", "all_params", "rf__bootstrap"], "value": true}, "version": 14, "at": 1710911914.384078}
{"obj": {"type": "AssignFloat", "path": ["cls_summary", "all_params", "rf__ccp_alpha"], "value": 0.0}, "version": 15, "at": 1710911914.384156}
{"obj": {"type": "AssignString", "path": ["cls_summary", "all_params", "rf__class_weight"], "value": "None"}, "version": 16, "at": 1710911914.384233}
{"obj": {"type": "AssignString", "path": ["cls_summary", "all_params", "rf__criterion"], "value": "gini"}, "version": 17, "at": 1710911914.384353}
{"obj": {"type": "AssignInt", "path": ["cls_summary", "all_params", "rf__max_depth"], "value": 30}, "version": 18, "at": 1710911914.384428}
{"obj": {"type": "AssignString", "path": ["cls_summary", "all_params", "rf__max_features"], "value": "sqrt"}, "version": 19, "at": 1710911914.384491}
{"obj": {"type": "AssignString", "path": ["cls_summary", "all_params", "rf__max_leaf_nodes"], "value": "None"}, "version": 20, "at": 1710911914.384557}
{"obj": {"type": "AssignString", "path": ["cls_summary", "all_params", "rf__max_samples"], "value": "None"}, "version": 21, "at": 1710911914.38462}
{"obj": {"type": "AssignFloat", "path": ["cls_summary", "all_params", "rf__min_impurity_decrease"], "value": 0.0}, "version": 22, "at": 1710911914.384682}
{"obj": {"type": "AssignInt", "path": ["cls_summary", "all_params", "rf__min_samples_leaf"], "value": 1}, "version": 23, "at": 1710911914.38474}
{"obj": {"type": "AssignInt", "path": ["cls_summary", "all_params", "rf__min_samples_split"], "value": 5}, "version": 24, "at": 1710911914.384795}
{"obj": {"type": "AssignFloat", "path": ["cls_summary", "all_params", "rf__min_weight_fraction_leaf"], "value": 0.0}, "version": 25, "at": 1710911914.38485}
{"obj": {"type": "AssignInt", "path": ["cls_summary", "all_params", "rf__n_estimators"], "value": 300}, "version": 26, "at": 1710911914.3849092}
{"obj": {"type": "AssignString", "path": ["cls_summary", "all_params", "rf__n_jobs"], "value": "None"}, "version": 27, "at": 1710911914.385055}
{"obj": {"type": "AssignBool", "path": ["cls_summary", "all_params", "rf__oob_score"], "value": false}, "version": 28, "at": 1710911914.3851478}
{"obj": {"type": "AssignInt", "path": ["cls_summary", "all_params", "rf__random_state"], "value": 8}, "version": 29, "at": 1710911914.385213}
{"obj": {"type": "AssignInt", "path": ["cls_summary", "all_params", "rf__verbose"], "value": 0}, "version": 30, "at": 1710911914.385272}
{"obj": {"type": "AssignBool", "path": ["cls_summary", "all_params", "rf__warm_start"], "value": false}, "version": 31, "at": 1710911914.385331}
{"obj": {"type": "UploadFile", "path": ["cls_summary", "pickled_model"], "ext": "pkl", "file_path": null, "tmp_file_name": "cls_summary_pickled_model-1710911914.385405-2024-03-20_01.18.34.385405.pkl", "clean_after_upload": false}, "version": 32, "at": 1710911914.6012979}
{"obj": {"type": "UploadFile", "path": ["cls_summary", "test", "preds"], "ext": "html", "file_path": null, "tmp_file_name": "cls_summary_test_preds-1710911914.601561-2024-03-20_01.18.34.601561.html", "clean_after_upload": false}, "version": 33, "at": 1710911914.601992}
{"obj": {"type": "UploadFile", "path": ["cls_summary", "test", "preds_proba"], "ext": "html", "file_path": null, "tmp_file_name": "cls_summary_test_preds_proba-1710911914.602163-2024-03-20_01.18.34.602163.html", "clean_after_upload": false}, "version": 34, "at": 1710911914.6024792}
{"obj": {"type": "AssignFloat", "path": ["cls_summary", "test", "scores", "class_0", "precision"], "value": 0.5381002087682673}, "version": 35, "at": 1710911914.602755}
{"obj": {"type": "AssignFloat", "path": ["cls_summary", "test", "scores", "class_0", "recall"], "value": 0.6621708413615928}, "version": 36, "at": 1710911914.602856}
{"obj": {"type": "AssignFloat", "path": ["cls_summary", "test", "scores", "class_0", "fbeta_score"], "value": 0.5937230060466454}, "version": 37, "at": 1710911914.602985}
{"obj": {"type": "AssignFloat", "path": ["cls_summary", "test", "scores", "class_0", "support"], "value": 1557.0}, "version": 38, "at": 1710911914.603083}
{"obj": {"type": "AssignFloat", "path": ["cls_summary", "test", "scores", "class_1", "precision"], "value": 0.5613010842368641}, "version": 39, "at": 1710911914.603211}
{"obj": {"type": "AssignFloat", "path": ["cls_summary", "test", "scores", "class_1", "recall"], "value": 0.4319640564826701}, "version": 40, "at": 1710911914.603273}
{"obj": {"type": "AssignFloat", "path": ["cls_summary", "test", "scores", "class_1", "fbeta_score"], "value": 0.4882118244468625}, "version": 41, "at": 1710911914.6033301}
{"obj": {"type": "AssignFloat", "path": ["cls_summary", "test", "scores", "class_1", "support"], "value": 1558.0}, "version": 42, "at": 1710911914.603389}
{"obj": {"type": "UploadFile", "path": ["cls_summary", "diagnostics_charts", "classification_report"], "ext": "png", "file_path": null, "tmp_file_name": "cls_summary_diagnostics_charts_classification_report-1710911914.603525-2024-03-20_01.18.34.603525.png", "clean_after_upload": false}, "version": 43, "at": 1710911914.603897}
{"obj": {"type": "UploadFile", "path": ["cls_summary", "diagnostics_charts", "confusion_matrix"], "ext": "png", "file_path": null, "tmp_file_name": "cls_summary_diagnostics_charts_confusion_matrix-1710911914.604023-2024-03-20_01.18.34.604023.png", "clean_after_upload": false}, "version": 44, "at": 1710911914.604276}
{"obj": {"type": "UploadFile", "path": ["cls_summary", "diagnostics_charts", "ROC_AUC"], "ext": "png", "file_path": null, "tmp_file_name": "cls_summary_diagnostics_charts_ROC_AUC-1710911914.604384-2024-03-20_01.18.34.604384.png", "clean_after_upload": false}, "version": 45, "at": 1710911914.604623}
{"obj": {"type": "UploadFile", "path": ["cls_summary", "diagnostics_charts", "precision_recall"], "ext": "png", "file_path": null, "tmp_file_name": "cls_summary_diagnostics_charts_precision_recall-1710911914.604808-2024-03-20_01.18.34.604808.png", "clean_after_upload": false}, "version": 46, "at": 1710911914.60565}
{"obj": {"type": "UploadFile", "path": ["cls_summary", "diagnostics_charts", "class_prediction_error"], "ext": "png", "file_path": null, "tmp_file_name": "cls_summary_diagnostics_charts_class_prediction_error-1710911914.6058-2024-03-20_01.18.34.605800.png", "clean_after_upload": false}, "version": 47, "at": 1710911914.606115}
{"obj": {"type": "AssignString", "path": ["cls_summary", "integration", "about", "neptune-sklearn"], "value": "2.1.0"}, "version": 48, "at": 1710911914.606271}
{"obj": {"type": "AssignInt", "path": ["params", "rf__max_depth"], "value": 30}, "version": 49, "at": 1710911914.619167}
{"obj": {"type": "AssignInt", "path": ["params", "rf__min_samples_split"], "value": 5}, "version": 50, "at": 1710911914.619318}
{"obj": {"type": "AssignInt", "path": ["params", "rf__n_estimators"], "value": 300}, "version": 51, "at": 1710911914.619385}
{"obj": {"type": "UploadFile", "path": ["roc_curve"], "ext": "png", "file_path": "/Users/shehjarsadhu/Desktop/UniversityOfRhodeIsland/Graduate/WBL/Project_Q2Behave/GitQ2Bheave/q2behave_data_analysis/jupyternotebooks/roc_curve_class.png", "tmp_file_name": null, "clean_after_upload": false}, "version": 52, "at": 1710912064.1541529}
{"obj": {"type": "AssignFloat", "path": ["precision"], "value": 0.5497043705596232}, "version": 53, "at": 1710912064.28877}
{"obj": {"type": "AssignFloat", "path": ["recall"], "value": 0.5470304975922954}, "version": 54, "at": 1710912064.289249}
{"obj": {"type": "AssignFloat", "path": ["f1_score"], "value": 0.5409504792625486}, "version": 55, "at": 1710912064.28937}
{"obj": {"type": "AssignFloat", "path": ["mean_train_accuracy"], "value": 0.9920617931428164}, "version": 56, "at": 1710912064.289464}
{"obj": {"type": "AssignFloat", "path": ["mean_test_accuracy"], "value": 0.5735131470976489}, "version": 57, "at": 1710912064.289551}
{"obj": {"type": "AssignFloat", "path": ["mean_sensitivity"], "value": 0.591836521786521}, "version": 58, "at": 1710912064.289634}
