{"obj": {"type": "AssignString", "path": ["sys", "name"], "value": "5-Foldtest_size_0.2_DT"}, "version": 1, "at": 1712716869.6592808}
{"obj": {"type": "AssignString", "path": ["sys", "description"], "value": ""}, "version": 2, "at": 1712716869.65949}
{"obj": {"type": "AssignString", "path": ["monitoring", "4f3246f3", "hostname"], "value": "156.4.20.172.s.wireless.uri.edu"}, "version": 3, "at": 1712716869.65958}
{"obj": {"type": "AssignString", "path": ["sys", "hostname"], "value": "156.4.20.172.s.wireless.uri.edu"}, "version": 4, "at": 1712716869.659646}
{"obj": {"type": "AssignString", "path": ["monitoring", "4f3246f3", "pid"], "value": "67389"}, "version": 5, "at": 1712716869.659708}
{"obj": {"type": "AssignString", "path": ["monitoring", "4f3246f3", "tid"], "value": "140704351295040"}, "version": 6, "at": 1712716869.659769}
{"obj": {"type": "AssignBool", "path": ["sys", "failed"], "value": false}, "version": 7, "at": 1712716869.659818}
{"obj": {"type": "AssignString", "path": ["pid"], "value": "none"}, "version": 8, "at": 1712716869.6673641}
{"obj": {"type": "UploadFile", "path": ["data", "feature_table"], "ext": "html", "file_path": null, "tmp_file_name": "data_feature_table-1712716892.025568-2024-04-09_22.41.32.025568.html", "clean_after_upload": false}, "version": 9, "at": 1712716892.061467}
{"obj": {"type": "AssignString", "path": ["original"], "value": "type\n0    29981\n1     5543\nName: count, dtype: int64"}, "version": 10, "at": 1712716892.066331}
{"obj": {"type": "AssignString", "path": ["train_samples_undersampled"], "value": "type\n0    5543\n1    5543\nName: count, dtype: int64"}, "version": 11, "at": 1712716892.0672169}
{"obj": {"type": "AssignString", "path": ["test_samples_undersampled"], "value": "type\n0    1109\n1    1109\nName: count, dtype: int64"}, "version": 12, "at": 1712716892.067703}
{"obj": {"type": "AssignString", "path": ["tag"], "value": "Rus"}, "version": 13, "at": 1712716892.067782}
{"obj": {"type": "UploadFile", "path": ["data", "test_data"], "ext": "html", "file_path": null, "tmp_file_name": "data_test_data-1712716901.901053-2024-04-09_22.41.41.901053.html", "clean_after_upload": false}, "version": 14, "at": 1712716901.903681}
{"obj": {"type": "AssignString", "path": ["cls_summary", "all_params", "memory"], "value": "None"}, "version": 15, "at": 1712716902.6891189}
{"obj": {"type": "AssignString", "path": ["cls_summary", "all_params", "steps"], "value": "[('dt', DecisionTreeClassifier(max_depth=10, min_samples_split=10, random_state=8))]"}, "version": 16, "at": 1712716902.6897259}
{"obj": {"type": "AssignBool", "path": ["cls_summary", "all_params", "verbose"], "value": false}, "version": 17, "at": 1712716902.6898901}
{"obj": {"type": "AssignString", "path": ["cls_summary", "all_params", "dt"], "value": "DecisionTreeClassifier(max_depth=10, min_samples_split=10, random_state=8)"}, "version": 18, "at": 1712716902.69044}
{"obj": {"type": "AssignFloat", "path": ["cls_summary", "all_params", "dt__ccp_alpha"], "value": 0.0}, "version": 19, "at": 1712716902.6905868}
{"obj": {"type": "AssignString", "path": ["cls_summary", "all_params", "dt__class_weight"], "value": "None"}, "version": 20, "at": 1712716902.69067}
{"obj": {"type": "AssignString", "path": ["cls_summary", "all_params", "dt__criterion"], "value": "gini"}, "version": 21, "at": 1712716902.690735}
{"obj": {"type": "AssignInt", "path": ["cls_summary", "all_params", "dt__max_depth"], "value": 10}, "version": 22, "at": 1712716902.6908002}
{"obj": {"type": "AssignString", "path": ["cls_summary", "all_params", "dt__max_features"], "value": "None"}, "version": 23, "at": 1712716902.690867}
{"obj": {"type": "AssignString", "path": ["cls_summary", "all_params", "dt__max_leaf_nodes"], "value": "None"}, "version": 24, "at": 1712716902.6909308}
{"obj": {"type": "AssignFloat", "path": ["cls_summary", "all_params", "dt__min_impurity_decrease"], "value": 0.0}, "version": 25, "at": 1712716902.690989}
{"obj": {"type": "AssignInt", "path": ["cls_summary", "all_params", "dt__min_samples_leaf"], "value": 1}, "version": 26, "at": 1712716902.691058}
{"obj": {"type": "AssignInt", "path": ["cls_summary", "all_params", "dt__min_samples_split"], "value": 10}, "version": 27, "at": 1712716902.691116}
{"obj": {"type": "AssignFloat", "path": ["cls_summary", "all_params", "dt__min_weight_fraction_leaf"], "value": 0.0}, "version": 28, "at": 1712716902.6911721}
{"obj": {"type": "AssignInt", "path": ["cls_summary", "all_params", "dt__random_state"], "value": 8}, "version": 29, "at": 1712716902.691225}
{"obj": {"type": "AssignString", "path": ["cls_summary", "all_params", "dt__splitter"], "value": "best"}, "version": 30, "at": 1712716902.6912808}
{"obj": {"type": "UploadFile", "path": ["cls_summary", "pickled_model"], "ext": "pkl", "file_path": null, "tmp_file_name": "cls_summary_pickled_model-1712716902.691345-2024-04-09_22.41.42.691345.pkl", "clean_after_upload": false}, "version": 31, "at": 1712716902.691745}
{"obj": {"type": "UploadFile", "path": ["cls_summary", "test", "preds"], "ext": "html", "file_path": null, "tmp_file_name": "cls_summary_test_preds-1712716902.691909-2024-04-09_22.41.42.691909.html", "clean_after_upload": false}, "version": 32, "at": 1712716902.6921759}
{"obj": {"type": "UploadFile", "path": ["cls_summary", "test", "preds_proba"], "ext": "html", "file_path": null, "tmp_file_name": "cls_summary_test_preds_proba-1712716902.692284-2024-04-09_22.41.42.692284.html", "clean_after_upload": false}, "version": 33, "at": 1712716902.692514}
{"obj": {"type": "AssignFloat", "path": ["cls_summary", "test", "scores", "class_0", "precision"], "value": 0.5855949895615866}, "version": 34, "at": 1712716902.6927161}
{"obj": {"type": "AssignFloat", "path": ["cls_summary", "test", "scores", "class_0", "recall"], "value": 0.5058611361587015}, "version": 35, "at": 1712716902.6927822}
{"obj": {"type": "AssignFloat", "path": ["cls_summary", "test", "scores", "class_0", "fbeta_score"], "value": 0.5428156748911466}, "version": 36, "at": 1712716902.692839}
{"obj": {"type": "AssignFloat", "path": ["cls_summary", "test", "scores", "class_0", "support"], "value": 1109.0}, "version": 37, "at": 1712716902.692899}
{"obj": {"type": "AssignFloat", "path": ["cls_summary", "test", "scores", "class_1", "precision"], "value": 0.5650793650793651}, "version": 38, "at": 1712716902.692984}
{"obj": {"type": "AssignFloat", "path": ["cls_summary", "test", "scores", "class_1", "recall"], "value": 0.6420198376916141}, "version": 39, "at": 1712716902.6930408}
{"obj": {"type": "AssignFloat", "path": ["cls_summary", "test", "scores", "class_1", "fbeta_score"], "value": 0.6010975094976784}, "version": 40, "at": 1712716902.693096}
{"obj": {"type": "AssignFloat", "path": ["cls_summary", "test", "scores", "class_1", "support"], "value": 1109.0}, "version": 41, "at": 1712716902.693152}
{"obj": {"type": "UploadFile", "path": ["cls_summary", "diagnostics_charts", "classification_report"], "ext": "png", "file_path": null, "tmp_file_name": "cls_summary_diagnostics_charts_classification_report-1712716902.693234-2024-04-09_22.41.42.693234.png", "clean_after_upload": false}, "version": 42, "at": 1712716902.693434}
{"obj": {"type": "UploadFile", "path": ["cls_summary", "diagnostics_charts", "confusion_matrix"], "ext": "png", "file_path": null, "tmp_file_name": "cls_summary_diagnostics_charts_confusion_matrix-1712716902.693533-2024-04-09_22.41.42.693533.png", "clean_after_upload": false}, "version": 43, "at": 1712716902.693739}
{"obj": {"type": "UploadFile", "path": ["cls_summary", "diagnostics_charts", "ROC_AUC"], "ext": "png", "file_path": null, "tmp_file_name": "cls_summary_diagnostics_charts_ROC_AUC-1712716902.693837-2024-04-09_22.41.42.693837.png", "clean_after_upload": false}, "version": 44, "at": 1712716902.694195}
{"obj": {"type": "UploadFile", "path": ["cls_summary", "diagnostics_charts", "precision_recall"], "ext": "png", "file_path": null, "tmp_file_name": "cls_summary_diagnostics_charts_precision_recall-1712716902.694327-2024-04-09_22.41.42.694327.png", "clean_after_upload": false}, "version": 45, "at": 1712716902.694567}
{"obj": {"type": "UploadFile", "path": ["cls_summary", "diagnostics_charts", "class_prediction_error"], "ext": "png", "file_path": null, "tmp_file_name": "cls_summary_diagnostics_charts_class_prediction_error-1712716902.69468-2024-04-09_22.41.42.694680.png", "clean_after_upload": false}, "version": 46, "at": 1712716902.694904}
{"obj": {"type": "AssignString", "path": ["cls_summary", "integration", "about", "neptune-sklearn"], "value": "2.1.0"}, "version": 47, "at": 1712716902.6950688}
{"obj": {"type": "AssignInt", "path": ["params", "dt__max_depth"], "value": 10}, "version": 48, "at": 1712716902.695787}
{"obj": {"type": "AssignInt", "path": ["params", "dt__min_samples_split"], "value": 10}, "version": 49, "at": 1712716902.695915}
{"obj": {"type": "UploadFile", "path": ["data", "feature_importance"], "ext": "html", "file_path": null, "tmp_file_name": "data_feature_importance-1712716911.321139-2024-04-09_22.41.51.321139.html", "clean_after_upload": false}, "version": 50, "at": 1712716911.321522}
{"obj": {"type": "UploadFile", "path": ["feature_importance"], "ext": "png", "file_path": "/Users/shehjarsadhu/Desktop/UniversityOfRhodeIsland/Graduate/WBL/Project_Q2Behave/GitQ2Bheave/q2behave_data_analysis/jupyternotebooks/ML_Toolbox/feature_importance.png", "tmp_file_name": null, "clean_after_upload": false}, "version": 51, "at": 1712716911.399626}
{"obj": {"type": "UploadFile", "path": ["roc_curve"], "ext": "png", "file_path": "/Users/shehjarsadhu/Desktop/UniversityOfRhodeIsland/Graduate/WBL/Project_Q2Behave/GitQ2Bheave/q2behave_data_analysis/jupyternotebooks/ML_Toolbox/roc_curve_class.png", "tmp_file_name": null, "clean_after_upload": false}, "version": 52, "at": 1712716911.568248}
{"obj": {"type": "AssignFloat", "path": ["precision"], "value": 0.5753371773204758}, "version": 53, "at": 1712716911.827965}
{"obj": {"type": "AssignFloat", "path": ["recall"], "value": 0.5739404869251578}, "version": 54, "at": 1712716911.828148}
{"obj": {"type": "AssignFloat", "path": ["f1_score"], "value": 0.5719565921944124}, "version": 55, "at": 1712716911.828234}
{"obj": {"type": "AssignFloat", "path": ["mean_train_accuracy"], "value": 0.6734173523475284}, "version": 56, "at": 1712716911.828313}
{"obj": {"type": "AssignFloat", "path": ["mean_test_accuracy"], "value": 0.5573695027317804}, "version": 57, "at": 1712716911.8283882}
{"obj": {"type": "AssignFloat", "path": ["mean_sensitivity"], "value": 0.6086946968192634}, "version": 58, "at": 1712716911.828463}
