{"obj": {"type": "AssignString", "path": ["sys", "name"], "value": "3-Foldtest_size_0.2_RF"}, "version": 1, "at": 1712699662.822141}
{"obj": {"type": "AssignString", "path": ["sys", "description"], "value": ""}, "version": 2, "at": 1712699662.822575}
{"obj": {"type": "AssignString", "path": ["monitoring", "b1279506", "hostname"], "value": "156.4.20.172.s.wireless.uri.edu"}, "version": 3, "at": 1712699662.822866}
{"obj": {"type": "AssignString", "path": ["sys", "hostname"], "value": "156.4.20.172.s.wireless.uri.edu"}, "version": 4, "at": 1712699662.823082}
{"obj": {"type": "AssignString", "path": ["monitoring", "b1279506", "pid"], "value": "65268"}, "version": 5, "at": 1712699662.8232582}
{"obj": {"type": "AssignString", "path": ["monitoring", "b1279506", "tid"], "value": "140704351295040"}, "version": 6, "at": 1712699662.823405}
{"obj": {"type": "AssignBool", "path": ["sys", "failed"], "value": false}, "version": 7, "at": 1712699662.823504}
{"obj": {"type": "AssignString", "path": ["pid"], "value": "none"}, "version": 8, "at": 1712699662.83462}
{"obj": {"type": "UploadFile", "path": ["data", "feature_table"], "ext": "html", "file_path": null, "tmp_file_name": "data_feature_table-1712699676.184661-2024-04-09_17.54.36.184661.html", "clean_after_upload": false}, "version": 9, "at": 1712699676.1943521}
{"obj": {"type": "AssignString", "path": ["original"], "value": "type\n0    6964\n1     338\nName: count, dtype: int64"}, "version": 10, "at": 1712699676.197669}
{"obj": {"type": "AssignString", "path": ["train_samples_undersampled"], "value": "type\n0    338\n1    338\nName: count, dtype: int64"}, "version": 11, "at": 1712699676.199031}
{"obj": {"type": "AssignString", "path": ["test_samples_undersampled"], "value": "type\n0    68\n1    68\nName: count, dtype: int64"}, "version": 12, "at": 1712699676.20066}
{"obj": {"type": "AssignString", "path": ["tag"], "value": "Rus"}, "version": 13, "at": 1712699676.200861}
{"obj": {"type": "UploadFile", "path": ["data", "test_data"], "ext": "html", "file_path": null, "tmp_file_name": "data_test_data-1712699709.757944-2024-04-09_17.55.09.757944.html", "clean_after_upload": false}, "version": 14, "at": 1712699709.758917}
{"obj": {"type": "AssignString", "path": ["cls_summary", "all_params", "memory"], "value": "None"}, "version": 15, "at": 1712699712.4192011}
{"obj": {"type": "AssignString", "path": ["cls_summary", "all_params", "steps"], "value": "[('rf', RandomForestClassifier(max_depth=10, n_estimators=200, random_state=8))]"}, "version": 16, "at": 1712699712.420059}
{"obj": {"type": "AssignBool", "path": ["cls_summary", "all_params", "verbose"], "value": false}, "version": 17, "at": 1712699712.42033}
{"obj": {"type": "AssignString", "path": ["cls_summary", "all_params", "rf"], "value": "RandomForestClassifier(max_depth=10, n_estimators=200, random_state=8)"}, "version": 18, "at": 1712699712.421037}
{"obj": {"type": "AssignBool", "path": ["cls_summary", "all_params", "rf__bootstrap"], "value": true}, "version": 19, "at": 1712699712.4212968}
{"obj": {"type": "AssignFloat", "path": ["cls_summary", "all_params", "rf__ccp_alpha"], "value": 0.0}, "version": 20, "at": 1712699712.421498}
{"obj": {"type": "AssignString", "path": ["cls_summary", "all_params", "rf__class_weight"], "value": "None"}, "version": 21, "at": 1712699712.421704}
{"obj": {"type": "AssignString", "path": ["cls_summary", "all_params", "rf__criterion"], "value": "gini"}, "version": 22, "at": 1712699712.421866}
{"obj": {"type": "AssignInt", "path": ["cls_summary", "all_params", "rf__max_depth"], "value": 10}, "version": 23, "at": 1712699712.4220119}
{"obj": {"type": "AssignString", "path": ["cls_summary", "all_params", "rf__max_features"], "value": "sqrt"}, "version": 24, "at": 1712699712.422155}
{"obj": {"type": "AssignString", "path": ["cls_summary", "all_params", "rf__max_leaf_nodes"], "value": "None"}, "version": 25, "at": 1712699712.422306}
{"obj": {"type": "AssignString", "path": ["cls_summary", "all_params", "rf__max_samples"], "value": "None"}, "version": 26, "at": 1712699712.422452}
{"obj": {"type": "AssignFloat", "path": ["cls_summary", "all_params", "rf__min_impurity_decrease"], "value": 0.0}, "version": 27, "at": 1712699712.4225862}
{"obj": {"type": "AssignInt", "path": ["cls_summary", "all_params", "rf__min_samples_leaf"], "value": 1}, "version": 28, "at": 1712699712.42275}
{"obj": {"type": "AssignInt", "path": ["cls_summary", "all_params", "rf__min_samples_split"], "value": 2}, "version": 29, "at": 1712699712.42288}
{"obj": {"type": "AssignFloat", "path": ["cls_summary", "all_params", "rf__min_weight_fraction_leaf"], "value": 0.0}, "version": 30, "at": 1712699712.4230049}
{"obj": {"type": "AssignInt", "path": ["cls_summary", "all_params", "rf__n_estimators"], "value": 200}, "version": 31, "at": 1712699712.423121}
{"obj": {"type": "AssignString", "path": ["cls_summary", "all_params", "rf__n_jobs"], "value": "None"}, "version": 32, "at": 1712699712.423265}
{"obj": {"type": "AssignBool", "path": ["cls_summary", "all_params", "rf__oob_score"], "value": false}, "version": 33, "at": 1712699712.423397}
{"obj": {"type": "AssignInt", "path": ["cls_summary", "all_params", "rf__random_state"], "value": 8}, "version": 34, "at": 1712699712.423512}
{"obj": {"type": "AssignInt", "path": ["cls_summary", "all_params", "rf__verbose"], "value": 0}, "version": 35, "at": 1712699712.423622}
{"obj": {"type": "AssignBool", "path": ["cls_summary", "all_params", "rf__warm_start"], "value": false}, "version": 36, "at": 1712699712.4237351}
{"obj": {"type": "UploadFile", "path": ["cls_summary", "pickled_model"], "ext": "pkl", "file_path": null, "tmp_file_name": "cls_summary_pickled_model-1712699712.423864-2024-04-09_17.55.12.423864.pkl", "clean_after_upload": false}, "version": 37, "at": 1712699712.4261289}
{"obj": {"type": "UploadFile", "path": ["cls_summary", "test", "preds"], "ext": "html", "file_path": null, "tmp_file_name": "cls_summary_test_preds-1712699712.429072-2024-04-09_17.55.12.429072.html", "clean_after_upload": false}, "version": 38, "at": 1712699712.429767}
{"obj": {"type": "UploadFile", "path": ["cls_summary", "test", "preds_proba"], "ext": "html", "file_path": null, "tmp_file_name": "cls_summary_test_preds_proba-1712699712.430052-2024-04-09_17.55.12.430052.html", "clean_after_upload": false}, "version": 39, "at": 1712699712.4307368}
{"obj": {"type": "AssignFloat", "path": ["cls_summary", "test", "scores", "class_0", "precision"], "value": 0.6263736263736264}, "version": 40, "at": 1712699712.431208}
{"obj": {"type": "AssignFloat", "path": ["cls_summary", "test", "scores", "class_0", "recall"], "value": 0.8382352941176471}, "version": 41, "at": 1712699712.431463}
{"obj": {"type": "AssignFloat", "path": ["cls_summary", "test", "scores", "class_0", "fbeta_score"], "value": 0.7169811320754716}, "version": 42, "at": 1712699712.431657}
{"obj": {"type": "AssignFloat", "path": ["cls_summary", "test", "scores", "class_0", "support"], "value": 68.0}, "version": 43, "at": 1712699712.4318342}
{"obj": {"type": "AssignFloat", "path": ["cls_summary", "test", "scores", "class_1", "precision"], "value": 0.7555555555555555}, "version": 44, "at": 1712699712.4320772}
{"obj": {"type": "AssignFloat", "path": ["cls_summary", "test", "scores", "class_1", "recall"], "value": 0.5}, "version": 45, "at": 1712699712.4322639}
{"obj": {"type": "AssignFloat", "path": ["cls_summary", "test", "scores", "class_1", "fbeta_score"], "value": 0.6017699115044248}, "version": 46, "at": 1712699712.4326599}
{"obj": {"type": "AssignFloat", "path": ["cls_summary", "test", "scores", "class_1", "support"], "value": 68.0}, "version": 47, "at": 1712699712.43285}
{"obj": {"type": "UploadFile", "path": ["cls_summary", "diagnostics_charts", "classification_report"], "ext": "png", "file_path": null, "tmp_file_name": "cls_summary_diagnostics_charts_classification_report-1712699712.433095-2024-04-09_17.55.12.433095.png", "clean_after_upload": false}, "version": 48, "at": 1712699712.433792}
{"obj": {"type": "UploadFile", "path": ["cls_summary", "diagnostics_charts", "confusion_matrix"], "ext": "png", "file_path": null, "tmp_file_name": "cls_summary_diagnostics_charts_confusion_matrix-1712699712.434048-2024-04-09_17.55.12.434048.png", "clean_after_upload": false}, "version": 49, "at": 1712699712.434685}
{"obj": {"type": "UploadFile", "path": ["cls_summary", "diagnostics_charts", "ROC_AUC"], "ext": "png", "file_path": null, "tmp_file_name": "cls_summary_diagnostics_charts_ROC_AUC-1712699712.434938-2024-04-09_17.55.12.434938.png", "clean_after_upload": false}, "version": 50, "at": 1712699712.435616}
{"obj": {"type": "UploadFile", "path": ["cls_summary", "diagnostics_charts", "precision_recall"], "ext": "png", "file_path": null, "tmp_file_name": "cls_summary_diagnostics_charts_precision_recall-1712699712.435867-2024-04-09_17.55.12.435867.png", "clean_after_upload": false}, "version": 51, "at": 1712699712.4364722}
{"obj": {"type": "UploadFile", "path": ["cls_summary", "diagnostics_charts", "class_prediction_error"], "ext": "png", "file_path": null, "tmp_file_name": "cls_summary_diagnostics_charts_class_prediction_error-1712699712.436721-2024-04-09_17.55.12.436721.png", "clean_after_upload": false}, "version": 52, "at": 1712699712.437325}
{"obj": {"type": "AssignString", "path": ["cls_summary", "integration", "about", "neptune-sklearn"], "value": "2.1.0"}, "version": 53, "at": 1712699712.437662}
{"obj": {"type": "AssignInt", "path": ["params", "rf__max_depth"], "value": 10}, "version": 54, "at": 1712699712.440982}
{"obj": {"type": "AssignInt", "path": ["params", "rf__min_samples_split"], "value": 2}, "version": 55, "at": 1712699712.441216}
{"obj": {"type": "AssignInt", "path": ["params", "rf__n_estimators"], "value": 200}, "version": 56, "at": 1712699712.441378}
{"obj": {"type": "UploadFile", "path": ["data", "feature_importance"], "ext": "html", "file_path": null, "tmp_file_name": "data_feature_importance-1712699778.033106-2024-04-09_17.56.18.033106.html", "clean_after_upload": false}, "version": 57, "at": 1712699778.033886}
{"obj": {"type": "UploadFile", "path": ["feature_importance"], "ext": "png", "file_path": "/Users/shehjarsadhu/Desktop/UniversityOfRhodeIsland/Graduate/WBL/Project_Q2Behave/GitQ2Bheave/q2behave_data_analysis/jupyternotebooks/ML_Toolbox/feature_importance.png", "tmp_file_name": null, "clean_after_upload": false}, "version": 58, "at": 1712699778.2672}
{"obj": {"type": "UploadFile", "path": ["roc_curve"], "ext": "png", "file_path": "/Users/shehjarsadhu/Desktop/UniversityOfRhodeIsland/Graduate/WBL/Project_Q2Behave/GitQ2Bheave/q2behave_data_analysis/jupyternotebooks/ML_Toolbox/roc_curve_class.png", "tmp_file_name": null, "clean_after_upload": false}, "version": 59, "at": 1712699778.5762439}
{"obj": {"type": "AssignFloat", "path": ["precision"], "value": 0.690964590964591}, "version": 60, "at": 1712699779.2230668}
{"obj": {"type": "AssignFloat", "path": ["recall"], "value": 0.6691176470588235}, "version": 61, "at": 1712699779.22382}
{"obj": {"type": "AssignFloat", "path": ["f1_score"], "value": 0.6593755217899482}, "version": 62, "at": 1712699779.224112}
{"obj": {"type": "AssignFloat", "path": ["mean_train_accuracy"], "value": 0.9970403219183707}, "version": 63, "at": 1712699779.22435}
{"obj": {"type": "AssignFloat", "path": ["mean_test_accuracy"], "value": 0.6197836774827925}, "version": 64, "at": 1712699779.224548}
{"obj": {"type": "AssignFloat", "path": ["mean_sensitivity"], "value": 0.6065107458912768}, "version": 65, "at": 1712699779.224725}
