{"obj": {"type": "AssignString", "path": ["sys", "name"], "value": "3-Foldtest_size_0.2_RF"}, "version": 1, "at": 1711151773.588804}
{"obj": {"type": "AssignString", "path": ["sys", "description"], "value": ""}, "version": 2, "at": 1711151773.5892758}
{"obj": {"type": "AssignString", "path": ["monitoring", "f6564ad4", "hostname"], "value": "156.4.20.172.s.wireless.uri.edu"}, "version": 3, "at": 1711151773.589504}
{"obj": {"type": "AssignString", "path": ["sys", "hostname"], "value": "156.4.20.172.s.wireless.uri.edu"}, "version": 4, "at": 1711151773.5896819}
{"obj": {"type": "AssignString", "path": ["monitoring", "f6564ad4", "pid"], "value": "64807"}, "version": 5, "at": 1711151773.5898519}
{"obj": {"type": "AssignString", "path": ["monitoring", "f6564ad4", "tid"], "value": "140704582559296"}, "version": 6, "at": 1711151773.590014}
{"obj": {"type": "AssignBool", "path": ["sys", "failed"], "value": false}, "version": 7, "at": 1711151773.590132}
{"obj": {"type": "UploadFile", "path": ["data", "feature_table"], "ext": "html", "file_path": null, "tmp_file_name": "data_feature_table-1711151774.996734-2024-03-22_19.56.14.996734.html", "clean_after_upload": false}, "version": 8, "at": 1711151774.998174}
{"obj": {"type": "UploadFile", "path": ["data", "test_data"], "ext": "html", "file_path": null, "tmp_file_name": "data_test_data-1711151810.665763-2024-03-22_19.56.50.665763.html", "clean_after_upload": false}, "version": 9, "at": 1711151810.666301}
{"obj": {"type": "AssignString", "path": ["cls_summary", "all_params", "memory"], "value": "None"}, "version": 10, "at": 1711151811.768249}
{"obj": {"type": "AssignString", "path": ["cls_summary", "all_params", "steps"], "value": "[('rf', RandomForestClassifier(max_depth=30, min_samples_split=5, n_estimators=300,\n                       random_state=8))]"}, "version": 11, "at": 1711151811.7688398}
{"obj": {"type": "AssignBool", "path": ["cls_summary", "all_params", "verbose"], "value": false}, "version": 12, "at": 1711151811.7689312}
{"obj": {"type": "AssignString", "path": ["cls_summary", "all_params", "rf"], "value": "RandomForestClassifier(max_depth=30, min_samples_split=5, n_estimators=300,\n                       random_state=8)"}, "version": 13, "at": 1711151811.769311}
{"obj": {"type": "AssignBool", "path": ["cls_summary", "all_params", "rf__bootstrap"], "value": true}, "version": 14, "at": 1711151811.769381}
{"obj": {"type": "AssignFloat", "path": ["cls_summary", "all_params", "rf__ccp_alpha"], "value": 0.0}, "version": 15, "at": 1711151811.769449}
{"obj": {"type": "AssignString", "path": ["cls_summary", "all_params", "rf__class_weight"], "value": "None"}, "version": 16, "at": 1711151811.769516}
{"obj": {"type": "AssignString", "path": ["cls_summary", "all_params", "rf__criterion"], "value": "gini"}, "version": 17, "at": 1711151811.769577}
{"obj": {"type": "AssignInt", "path": ["cls_summary", "all_params", "rf__max_depth"], "value": 30}, "version": 18, "at": 1711151811.769637}
{"obj": {"type": "AssignString", "path": ["cls_summary", "all_params", "rf__max_features"], "value": "sqrt"}, "version": 19, "at": 1711151811.769696}
{"obj": {"type": "AssignString", "path": ["cls_summary", "all_params", "rf__max_leaf_nodes"], "value": "None"}, "version": 20, "at": 1711151811.7697558}
{"obj": {"type": "AssignString", "path": ["cls_summary", "all_params", "rf__max_samples"], "value": "None"}, "version": 21, "at": 1711151811.7698162}
{"obj": {"type": "AssignFloat", "path": ["cls_summary", "all_params", "rf__min_impurity_decrease"], "value": 0.0}, "version": 22, "at": 1711151811.769871}
{"obj": {"type": "AssignInt", "path": ["cls_summary", "all_params", "rf__min_samples_leaf"], "value": 1}, "version": 23, "at": 1711151811.7699258}
{"obj": {"type": "AssignInt", "path": ["cls_summary", "all_params", "rf__min_samples_split"], "value": 5}, "version": 24, "at": 1711151811.7699788}
{"obj": {"type": "AssignFloat", "path": ["cls_summary", "all_params", "rf__min_weight_fraction_leaf"], "value": 0.0}, "version": 25, "at": 1711151811.7700322}
{"obj": {"type": "AssignInt", "path": ["cls_summary", "all_params", "rf__n_estimators"], "value": 300}, "version": 26, "at": 1711151811.770087}
{"obj": {"type": "AssignString", "path": ["cls_summary", "all_params", "rf__n_jobs"], "value": "None"}, "version": 27, "at": 1711151811.770147}
{"obj": {"type": "AssignBool", "path": ["cls_summary", "all_params", "rf__oob_score"], "value": false}, "version": 28, "at": 1711151811.7702}
{"obj": {"type": "AssignInt", "path": ["cls_summary", "all_params", "rf__random_state"], "value": 8}, "version": 29, "at": 1711151811.770251}
{"obj": {"type": "AssignInt", "path": ["cls_summary", "all_params", "rf__verbose"], "value": 0}, "version": 30, "at": 1711151811.770303}
{"obj": {"type": "AssignBool", "path": ["cls_summary", "all_params", "rf__warm_start"], "value": false}, "version": 31, "at": 1711151811.770356}
{"obj": {"type": "UploadFile", "path": ["cls_summary", "pickled_model"], "ext": "pkl", "file_path": null, "tmp_file_name": "cls_summary_pickled_model-1711151811.770419-2024-03-22_19.56.51.770419.pkl", "clean_after_upload": false}, "version": 32, "at": 1711151811.788543}
{"obj": {"type": "UploadFile", "path": ["cls_summary", "test", "preds"], "ext": "html", "file_path": null, "tmp_file_name": "cls_summary_test_preds-1711151811.788816-2024-03-22_19.56.51.788816.html", "clean_after_upload": false}, "version": 33, "at": 1711151811.7891788}
{"obj": {"type": "UploadFile", "path": ["cls_summary", "test", "preds_proba"], "ext": "html", "file_path": null, "tmp_file_name": "cls_summary_test_preds_proba-1711151811.78927-2024-03-22_19.56.51.789270.html", "clean_after_upload": false}, "version": 34, "at": 1711151811.789543}
{"obj": {"type": "AssignFloat", "path": ["cls_summary", "test", "scores", "class_0", "precision"], "value": 0.577922077922078}, "version": 35, "at": 1711151811.789702}
{"obj": {"type": "AssignFloat", "path": ["cls_summary", "test", "scores", "class_0", "recall"], "value": 0.4427860696517413}, "version": 36, "at": 1711151811.7898052}
{"obj": {"type": "AssignFloat", "path": ["cls_summary", "test", "scores", "class_0", "fbeta_score"], "value": 0.5014084507042252}, "version": 37, "at": 1711151811.7898822}
{"obj": {"type": "AssignFloat", "path": ["cls_summary", "test", "scores", "class_0", "support"], "value": 201.0}, "version": 38, "at": 1711151811.789942}
{"obj": {"type": "AssignFloat", "path": ["cls_summary", "test", "scores", "class_1", "precision"], "value": 0.5483870967741935}, "version": 39, "at": 1711151811.790026}
{"obj": {"type": "AssignFloat", "path": ["cls_summary", "test", "scores", "class_1", "recall"], "value": 0.6766169154228856}, "version": 40, "at": 1711151811.790115}
{"obj": {"type": "AssignFloat", "path": ["cls_summary", "test", "scores", "class_1", "fbeta_score"], "value": 0.6057906458797327}, "version": 41, "at": 1711151811.790178}
{"obj": {"type": "AssignFloat", "path": ["cls_summary", "test", "scores", "class_1", "support"], "value": 201.0}, "version": 42, "at": 1711151811.790265}
{"obj": {"type": "UploadFile", "path": ["cls_summary", "diagnostics_charts", "classification_report"], "ext": "png", "file_path": null, "tmp_file_name": "cls_summary_diagnostics_charts_classification_report-1711151811.790401-2024-03-22_19.56.51.790401.png", "clean_after_upload": false}, "version": 43, "at": 1711151811.790721}
{"obj": {"type": "UploadFile", "path": ["cls_summary", "diagnostics_charts", "confusion_matrix"], "ext": "png", "file_path": null, "tmp_file_name": "cls_summary_diagnostics_charts_confusion_matrix-1711151811.790811-2024-03-22_19.56.51.790811.png", "clean_after_upload": false}, "version": 44, "at": 1711151811.791054}
{"obj": {"type": "UploadFile", "path": ["cls_summary", "diagnostics_charts", "ROC_AUC"], "ext": "png", "file_path": null, "tmp_file_name": "cls_summary_diagnostics_charts_ROC_AUC-1711151811.791127-2024-03-22_19.56.51.791127.png", "clean_after_upload": false}, "version": 45, "at": 1711151811.791394}
{"obj": {"type": "UploadFile", "path": ["cls_summary", "diagnostics_charts", "precision_recall"], "ext": "png", "file_path": null, "tmp_file_name": "cls_summary_diagnostics_charts_precision_recall-1711151811.791502-2024-03-22_19.56.51.791502.png", "clean_after_upload": false}, "version": 46, "at": 1711151811.791738}
{"obj": {"type": "UploadFile", "path": ["cls_summary", "diagnostics_charts", "class_prediction_error"], "ext": "png", "file_path": null, "tmp_file_name": "cls_summary_diagnostics_charts_class_prediction_error-1711151811.791815-2024-03-22_19.56.51.791815.png", "clean_after_upload": false}, "version": 47, "at": 1711151811.7920809}
{"obj": {"type": "AssignString", "path": ["cls_summary", "integration", "about", "neptune-sklearn"], "value": "2.1.0"}, "version": 48, "at": 1711151811.792219}
{"obj": {"type": "AssignInt", "path": ["params", "rf__max_depth"], "value": 30}, "version": 49, "at": 1711151811.794256}
{"obj": {"type": "AssignInt", "path": ["params", "rf__min_samples_split"], "value": 5}, "version": 50, "at": 1711151811.794364}
{"obj": {"type": "AssignInt", "path": ["params", "rf__n_estimators"], "value": 300}, "version": 51, "at": 1711151811.794424}
{"obj": {"type": "UploadFile", "path": ["roc_curve"], "ext": "png", "file_path": "/Users/shehjarsadhu/Desktop/UniversityOfRhodeIsland/Graduate/WBL/Project_Q2Behave/GitQ2Bheave/q2behave_data_analysis/jupyternotebooks/roc_curve_class.png", "tmp_file_name": null, "clean_after_upload": false}, "version": 52, "at": 1711151819.731981}
{"obj": {"type": "AssignFloat", "path": ["precision"], "value": 0.5631545873481357}, "version": 53, "at": 1711151819.844012}
{"obj": {"type": "AssignFloat", "path": ["recall"], "value": 0.5597014925373134}, "version": 54, "at": 1711151819.8444211}
{"obj": {"type": "AssignFloat", "path": ["f1_score"], "value": 0.553599548291979}, "version": 55, "at": 1711151819.844516}
{"obj": {"type": "AssignFloat", "path": ["mean_train_accuracy"], "value": 0.9954369467281414}, "version": 56, "at": 1711151819.844594}
{"obj": {"type": "AssignFloat", "path": ["mean_test_accuracy"], "value": 0.5940257220123449}, "version": 57, "at": 1711151819.844666}
{"obj": {"type": "AssignFloat", "path": ["mean_sensitivity"], "value": 0.6266370252833285}, "version": 58, "at": 1711151819.844734}
