{"obj": {"type": "AssignString", "path": ["sys", "name"], "value": "3-Foldtest_size_0.2_RF"}, "version": 1, "at": 1712175714.751322}
{"obj": {"type": "AssignString", "path": ["sys", "description"], "value": ""}, "version": 2, "at": 1712175714.752107}
{"obj": {"type": "AssignString", "path": ["monitoring", "ec81925f", "hostname"], "value": "156.4.20.172.s.wireless.uri.edu"}, "version": 3, "at": 1712175714.752542}
{"obj": {"type": "AssignString", "path": ["sys", "hostname"], "value": "156.4.20.172.s.wireless.uri.edu"}, "version": 4, "at": 1712175714.7527978}
{"obj": {"type": "AssignString", "path": ["monitoring", "ec81925f", "pid"], "value": "2918"}, "version": 5, "at": 1712175714.753021}
{"obj": {"type": "AssignString", "path": ["monitoring", "ec81925f", "tid"], "value": "140704319387200"}, "version": 6, "at": 1712175714.753231}
{"obj": {"type": "AssignBool", "path": ["sys", "failed"], "value": false}, "version": 7, "at": 1712175714.7534878}
{"obj": {"type": "AssignString", "path": ["pid"], "value": "P12"}, "version": 8, "at": 1712175714.763287}
{"obj": {"type": "UploadFile", "path": ["data", "feature_table"], "ext": "html", "file_path": null, "tmp_file_name": "data_feature_table-1712175715.214638-2024-04-03_16.21.55.214638.html", "clean_after_upload": false}, "version": 9, "at": 1712175715.2154481}
{"obj": {"type": "AssignString", "path": ["original"], "value": "type\n0    542\n1    103\nName: count, dtype: int64"}, "version": 10, "at": 1712175715.216206}
{"obj": {"type": "AssignString", "path": ["train_samples_undersampled"], "value": "type\n0    103\n1    103\nName: count, dtype: int64"}, "version": 11, "at": 1712175715.2171578}
{"obj": {"type": "AssignString", "path": ["test_samples_undersampled"], "value": "type\n0    21\n1    21\nName: count, dtype: int64"}, "version": 12, "at": 1712175715.217667}
{"obj": {"type": "AssignString", "path": ["tag"], "value": "Clus"}, "version": 13, "at": 1712175715.217748}
{"obj": {"type": "UploadFile", "path": ["data", "test_data"], "ext": "html", "file_path": null, "tmp_file_name": "data_test_data-1712175724.001911-2024-04-03_16.22.04.001911.html", "clean_after_upload": false}, "version": 14, "at": 1712175724.002391}
{"obj": {"type": "AssignString", "path": ["cls_summary", "all_params", "memory"], "value": "None"}, "version": 15, "at": 1712175724.876975}
{"obj": {"type": "AssignString", "path": ["cls_summary", "all_params", "steps"], "value": "[('rf', RandomForestClassifier(random_state=8))]"}, "version": 16, "at": 1712175724.877436}
{"obj": {"type": "AssignBool", "path": ["cls_summary", "all_params", "verbose"], "value": false}, "version": 17, "at": 1712175724.87754}
{"obj": {"type": "AssignString", "path": ["cls_summary", "all_params", "rf"], "value": "RandomForestClassifier(random_state=8)"}, "version": 18, "at": 1712175724.877919}
{"obj": {"type": "AssignBool", "path": ["cls_summary", "all_params", "rf__bootstrap"], "value": true}, "version": 19, "at": 1712175724.8780239}
{"obj": {"type": "AssignFloat", "path": ["cls_summary", "all_params", "rf__ccp_alpha"], "value": 0.0}, "version": 20, "at": 1712175724.8781068}
{"obj": {"type": "AssignString", "path": ["cls_summary", "all_params", "rf__class_weight"], "value": "None"}, "version": 21, "at": 1712175724.878179}
{"obj": {"type": "AssignString", "path": ["cls_summary", "all_params", "rf__criterion"], "value": "gini"}, "version": 22, "at": 1712175724.878242}
{"obj": {"type": "AssignString", "path": ["cls_summary", "all_params", "rf__max_depth"], "value": "None"}, "version": 23, "at": 1712175724.878304}
{"obj": {"type": "AssignString", "path": ["cls_summary", "all_params", "rf__max_features"], "value": "sqrt"}, "version": 24, "at": 1712175724.8783638}
{"obj": {"type": "AssignString", "path": ["cls_summary", "all_params", "rf__max_leaf_nodes"], "value": "None"}, "version": 25, "at": 1712175724.8784251}
{"obj": {"type": "AssignString", "path": ["cls_summary", "all_params", "rf__max_samples"], "value": "None"}, "version": 26, "at": 1712175724.878485}
{"obj": {"type": "AssignFloat", "path": ["cls_summary", "all_params", "rf__min_impurity_decrease"], "value": 0.0}, "version": 27, "at": 1712175724.8785422}
{"obj": {"type": "AssignInt", "path": ["cls_summary", "all_params", "rf__min_samples_leaf"], "value": 1}, "version": 28, "at": 1712175724.878604}
{"obj": {"type": "AssignInt", "path": ["cls_summary", "all_params", "rf__min_samples_split"], "value": 2}, "version": 29, "at": 1712175724.8786602}
{"obj": {"type": "AssignFloat", "path": ["cls_summary", "all_params", "rf__min_weight_fraction_leaf"], "value": 0.0}, "version": 30, "at": 1712175724.882914}
{"obj": {"type": "AssignInt", "path": ["cls_summary", "all_params", "rf__n_estimators"], "value": 100}, "version": 31, "at": 1712175724.8830771}
{"obj": {"type": "AssignString", "path": ["cls_summary", "all_params", "rf__n_jobs"], "value": "None"}, "version": 32, "at": 1712175724.883241}
{"obj": {"type": "AssignBool", "path": ["cls_summary", "all_params", "rf__oob_score"], "value": false}, "version": 33, "at": 1712175724.883329}
{"obj": {"type": "AssignInt", "path": ["cls_summary", "all_params", "rf__random_state"], "value": 8}, "version": 34, "at": 1712175724.883395}
{"obj": {"type": "AssignInt", "path": ["cls_summary", "all_params", "rf__verbose"], "value": 0}, "version": 35, "at": 1712175724.883453}
{"obj": {"type": "AssignBool", "path": ["cls_summary", "all_params", "rf__warm_start"], "value": false}, "version": 36, "at": 1712175724.883509}
{"obj": {"type": "UploadFile", "path": ["cls_summary", "pickled_model"], "ext": "pkl", "file_path": null, "tmp_file_name": "cls_summary_pickled_model-1712175724.883578-2024-04-03_16.22.04.883578.pkl", "clean_after_upload": false}, "version": 37, "at": 1712175724.8843}
{"obj": {"type": "UploadFile", "path": ["cls_summary", "test", "preds"], "ext": "html", "file_path": null, "tmp_file_name": "cls_summary_test_preds-1712175724.884722-2024-04-03_16.22.04.884722.html", "clean_after_upload": false}, "version": 38, "at": 1712175724.885561}
{"obj": {"type": "UploadFile", "path": ["cls_summary", "test", "preds_proba"], "ext": "html", "file_path": null, "tmp_file_name": "cls_summary_test_preds_proba-1712175724.885919-2024-04-03_16.22.04.885919.html", "clean_after_upload": false}, "version": 39, "at": 1712175724.886349}
{"obj": {"type": "AssignFloat", "path": ["cls_summary", "test", "scores", "class_0", "precision"], "value": 1.0}, "version": 40, "at": 1712175724.886732}
{"obj": {"type": "AssignFloat", "path": ["cls_summary", "test", "scores", "class_0", "recall"], "value": 1.0}, "version": 41, "at": 1712175724.887009}
{"obj": {"type": "AssignFloat", "path": ["cls_summary", "test", "scores", "class_0", "fbeta_score"], "value": 1.0}, "version": 42, "at": 1712175724.8873441}
{"obj": {"type": "AssignFloat", "path": ["cls_summary", "test", "scores", "class_0", "support"], "value": 21.0}, "version": 43, "at": 1712175724.887535}
{"obj": {"type": "AssignFloat", "path": ["cls_summary", "test", "scores", "class_1", "precision"], "value": 1.0}, "version": 44, "at": 1712175724.8877282}
{"obj": {"type": "AssignFloat", "path": ["cls_summary", "test", "scores", "class_1", "recall"], "value": 1.0}, "version": 45, "at": 1712175724.887826}
{"obj": {"type": "AssignFloat", "path": ["cls_summary", "test", "scores", "class_1", "fbeta_score"], "value": 1.0}, "version": 46, "at": 1712175724.887959}
{"obj": {"type": "AssignFloat", "path": ["cls_summary", "test", "scores", "class_1", "support"], "value": 21.0}, "version": 47, "at": 1712175724.888049}
{"obj": {"type": "UploadFile", "path": ["cls_summary", "diagnostics_charts", "classification_report"], "ext": "png", "file_path": null, "tmp_file_name": "cls_summary_diagnostics_charts_classification_report-1712175724.888154-2024-04-03_16.22.04.888154.png", "clean_after_upload": false}, "version": 48, "at": 1712175724.8884969}
{"obj": {"type": "UploadFile", "path": ["cls_summary", "diagnostics_charts", "confusion_matrix"], "ext": "png", "file_path": null, "tmp_file_name": "cls_summary_diagnostics_charts_confusion_matrix-1712175724.888649-2024-04-03_16.22.04.888649.png", "clean_after_upload": false}, "version": 49, "at": 1712175724.889063}
{"obj": {"type": "UploadFile", "path": ["cls_summary", "diagnostics_charts", "ROC_AUC"], "ext": "png", "file_path": null, "tmp_file_name": "cls_summary_diagnostics_charts_ROC_AUC-1712175724.889248-2024-04-03_16.22.04.889248.png", "clean_after_upload": false}, "version": 50, "at": 1712175724.889629}
{"obj": {"type": "UploadFile", "path": ["cls_summary", "diagnostics_charts", "precision_recall"], "ext": "png", "file_path": null, "tmp_file_name": "cls_summary_diagnostics_charts_precision_recall-1712175724.889862-2024-04-03_16.22.04.889862.png", "clean_after_upload": false}, "version": 51, "at": 1712175724.8903081}
{"obj": {"type": "UploadFile", "path": ["cls_summary", "diagnostics_charts", "class_prediction_error"], "ext": "png", "file_path": null, "tmp_file_name": "cls_summary_diagnostics_charts_class_prediction_error-1712175724.89052-2024-04-03_16.22.04.890520.png", "clean_after_upload": false}, "version": 52, "at": 1712175724.890831}
{"obj": {"type": "AssignString", "path": ["cls_summary", "integration", "about", "neptune-sklearn"], "value": "2.1.0"}, "version": 53, "at": 1712175724.89154}
{"obj": {"type": "AssignInt", "path": ["params", "rf__min_samples_split"], "value": 2}, "version": 54, "at": 1712175724.8918478}
{"obj": {"type": "AssignInt", "path": ["params", "rf__n_estimators"], "value": 100}, "version": 55, "at": 1712175724.891938}
{"obj": {"type": "UploadFile", "path": ["data", "feature_importance"], "ext": "html", "file_path": null, "tmp_file_name": "data_feature_importance-1712175736.677027-2024-04-03_16.22.16.677027.html", "clean_after_upload": false}, "version": 56, "at": 1712175736.67743}
{"obj": {"type": "UploadFile", "path": ["feature_importance"], "ext": "png", "file_path": "/Users/shehjarsadhu/Desktop/UniversityOfRhodeIsland/Graduate/WBL/Project_Q2Behave/GitQ2Bheave/q2behave_data_analysis/jupyternotebooks/ML_Toolbox/feature_importance.png", "tmp_file_name": null, "clean_after_upload": false}, "version": 57, "at": 1712175736.776024}
{"obj": {"type": "UploadFile", "path": ["roc_curve"], "ext": "png", "file_path": "/Users/shehjarsadhu/Desktop/UniversityOfRhodeIsland/Graduate/WBL/Project_Q2Behave/GitQ2Bheave/q2behave_data_analysis/jupyternotebooks/ML_Toolbox/roc_curve_class.png", "tmp_file_name": null, "clean_after_upload": false}, "version": 58, "at": 1712175736.925764}
{"obj": {"type": "AssignFloat", "path": ["precision"], "value": 1.0}, "version": 59, "at": 1712175737.186384}
{"obj": {"type": "AssignFloat", "path": ["recall"], "value": 1.0}, "version": 60, "at": 1712175737.187061}
{"obj": {"type": "AssignFloat", "path": ["f1_score"], "value": 1.0}, "version": 61, "at": 1712175737.187459}
{"obj": {"type": "AssignFloat", "path": ["mean_train_accuracy"], "value": 1.0}, "version": 62, "at": 1712175737.187548}
{"obj": {"type": "AssignFloat", "path": ["mean_test_accuracy"], "value": 0.9512645637965331}, "version": 63, "at": 1712175737.187745}
{"obj": {"type": "AssignFloat", "path": ["mean_sensitivity"], "value": 0.9509803921568626}, "version": 64, "at": 1712175737.187893}
