{"obj": {"type": "AssignString", "path": ["sys", "name"], "value": "2-Foldtest_size_0.2_RF"}, "version": 1, "at": 1712103472.419947}
{"obj": {"type": "AssignString", "path": ["sys", "description"], "value": ""}, "version": 2, "at": 1712103472.4203851}
{"obj": {"type": "AssignString", "path": ["monitoring", "11ca8da0", "hostname"], "value": "156.4.20.172.s.wireless.uri.edu"}, "version": 3, "at": 1712103472.420612}
{"obj": {"type": "AssignString", "path": ["sys", "hostname"], "value": "156.4.20.172.s.wireless.uri.edu"}, "version": 4, "at": 1712103472.420783}
{"obj": {"type": "AssignString", "path": ["monitoring", "11ca8da0", "pid"], "value": "85285"}, "version": 5, "at": 1712103472.420953}
{"obj": {"type": "AssignString", "path": ["monitoring", "11ca8da0", "tid"], "value": "140704701883968"}, "version": 6, "at": 1712103472.421112}
{"obj": {"type": "AssignBool", "path": ["sys", "failed"], "value": false}, "version": 7, "at": 1712103472.4212291}
{"obj": {"type": "UploadFile", "path": ["data", "feature_table"], "ext": "html", "file_path": null, "tmp_file_name": "data_feature_table-1712103475.517235-2024-04-02_20.17.55.517235.html", "clean_after_upload": false}, "version": 8, "at": 1712103475.5269241}
{"obj": {"type": "AssignString", "path": ["original"], "value": "type\n0    6263\n1     136\nName: count, dtype: int64"}, "version": 9, "at": 1712103475.528472}
{"obj": {"type": "AssignString", "path": ["train_samples_undersampled"], "value": "type\n0    136\n1    136\nName: count, dtype: int64"}, "version": 10, "at": 1712103475.5288682}
{"obj": {"type": "AssignString", "path": ["test_samples_undersampled"], "value": "type\n0    28\n1    27\nName: count, dtype: int64"}, "version": 11, "at": 1712103475.529223}
{"obj": {"type": "UploadFile", "path": ["data", "test_data"], "ext": "html", "file_path": null, "tmp_file_name": "data_test_data-1712103480.621957-2024-04-02_20.18.00.621957.html", "clean_after_upload": false}, "version": 12, "at": 1712103480.624539}
{"obj": {"type": "AssignString", "path": ["cls_summary", "all_params", "memory"], "value": "None"}, "version": 13, "at": 1712103481.309143}
{"obj": {"type": "AssignString", "path": ["cls_summary", "all_params", "steps"], "value": "[('rf', RandomForestClassifier(max_depth=10, min_samples_split=10, random_state=8))]"}, "version": 14, "at": 1712103481.3167439}
{"obj": {"type": "AssignBool", "path": ["cls_summary", "all_params", "verbose"], "value": false}, "version": 15, "at": 1712103481.3169742}
{"obj": {"type": "AssignString", "path": ["cls_summary", "all_params", "rf"], "value": "RandomForestClassifier(max_depth=10, min_samples_split=10, random_state=8)"}, "version": 16, "at": 1712103481.31756}
{"obj": {"type": "AssignBool", "path": ["cls_summary", "all_params", "rf__bootstrap"], "value": true}, "version": 17, "at": 1712103481.3177469}
{"obj": {"type": "AssignFloat", "path": ["cls_summary", "all_params", "rf__ccp_alpha"], "value": 0.0}, "version": 18, "at": 1712103481.3178298}
{"obj": {"type": "AssignString", "path": ["cls_summary", "all_params", "rf__class_weight"], "value": "None"}, "version": 19, "at": 1712103481.353209}
{"obj": {"type": "AssignString", "path": ["cls_summary", "all_params", "rf__criterion"], "value": "gini"}, "version": 20, "at": 1712103481.3536088}
{"obj": {"type": "AssignInt", "path": ["cls_summary", "all_params", "rf__max_depth"], "value": 10}, "version": 21, "at": 1712103481.353896}
{"obj": {"type": "AssignString", "path": ["cls_summary", "all_params", "rf__max_features"], "value": "sqrt"}, "version": 22, "at": 1712103481.3541608}
{"obj": {"type": "AssignString", "path": ["cls_summary", "all_params", "rf__max_leaf_nodes"], "value": "None"}, "version": 23, "at": 1712103481.354435}
{"obj": {"type": "AssignString", "path": ["cls_summary", "all_params", "rf__max_samples"], "value": "None"}, "version": 24, "at": 1712103481.354698}
{"obj": {"type": "AssignFloat", "path": ["cls_summary", "all_params", "rf__min_impurity_decrease"], "value": 0.0}, "version": 25, "at": 1712103481.3549461}
{"obj": {"type": "AssignInt", "path": ["cls_summary", "all_params", "rf__min_samples_leaf"], "value": 1}, "version": 26, "at": 1712103481.355215}
{"obj": {"type": "AssignInt", "path": ["cls_summary", "all_params", "rf__min_samples_split"], "value": 10}, "version": 27, "at": 1712103481.355445}
{"obj": {"type": "AssignFloat", "path": ["cls_summary", "all_params", "rf__min_weight_fraction_leaf"], "value": 0.0}, "version": 28, "at": 1712103481.355673}
{"obj": {"type": "AssignInt", "path": ["cls_summary", "all_params", "rf__n_estimators"], "value": 100}, "version": 29, "at": 1712103481.3559291}
{"obj": {"type": "AssignString", "path": ["cls_summary", "all_params", "rf__n_jobs"], "value": "None"}, "version": 30, "at": 1712103481.356192}
{"obj": {"type": "AssignBool", "path": ["cls_summary", "all_params", "rf__oob_score"], "value": false}, "version": 31, "at": 1712103481.356429}
{"obj": {"type": "AssignInt", "path": ["cls_summary", "all_params", "rf__random_state"], "value": 8}, "version": 32, "at": 1712103481.356677}
{"obj": {"type": "AssignInt", "path": ["cls_summary", "all_params", "rf__verbose"], "value": 0}, "version": 33, "at": 1712103481.356821}
{"obj": {"type": "AssignBool", "path": ["cls_summary", "all_params", "rf__warm_start"], "value": false}, "version": 34, "at": 1712103481.35698}
{"obj": {"type": "UploadFile", "path": ["cls_summary", "pickled_model"], "ext": "pkl", "file_path": null, "tmp_file_name": "cls_summary_pickled_model-1712103481.357151-2024-04-02_20.18.01.357151.pkl", "clean_after_upload": false}, "version": 35, "at": 1712103481.3582962}
{"obj": {"type": "UploadFile", "path": ["cls_summary", "test", "preds"], "ext": "html", "file_path": null, "tmp_file_name": "cls_summary_test_preds-1712103481.358614-2024-04-02_20.18.01.358614.html", "clean_after_upload": false}, "version": 36, "at": 1712103481.359203}
{"obj": {"type": "UploadFile", "path": ["cls_summary", "test", "preds_proba"], "ext": "html", "file_path": null, "tmp_file_name": "cls_summary_test_preds_proba-1712103481.359411-2024-04-02_20.18.01.359411.html", "clean_after_upload": false}, "version": 37, "at": 1712103481.362317}
{"obj": {"type": "AssignFloat", "path": ["cls_summary", "test", "scores", "class_0", "precision"], "value": 0.6}, "version": 38, "at": 1712103481.3628721}
{"obj": {"type": "AssignFloat", "path": ["cls_summary", "test", "scores", "class_0", "recall"], "value": 0.9642857142857143}, "version": 39, "at": 1712103481.3630679}
{"obj": {"type": "AssignFloat", "path": ["cls_summary", "test", "scores", "class_0", "fbeta_score"], "value": 0.7397260273972602}, "version": 40, "at": 1712103481.3632371}
{"obj": {"type": "AssignFloat", "path": ["cls_summary", "test", "scores", "class_0", "support"], "value": 28.0}, "version": 41, "at": 1712103481.3634071}
{"obj": {"type": "AssignFloat", "path": ["cls_summary", "test", "scores", "class_1", "precision"], "value": 0.9}, "version": 42, "at": 1712103481.363671}
{"obj": {"type": "AssignFloat", "path": ["cls_summary", "test", "scores", "class_1", "recall"], "value": 0.3333333333333333}, "version": 43, "at": 1712103481.363914}
{"obj": {"type": "AssignFloat", "path": ["cls_summary", "test", "scores", "class_1", "fbeta_score"], "value": 0.48648648648648646}, "version": 44, "at": 1712103481.3641868}
{"obj": {"type": "AssignFloat", "path": ["cls_summary", "test", "scores", "class_1", "support"], "value": 27.0}, "version": 45, "at": 1712103481.3644328}
{"obj": {"type": "UploadFile", "path": ["cls_summary", "diagnostics_charts", "classification_report"], "ext": "png", "file_path": null, "tmp_file_name": "cls_summary_diagnostics_charts_classification_report-1712103481.364786-2024-04-02_20.18.01.364786.png", "clean_after_upload": false}, "version": 46, "at": 1712103481.3655639}
{"obj": {"type": "UploadFile", "path": ["cls_summary", "diagnostics_charts", "confusion_matrix"], "ext": "png", "file_path": null, "tmp_file_name": "cls_summary_diagnostics_charts_confusion_matrix-1712103481.365883-2024-04-02_20.18.01.365883.png", "clean_after_upload": false}, "version": 47, "at": 1712103481.36671}
{"obj": {"type": "UploadFile", "path": ["cls_summary", "diagnostics_charts", "ROC_AUC"], "ext": "png", "file_path": null, "tmp_file_name": "cls_summary_diagnostics_charts_ROC_AUC-1712103481.367035-2024-04-02_20.18.01.367035.png", "clean_after_upload": false}, "version": 48, "at": 1712103481.3679051}
{"obj": {"type": "UploadFile", "path": ["cls_summary", "diagnostics_charts", "precision_recall"], "ext": "png", "file_path": null, "tmp_file_name": "cls_summary_diagnostics_charts_precision_recall-1712103481.36821-2024-04-02_20.18.01.368210.png", "clean_after_upload": false}, "version": 49, "at": 1712103481.3691258}
{"obj": {"type": "UploadFile", "path": ["cls_summary", "diagnostics_charts", "class_prediction_error"], "ext": "png", "file_path": null, "tmp_file_name": "cls_summary_diagnostics_charts_class_prediction_error-1712103481.369407-2024-04-02_20.18.01.369407.png", "clean_after_upload": false}, "version": 50, "at": 1712103481.370015}
{"obj": {"type": "AssignString", "path": ["cls_summary", "integration", "about", "neptune-sklearn"], "value": "2.1.0"}, "version": 51, "at": 1712103481.370351}
{"obj": {"type": "AssignInt", "path": ["params", "rf__max_depth"], "value": 10}, "version": 52, "at": 1712103481.37068}
{"obj": {"type": "AssignInt", "path": ["params", "rf__min_samples_split"], "value": 10}, "version": 53, "at": 1712103481.3708491}
{"obj": {"type": "AssignInt", "path": ["params", "rf__n_estimators"], "value": 100}, "version": 54, "at": 1712103481.370998}
{"obj": {"type": "UploadFile", "path": ["data", "feature_importance"], "ext": "html", "file_path": null, "tmp_file_name": "data_feature_importance-1712103491.86062-2024-04-02_20.18.11.860620.html", "clean_after_upload": false}, "version": 55, "at": 1712103491.861071}
{"obj": {"type": "UploadFile", "path": ["feature_importance"], "ext": "png", "file_path": "/Users/shehjarsadhu/Desktop/UniversityOfRhodeIsland/Graduate/WBL/Project_Q2Behave/GitQ2Bheave/q2behave_data_analysis/jupyternotebooks/ML_Toolbox/feature_importance.png", "tmp_file_name": null, "clean_after_upload": false}, "version": 56, "at": 1712103491.9321861}
{"obj": {"type": "UploadFile", "path": ["roc_curve"], "ext": "png", "file_path": "/Users/shehjarsadhu/Desktop/UniversityOfRhodeIsland/Graduate/WBL/Project_Q2Behave/GitQ2Bheave/q2behave_data_analysis/jupyternotebooks/ML_Toolbox/roc_curve_class.png", "tmp_file_name": null, "clean_after_upload": false}, "version": 57, "at": 1712103492.034585}
{"obj": {"type": "AssignFloat", "path": ["precision"], "value": 0.7472727272727273}, "version": 58, "at": 1712103492.232279}
{"obj": {"type": "AssignFloat", "path": ["recall"], "value": 0.6545454545454545}, "version": 59, "at": 1712103492.232634}
{"obj": {"type": "AssignFloat", "path": ["f1_score"], "value": 0.6154084345865167}, "version": 60, "at": 1712103492.232759}
{"obj": {"type": "AssignFloat", "path": ["mean_train_accuracy"], "value": 0.9963235294117647}, "version": 61, "at": 1712103492.232842}
{"obj": {"type": "AssignFloat", "path": ["mean_test_accuracy"], "value": 0.5808823529411765}, "version": 62, "at": 1712103492.232922}
{"obj": {"type": "AssignFloat", "path": ["mean_sensitivity"], "value": 0.6102941176470589}, "version": 63, "at": 1712103492.232998}
