{"obj": {"type": "AssignString", "path": ["sys", "name"], "value": "2-Foldtest_size_0.2_RF"}, "version": 1, "at": 1711322600.679327}
{"obj": {"type": "AssignString", "path": ["sys", "description"], "value": ""}, "version": 2, "at": 1711322600.679868}
{"obj": {"type": "AssignString", "path": ["monitoring", "185b3ab7", "hostname"], "value": "156.4.20.172.s.wireless.uri.edu"}, "version": 3, "at": 1711322600.680127}
{"obj": {"type": "AssignString", "path": ["sys", "hostname"], "value": "156.4.20.172.s.wireless.uri.edu"}, "version": 4, "at": 1711322600.6803179}
{"obj": {"type": "AssignString", "path": ["monitoring", "185b3ab7", "pid"], "value": "57812"}, "version": 5, "at": 1711322600.680505}
{"obj": {"type": "AssignString", "path": ["monitoring", "185b3ab7", "tid"], "value": "140704496821824"}, "version": 6, "at": 1711322600.680685}
{"obj": {"type": "AssignBool", "path": ["sys", "failed"], "value": false}, "version": 7, "at": 1711322600.6808178}
{"obj": {"type": "UploadFile", "path": ["data", "feature_table"], "ext": "html", "file_path": null, "tmp_file_name": "data_feature_table-1711322603.861792-2024-03-24_19.23.23.861792.html", "clean_after_upload": false}, "version": 8, "at": 1711322603.873037}
{"obj": {"type": "UploadFile", "path": ["data", "test_data"], "ext": "html", "file_path": null, "tmp_file_name": "data_test_data-1711322645.900301-2024-03-24_19.24.05.900301.html", "clean_after_upload": false}, "version": 9, "at": 1711322645.900838}
{"obj": {"type": "AssignString", "path": ["cls_summary", "all_params", "memory"], "value": "None"}, "version": 10, "at": 1711322646.77216}
{"obj": {"type": "AssignString", "path": ["cls_summary", "all_params", "steps"], "value": "[('rf', RandomForestClassifier(max_depth=10, min_samples_split=10, random_state=8))]"}, "version": 11, "at": 1711322646.772605}
{"obj": {"type": "AssignBool", "path": ["cls_summary", "all_params", "verbose"], "value": false}, "version": 12, "at": 1711322646.772704}
{"obj": {"type": "AssignString", "path": ["cls_summary", "all_params", "rf"], "value": "RandomForestClassifier(max_depth=10, min_samples_split=10, random_state=8)"}, "version": 13, "at": 1711322646.772956}
{"obj": {"type": "AssignBool", "path": ["cls_summary", "all_params", "rf__bootstrap"], "value": true}, "version": 14, "at": 1711322646.773036}
{"obj": {"type": "AssignFloat", "path": ["cls_summary", "all_params", "rf__ccp_alpha"], "value": 0.0}, "version": 15, "at": 1711322646.7731142}
{"obj": {"type": "AssignString", "path": ["cls_summary", "all_params", "rf__class_weight"], "value": "None"}, "version": 16, "at": 1711322646.773194}
{"obj": {"type": "AssignString", "path": ["cls_summary", "all_params", "rf__criterion"], "value": "gini"}, "version": 17, "at": 1711322646.773265}
{"obj": {"type": "AssignInt", "path": ["cls_summary", "all_params", "rf__max_depth"], "value": 10}, "version": 18, "at": 1711322646.773335}
{"obj": {"type": "AssignString", "path": ["cls_summary", "all_params", "rf__max_features"], "value": "sqrt"}, "version": 19, "at": 1711322646.773404}
{"obj": {"type": "AssignString", "path": ["cls_summary", "all_params", "rf__max_leaf_nodes"], "value": "None"}, "version": 20, "at": 1711322646.7734752}
{"obj": {"type": "AssignString", "path": ["cls_summary", "all_params", "rf__max_samples"], "value": "None"}, "version": 21, "at": 1711322646.773545}
{"obj": {"type": "AssignFloat", "path": ["cls_summary", "all_params", "rf__min_impurity_decrease"], "value": 0.0}, "version": 22, "at": 1711322646.773608}
{"obj": {"type": "AssignInt", "path": ["cls_summary", "all_params", "rf__min_samples_leaf"], "value": 1}, "version": 23, "at": 1711322646.7736719}
{"obj": {"type": "AssignInt", "path": ["cls_summary", "all_params", "rf__min_samples_split"], "value": 10}, "version": 24, "at": 1711322646.7737322}
{"obj": {"type": "AssignFloat", "path": ["cls_summary", "all_params", "rf__min_weight_fraction_leaf"], "value": 0.0}, "version": 25, "at": 1711322646.773794}
{"obj": {"type": "AssignInt", "path": ["cls_summary", "all_params", "rf__n_estimators"], "value": 100}, "version": 26, "at": 1711322646.773856}
{"obj": {"type": "AssignString", "path": ["cls_summary", "all_params", "rf__n_jobs"], "value": "None"}, "version": 27, "at": 1711322646.7739258}
{"obj": {"type": "AssignBool", "path": ["cls_summary", "all_params", "rf__oob_score"], "value": false}, "version": 28, "at": 1711322646.773987}
{"obj": {"type": "AssignInt", "path": ["cls_summary", "all_params", "rf__random_state"], "value": 8}, "version": 29, "at": 1711322646.774048}
{"obj": {"type": "AssignInt", "path": ["cls_summary", "all_params", "rf__verbose"], "value": 0}, "version": 30, "at": 1711322646.774106}
{"obj": {"type": "AssignBool", "path": ["cls_summary", "all_params", "rf__warm_start"], "value": false}, "version": 31, "at": 1711322646.774165}
{"obj": {"type": "UploadFile", "path": ["cls_summary", "pickled_model"], "ext": "pkl", "file_path": null, "tmp_file_name": "cls_summary_pickled_model-1711322646.774234-2024-03-24_19.24.06.774234.pkl", "clean_after_upload": false}, "version": 32, "at": 1711322646.776742}
{"obj": {"type": "UploadFile", "path": ["cls_summary", "test", "preds"], "ext": "html", "file_path": null, "tmp_file_name": "cls_summary_test_preds-1711322646.777017-2024-03-24_19.24.06.777017.html", "clean_after_upload": false}, "version": 33, "at": 1711322646.77734}
{"obj": {"type": "UploadFile", "path": ["cls_summary", "test", "preds_proba"], "ext": "html", "file_path": null, "tmp_file_name": "cls_summary_test_preds_proba-1711322646.777559-2024-03-24_19.24.06.777559.html", "clean_after_upload": false}, "version": 34, "at": 1711322646.777878}
{"obj": {"type": "AssignFloat", "path": ["cls_summary", "test", "scores", "class_0", "precision"], "value": 0.5257510729613734}, "version": 35, "at": 1711322646.778131}
{"obj": {"type": "AssignFloat", "path": ["cls_summary", "test", "scores", "class_0", "recall"], "value": 0.718475073313783}, "version": 36, "at": 1711322646.778213}
{"obj": {"type": "AssignFloat", "path": ["cls_summary", "test", "scores", "class_0", "fbeta_score"], "value": 0.6071871127633209}, "version": 37, "at": 1711322646.778291}
{"obj": {"type": "AssignFloat", "path": ["cls_summary", "test", "scores", "class_0", "support"], "value": 341.0}, "version": 38, "at": 1711322646.778402}
{"obj": {"type": "AssignFloat", "path": ["cls_summary", "test", "scores", "class_1", "precision"], "value": 0.5555555555555556}, "version": 39, "at": 1711322646.7785}
{"obj": {"type": "AssignFloat", "path": ["cls_summary", "test", "scores", "class_1", "recall"], "value": 0.3519061583577713}, "version": 40, "at": 1711322646.778595}
{"obj": {"type": "AssignFloat", "path": ["cls_summary", "test", "scores", "class_1", "fbeta_score"], "value": 0.4308797127468582}, "version": 41, "at": 1711322646.778692}
{"obj": {"type": "AssignFloat", "path": ["cls_summary", "test", "scores", "class_1", "support"], "value": 341.0}, "version": 42, "at": 1711322646.778781}
{"obj": {"type": "UploadFile", "path": ["cls_summary", "diagnostics_charts", "classification_report"], "ext": "png", "file_path": null, "tmp_file_name": "cls_summary_diagnostics_charts_classification_report-1711322646.778931-2024-03-24_19.24.06.778931.png", "clean_after_upload": false}, "version": 43, "at": 1711322646.779267}
{"obj": {"type": "UploadFile", "path": ["cls_summary", "diagnostics_charts", "confusion_matrix"], "ext": "png", "file_path": null, "tmp_file_name": "cls_summary_diagnostics_charts_confusion_matrix-1711322646.779391-2024-03-24_19.24.06.779391.png", "clean_after_upload": false}, "version": 44, "at": 1711322646.7797272}
{"obj": {"type": "UploadFile", "path": ["cls_summary", "diagnostics_charts", "ROC_AUC"], "ext": "png", "file_path": null, "tmp_file_name": "cls_summary_diagnostics_charts_ROC_AUC-1711322646.779912-2024-03-24_19.24.06.779912.png", "clean_after_upload": false}, "version": 45, "at": 1711322646.780111}
{"obj": {"type": "UploadFile", "path": ["cls_summary", "diagnostics_charts", "precision_recall"], "ext": "png", "file_path": null, "tmp_file_name": "cls_summary_diagnostics_charts_precision_recall-1711322646.780224-2024-03-24_19.24.06.780224.png", "clean_after_upload": false}, "version": 46, "at": 1711322646.7805839}
{"obj": {"type": "UploadFile", "path": ["cls_summary", "diagnostics_charts", "class_prediction_error"], "ext": "png", "file_path": null, "tmp_file_name": "cls_summary_diagnostics_charts_class_prediction_error-1711322646.780724-2024-03-24_19.24.06.780724.png", "clean_after_upload": false}, "version": 47, "at": 1711322646.7809868}
{"obj": {"type": "AssignString", "path": ["cls_summary", "integration", "about", "neptune-sklearn"], "value": "2.1.0"}, "version": 48, "at": 1711322646.78117}
{"obj": {"type": "AssignInt", "path": ["params", "rf__max_depth"], "value": 10}, "version": 49, "at": 1711322646.781451}
{"obj": {"type": "AssignInt", "path": ["params", "rf__min_samples_split"], "value": 10}, "version": 50, "at": 1711322646.781523}
{"obj": {"type": "AssignInt", "path": ["params", "rf__n_estimators"], "value": 100}, "version": 51, "at": 1711322646.7815812}
{"obj": {"type": "UploadFile", "path": ["roc_curve"], "ext": "png", "file_path": "/Users/shehjarsadhu/Desktop/UniversityOfRhodeIsland/Graduate/WBL/Project_Q2Behave/GitQ2Bheave/q2behave_data_analysis/jupyternotebooks/roc_curve_class.png", "tmp_file_name": null, "clean_after_upload": false}, "version": 52, "at": 1711322648.9685252}
{"obj": {"type": "AssignFloat", "path": ["precision"], "value": 0.5406533142584645}, "version": 53, "at": 1711322649.095562}
{"obj": {"type": "AssignFloat", "path": ["recall"], "value": 0.5351906158357771}, "version": 54, "at": 1711322649.096166}
{"obj": {"type": "AssignFloat", "path": ["f1_score"], "value": 0.5190334127550896}, "version": 55, "at": 1711322649.096267}
{"obj": {"type": "AssignFloat", "path": ["mean_train_accuracy"], "value": 0.9167481264255457}, "version": 56, "at": 1711322649.0963478}
{"obj": {"type": "AssignFloat", "path": ["mean_test_accuracy"], "value": 0.5822743564679048}, "version": 57, "at": 1711322649.096422}
{"obj": {"type": "AssignFloat", "path": ["mean_sensitivity"], "value": 0.617779198111004}, "version": 58, "at": 1711322649.0964952}
