{"obj": {"type": "AssignString", "path": ["sys", "name"], "value": "3-Foldtest_size_0.2_RF"}, "version": 1, "at": 1711986246.790186}
{"obj": {"type": "AssignString", "path": ["sys", "description"], "value": ""}, "version": 2, "at": 1711986246.790553}
{"obj": {"type": "AssignString", "path": ["monitoring", "0448648c", "hostname"], "value": "156.4.20.172.s.wireless.uri.edu"}, "version": 3, "at": 1711986246.790743}
{"obj": {"type": "AssignString", "path": ["sys", "hostname"], "value": "156.4.20.172.s.wireless.uri.edu"}, "version": 4, "at": 1711986246.79089}
{"obj": {"type": "AssignString", "path": ["monitoring", "0448648c", "pid"], "value": "1802"}, "version": 5, "at": 1711986246.791033}
{"obj": {"type": "AssignString", "path": ["monitoring", "0448648c", "tid"], "value": "140704652170816"}, "version": 6, "at": 1711986246.791168}
{"obj": {"type": "AssignBool", "path": ["sys", "failed"], "value": false}, "version": 7, "at": 1711986246.791268}
{"obj": {"type": "UploadFile", "path": ["data", "feature_table"], "ext": "html", "file_path": null, "tmp_file_name": "data_feature_table-1711986247.374187-2024-04-01_11.44.07.374187.html", "clean_after_upload": false}, "version": 8, "at": 1711986247.3772001}
{"obj": {"type": "UploadFile", "path": ["data", "test_data"], "ext": "html", "file_path": null, "tmp_file_name": "data_test_data-1711986253.378186-2024-04-01_11.44.13.378186.html", "clean_after_upload": false}, "version": 9, "at": 1711986253.378578}
{"obj": {"type": "AssignString", "path": ["cls_summary", "all_params", "memory"], "value": "None"}, "version": 10, "at": 1711986254.310337}
{"obj": {"type": "AssignString", "path": ["cls_summary", "all_params", "steps"], "value": "[('rf', RandomForestClassifier(min_samples_split=5, n_estimators=300, random_state=8))]"}, "version": 11, "at": 1711986254.311008}
{"obj": {"type": "AssignBool", "path": ["cls_summary", "all_params", "verbose"], "value": false}, "version": 12, "at": 1711986254.311126}
{"obj": {"type": "AssignString", "path": ["cls_summary", "all_params", "rf"], "value": "RandomForestClassifier(min_samples_split=5, n_estimators=300, random_state=8)"}, "version": 13, "at": 1711986254.311382}
{"obj": {"type": "AssignBool", "path": ["cls_summary", "all_params", "rf__bootstrap"], "value": true}, "version": 14, "at": 1711986254.311455}
{"obj": {"type": "AssignFloat", "path": ["cls_summary", "all_params", "rf__ccp_alpha"], "value": 0.0}, "version": 15, "at": 1711986254.311523}
{"obj": {"type": "AssignString", "path": ["cls_summary", "all_params", "rf__class_weight"], "value": "None"}, "version": 16, "at": 1711986254.311594}
{"obj": {"type": "AssignString", "path": ["cls_summary", "all_params", "rf__criterion"], "value": "gini"}, "version": 17, "at": 1711986254.311657}
{"obj": {"type": "AssignString", "path": ["cls_summary", "all_params", "rf__max_depth"], "value": "None"}, "version": 18, "at": 1711986254.311722}
{"obj": {"type": "AssignString", "path": ["cls_summary", "all_params", "rf__max_features"], "value": "sqrt"}, "version": 19, "at": 1711986254.311782}
{"obj": {"type": "AssignString", "path": ["cls_summary", "all_params", "rf__max_leaf_nodes"], "value": "None"}, "version": 20, "at": 1711986254.3118458}
{"obj": {"type": "AssignString", "path": ["cls_summary", "all_params", "rf__max_samples"], "value": "None"}, "version": 21, "at": 1711986254.3119092}
{"obj": {"type": "AssignFloat", "path": ["cls_summary", "all_params", "rf__min_impurity_decrease"], "value": 0.0}, "version": 22, "at": 1711986254.311969}
{"obj": {"type": "AssignInt", "path": ["cls_summary", "all_params", "rf__min_samples_leaf"], "value": 1}, "version": 23, "at": 1711986254.312033}
{"obj": {"type": "AssignInt", "path": ["cls_summary", "all_params", "rf__min_samples_split"], "value": 5}, "version": 24, "at": 1711986254.3120902}
{"obj": {"type": "AssignFloat", "path": ["cls_summary", "all_params", "rf__min_weight_fraction_leaf"], "value": 0.0}, "version": 25, "at": 1711986254.312147}
{"obj": {"type": "AssignInt", "path": ["cls_summary", "all_params", "rf__n_estimators"], "value": 300}, "version": 26, "at": 1711986254.312205}
{"obj": {"type": "AssignString", "path": ["cls_summary", "all_params", "rf__n_jobs"], "value": "None"}, "version": 27, "at": 1711986254.312269}
{"obj": {"type": "AssignBool", "path": ["cls_summary", "all_params", "rf__oob_score"], "value": false}, "version": 28, "at": 1711986254.312327}
{"obj": {"type": "AssignInt", "path": ["cls_summary", "all_params", "rf__random_state"], "value": 8}, "version": 29, "at": 1711986254.312383}
{"obj": {"type": "AssignInt", "path": ["cls_summary", "all_params", "rf__verbose"], "value": 0}, "version": 30, "at": 1711986254.312439}
{"obj": {"type": "AssignBool", "path": ["cls_summary", "all_params", "rf__warm_start"], "value": false}, "version": 31, "at": 1711986254.312495}
{"obj": {"type": "UploadFile", "path": ["cls_summary", "pickled_model"], "ext": "pkl", "file_path": null, "tmp_file_name": "cls_summary_pickled_model-1711986254.312558-2024-04-01_11.44.14.312558.pkl", "clean_after_upload": false}, "version": 32, "at": 1711986254.313083}
{"obj": {"type": "UploadFile", "path": ["cls_summary", "test", "preds"], "ext": "html", "file_path": null, "tmp_file_name": "cls_summary_test_preds-1711986254.313217-2024-04-01_11.44.14.313217.html", "clean_after_upload": false}, "version": 33, "at": 1711986254.31347}
{"obj": {"type": "UploadFile", "path": ["cls_summary", "test", "preds_proba"], "ext": "html", "file_path": null, "tmp_file_name": "cls_summary_test_preds_proba-1711986254.313613-2024-04-01_11.44.14.313613.html", "clean_after_upload": false}, "version": 34, "at": 1711986254.313802}
{"obj": {"type": "AssignFloat", "path": ["cls_summary", "test", "scores", "class_0", "precision"], "value": 0.5714285714285714}, "version": 35, "at": 1711986254.313944}
{"obj": {"type": "AssignFloat", "path": ["cls_summary", "test", "scores", "class_0", "recall"], "value": 1.0}, "version": 36, "at": 1711986254.3140109}
{"obj": {"type": "AssignFloat", "path": ["cls_summary", "test", "scores", "class_0", "fbeta_score"], "value": 0.7272727272727273}, "version": 37, "at": 1711986254.314071}
{"obj": {"type": "AssignFloat", "path": ["cls_summary", "test", "scores", "class_0", "support"], "value": 4.0}, "version": 38, "at": 1711986254.314133}
{"obj": {"type": "AssignFloat", "path": ["cls_summary", "test", "scores", "class_1", "precision"], "value": 1.0}, "version": 39, "at": 1711986254.3142211}
{"obj": {"type": "AssignFloat", "path": ["cls_summary", "test", "scores", "class_1", "recall"], "value": 0.25}, "version": 40, "at": 1711986254.314282}
{"obj": {"type": "AssignFloat", "path": ["cls_summary", "test", "scores", "class_1", "fbeta_score"], "value": 0.4}, "version": 41, "at": 1711986254.314341}
{"obj": {"type": "AssignFloat", "path": ["cls_summary", "test", "scores", "class_1", "support"], "value": 4.0}, "version": 42, "at": 1711986254.314401}
{"obj": {"type": "UploadFile", "path": ["cls_summary", "diagnostics_charts", "classification_report"], "ext": "png", "file_path": null, "tmp_file_name": "cls_summary_diagnostics_charts_classification_report-1711986254.314486-2024-04-01_11.44.14.314486.png", "clean_after_upload": false}, "version": 43, "at": 1711986254.314702}
{"obj": {"type": "UploadFile", "path": ["cls_summary", "diagnostics_charts", "confusion_matrix"], "ext": "png", "file_path": null, "tmp_file_name": "cls_summary_diagnostics_charts_confusion_matrix-1711986254.314811-2024-04-01_11.44.14.314811.png", "clean_after_upload": false}, "version": 44, "at": 1711986254.315125}
{"obj": {"type": "UploadFile", "path": ["cls_summary", "diagnostics_charts", "ROC_AUC"], "ext": "png", "file_path": null, "tmp_file_name": "cls_summary_diagnostics_charts_ROC_AUC-1711986254.315226-2024-04-01_11.44.14.315226.png", "clean_after_upload": false}, "version": 45, "at": 1711986254.3155358}
{"obj": {"type": "UploadFile", "path": ["cls_summary", "diagnostics_charts", "precision_recall"], "ext": "png", "file_path": null, "tmp_file_name": "cls_summary_diagnostics_charts_precision_recall-1711986254.315623-2024-04-01_11.44.14.315623.png", "clean_after_upload": false}, "version": 46, "at": 1711986254.315828}
{"obj": {"type": "UploadFile", "path": ["cls_summary", "diagnostics_charts", "class_prediction_error"], "ext": "png", "file_path": null, "tmp_file_name": "cls_summary_diagnostics_charts_class_prediction_error-1711986254.315906-2024-04-01_11.44.14.315906.png", "clean_after_upload": false}, "version": 47, "at": 1711986254.316094}
{"obj": {"type": "AssignString", "path": ["cls_summary", "integration", "about", "neptune-sklearn"], "value": "2.1.0"}, "version": 48, "at": 1711986254.3161988}
{"obj": {"type": "AssignInt", "path": ["params", "rf__min_samples_split"], "value": 5}, "version": 49, "at": 1711986254.316555}
{"obj": {"type": "AssignInt", "path": ["params", "rf__n_estimators"], "value": 300}, "version": 50, "at": 1711986254.316631}
{"obj": {"type": "UploadFile", "path": ["feature_importance"], "ext": "png", "file_path": "/Users/shehjarsadhu/Desktop/UniversityOfRhodeIsland/Graduate/WBL/Project_Q2Behave/GitQ2Bheave/q2behave_data_analysis/jupyternotebooks/ML_Toolbox/feature_importance.png", "tmp_file_name": null, "clean_after_upload": false}, "version": 51, "at": 1711986258.771648}
{"obj": {"type": "UploadFile", "path": ["roc_curve"], "ext": "png", "file_path": "/Users/shehjarsadhu/Desktop/UniversityOfRhodeIsland/Graduate/WBL/Project_Q2Behave/GitQ2Bheave/q2behave_data_analysis/jupyternotebooks/ML_Toolbox/roc_curve_class.png", "tmp_file_name": null, "clean_after_upload": false}, "version": 52, "at": 1711986258.895282}
{"obj": {"type": "AssignFloat", "path": ["precision"], "value": 0.7857142857142857}, "version": 53, "at": 1711986259.181748}
{"obj": {"type": "AssignFloat", "path": ["recall"], "value": 0.625}, "version": 54, "at": 1711986259.1822631}
{"obj": {"type": "AssignFloat", "path": ["f1_score"], "value": 0.5636363636363637}, "version": 55, "at": 1711986259.182385}
{"obj": {"type": "AssignFloat", "path": ["mean_train_accuracy"], "value": 1.0}, "version": 56, "at": 1711986259.182509}
{"obj": {"type": "AssignFloat", "path": ["mean_test_accuracy"], "value": 0.7851851851851852}, "version": 57, "at": 1711986259.182593}
{"obj": {"type": "AssignFloat", "path": ["mean_sensitivity"], "value": 0.7833333333333333}, "version": 58, "at": 1711986259.182674}
