{"obj": {"type": "AssignString", "path": ["sys", "name"], "value": "2-Foldtest_size_0.2_RF"}, "version": 1, "at": 1712108586.074071}
{"obj": {"type": "AssignString", "path": ["sys", "description"], "value": ""}, "version": 2, "at": 1712108586.0744991}
{"obj": {"type": "AssignString", "path": ["monitoring", "38481bb5", "hostname"], "value": "156.4.20.172.s.wireless.uri.edu"}, "version": 3, "at": 1712108586.074734}
{"obj": {"type": "AssignString", "path": ["sys", "hostname"], "value": "156.4.20.172.s.wireless.uri.edu"}, "version": 4, "at": 1712108586.07491}
{"obj": {"type": "AssignString", "path": ["monitoring", "38481bb5", "pid"], "value": "55672"}, "version": 5, "at": 1712108586.0750809}
{"obj": {"type": "AssignString", "path": ["monitoring", "38481bb5", "tid"], "value": "140704701883968"}, "version": 6, "at": 1712108586.0752482}
{"obj": {"type": "AssignBool", "path": ["sys", "failed"], "value": false}, "version": 7, "at": 1712108586.075367}
{"obj": {"type": "AssignString", "path": ["pid"], "value": "P13"}, "version": 8, "at": 1712108586.0865998}
{"obj": {"type": "UploadFile", "path": ["data", "feature_table"], "ext": "html", "file_path": null, "tmp_file_name": "data_feature_table-1712108587.472539-2024-04-02_21.43.07.472539.html", "clean_after_upload": false}, "version": 9, "at": 1712108587.474292}
{"obj": {"type": "AssignString", "path": ["original"], "value": "type\n0    2532\n1     449\nName: count, dtype: int64"}, "version": 10, "at": 1712108587.4751182}
{"obj": {"type": "AssignString", "path": ["train_samples_undersampled"], "value": "type\n0    449\n1    449\nName: count, dtype: int64"}, "version": 11, "at": 1712108587.4757602}
{"obj": {"type": "AssignString", "path": ["test_samples_undersampled"], "value": "type\n1    90\n0    90\nName: count, dtype: int64"}, "version": 12, "at": 1712108587.4766982}
{"obj": {"type": "UploadFile", "path": ["data", "test_data"], "ext": "html", "file_path": null, "tmp_file_name": "data_test_data-1712108595.24413-2024-04-02_21.43.15.244130.html", "clean_after_upload": false}, "version": 13, "at": 1712108595.2446961}
{"obj": {"type": "AssignString", "path": ["cls_summary", "all_params", "memory"], "value": "None"}, "version": 14, "at": 1712108596.0857332}
{"obj": {"type": "AssignString", "path": ["cls_summary", "all_params", "steps"], "value": "[('rf', RandomForestClassifier(min_samples_split=10, n_estimators=200, random_state=8))]"}, "version": 15, "at": 1712108596.086116}
{"obj": {"type": "AssignBool", "path": ["cls_summary", "all_params", "verbose"], "value": false}, "version": 16, "at": 1712108596.0861928}
{"obj": {"type": "AssignString", "path": ["cls_summary", "all_params", "rf"], "value": "RandomForestClassifier(min_samples_split=10, n_estimators=200, random_state=8)"}, "version": 17, "at": 1712108596.086408}
{"obj": {"type": "AssignBool", "path": ["cls_summary", "all_params", "rf__bootstrap"], "value": true}, "version": 18, "at": 1712108596.08647}
{"obj": {"type": "AssignFloat", "path": ["cls_summary", "all_params", "rf__ccp_alpha"], "value": 0.0}, "version": 19, "at": 1712108596.08653}
{"obj": {"type": "AssignString", "path": ["cls_summary", "all_params", "rf__class_weight"], "value": "None"}, "version": 20, "at": 1712108596.08659}
{"obj": {"type": "AssignString", "path": ["cls_summary", "all_params", "rf__criterion"], "value": "gini"}, "version": 21, "at": 1712108596.086644}
{"obj": {"type": "AssignString", "path": ["cls_summary", "all_params", "rf__max_depth"], "value": "None"}, "version": 22, "at": 1712108596.0867}
{"obj": {"type": "AssignString", "path": ["cls_summary", "all_params", "rf__max_features"], "value": "sqrt"}, "version": 23, "at": 1712108596.086752}
{"obj": {"type": "AssignString", "path": ["cls_summary", "all_params", "rf__max_leaf_nodes"], "value": "None"}, "version": 24, "at": 1712108596.086806}
{"obj": {"type": "AssignString", "path": ["cls_summary", "all_params", "rf__max_samples"], "value": "None"}, "version": 25, "at": 1712108596.08686}
{"obj": {"type": "AssignFloat", "path": ["cls_summary", "all_params", "rf__min_impurity_decrease"], "value": 0.0}, "version": 26, "at": 1712108596.08691}
{"obj": {"type": "AssignInt", "path": ["cls_summary", "all_params", "rf__min_samples_leaf"], "value": 1}, "version": 27, "at": 1712108596.086964}
{"obj": {"type": "AssignInt", "path": ["cls_summary", "all_params", "rf__min_samples_split"], "value": 10}, "version": 28, "at": 1712108596.087013}
{"obj": {"type": "AssignFloat", "path": ["cls_summary", "all_params", "rf__min_weight_fraction_leaf"], "value": 0.0}, "version": 29, "at": 1712108596.0870621}
{"obj": {"type": "AssignInt", "path": ["cls_summary", "all_params", "rf__n_estimators"], "value": 200}, "version": 30, "at": 1712108596.0873559}
{"obj": {"type": "AssignString", "path": ["cls_summary", "all_params", "rf__n_jobs"], "value": "None"}, "version": 31, "at": 1712108596.087456}
{"obj": {"type": "AssignBool", "path": ["cls_summary", "all_params", "rf__oob_score"], "value": false}, "version": 32, "at": 1712108596.0875149}
{"obj": {"type": "AssignInt", "path": ["cls_summary", "all_params", "rf__random_state"], "value": 8}, "version": 33, "at": 1712108596.08757}
{"obj": {"type": "AssignInt", "path": ["cls_summary", "all_params", "rf__verbose"], "value": 0}, "version": 34, "at": 1712108596.087623}
{"obj": {"type": "AssignBool", "path": ["cls_summary", "all_params", "rf__warm_start"], "value": false}, "version": 35, "at": 1712108596.0876758}
{"obj": {"type": "UploadFile", "path": ["cls_summary", "pickled_model"], "ext": "pkl", "file_path": null, "tmp_file_name": "cls_summary_pickled_model-1712108596.087745-2024-04-02_21.43.16.087745.pkl", "clean_after_upload": false}, "version": 36, "at": 1712108596.0898628}
{"obj": {"type": "UploadFile", "path": ["cls_summary", "test", "preds"], "ext": "html", "file_path": null, "tmp_file_name": "cls_summary_test_preds-1712108596.090014-2024-04-02_21.43.16.090014.html", "clean_after_upload": false}, "version": 37, "at": 1712108596.090278}
{"obj": {"type": "UploadFile", "path": ["cls_summary", "test", "preds_proba"], "ext": "html", "file_path": null, "tmp_file_name": "cls_summary_test_preds_proba-1712108596.090383-2024-04-02_21.43.16.090383.html", "clean_after_upload": false}, "version": 38, "at": 1712108596.09057}
{"obj": {"type": "AssignFloat", "path": ["cls_summary", "test", "scores", "class_0", "precision"], "value": 0.776595744680851}, "version": 39, "at": 1712108596.090773}
{"obj": {"type": "AssignFloat", "path": ["cls_summary", "test", "scores", "class_0", "recall"], "value": 0.8111111111111111}, "version": 40, "at": 1712108596.0908318}
{"obj": {"type": "AssignFloat", "path": ["cls_summary", "test", "scores", "class_0", "fbeta_score"], "value": 0.7934782608695652}, "version": 41, "at": 1712108596.090889}
{"obj": {"type": "AssignFloat", "path": ["cls_summary", "test", "scores", "class_0", "support"], "value": 90.0}, "version": 42, "at": 1712108596.091019}
{"obj": {"type": "AssignFloat", "path": ["cls_summary", "test", "scores", "class_1", "precision"], "value": 0.8023255813953488}, "version": 43, "at": 1712108596.091097}
{"obj": {"type": "AssignFloat", "path": ["cls_summary", "test", "scores", "class_1", "recall"], "value": 0.7666666666666667}, "version": 44, "at": 1712108596.091149}
{"obj": {"type": "AssignFloat", "path": ["cls_summary", "test", "scores", "class_1", "fbeta_score"], "value": 0.7840909090909092}, "version": 45, "at": 1712108596.091201}
{"obj": {"type": "AssignFloat", "path": ["cls_summary", "test", "scores", "class_1", "support"], "value": 90.0}, "version": 46, "at": 1712108596.091253}
{"obj": {"type": "UploadFile", "path": ["cls_summary", "diagnostics_charts", "classification_report"], "ext": "png", "file_path": null, "tmp_file_name": "cls_summary_diagnostics_charts_classification_report-1712108596.091329-2024-04-02_21.43.16.091329.png", "clean_after_upload": false}, "version": 47, "at": 1712108596.091509}
{"obj": {"type": "UploadFile", "path": ["cls_summary", "diagnostics_charts", "confusion_matrix"], "ext": "png", "file_path": null, "tmp_file_name": "cls_summary_diagnostics_charts_confusion_matrix-1712108596.091574-2024-04-02_21.43.16.091574.png", "clean_after_upload": false}, "version": 48, "at": 1712108596.0918021}
{"obj": {"type": "UploadFile", "path": ["cls_summary", "diagnostics_charts", "ROC_AUC"], "ext": "png", "file_path": null, "tmp_file_name": "cls_summary_diagnostics_charts_ROC_AUC-1712108596.091864-2024-04-02_21.43.16.091864.png", "clean_after_upload": false}, "version": 49, "at": 1712108596.092169}
{"obj": {"type": "UploadFile", "path": ["cls_summary", "diagnostics_charts", "precision_recall"], "ext": "png", "file_path": null, "tmp_file_name": "cls_summary_diagnostics_charts_precision_recall-1712108596.092243-2024-04-02_21.43.16.092243.png", "clean_after_upload": false}, "version": 50, "at": 1712108596.0924559}
{"obj": {"type": "UploadFile", "path": ["cls_summary", "diagnostics_charts", "class_prediction_error"], "ext": "png", "file_path": null, "tmp_file_name": "cls_summary_diagnostics_charts_class_prediction_error-1712108596.09252-2024-04-02_21.43.16.092520.png", "clean_after_upload": false}, "version": 51, "at": 1712108596.092756}
{"obj": {"type": "AssignString", "path": ["cls_summary", "integration", "about", "neptune-sklearn"], "value": "2.1.0"}, "version": 52, "at": 1712108596.092842}
{"obj": {"type": "AssignInt", "path": ["params", "rf__min_samples_split"], "value": 10}, "version": 53, "at": 1712108596.093215}
{"obj": {"type": "AssignInt", "path": ["params", "rf__n_estimators"], "value": 200}, "version": 54, "at": 1712108596.0932748}
{"obj": {"type": "UploadFile", "path": ["data", "feature_importance"], "ext": "html", "file_path": null, "tmp_file_name": "data_feature_importance-1712108631.697965-2024-04-02_21.43.51.697965.html", "clean_after_upload": false}, "version": 55, "at": 1712108631.6983628}
{"obj": {"type": "UploadFile", "path": ["feature_importance"], "ext": "png", "file_path": "/Users/shehjarsadhu/Desktop/UniversityOfRhodeIsland/Graduate/WBL/Project_Q2Behave/GitQ2Bheave/q2behave_data_analysis/jupyternotebooks/ML_Toolbox/feature_importance.png", "tmp_file_name": null, "clean_after_upload": false}, "version": 56, "at": 1712108631.785392}
{"obj": {"type": "UploadFile", "path": ["roc_curve"], "ext": "png", "file_path": "/Users/shehjarsadhu/Desktop/UniversityOfRhodeIsland/Graduate/WBL/Project_Q2Behave/GitQ2Bheave/q2behave_data_analysis/jupyternotebooks/ML_Toolbox/roc_curve_class.png", "tmp_file_name": null, "clean_after_upload": false}, "version": 57, "at": 1712108631.898517}
{"obj": {"type": "AssignFloat", "path": ["precision"], "value": 0.7894606630380999}, "version": 58, "at": 1712108632.1027572}
{"obj": {"type": "AssignFloat", "path": ["recall"], "value": 0.7888888888888889}, "version": 59, "at": 1712108632.102985}
{"obj": {"type": "AssignFloat", "path": ["f1_score"], "value": 0.7887845849802372}, "version": 60, "at": 1712108632.1030662}
{"obj": {"type": "AssignFloat", "path": ["mean_train_accuracy"], "value": 0.9966592427616927}, "version": 61, "at": 1712108632.103143}
{"obj": {"type": "AssignFloat", "path": ["mean_test_accuracy"], "value": 0.5779510022271714}, "version": 62, "at": 1712108632.103214}
{"obj": {"type": "AssignFloat", "path": ["mean_sensitivity"], "value": 0.5522916666666666}, "version": 63, "at": 1712108632.103285}
