{"obj": {"type": "AssignString", "path": ["sys", "name"], "value": "3-Foldtest_size_0.2_RF"}, "version": 1, "at": 1712176845.74723}
{"obj": {"type": "AssignString", "path": ["sys", "description"], "value": ""}, "version": 2, "at": 1712176845.747591}
{"obj": {"type": "AssignString", "path": ["monitoring", "ec81925f", "hostname"], "value": "156.4.20.172.s.wireless.uri.edu"}, "version": 3, "at": 1712176845.747927}
{"obj": {"type": "AssignString", "path": ["sys", "hostname"], "value": "156.4.20.172.s.wireless.uri.edu"}, "version": 4, "at": 1712176845.7481039}
{"obj": {"type": "AssignString", "path": ["monitoring", "ec81925f", "pid"], "value": "2918"}, "version": 5, "at": 1712176845.7483032}
{"obj": {"type": "AssignString", "path": ["monitoring", "ec81925f", "tid"], "value": "140704319387200"}, "version": 6, "at": 1712176845.748457}
{"obj": {"type": "AssignBool", "path": ["sys", "failed"], "value": false}, "version": 7, "at": 1712176845.7485409}
{"obj": {"type": "AssignString", "path": ["pid"], "value": "P14"}, "version": 8, "at": 1712176845.75636}
{"obj": {"type": "UploadFile", "path": ["data", "feature_table"], "ext": "html", "file_path": null, "tmp_file_name": "data_feature_table-1712176846.677886-2024-04-03_16.40.46.677886.html", "clean_after_upload": false}, "version": 9, "at": 1712176846.6808698}
{"obj": {"type": "AssignString", "path": ["original"], "value": "type\n0    1403\n1     118\nName: count, dtype: int64"}, "version": 10, "at": 1712176846.682316}
{"obj": {"type": "AssignString", "path": ["train_samples_undersampled"], "value": "type\n0    118\n1    118\nName: count, dtype: int64"}, "version": 11, "at": 1712176846.68306}
{"obj": {"type": "AssignString", "path": ["test_samples_undersampled"], "value": "type\n1    24\n0    24\nName: count, dtype: int64"}, "version": 12, "at": 1712176846.683481}
{"obj": {"type": "AssignString", "path": ["tag"], "value": "Clus"}, "version": 13, "at": 1712176846.683558}
{"obj": {"type": "UploadFile", "path": ["data", "test_data"], "ext": "html", "file_path": null, "tmp_file_name": "data_test_data-1712176856.069121-2024-04-03_16.40.56.069121.html", "clean_after_upload": false}, "version": 14, "at": 1712176856.06956}
{"obj": {"type": "AssignString", "path": ["cls_summary", "all_params", "memory"], "value": "None"}, "version": 15, "at": 1712176857.038877}
{"obj": {"type": "AssignString", "path": ["cls_summary", "all_params", "steps"], "value": "[('rf', RandomForestClassifier(min_samples_split=10, random_state=8))]"}, "version": 16, "at": 1712176857.039565}
{"obj": {"type": "AssignBool", "path": ["cls_summary", "all_params", "verbose"], "value": false}, "version": 17, "at": 1712176857.039722}
{"obj": {"type": "AssignString", "path": ["cls_summary", "all_params", "rf"], "value": "RandomForestClassifier(min_samples_split=10, random_state=8)"}, "version": 18, "at": 1712176857.040382}
{"obj": {"type": "AssignBool", "path": ["cls_summary", "all_params", "rf__bootstrap"], "value": true}, "version": 19, "at": 1712176857.040504}
{"obj": {"type": "AssignFloat", "path": ["cls_summary", "all_params", "rf__ccp_alpha"], "value": 0.0}, "version": 20, "at": 1712176857.040614}
{"obj": {"type": "AssignString", "path": ["cls_summary", "all_params", "rf__class_weight"], "value": "None"}, "version": 21, "at": 1712176857.0406988}
{"obj": {"type": "AssignString", "path": ["cls_summary", "all_params", "rf__criterion"], "value": "gini"}, "version": 22, "at": 1712176857.040771}
{"obj": {"type": "AssignString", "path": ["cls_summary", "all_params", "rf__max_depth"], "value": "None"}, "version": 23, "at": 1712176857.040836}
{"obj": {"type": "AssignString", "path": ["cls_summary", "all_params", "rf__max_features"], "value": "sqrt"}, "version": 24, "at": 1712176857.0409112}
{"obj": {"type": "AssignString", "path": ["cls_summary", "all_params", "rf__max_leaf_nodes"], "value": "None"}, "version": 25, "at": 1712176857.040975}
{"obj": {"type": "AssignString", "path": ["cls_summary", "all_params", "rf__max_samples"], "value": "None"}, "version": 26, "at": 1712176857.041047}
{"obj": {"type": "AssignFloat", "path": ["cls_summary", "all_params", "rf__min_impurity_decrease"], "value": 0.0}, "version": 27, "at": 1712176857.0411031}
{"obj": {"type": "AssignInt", "path": ["cls_summary", "all_params", "rf__min_samples_leaf"], "value": 1}, "version": 28, "at": 1712176857.041165}
{"obj": {"type": "AssignInt", "path": ["cls_summary", "all_params", "rf__min_samples_split"], "value": 10}, "version": 29, "at": 1712176857.041267}
{"obj": {"type": "AssignFloat", "path": ["cls_summary", "all_params", "rf__min_weight_fraction_leaf"], "value": 0.0}, "version": 30, "at": 1712176857.041363}
{"obj": {"type": "AssignInt", "path": ["cls_summary", "all_params", "rf__n_estimators"], "value": 100}, "version": 31, "at": 1712176857.041426}
{"obj": {"type": "AssignString", "path": ["cls_summary", "all_params", "rf__n_jobs"], "value": "None"}, "version": 32, "at": 1712176857.041503}
{"obj": {"type": "AssignBool", "path": ["cls_summary", "all_params", "rf__oob_score"], "value": false}, "version": 33, "at": 1712176857.04157}
{"obj": {"type": "AssignInt", "path": ["cls_summary", "all_params", "rf__random_state"], "value": 8}, "version": 34, "at": 1712176857.0416331}
{"obj": {"type": "AssignInt", "path": ["cls_summary", "all_params", "rf__verbose"], "value": 0}, "version": 35, "at": 1712176857.0416892}
{"obj": {"type": "AssignBool", "path": ["cls_summary", "all_params", "rf__warm_start"], "value": false}, "version": 36, "at": 1712176857.0417438}
{"obj": {"type": "UploadFile", "path": ["cls_summary", "pickled_model"], "ext": "pkl", "file_path": null, "tmp_file_name": "cls_summary_pickled_model-1712176857.04188-2024-04-03_16.40.57.041880.pkl", "clean_after_upload": false}, "version": 37, "at": 1712176857.0424252}
{"obj": {"type": "UploadFile", "path": ["cls_summary", "test", "preds"], "ext": "html", "file_path": null, "tmp_file_name": "cls_summary_test_preds-1712176857.042561-2024-04-03_16.40.57.042561.html", "clean_after_upload": false}, "version": 38, "at": 1712176857.042807}
{"obj": {"type": "UploadFile", "path": ["cls_summary", "test", "preds_proba"], "ext": "html", "file_path": null, "tmp_file_name": "cls_summary_test_preds_proba-1712176857.042896-2024-04-03_16.40.57.042896.html", "clean_after_upload": false}, "version": 39, "at": 1712176857.043126}
{"obj": {"type": "AssignFloat", "path": ["cls_summary", "test", "scores", "class_0", "precision"], "value": 0.8214285714285714}, "version": 40, "at": 1712176857.043424}
{"obj": {"type": "AssignFloat", "path": ["cls_summary", "test", "scores", "class_0", "recall"], "value": 0.9583333333333334}, "version": 41, "at": 1712176857.04355}
{"obj": {"type": "AssignFloat", "path": ["cls_summary", "test", "scores", "class_0", "fbeta_score"], "value": 0.8846153846153847}, "version": 42, "at": 1712176857.043624}
{"obj": {"type": "AssignFloat", "path": ["cls_summary", "test", "scores", "class_0", "support"], "value": 24.0}, "version": 43, "at": 1712176857.0436878}
{"obj": {"type": "AssignFloat", "path": ["cls_summary", "test", "scores", "class_1", "precision"], "value": 0.95}, "version": 44, "at": 1712176857.043778}
{"obj": {"type": "AssignFloat", "path": ["cls_summary", "test", "scores", "class_1", "recall"], "value": 0.7916666666666666}, "version": 45, "at": 1712176857.0438368}
{"obj": {"type": "AssignFloat", "path": ["cls_summary", "test", "scores", "class_1", "fbeta_score"], "value": 0.8636363636363635}, "version": 46, "at": 1712176857.044023}
{"obj": {"type": "AssignFloat", "path": ["cls_summary", "test", "scores", "class_1", "support"], "value": 24.0}, "version": 47, "at": 1712176857.044112}
{"obj": {"type": "UploadFile", "path": ["cls_summary", "diagnostics_charts", "classification_report"], "ext": "png", "file_path": null, "tmp_file_name": "cls_summary_diagnostics_charts_classification_report-1712176857.044256-2024-04-03_16.40.57.044256.png", "clean_after_upload": false}, "version": 48, "at": 1712176857.0446038}
{"obj": {"type": "UploadFile", "path": ["cls_summary", "diagnostics_charts", "confusion_matrix"], "ext": "png", "file_path": null, "tmp_file_name": "cls_summary_diagnostics_charts_confusion_matrix-1712176857.044814-2024-04-03_16.40.57.044814.png", "clean_after_upload": false}, "version": 49, "at": 1712176857.045132}
{"obj": {"type": "UploadFile", "path": ["cls_summary", "diagnostics_charts", "ROC_AUC"], "ext": "png", "file_path": null, "tmp_file_name": "cls_summary_diagnostics_charts_ROC_AUC-1712176857.045214-2024-04-03_16.40.57.045214.png", "clean_after_upload": false}, "version": 50, "at": 1712176857.0456471}
{"obj": {"type": "UploadFile", "path": ["cls_summary", "diagnostics_charts", "precision_recall"], "ext": "png", "file_path": null, "tmp_file_name": "cls_summary_diagnostics_charts_precision_recall-1712176857.045788-2024-04-03_16.40.57.045788.png", "clean_after_upload": false}, "version": 51, "at": 1712176857.046081}
{"obj": {"type": "UploadFile", "path": ["cls_summary", "diagnostics_charts", "class_prediction_error"], "ext": "png", "file_path": null, "tmp_file_name": "cls_summary_diagnostics_charts_class_prediction_error-1712176857.046188-2024-04-03_16.40.57.046188.png", "clean_after_upload": false}, "version": 52, "at": 1712176857.046422}
{"obj": {"type": "AssignString", "path": ["cls_summary", "integration", "about", "neptune-sklearn"], "value": "2.1.0"}, "version": 53, "at": 1712176857.0465522}
{"obj": {"type": "AssignInt", "path": ["params", "rf__min_samples_split"], "value": 10}, "version": 54, "at": 1712176857.047395}
{"obj": {"type": "AssignInt", "path": ["params", "rf__n_estimators"], "value": 100}, "version": 55, "at": 1712176857.0477068}
{"obj": {"type": "UploadFile", "path": ["data", "feature_importance"], "ext": "html", "file_path": null, "tmp_file_name": "data_feature_importance-1712176871.636836-2024-04-03_16.41.11.636836.html", "clean_after_upload": false}, "version": 56, "at": 1712176871.637217}
{"obj": {"type": "UploadFile", "path": ["feature_importance"], "ext": "png", "file_path": "/Users/shehjarsadhu/Desktop/UniversityOfRhodeIsland/Graduate/WBL/Project_Q2Behave/GitQ2Bheave/q2behave_data_analysis/jupyternotebooks/ML_Toolbox/feature_importance.png", "tmp_file_name": null, "clean_after_upload": false}, "version": 57, "at": 1712176871.741009}
{"obj": {"type": "UploadFile", "path": ["roc_curve"], "ext": "png", "file_path": "/Users/shehjarsadhu/Desktop/UniversityOfRhodeIsland/Graduate/WBL/Project_Q2Behave/GitQ2Bheave/q2behave_data_analysis/jupyternotebooks/ML_Toolbox/roc_curve_class.png", "tmp_file_name": null, "clean_after_upload": false}, "version": 58, "at": 1712176871.8830552}
{"obj": {"type": "AssignFloat", "path": ["precision"], "value": 0.8857142857142857}, "version": 59, "at": 1712176872.165053}
{"obj": {"type": "AssignFloat", "path": ["recall"], "value": 0.875}, "version": 60, "at": 1712176872.16561}
{"obj": {"type": "AssignFloat", "path": ["f1_score"], "value": 0.8741258741258742}, "version": 61, "at": 1712176872.165792}
{"obj": {"type": "AssignFloat", "path": ["mean_train_accuracy"], "value": 0.9660969120374103}, "version": 62, "at": 1712176872.165896}
{"obj": {"type": "AssignFloat", "path": ["mean_test_accuracy"], "value": 0.8093151574164233}, "version": 63, "at": 1712176872.165983}
{"obj": {"type": "AssignFloat", "path": ["mean_sensitivity"], "value": 0.7290598290598291}, "version": 64, "at": 1712176872.166075}
