{"obj": {"type": "AssignString", "path": ["sys", "name"], "value": "2-Foldtest_size_0.2_RF"}, "version": 1, "at": 1712176414.1810188}
{"obj": {"type": "AssignString", "path": ["sys", "description"], "value": ""}, "version": 2, "at": 1712176414.18132}
{"obj": {"type": "AssignString", "path": ["monitoring", "ec81925f", "hostname"], "value": "156.4.20.172.s.wireless.uri.edu"}, "version": 3, "at": 1712176414.181443}
{"obj": {"type": "AssignString", "path": ["sys", "hostname"], "value": "156.4.20.172.s.wireless.uri.edu"}, "version": 4, "at": 1712176414.18152}
{"obj": {"type": "AssignString", "path": ["monitoring", "ec81925f", "pid"], "value": "2918"}, "version": 5, "at": 1712176414.1815941}
{"obj": {"type": "AssignString", "path": ["monitoring", "ec81925f", "tid"], "value": "140704319387200"}, "version": 6, "at": 1712176414.181664}
{"obj": {"type": "AssignBool", "path": ["sys", "failed"], "value": false}, "version": 7, "at": 1712176414.181726}
{"obj": {"type": "AssignString", "path": ["pid"], "value": "P19"}, "version": 8, "at": 1712176414.189286}
{"obj": {"type": "UploadFile", "path": ["data", "feature_table"], "ext": "html", "file_path": null, "tmp_file_name": "data_feature_table-1712176415.251418-2024-04-03_16.33.35.251418.html", "clean_after_upload": false}, "version": 9, "at": 1712176415.254582}
{"obj": {"type": "AssignString", "path": ["original"], "value": "type\n0    1146\n1     411\nName: count, dtype: int64"}, "version": 10, "at": 1712176415.2555552}
{"obj": {"type": "AssignString", "path": ["train_samples_undersampled"], "value": "type\n0    411\n1    411\nName: count, dtype: int64"}, "version": 11, "at": 1712176415.256124}
{"obj": {"type": "AssignString", "path": ["test_samples_undersampled"], "value": "type\n1    83\n0    82\nName: count, dtype: int64"}, "version": 12, "at": 1712176415.256618}
{"obj": {"type": "AssignString", "path": ["tag"], "value": "Clus"}, "version": 13, "at": 1712176415.256695}
{"obj": {"type": "UploadFile", "path": ["data", "test_data"], "ext": "html", "file_path": null, "tmp_file_name": "data_test_data-1712176425.089664-2024-04-03_16.33.45.089664.html", "clean_after_upload": false}, "version": 14, "at": 1712176425.090742}
{"obj": {"type": "AssignString", "path": ["cls_summary", "all_params", "memory"], "value": "None"}, "version": 15, "at": 1712176426.2428238}
{"obj": {"type": "AssignString", "path": ["cls_summary", "all_params", "steps"], "value": "[('rf', RandomForestClassifier(max_depth=10, n_estimators=300, random_state=8))]"}, "version": 16, "at": 1712176426.243289}
{"obj": {"type": "AssignBool", "path": ["cls_summary", "all_params", "verbose"], "value": false}, "version": 17, "at": 1712176426.243383}
{"obj": {"type": "AssignString", "path": ["cls_summary", "all_params", "rf"], "value": "RandomForestClassifier(max_depth=10, n_estimators=300, random_state=8)"}, "version": 18, "at": 1712176426.243744}
{"obj": {"type": "AssignBool", "path": ["cls_summary", "all_params", "rf__bootstrap"], "value": true}, "version": 19, "at": 1712176426.243813}
{"obj": {"type": "AssignFloat", "path": ["cls_summary", "all_params", "rf__ccp_alpha"], "value": 0.0}, "version": 20, "at": 1712176426.2439082}
{"obj": {"type": "AssignString", "path": ["cls_summary", "all_params", "rf__class_weight"], "value": "None"}, "version": 21, "at": 1712176426.243975}
{"obj": {"type": "AssignString", "path": ["cls_summary", "all_params", "rf__criterion"], "value": "gini"}, "version": 22, "at": 1712176426.244035}
{"obj": {"type": "AssignInt", "path": ["cls_summary", "all_params", "rf__max_depth"], "value": 10}, "version": 23, "at": 1712176426.244123}
{"obj": {"type": "AssignString", "path": ["cls_summary", "all_params", "rf__max_features"], "value": "sqrt"}, "version": 24, "at": 1712176426.244182}
{"obj": {"type": "AssignString", "path": ["cls_summary", "all_params", "rf__max_leaf_nodes"], "value": "None"}, "version": 25, "at": 1712176426.2442582}
{"obj": {"type": "AssignString", "path": ["cls_summary", "all_params", "rf__max_samples"], "value": "None"}, "version": 26, "at": 1712176426.244319}
{"obj": {"type": "AssignFloat", "path": ["cls_summary", "all_params", "rf__min_impurity_decrease"], "value": 0.0}, "version": 27, "at": 1712176426.244398}
{"obj": {"type": "AssignInt", "path": ["cls_summary", "all_params", "rf__min_samples_leaf"], "value": 1}, "version": 28, "at": 1712176426.2444532}
{"obj": {"type": "AssignInt", "path": ["cls_summary", "all_params", "rf__min_samples_split"], "value": 2}, "version": 29, "at": 1712176426.2445052}
{"obj": {"type": "AssignFloat", "path": ["cls_summary", "all_params", "rf__min_weight_fraction_leaf"], "value": 0.0}, "version": 30, "at": 1712176426.2445571}
{"obj": {"type": "AssignInt", "path": ["cls_summary", "all_params", "rf__n_estimators"], "value": 300}, "version": 31, "at": 1712176426.244609}
{"obj": {"type": "AssignString", "path": ["cls_summary", "all_params", "rf__n_jobs"], "value": "None"}, "version": 32, "at": 1712176426.2446668}
{"obj": {"type": "AssignBool", "path": ["cls_summary", "all_params", "rf__oob_score"], "value": false}, "version": 33, "at": 1712176426.2447438}
{"obj": {"type": "AssignInt", "path": ["cls_summary", "all_params", "rf__random_state"], "value": 8}, "version": 34, "at": 1712176426.2448099}
{"obj": {"type": "AssignInt", "path": ["cls_summary", "all_params", "rf__verbose"], "value": 0}, "version": 35, "at": 1712176426.244931}
{"obj": {"type": "AssignBool", "path": ["cls_summary", "all_params", "rf__warm_start"], "value": false}, "version": 36, "at": 1712176426.245147}
{"obj": {"type": "UploadFile", "path": ["cls_summary", "pickled_model"], "ext": "pkl", "file_path": null, "tmp_file_name": "cls_summary_pickled_model-1712176426.24528-2024-04-03_16.33.46.245280.pkl", "clean_after_upload": false}, "version": 37, "at": 1712176426.2501729}
{"obj": {"type": "UploadFile", "path": ["cls_summary", "test", "preds"], "ext": "html", "file_path": null, "tmp_file_name": "cls_summary_test_preds-1712176426.250399-2024-04-03_16.33.46.250399.html", "clean_after_upload": false}, "version": 38, "at": 1712176426.2507122}
{"obj": {"type": "UploadFile", "path": ["cls_summary", "test", "preds_proba"], "ext": "html", "file_path": null, "tmp_file_name": "cls_summary_test_preds_proba-1712176426.250809-2024-04-03_16.33.46.250809.html", "clean_after_upload": false}, "version": 39, "at": 1712176426.251168}
{"obj": {"type": "AssignFloat", "path": ["cls_summary", "test", "scores", "class_0", "precision"], "value": 0.77}, "version": 40, "at": 1712176426.251358}
{"obj": {"type": "AssignFloat", "path": ["cls_summary", "test", "scores", "class_0", "recall"], "value": 0.9390243902439024}, "version": 41, "at": 1712176426.251425}
{"obj": {"type": "AssignFloat", "path": ["cls_summary", "test", "scores", "class_0", "fbeta_score"], "value": 0.8461538461538461}, "version": 42, "at": 1712176426.251487}
{"obj": {"type": "AssignFloat", "path": ["cls_summary", "test", "scores", "class_0", "support"], "value": 82.0}, "version": 43, "at": 1712176426.2515478}
{"obj": {"type": "AssignFloat", "path": ["cls_summary", "test", "scores", "class_1", "precision"], "value": 0.9230769230769231}, "version": 44, "at": 1712176426.25165}
{"obj": {"type": "AssignFloat", "path": ["cls_summary", "test", "scores", "class_1", "recall"], "value": 0.7228915662650602}, "version": 45, "at": 1712176426.251737}
{"obj": {"type": "AssignFloat", "path": ["cls_summary", "test", "scores", "class_1", "fbeta_score"], "value": 0.810810810810811}, "version": 46, "at": 1712176426.2518232}
{"obj": {"type": "AssignFloat", "path": ["cls_summary", "test", "scores", "class_1", "support"], "value": 83.0}, "version": 47, "at": 1712176426.251879}
{"obj": {"type": "UploadFile", "path": ["cls_summary", "diagnostics_charts", "classification_report"], "ext": "png", "file_path": null, "tmp_file_name": "cls_summary_diagnostics_charts_classification_report-1712176426.251966-2024-04-03_16.33.46.251966.png", "clean_after_upload": false}, "version": 48, "at": 1712176426.252513}
{"obj": {"type": "UploadFile", "path": ["cls_summary", "diagnostics_charts", "confusion_matrix"], "ext": "png", "file_path": null, "tmp_file_name": "cls_summary_diagnostics_charts_confusion_matrix-1712176426.252675-2024-04-03_16.33.46.252675.png", "clean_after_upload": false}, "version": 49, "at": 1712176426.2530198}
{"obj": {"type": "UploadFile", "path": ["cls_summary", "diagnostics_charts", "ROC_AUC"], "ext": "png", "file_path": null, "tmp_file_name": "cls_summary_diagnostics_charts_ROC_AUC-1712176426.253122-2024-04-03_16.33.46.253122.png", "clean_after_upload": false}, "version": 50, "at": 1712176426.253611}
{"obj": {"type": "UploadFile", "path": ["cls_summary", "diagnostics_charts", "precision_recall"], "ext": "png", "file_path": null, "tmp_file_name": "cls_summary_diagnostics_charts_precision_recall-1712176426.253733-2024-04-03_16.33.46.253733.png", "clean_after_upload": false}, "version": 51, "at": 1712176426.2540102}
{"obj": {"type": "UploadFile", "path": ["cls_summary", "diagnostics_charts", "class_prediction_error"], "ext": "png", "file_path": null, "tmp_file_name": "cls_summary_diagnostics_charts_class_prediction_error-1712176426.254119-2024-04-03_16.33.46.254119.png", "clean_after_upload": false}, "version": 52, "at": 1712176426.254431}
{"obj": {"type": "AssignString", "path": ["cls_summary", "integration", "about", "neptune-sklearn"], "value": "2.1.0"}, "version": 53, "at": 1712176426.254588}
{"obj": {"type": "AssignInt", "path": ["params", "rf__max_depth"], "value": 10}, "version": 54, "at": 1712176426.255184}
{"obj": {"type": "AssignInt", "path": ["params", "rf__min_samples_split"], "value": 2}, "version": 55, "at": 1712176426.255285}
{"obj": {"type": "AssignInt", "path": ["params", "rf__n_estimators"], "value": 300}, "version": 56, "at": 1712176426.2553449}
{"obj": {"type": "UploadFile", "path": ["data", "feature_importance"], "ext": "html", "file_path": null, "tmp_file_name": "data_feature_importance-1712176492.677636-2024-04-03_16.34.52.677636.html", "clean_after_upload": false}, "version": 57, "at": 1712176492.678122}
{"obj": {"type": "UploadFile", "path": ["feature_importance"], "ext": "png", "file_path": "/Users/shehjarsadhu/Desktop/UniversityOfRhodeIsland/Graduate/WBL/Project_Q2Behave/GitQ2Bheave/q2behave_data_analysis/jupyternotebooks/ML_Toolbox/feature_importance.png", "tmp_file_name": null, "clean_after_upload": false}, "version": 58, "at": 1712176492.779895}
{"obj": {"type": "UploadFile", "path": ["roc_curve"], "ext": "png", "file_path": "/Users/shehjarsadhu/Desktop/UniversityOfRhodeIsland/Graduate/WBL/Project_Q2Behave/GitQ2Bheave/q2behave_data_analysis/jupyternotebooks/ML_Toolbox/roc_curve_class.png", "tmp_file_name": null, "clean_after_upload": false}, "version": 59, "at": 1712176492.925088}
{"obj": {"type": "AssignFloat", "path": ["precision"], "value": 0.8470023310023311}, "version": 60, "at": 1712176493.25282}
{"obj": {"type": "AssignFloat", "path": ["recall"], "value": 0.8303030303030303}, "version": 61, "at": 1712176493.253279}
{"obj": {"type": "AssignFloat", "path": ["f1_score"], "value": 0.8283752283752285}, "version": 62, "at": 1712176493.253392}
{"obj": {"type": "AssignFloat", "path": ["mean_train_accuracy"], "value": 1.0}, "version": 63, "at": 1712176493.25348}
{"obj": {"type": "AssignFloat", "path": ["mean_test_accuracy"], "value": 0.718978102189781}, "version": 64, "at": 1712176493.25356}
{"obj": {"type": "AssignFloat", "path": ["mean_sensitivity"], "value": 0.6108453705896282}, "version": 65, "at": 1712176493.253639}
