{"obj": {"type": "AssignString", "path": ["sys", "name"], "value": "10-Foldtest_size_0.2_RF"}, "version": 1, "at": 1708186199.693331}
{"obj": {"type": "AssignString", "path": ["sys", "description"], "value": ""}, "version": 2, "at": 1708186199.693693}
{"obj": {"type": "AssignString", "path": ["monitoring", "0c8f0536", "hostname"], "value": "156.4.20.172.s.wireless.uri.edu"}, "version": 3, "at": 1708186199.693877}
{"obj": {"type": "AssignString", "path": ["sys", "hostname"], "value": "156.4.20.172.s.wireless.uri.edu"}, "version": 4, "at": 1708186199.694012}
{"obj": {"type": "AssignString", "path": ["monitoring", "0c8f0536", "pid"], "value": "6995"}, "version": 5, "at": 1708186199.694143}
{"obj": {"type": "AssignString", "path": ["monitoring", "0c8f0536", "tid"], "value": "140704465368640"}, "version": 6, "at": 1708186199.694277}
{"obj": {"type": "AssignBool", "path": ["sys", "failed"], "value": false}, "version": 7, "at": 1708186199.6943722}
{"obj": {"type": "UploadFile", "path": ["data", "feature_table"], "ext": "html", "file_path": null, "tmp_file_name": "data_feature_table-1708186200.520075-2024-02-17_11.10.00.520075.html", "clean_after_upload": false}, "version": 8, "at": 1708186200.522869}
{"obj": {"type": "UploadFile", "path": ["data", "test_data"], "ext": "html", "file_path": null, "tmp_file_name": "data_test_data-1708186252.256149-2024-02-17_11.10.52.256149.html", "clean_after_upload": false}, "version": 9, "at": 1708186252.256738}
{"obj": {"type": "AssignString", "path": ["cls_summary", "all_params", "memory"], "value": "None"}, "version": 10, "at": 1708186253.6247628}
{"obj": {"type": "AssignString", "path": ["cls_summary", "all_params", "steps"], "value": "[('rf', RandomForestClassifier(max_depth=20, n_estimators=300, random_state=8))]"}, "version": 11, "at": 1708186253.625152}
{"obj": {"type": "AssignBool", "path": ["cls_summary", "all_params", "verbose"], "value": false}, "version": 12, "at": 1708186253.625231}
{"obj": {"type": "AssignString", "path": ["cls_summary", "all_params", "rf"], "value": "RandomForestClassifier(max_depth=20, n_estimators=300, random_state=8)"}, "version": 13, "at": 1708186253.625437}
{"obj": {"type": "AssignBool", "path": ["cls_summary", "all_params", "rf__bootstrap"], "value": true}, "version": 14, "at": 1708186253.6254961}
{"obj": {"type": "AssignFloat", "path": ["cls_summary", "all_params", "rf__ccp_alpha"], "value": 0.0}, "version": 15, "at": 1708186253.625553}
{"obj": {"type": "AssignString", "path": ["cls_summary", "all_params", "rf__class_weight"], "value": "None"}, "version": 16, "at": 1708186253.625609}
{"obj": {"type": "AssignString", "path": ["cls_summary", "all_params", "rf__criterion"], "value": "gini"}, "version": 17, "at": 1708186253.6257348}
{"obj": {"type": "AssignInt", "path": ["cls_summary", "all_params", "rf__max_depth"], "value": 20}, "version": 18, "at": 1708186253.625825}
{"obj": {"type": "AssignString", "path": ["cls_summary", "all_params", "rf__max_features"], "value": "sqrt"}, "version": 19, "at": 1708186253.625877}
{"obj": {"type": "AssignString", "path": ["cls_summary", "all_params", "rf__max_leaf_nodes"], "value": "None"}, "version": 20, "at": 1708186253.6259289}
{"obj": {"type": "AssignString", "path": ["cls_summary", "all_params", "rf__max_samples"], "value": "None"}, "version": 21, "at": 1708186253.6259809}
{"obj": {"type": "AssignFloat", "path": ["cls_summary", "all_params", "rf__min_impurity_decrease"], "value": 0.0}, "version": 22, "at": 1708186253.626029}
{"obj": {"type": "AssignInt", "path": ["cls_summary", "all_params", "rf__min_samples_leaf"], "value": 1}, "version": 23, "at": 1708186253.626077}
{"obj": {"type": "AssignInt", "path": ["cls_summary", "all_params", "rf__min_samples_split"], "value": 2}, "version": 24, "at": 1708186253.626123}
{"obj": {"type": "AssignFloat", "path": ["cls_summary", "all_params", "rf__min_weight_fraction_leaf"], "value": 0.0}, "version": 25, "at": 1708186253.626168}
{"obj": {"type": "AssignInt", "path": ["cls_summary", "all_params", "rf__n_estimators"], "value": 300}, "version": 26, "at": 1708186253.6262138}
{"obj": {"type": "AssignString", "path": ["cls_summary", "all_params", "rf__n_jobs"], "value": "None"}, "version": 27, "at": 1708186253.626264}
{"obj": {"type": "AssignBool", "path": ["cls_summary", "all_params", "rf__oob_score"], "value": false}, "version": 28, "at": 1708186253.6263108}
{"obj": {"type": "AssignInt", "path": ["cls_summary", "all_params", "rf__random_state"], "value": 8}, "version": 29, "at": 1708186253.626357}
{"obj": {"type": "AssignInt", "path": ["cls_summary", "all_params", "rf__verbose"], "value": 0}, "version": 30, "at": 1708186253.626401}
{"obj": {"type": "AssignBool", "path": ["cls_summary", "all_params", "rf__warm_start"], "value": false}, "version": 31, "at": 1708186253.626445}
{"obj": {"type": "UploadFile", "path": ["cls_summary", "pickled_model"], "ext": "pkl", "file_path": null, "tmp_file_name": "cls_summary_pickled_model-1708186253.6265-2024-02-17_11.10.53.626500.pkl", "clean_after_upload": false}, "version": 32, "at": 1708186253.6325278}
{"obj": {"type": "UploadFile", "path": ["cls_summary", "test", "preds"], "ext": "html", "file_path": null, "tmp_file_name": "cls_summary_test_preds-1708186253.632773-2024-02-17_11.10.53.632773.html", "clean_after_upload": false}, "version": 33, "at": 1708186253.633176}
{"obj": {"type": "UploadFile", "path": ["cls_summary", "test", "preds_proba"], "ext": "html", "file_path": null, "tmp_file_name": "cls_summary_test_preds_proba-1708186253.633324-2024-02-17_11.10.53.633324.html", "clean_after_upload": false}, "version": 34, "at": 1708186253.633565}
{"obj": {"type": "AssignFloat", "path": ["cls_summary", "test", "scores", "class_0", "precision"], "value": 0.8973544973544973}, "version": 35, "at": 1708186253.633775}
{"obj": {"type": "AssignFloat", "path": ["cls_summary", "test", "scores", "class_0", "recall"], "value": 0.7019867549668874}, "version": 36, "at": 1708186253.633833}
{"obj": {"type": "AssignFloat", "path": ["cls_summary", "test", "scores", "class_0", "fbeta_score"], "value": 0.7877380399442638}, "version": 37, "at": 1708186253.633884}
{"obj": {"type": "AssignFloat", "path": ["cls_summary", "test", "scores", "class_0", "support"], "value": 1208.0}, "version": 38, "at": 1708186253.6339378}
{"obj": {"type": "AssignFloat", "path": ["cls_summary", "test", "scores", "class_1", "precision"], "value": 0.17995444191343962}, "version": 39, "at": 1708186253.634086}
{"obj": {"type": "AssignFloat", "path": ["cls_summary", "test", "scores", "class_1", "recall"], "value": 0.44886363636363635}, "version": 40, "at": 1708186253.634135}
{"obj": {"type": "AssignFloat", "path": ["cls_summary", "test", "scores", "class_1", "fbeta_score"], "value": 0.25691056910569104}, "version": 41, "at": 1708186253.634183}
{"obj": {"type": "AssignFloat", "path": ["cls_summary", "test", "scores", "class_1", "support"], "value": 176.0}, "version": 42, "at": 1708186253.634231}
{"obj": {"type": "UploadFile", "path": ["cls_summary", "diagnostics_charts", "classification_report"], "ext": "png", "file_path": null, "tmp_file_name": "cls_summary_diagnostics_charts_classification_report-1708186253.634345-2024-02-17_11.10.53.634345.png", "clean_after_upload": false}, "version": 43, "at": 1708186253.634549}
{"obj": {"type": "UploadFile", "path": ["cls_summary", "diagnostics_charts", "confusion_matrix"], "ext": "png", "file_path": null, "tmp_file_name": "cls_summary_diagnostics_charts_confusion_matrix-1708186253.634614-2024-02-17_11.10.53.634614.png", "clean_after_upload": false}, "version": 44, "at": 1708186253.634845}
{"obj": {"type": "UploadFile", "path": ["cls_summary", "diagnostics_charts", "ROC_AUC"], "ext": "png", "file_path": null, "tmp_file_name": "cls_summary_diagnostics_charts_ROC_AUC-1708186253.634905-2024-02-17_11.10.53.634905.png", "clean_after_upload": false}, "version": 45, "at": 1708186253.635245}
{"obj": {"type": "UploadFile", "path": ["cls_summary", "diagnostics_charts", "precision_recall"], "ext": "png", "file_path": null, "tmp_file_name": "cls_summary_diagnostics_charts_precision_recall-1708186253.635317-2024-02-17_11.10.53.635317.png", "clean_after_upload": false}, "version": 46, "at": 1708186253.635629}
{"obj": {"type": "UploadFile", "path": ["cls_summary", "diagnostics_charts", "class_prediction_error"], "ext": "png", "file_path": null, "tmp_file_name": "cls_summary_diagnostics_charts_class_prediction_error-1708186253.635866-2024-02-17_11.10.53.635866.png", "clean_after_upload": false}, "version": 47, "at": 1708186253.63612}
{"obj": {"type": "AssignString", "path": ["cls_summary", "integration", "about", "neptune-sklearn"], "value": "2.1.0"}, "version": 48, "at": 1708186253.636257}
{"obj": {"type": "AssignInt", "path": ["params", "rf__max_depth"], "value": 20}, "version": 49, "at": 1708186253.637354}
{"obj": {"type": "AssignInt", "path": ["params", "rf__min_samples_split"], "value": 2}, "version": 50, "at": 1708186253.6374369}
{"obj": {"type": "AssignInt", "path": ["params", "rf__n_estimators"], "value": 300}, "version": 51, "at": 1708186253.637485}
{"obj": {"type": "UploadFile", "path": ["roc_curve"], "ext": "png", "file_path": "/Users/shehjarsadhu/Desktop/UniversityOfRhodeIsland/Graduate/WBL/Project_Q2Behave/GitQ2Bheave/q2behave_data_analysis/jupyternotebooks/roc_curve_class.png", "tmp_file_name": null, "clean_after_upload": false}, "version": 52, "at": 1708186263.079403}
{"obj": {"type": "AssignFloat", "path": ["precision"], "value": 0.8061244325007211}, "version": 53, "at": 1708186263.210002}
{"obj": {"type": "AssignFloat", "path": ["recall"], "value": 0.6697976878612717}, "version": 54, "at": 1708186263.210191}
{"obj": {"type": "AssignFloat", "path": ["f1_score"], "value": 0.7202339685081447}, "version": 55, "at": 1708186263.210366}
{"obj": {"type": "AssignFloat", "path": ["mean_train_accuracy"], "value": 1.0}, "version": 56, "at": 1708186263.210509}
{"obj": {"type": "AssignFloat", "path": ["mean_test_accuracy"], "value": 0.7223021582733813}, "version": 57, "at": 1708186263.210649}
{"obj": {"type": "AssignFloat", "path": ["mean_sensitivity"], "value": 0.7366459627329193}, "version": 58, "at": 1708186263.210785}
