{"obj": {"type": "AssignString", "path": ["sys", "name"], "value": "3-Foldtest_size_0.2_RF"}, "version": 1, "at": 1711211134.237005}
{"obj": {"type": "AssignString", "path": ["sys", "description"], "value": ""}, "version": 2, "at": 1711211134.237464}
{"obj": {"type": "AssignString", "path": ["monitoring", "6aa31d75", "hostname"], "value": "156.4.20.172.s.wireless.uri.edu"}, "version": 3, "at": 1711211134.237707}
{"obj": {"type": "AssignString", "path": ["sys", "hostname"], "value": "156.4.20.172.s.wireless.uri.edu"}, "version": 4, "at": 1711211134.237895}
{"obj": {"type": "AssignString", "path": ["monitoring", "6aa31d75", "pid"], "value": "1465"}, "version": 5, "at": 1711211134.238077}
{"obj": {"type": "AssignString", "path": ["monitoring", "6aa31d75", "tid"], "value": "140704496821824"}, "version": 6, "at": 1711211134.238252}
{"obj": {"type": "AssignBool", "path": ["sys", "failed"], "value": false}, "version": 7, "at": 1711211134.2383769}
{"obj": {"type": "UploadFile", "path": ["data", "feature_table"], "ext": "html", "file_path": null, "tmp_file_name": "data_feature_table-1711211135.610843-2024-03-23_12.25.35.610843.html", "clean_after_upload": false}, "version": 8, "at": 1711211135.6122172}
{"obj": {"type": "UploadFile", "path": ["data", "test_data"], "ext": "html", "file_path": null, "tmp_file_name": "data_test_data-1711211159.92064-2024-03-23_12.25.59.920640.html", "clean_after_upload": false}, "version": 9, "at": 1711211159.921131}
{"obj": {"type": "AssignString", "path": ["cls_summary", "all_params", "memory"], "value": "None"}, "version": 10, "at": 1711211160.758593}
{"obj": {"type": "AssignString", "path": ["cls_summary", "all_params", "steps"], "value": "[('rf', RandomForestClassifier(max_depth=20, min_samples_split=10, n_estimators=200,\n                       random_state=8))]"}, "version": 11, "at": 1711211160.759138}
{"obj": {"type": "AssignBool", "path": ["cls_summary", "all_params", "verbose"], "value": false}, "version": 12, "at": 1711211160.75923}
{"obj": {"type": "AssignString", "path": ["cls_summary", "all_params", "rf"], "value": "RandomForestClassifier(max_depth=20, min_samples_split=10, n_estimators=200,\n                       random_state=8)"}, "version": 13, "at": 1711211160.7595751}
{"obj": {"type": "AssignBool", "path": ["cls_summary", "all_params", "rf__bootstrap"], "value": true}, "version": 14, "at": 1711211160.7596428}
{"obj": {"type": "AssignFloat", "path": ["cls_summary", "all_params", "rf__ccp_alpha"], "value": 0.0}, "version": 15, "at": 1711211160.759707}
{"obj": {"type": "AssignString", "path": ["cls_summary", "all_params", "rf__class_weight"], "value": "None"}, "version": 16, "at": 1711211160.7597718}
{"obj": {"type": "AssignString", "path": ["cls_summary", "all_params", "rf__criterion"], "value": "gini"}, "version": 17, "at": 1711211160.759831}
{"obj": {"type": "AssignInt", "path": ["cls_summary", "all_params", "rf__max_depth"], "value": 20}, "version": 18, "at": 1711211160.7598898}
{"obj": {"type": "AssignString", "path": ["cls_summary", "all_params", "rf__max_features"], "value": "sqrt"}, "version": 19, "at": 1711211160.759949}
{"obj": {"type": "AssignString", "path": ["cls_summary", "all_params", "rf__max_leaf_nodes"], "value": "None"}, "version": 20, "at": 1711211160.7600079}
{"obj": {"type": "AssignString", "path": ["cls_summary", "all_params", "rf__max_samples"], "value": "None"}, "version": 21, "at": 1711211160.760067}
{"obj": {"type": "AssignFloat", "path": ["cls_summary", "all_params", "rf__min_impurity_decrease"], "value": 0.0}, "version": 22, "at": 1711211160.760121}
{"obj": {"type": "AssignInt", "path": ["cls_summary", "all_params", "rf__min_samples_leaf"], "value": 1}, "version": 23, "at": 1711211160.760173}
{"obj": {"type": "AssignInt", "path": ["cls_summary", "all_params", "rf__min_samples_split"], "value": 10}, "version": 24, "at": 1711211160.760223}
{"obj": {"type": "AssignFloat", "path": ["cls_summary", "all_params", "rf__min_weight_fraction_leaf"], "value": 0.0}, "version": 25, "at": 1711211160.760274}
{"obj": {"type": "AssignInt", "path": ["cls_summary", "all_params", "rf__n_estimators"], "value": 200}, "version": 26, "at": 1711211160.760326}
{"obj": {"type": "AssignString", "path": ["cls_summary", "all_params", "rf__n_jobs"], "value": "None"}, "version": 27, "at": 1711211160.760384}
{"obj": {"type": "AssignBool", "path": ["cls_summary", "all_params", "rf__oob_score"], "value": false}, "version": 28, "at": 1711211160.760437}
{"obj": {"type": "AssignInt", "path": ["cls_summary", "all_params", "rf__random_state"], "value": 8}, "version": 29, "at": 1711211160.760488}
{"obj": {"type": "AssignInt", "path": ["cls_summary", "all_params", "rf__verbose"], "value": 0}, "version": 30, "at": 1711211160.7605388}
{"obj": {"type": "AssignBool", "path": ["cls_summary", "all_params", "rf__warm_start"], "value": false}, "version": 31, "at": 1711211160.7605891}
{"obj": {"type": "UploadFile", "path": ["cls_summary", "pickled_model"], "ext": "pkl", "file_path": null, "tmp_file_name": "cls_summary_pickled_model-1711211160.760651-2024-03-23_12.26.00.760651.pkl", "clean_after_upload": false}, "version": 32, "at": 1711211160.762911}
{"obj": {"type": "UploadFile", "path": ["cls_summary", "test", "preds"], "ext": "html", "file_path": null, "tmp_file_name": "cls_summary_test_preds-1711211160.763148-2024-03-23_12.26.00.763148.html", "clean_after_upload": false}, "version": 33, "at": 1711211160.763784}
{"obj": {"type": "UploadFile", "path": ["cls_summary", "test", "preds_proba"], "ext": "html", "file_path": null, "tmp_file_name": "cls_summary_test_preds_proba-1711211160.763929-2024-03-23_12.26.00.763929.html", "clean_after_upload": false}, "version": 34, "at": 1711211160.76416}
{"obj": {"type": "AssignFloat", "path": ["cls_summary", "test", "scores", "class_0", "precision"], "value": 0.7682926829268293}, "version": 35, "at": 1711211160.764391}
{"obj": {"type": "AssignFloat", "path": ["cls_summary", "test", "scores", "class_0", "recall"], "value": 0.45652173913043476}, "version": 36, "at": 1711211160.764457}
{"obj": {"type": "AssignFloat", "path": ["cls_summary", "test", "scores", "class_0", "fbeta_score"], "value": 0.5727272727272726}, "version": 37, "at": 1711211160.7645152}
{"obj": {"type": "AssignFloat", "path": ["cls_summary", "test", "scores", "class_0", "support"], "value": 138.0}, "version": 38, "at": 1711211160.764611}
{"obj": {"type": "AssignFloat", "path": ["cls_summary", "test", "scores", "class_1", "precision"], "value": 0.6134020618556701}, "version": 39, "at": 1711211160.764738}
{"obj": {"type": "AssignFloat", "path": ["cls_summary", "test", "scores", "class_1", "recall"], "value": 0.8623188405797102}, "version": 40, "at": 1711211160.764794}
{"obj": {"type": "AssignFloat", "path": ["cls_summary", "test", "scores", "class_1", "fbeta_score"], "value": 0.7168674698795181}, "version": 41, "at": 1711211160.7648482}
{"obj": {"type": "AssignFloat", "path": ["cls_summary", "test", "scores", "class_1", "support"], "value": 138.0}, "version": 42, "at": 1711211160.7649019}
{"obj": {"type": "UploadFile", "path": ["cls_summary", "diagnostics_charts", "classification_report"], "ext": "png", "file_path": null, "tmp_file_name": "cls_summary_diagnostics_charts_classification_report-1711211160.765027-2024-03-23_12.26.00.765027.png", "clean_after_upload": false}, "version": 43, "at": 1711211160.765267}
{"obj": {"type": "UploadFile", "path": ["cls_summary", "diagnostics_charts", "confusion_matrix"], "ext": "png", "file_path": null, "tmp_file_name": "cls_summary_diagnostics_charts_confusion_matrix-1711211160.765389-2024-03-23_12.26.00.765389.png", "clean_after_upload": false}, "version": 44, "at": 1711211160.7656162}
{"obj": {"type": "UploadFile", "path": ["cls_summary", "diagnostics_charts", "ROC_AUC"], "ext": "png", "file_path": null, "tmp_file_name": "cls_summary_diagnostics_charts_ROC_AUC-1711211160.765764-2024-03-23_12.26.00.765764.png", "clean_after_upload": false}, "version": 45, "at": 1711211160.765988}
{"obj": {"type": "UploadFile", "path": ["cls_summary", "diagnostics_charts", "precision_recall"], "ext": "png", "file_path": null, "tmp_file_name": "cls_summary_diagnostics_charts_precision_recall-1711211160.766096-2024-03-23_12.26.00.766096.png", "clean_after_upload": false}, "version": 46, "at": 1711211160.76631}
{"obj": {"type": "UploadFile", "path": ["cls_summary", "diagnostics_charts", "class_prediction_error"], "ext": "png", "file_path": null, "tmp_file_name": "cls_summary_diagnostics_charts_class_prediction_error-1711211160.766415-2024-03-23_12.26.00.766415.png", "clean_after_upload": false}, "version": 47, "at": 1711211160.766618}
{"obj": {"type": "AssignString", "path": ["cls_summary", "integration", "about", "neptune-sklearn"], "value": "2.1.0"}, "version": 48, "at": 1711211160.766785}
{"obj": {"type": "AssignInt", "path": ["params", "rf__max_depth"], "value": 20}, "version": 49, "at": 1711211160.766984}
{"obj": {"type": "AssignInt", "path": ["params", "rf__min_samples_split"], "value": 10}, "version": 50, "at": 1711211160.767045}
{"obj": {"type": "AssignInt", "path": ["params", "rf__n_estimators"], "value": 200}, "version": 51, "at": 1711211160.767103}
{"obj": {"type": "UploadFile", "path": ["roc_curve"], "ext": "png", "file_path": "/Users/shehjarsadhu/Desktop/UniversityOfRhodeIsland/Graduate/WBL/Project_Q2Behave/GitQ2Bheave/q2behave_data_analysis/jupyternotebooks/roc_curve_class.png", "tmp_file_name": null, "clean_after_upload": false}, "version": 52, "at": 1711211164.418988}
{"obj": {"type": "AssignFloat", "path": ["precision"], "value": 0.6908473723912498}, "version": 53, "at": 1711211164.545011}
{"obj": {"type": "AssignFloat", "path": ["recall"], "value": 0.6594202898550725}, "version": 54, "at": 1711211164.545377}
{"obj": {"type": "AssignFloat", "path": ["f1_score"], "value": 0.6447973713033953}, "version": 55, "at": 1711211164.545544}
{"obj": {"type": "AssignFloat", "path": ["mean_train_accuracy"], "value": 0.9886916408176251}, "version": 56, "at": 1711211164.545634}
{"obj": {"type": "AssignFloat", "path": ["mean_test_accuracy"], "value": 0.7124376941326095}, "version": 57, "at": 1711211164.545717}
{"obj": {"type": "AssignFloat", "path": ["mean_sensitivity"], "value": 0.7746499290846831}, "version": 58, "at": 1711211164.5457978}
