{"obj": {"type": "AssignString", "path": ["sys", "name"], "value": "2-Foldtest_size_0.2_RF"}, "version": 1, "at": 1712095619.7357}
{"obj": {"type": "AssignString", "path": ["sys", "description"], "value": ""}, "version": 2, "at": 1712095619.735981}
{"obj": {"type": "AssignString", "path": ["monitoring", "11ca8da0", "hostname"], "value": "156.4.20.172.s.wireless.uri.edu"}, "version": 3, "at": 1712095619.736114}
{"obj": {"type": "AssignString", "path": ["sys", "hostname"], "value": "156.4.20.172.s.wireless.uri.edu"}, "version": 4, "at": 1712095619.7362041}
{"obj": {"type": "AssignString", "path": ["monitoring", "11ca8da0", "pid"], "value": "85285"}, "version": 5, "at": 1712095619.7362938}
{"obj": {"type": "AssignString", "path": ["monitoring", "11ca8da0", "tid"], "value": "140704701883968"}, "version": 6, "at": 1712095619.736379}
{"obj": {"type": "AssignBool", "path": ["sys", "failed"], "value": false}, "version": 7, "at": 1712095619.736439}
{"obj": {"type": "UploadFile", "path": ["data", "feature_table"], "ext": "html", "file_path": null, "tmp_file_name": "data_feature_table-1712095624.622231-2024-04-02_18.07.04.622231.html", "clean_after_upload": false}, "version": 8, "at": 1712095624.6288698}
{"obj": {"type": "AssignString", "path": ["original"], "value": "type\n0    6004\n1    2012\nName: count, dtype: int64"}, "version": 9, "at": 1712095624.630888}
{"obj": {"type": "AssignString", "path": ["train_samples_undersampled"], "value": "type\n0    2012\n1    2012\nName: count, dtype: int64"}, "version": 10, "at": 1712095624.6314392}
{"obj": {"type": "AssignString", "path": ["test_samples_undersampled"], "value": "type\n1    403\n0    402\nName: count, dtype: int64"}, "version": 11, "at": 1712095624.631839}
{"obj": {"type": "UploadFile", "path": ["data", "test_data"], "ext": "html", "file_path": null, "tmp_file_name": "data_test_data-1712095663.830318-2024-04-02_18.07.43.830318.html", "clean_after_upload": false}, "version": 12, "at": 1712095663.832646}
{"obj": {"type": "AssignString", "path": ["cls_summary", "all_params", "memory"], "value": "None"}, "version": 13, "at": 1712095665.0174432}
{"obj": {"type": "AssignString", "path": ["cls_summary", "all_params", "steps"], "value": "[('rf', RandomForestClassifier(max_depth=10, min_samples_split=5, random_state=8))]"}, "version": 14, "at": 1712095665.017934}
{"obj": {"type": "AssignBool", "path": ["cls_summary", "all_params", "verbose"], "value": false}, "version": 15, "at": 1712095665.018042}
{"obj": {"type": "AssignString", "path": ["cls_summary", "all_params", "rf"], "value": "RandomForestClassifier(max_depth=10, min_samples_split=5, random_state=8)"}, "version": 16, "at": 1712095665.018316}
{"obj": {"type": "AssignBool", "path": ["cls_summary", "all_params", "rf__bootstrap"], "value": true}, "version": 17, "at": 1712095665.0184}
{"obj": {"type": "AssignFloat", "path": ["cls_summary", "all_params", "rf__ccp_alpha"], "value": 0.0}, "version": 18, "at": 1712095665.018483}
{"obj": {"type": "AssignString", "path": ["cls_summary", "all_params", "rf__class_weight"], "value": "None"}, "version": 19, "at": 1712095665.018559}
{"obj": {"type": "AssignString", "path": ["cls_summary", "all_params", "rf__criterion"], "value": "gini"}, "version": 20, "at": 1712095665.018621}
{"obj": {"type": "AssignInt", "path": ["cls_summary", "all_params", "rf__max_depth"], "value": 10}, "version": 21, "at": 1712095665.018687}
{"obj": {"type": "AssignString", "path": ["cls_summary", "all_params", "rf__max_features"], "value": "sqrt"}, "version": 22, "at": 1712095665.018751}
{"obj": {"type": "AssignString", "path": ["cls_summary", "all_params", "rf__max_leaf_nodes"], "value": "None"}, "version": 23, "at": 1712095665.018817}
{"obj": {"type": "AssignString", "path": ["cls_summary", "all_params", "rf__max_samples"], "value": "None"}, "version": 24, "at": 1712095665.018878}
{"obj": {"type": "AssignFloat", "path": ["cls_summary", "all_params", "rf__min_impurity_decrease"], "value": 0.0}, "version": 25, "at": 1712095665.018935}
{"obj": {"type": "AssignInt", "path": ["cls_summary", "all_params", "rf__min_samples_leaf"], "value": 1}, "version": 26, "at": 1712095665.018998}
{"obj": {"type": "AssignInt", "path": ["cls_summary", "all_params", "rf__min_samples_split"], "value": 5}, "version": 27, "at": 1712095665.0191019}
{"obj": {"type": "AssignFloat", "path": ["cls_summary", "all_params", "rf__min_weight_fraction_leaf"], "value": 0.0}, "version": 28, "at": 1712095665.0191638}
{"obj": {"type": "AssignInt", "path": ["cls_summary", "all_params", "rf__n_estimators"], "value": 100}, "version": 29, "at": 1712095665.01923}
{"obj": {"type": "AssignString", "path": ["cls_summary", "all_params", "rf__n_jobs"], "value": "None"}, "version": 30, "at": 1712095665.0192928}
{"obj": {"type": "AssignBool", "path": ["cls_summary", "all_params", "rf__oob_score"], "value": false}, "version": 31, "at": 1712095665.01935}
{"obj": {"type": "AssignInt", "path": ["cls_summary", "all_params", "rf__random_state"], "value": 8}, "version": 32, "at": 1712095665.019402}
{"obj": {"type": "AssignInt", "path": ["cls_summary", "all_params", "rf__verbose"], "value": 0}, "version": 33, "at": 1712095665.0194528}
{"obj": {"type": "AssignBool", "path": ["cls_summary", "all_params", "rf__warm_start"], "value": false}, "version": 34, "at": 1712095665.019506}
{"obj": {"type": "UploadFile", "path": ["cls_summary", "pickled_model"], "ext": "pkl", "file_path": null, "tmp_file_name": "cls_summary_pickled_model-1712095665.019568-2024-04-02_18.07.45.019568.pkl", "clean_after_upload": false}, "version": 35, "at": 1712095665.020572}
{"obj": {"type": "UploadFile", "path": ["cls_summary", "test", "preds"], "ext": "html", "file_path": null, "tmp_file_name": "cls_summary_test_preds-1712095665.020838-2024-04-02_18.07.45.020838.html", "clean_after_upload": false}, "version": 36, "at": 1712095665.021302}
{"obj": {"type": "UploadFile", "path": ["cls_summary", "test", "preds_proba"], "ext": "html", "file_path": null, "tmp_file_name": "cls_summary_test_preds_proba-1712095665.02154-2024-04-02_18.07.45.021540.html", "clean_after_upload": false}, "version": 37, "at": 1712095665.022078}
{"obj": {"type": "AssignFloat", "path": ["cls_summary", "test", "scores", "class_0", "precision"], "value": 0.7551020408163265}, "version": 38, "at": 1712095665.022389}
{"obj": {"type": "AssignFloat", "path": ["cls_summary", "test", "scores", "class_0", "recall"], "value": 0.5522388059701493}, "version": 39, "at": 1712095665.0225432}
{"obj": {"type": "AssignFloat", "path": ["cls_summary", "test", "scores", "class_0", "fbeta_score"], "value": 0.6379310344827587}, "version": 40, "at": 1712095665.022795}
{"obj": {"type": "AssignFloat", "path": ["cls_summary", "test", "scores", "class_0", "support"], "value": 402.0}, "version": 41, "at": 1712095665.022976}
{"obj": {"type": "AssignFloat", "path": ["cls_summary", "test", "scores", "class_1", "precision"], "value": 0.6477495107632094}, "version": 42, "at": 1712095665.023187}
{"obj": {"type": "AssignFloat", "path": ["cls_summary", "test", "scores", "class_1", "recall"], "value": 0.8213399503722084}, "version": 43, "at": 1712095665.023304}
{"obj": {"type": "AssignFloat", "path": ["cls_summary", "test", "scores", "class_1", "fbeta_score"], "value": 0.7242888402625822}, "version": 44, "at": 1712095665.023376}
{"obj": {"type": "AssignFloat", "path": ["cls_summary", "test", "scores", "class_1", "support"], "value": 403.0}, "version": 45, "at": 1712095665.023447}
{"obj": {"type": "UploadFile", "path": ["cls_summary", "diagnostics_charts", "classification_report"], "ext": "png", "file_path": null, "tmp_file_name": "cls_summary_diagnostics_charts_classification_report-1712095665.02358-2024-04-02_18.07.45.023580.png", "clean_after_upload": false}, "version": 46, "at": 1712095665.0252469}
{"obj": {"type": "UploadFile", "path": ["cls_summary", "diagnostics_charts", "confusion_matrix"], "ext": "png", "file_path": null, "tmp_file_name": "cls_summary_diagnostics_charts_confusion_matrix-1712095665.025424-2024-04-02_18.07.45.025424.png", "clean_after_upload": false}, "version": 47, "at": 1712095665.025943}
{"obj": {"type": "UploadFile", "path": ["cls_summary", "diagnostics_charts", "ROC_AUC"], "ext": "png", "file_path": null, "tmp_file_name": "cls_summary_diagnostics_charts_ROC_AUC-1712095665.026096-2024-04-02_18.07.45.026096.png", "clean_after_upload": false}, "version": 48, "at": 1712095665.026525}
{"obj": {"type": "UploadFile", "path": ["cls_summary", "diagnostics_charts", "precision_recall"], "ext": "png", "file_path": null, "tmp_file_name": "cls_summary_diagnostics_charts_precision_recall-1712095665.02674-2024-04-02_18.07.45.026740.png", "clean_after_upload": false}, "version": 49, "at": 1712095665.027262}
{"obj": {"type": "UploadFile", "path": ["cls_summary", "diagnostics_charts", "class_prediction_error"], "ext": "png", "file_path": null, "tmp_file_name": "cls_summary_diagnostics_charts_class_prediction_error-1712095665.027441-2024-04-02_18.07.45.027441.png", "clean_after_upload": false}, "version": 50, "at": 1712095665.027883}
{"obj": {"type": "AssignString", "path": ["cls_summary", "integration", "about", "neptune-sklearn"], "value": "2.1.0"}, "version": 51, "at": 1712095665.02805}
{"obj": {"type": "AssignInt", "path": ["params", "rf__max_depth"], "value": 10}, "version": 52, "at": 1712095665.029135}
{"obj": {"type": "AssignInt", "path": ["params", "rf__min_samples_split"], "value": 5}, "version": 53, "at": 1712095665.0293279}
{"obj": {"type": "AssignInt", "path": ["params", "rf__n_estimators"], "value": 100}, "version": 54, "at": 1712095665.029448}
{"obj": {"type": "UploadFile", "path": ["data", "feature_importance"], "ext": "html", "file_path": null, "tmp_file_name": "data_feature_importance-1712095744.196236-2024-04-02_18.09.04.196236.html", "clean_after_upload": false}, "version": 55, "at": 1712095744.1967502}
{"obj": {"type": "UploadFile", "path": ["feature_importance"], "ext": "png", "file_path": "/Users/shehjarsadhu/Desktop/UniversityOfRhodeIsland/Graduate/WBL/Project_Q2Behave/GitQ2Bheave/q2behave_data_analysis/jupyternotebooks/ML_Toolbox/feature_importance.png", "tmp_file_name": null, "clean_after_upload": false}, "version": 56, "at": 1712095744.306647}
{"obj": {"type": "UploadFile", "path": ["roc_curve"], "ext": "png", "file_path": "/Users/shehjarsadhu/Desktop/UniversityOfRhodeIsland/Graduate/WBL/Project_Q2Behave/GitQ2Bheave/q2behave_data_analysis/jupyternotebooks/ML_Toolbox/roc_curve_class.png", "tmp_file_name": null, "clean_after_upload": false}, "version": 57, "at": 1712095744.448761}
{"obj": {"type": "AssignFloat", "path": ["precision"], "value": 0.7013590971996728}, "version": 58, "at": 1712095744.7257411}
{"obj": {"type": "AssignFloat", "path": ["recall"], "value": 0.6869565217391305}, "version": 59, "at": 1712095744.7262132}
{"obj": {"type": "AssignFloat", "path": ["f1_score"], "value": 0.6811635757613537}, "version": 60, "at": 1712095744.7263098}
{"obj": {"type": "AssignFloat", "path": ["mean_train_accuracy"], "value": 0.9498011928429424}, "version": 61, "at": 1712095744.726395}
{"obj": {"type": "AssignFloat", "path": ["mean_test_accuracy"], "value": 0.6167992047713717}, "version": 62, "at": 1712095744.7264729}
{"obj": {"type": "AssignFloat", "path": ["mean_sensitivity"], "value": 0.6868787276341948}, "version": 63, "at": 1712095744.726548}
