{"obj": {"type": "AssignString", "path": ["sys", "name"], "value": "3-Foldtest_size_0.2_RF"}, "version": 1, "at": 1712081271.079276}
{"obj": {"type": "AssignString", "path": ["sys", "description"], "value": ""}, "version": 2, "at": 1712081271.079539}
{"obj": {"type": "AssignString", "path": ["monitoring", "299d85ac", "hostname"], "value": "156.4.20.172.s.wireless.uri.edu"}, "version": 3, "at": 1712081271.079627}
{"obj": {"type": "AssignString", "path": ["sys", "hostname"], "value": "156.4.20.172.s.wireless.uri.edu"}, "version": 4, "at": 1712081271.0796921}
{"obj": {"type": "AssignString", "path": ["monitoring", "299d85ac", "pid"], "value": "37603"}, "version": 5, "at": 1712081271.079757}
{"obj": {"type": "AssignString", "path": ["monitoring", "299d85ac", "tid"], "value": "140704701883968"}, "version": 6, "at": 1712081271.079817}
{"obj": {"type": "AssignBool", "path": ["sys", "failed"], "value": false}, "version": 7, "at": 1712081271.079881}
{"obj": {"type": "UploadFile", "path": ["data", "feature_table"], "ext": "html", "file_path": null, "tmp_file_name": "data_feature_table-1712081274.103243-2024-04-02_14.07.54.103243.html", "clean_after_upload": false}, "version": 8, "at": 1712081274.107397}
{"obj": {"type": "UploadFile", "path": ["data", "test_data"], "ext": "html", "file_path": null, "tmp_file_name": "data_test_data-1712081280.923174-2024-04-02_14.08.00.923174.html", "clean_after_upload": false}, "version": 9, "at": 1712081280.923639}
{"obj": {"type": "AssignString", "path": ["cls_summary", "all_params", "memory"], "value": "None"}, "version": 10, "at": 1712081281.6148381}
{"obj": {"type": "AssignString", "path": ["cls_summary", "all_params", "steps"], "value": "[('rf', RandomForestClassifier(min_samples_split=5, random_state=8))]"}, "version": 11, "at": 1712081281.615252}
{"obj": {"type": "AssignBool", "path": ["cls_summary", "all_params", "verbose"], "value": false}, "version": 12, "at": 1712081281.6153321}
{"obj": {"type": "AssignString", "path": ["cls_summary", "all_params", "rf"], "value": "RandomForestClassifier(min_samples_split=5, random_state=8)"}, "version": 13, "at": 1712081281.615594}
{"obj": {"type": "AssignBool", "path": ["cls_summary", "all_params", "rf__bootstrap"], "value": true}, "version": 14, "at": 1712081281.6158268}
{"obj": {"type": "AssignFloat", "path": ["cls_summary", "all_params", "rf__ccp_alpha"], "value": 0.0}, "version": 15, "at": 1712081281.6159391}
{"obj": {"type": "AssignString", "path": ["cls_summary", "all_params", "rf__class_weight"], "value": "None"}, "version": 16, "at": 1712081281.616008}
{"obj": {"type": "AssignString", "path": ["cls_summary", "all_params", "rf__criterion"], "value": "gini"}, "version": 17, "at": 1712081281.616065}
{"obj": {"type": "AssignString", "path": ["cls_summary", "all_params", "rf__max_depth"], "value": "None"}, "version": 18, "at": 1712081281.616123}
{"obj": {"type": "AssignString", "path": ["cls_summary", "all_params", "rf__max_features"], "value": "sqrt"}, "version": 19, "at": 1712081281.616193}
{"obj": {"type": "AssignString", "path": ["cls_summary", "all_params", "rf__max_leaf_nodes"], "value": "None"}, "version": 20, "at": 1712081281.61625}
{"obj": {"type": "AssignString", "path": ["cls_summary", "all_params", "rf__max_samples"], "value": "None"}, "version": 21, "at": 1712081281.6163049}
{"obj": {"type": "AssignFloat", "path": ["cls_summary", "all_params", "rf__min_impurity_decrease"], "value": 0.0}, "version": 22, "at": 1712081281.6163561}
{"obj": {"type": "AssignInt", "path": ["cls_summary", "all_params", "rf__min_samples_leaf"], "value": 1}, "version": 23, "at": 1712081281.61641}
{"obj": {"type": "AssignInt", "path": ["cls_summary", "all_params", "rf__min_samples_split"], "value": 5}, "version": 24, "at": 1712081281.616459}
{"obj": {"type": "AssignFloat", "path": ["cls_summary", "all_params", "rf__min_weight_fraction_leaf"], "value": 0.0}, "version": 25, "at": 1712081281.616508}
{"obj": {"type": "AssignInt", "path": ["cls_summary", "all_params", "rf__n_estimators"], "value": 100}, "version": 26, "at": 1712081281.6165571}
{"obj": {"type": "AssignString", "path": ["cls_summary", "all_params", "rf__n_jobs"], "value": "None"}, "version": 27, "at": 1712081281.616631}
{"obj": {"type": "AssignBool", "path": ["cls_summary", "all_params", "rf__oob_score"], "value": false}, "version": 28, "at": 1712081281.616704}
{"obj": {"type": "AssignInt", "path": ["cls_summary", "all_params", "rf__random_state"], "value": 8}, "version": 29, "at": 1712081281.61675}
{"obj": {"type": "AssignInt", "path": ["cls_summary", "all_params", "rf__verbose"], "value": 0}, "version": 30, "at": 1712081281.616796}
{"obj": {"type": "AssignBool", "path": ["cls_summary", "all_params", "rf__warm_start"], "value": false}, "version": 31, "at": 1712081281.616843}
{"obj": {"type": "UploadFile", "path": ["cls_summary", "pickled_model"], "ext": "pkl", "file_path": null, "tmp_file_name": "cls_summary_pickled_model-1712081281.616897-2024-04-02_14.08.01.616897.pkl", "clean_after_upload": false}, "version": 32, "at": 1712081281.617258}
{"obj": {"type": "UploadFile", "path": ["cls_summary", "test", "preds"], "ext": "html", "file_path": null, "tmp_file_name": "cls_summary_test_preds-1712081281.617358-2024-04-02_14.08.01.617358.html", "clean_after_upload": false}, "version": 33, "at": 1712081281.617553}
{"obj": {"type": "UploadFile", "path": ["cls_summary", "test", "preds_proba"], "ext": "html", "file_path": null, "tmp_file_name": "cls_summary_test_preds_proba-1712081281.617616-2024-04-02_14.08.01.617616.html", "clean_after_upload": false}, "version": 34, "at": 1712081281.617867}
{"obj": {"type": "AssignFloat", "path": ["cls_summary", "test", "scores", "class_0", "precision"], "value": 0.9655172413793104}, "version": 35, "at": 1712081281.6180348}
{"obj": {"type": "AssignFloat", "path": ["cls_summary", "test", "scores", "class_0", "recall"], "value": 1.0}, "version": 36, "at": 1712081281.6181278}
{"obj": {"type": "AssignFloat", "path": ["cls_summary", "test", "scores", "class_0", "fbeta_score"], "value": 0.9824561403508771}, "version": 37, "at": 1712081281.618177}
{"obj": {"type": "AssignFloat", "path": ["cls_summary", "test", "scores", "class_0", "support"], "value": 28.0}, "version": 38, "at": 1712081281.618228}
{"obj": {"type": "AssignFloat", "path": ["cls_summary", "test", "scores", "class_1", "precision"], "value": 1.0}, "version": 39, "at": 1712081281.618301}
{"obj": {"type": "AssignFloat", "path": ["cls_summary", "test", "scores", "class_1", "recall"], "value": 0.9629629629629629}, "version": 40, "at": 1712081281.6183512}
{"obj": {"type": "AssignFloat", "path": ["cls_summary", "test", "scores", "class_1", "fbeta_score"], "value": 0.9811320754716981}, "version": 41, "at": 1712081281.6184}
{"obj": {"type": "AssignFloat", "path": ["cls_summary", "test", "scores", "class_1", "support"], "value": 27.0}, "version": 42, "at": 1712081281.6184478}
{"obj": {"type": "UploadFile", "path": ["cls_summary", "diagnostics_charts", "classification_report"], "ext": "png", "file_path": null, "tmp_file_name": "cls_summary_diagnostics_charts_classification_report-1712081281.618519-2024-04-02_14.08.01.618519.png", "clean_after_upload": false}, "version": 43, "at": 1712081281.6186812}
{"obj": {"type": "UploadFile", "path": ["cls_summary", "diagnostics_charts", "confusion_matrix"], "ext": "png", "file_path": null, "tmp_file_name": "cls_summary_diagnostics_charts_confusion_matrix-1712081281.618746-2024-04-02_14.08.01.618746.png", "clean_after_upload": false}, "version": 44, "at": 1712081281.618978}
{"obj": {"type": "UploadFile", "path": ["cls_summary", "diagnostics_charts", "ROC_AUC"], "ext": "png", "file_path": null, "tmp_file_name": "cls_summary_diagnostics_charts_ROC_AUC-1712081281.619039-2024-04-02_14.08.01.619039.png", "clean_after_upload": false}, "version": 45, "at": 1712081281.619362}
{"obj": {"type": "UploadFile", "path": ["cls_summary", "diagnostics_charts", "precision_recall"], "ext": "png", "file_path": null, "tmp_file_name": "cls_summary_diagnostics_charts_precision_recall-1712081281.619433-2024-04-02_14.08.01.619433.png", "clean_after_upload": false}, "version": 46, "at": 1712081281.6197371}
{"obj": {"type": "UploadFile", "path": ["cls_summary", "diagnostics_charts", "class_prediction_error"], "ext": "png", "file_path": null, "tmp_file_name": "cls_summary_diagnostics_charts_class_prediction_error-1712081281.619801-2024-04-02_14.08.01.619801.png", "clean_after_upload": false}, "version": 47, "at": 1712081281.6201549}
{"obj": {"type": "AssignString", "path": ["cls_summary", "integration", "about", "neptune-sklearn"], "value": "2.1.0"}, "version": 48, "at": 1712081281.620249}
{"obj": {"type": "AssignInt", "path": ["params", "rf__min_samples_split"], "value": 5}, "version": 49, "at": 1712081281.620464}
{"obj": {"type": "AssignInt", "path": ["params", "rf__n_estimators"], "value": 100}, "version": 50, "at": 1712081281.620519}
{"obj": {"type": "UploadFile", "path": ["feature_importance"], "ext": "png", "file_path": "/Users/shehjarsadhu/Desktop/UniversityOfRhodeIsland/Graduate/WBL/Project_Q2Behave/GitQ2Bheave/q2behave_data_analysis/jupyternotebooks/ML_Toolbox/feature_importance.png", "tmp_file_name": null, "clean_after_upload": false}, "version": 51, "at": 1712081291.546679}
{"obj": {"type": "UploadFile", "path": ["roc_curve"], "ext": "png", "file_path": "/Users/shehjarsadhu/Desktop/UniversityOfRhodeIsland/Graduate/WBL/Project_Q2Behave/GitQ2Bheave/q2behave_data_analysis/jupyternotebooks/ML_Toolbox/roc_curve_class.png", "tmp_file_name": null, "clean_after_upload": false}, "version": 52, "at": 1712081291.644982}
{"obj": {"type": "AssignFloat", "path": ["precision"], "value": 0.9824451410658307}, "version": 53, "at": 1712081292.031192}
{"obj": {"type": "AssignFloat", "path": ["recall"], "value": 0.9818181818181818}, "version": 54, "at": 1712081292.031407}
{"obj": {"type": "AssignFloat", "path": ["f1_score"], "value": 0.9818061448647347}, "version": 55, "at": 1712081292.0315142}
{"obj": {"type": "AssignFloat", "path": ["mean_train_accuracy"], "value": 1.0}, "version": 56, "at": 1712081292.031611}
{"obj": {"type": "AssignFloat", "path": ["mean_test_accuracy"], "value": 0.941066341066341}, "version": 57, "at": 1712081292.031699}
{"obj": {"type": "AssignFloat", "path": ["mean_sensitivity"], "value": 0.9557165861513687}, "version": 58, "at": 1712081292.031785}
