{"obj": {"type": "AssignString", "path": ["sys", "name"], "value": "3-Foldtest_size_0.2_RF"}, "version": 1, "at": 1712862390.651489}
{"obj": {"type": "AssignString", "path": ["sys", "description"], "value": ""}, "version": 2, "at": 1712862390.6519208}
{"obj": {"type": "AssignString", "path": ["monitoring", "2878b94e", "hostname"], "value": "156.4.20.172.s.wireless.uri.edu"}, "version": 3, "at": 1712862390.652169}
{"obj": {"type": "AssignString", "path": ["sys", "hostname"], "value": "156.4.20.172.s.wireless.uri.edu"}, "version": 4, "at": 1712862390.6523578}
{"obj": {"type": "AssignString", "path": ["monitoring", "2878b94e", "pid"], "value": "5257"}, "version": 5, "at": 1712862390.652529}
{"obj": {"type": "AssignString", "path": ["monitoring", "2878b94e", "tid"], "value": "140704433595968"}, "version": 6, "at": 1712862390.652778}
{"obj": {"type": "AssignBool", "path": ["sys", "failed"], "value": false}, "version": 7, "at": 1712862390.653027}
{"obj": {"type": "AssignString", "path": ["pid"], "value": "none"}, "version": 8, "at": 1712862390.664128}
{"obj": {"type": "UploadFile", "path": ["data", "feature_table"], "ext": "html", "file_path": null, "tmp_file_name": "data_feature_table-1712862413.183148-2024-04-11_15.06.53.183148.html", "clean_after_upload": false}, "version": 9, "at": 1712862413.243257}
{"obj": {"type": "AssignString", "path": ["original"], "value": "type\n0    29981\n1     5543\nName: count, dtype: int64"}, "version": 10, "at": 1712862413.251699}
{"obj": {"type": "AssignString", "path": ["train_samples_undersampled"], "value": "type\n0    5543\n1    5543\nName: count, dtype: int64"}, "version": 11, "at": 1712862413.252574}
{"obj": {"type": "AssignString", "path": ["test_samples_undersampled"], "value": "type\n0    1109\n1    1109\nName: count, dtype: int64"}, "version": 12, "at": 1712862413.2531059}
{"obj": {"type": "AssignString", "path": ["tag"], "value": "Clus"}, "version": 13, "at": 1712862413.25328}
{"obj": {"type": "UploadFile", "path": ["data", "test_data"], "ext": "html", "file_path": null, "tmp_file_name": "data_test_data-1712862594.620512-2024-04-11_15.09.54.620512.html", "clean_after_upload": false}, "version": 14, "at": 1712862594.623838}
{"obj": {"type": "AssignString", "path": ["cls_summary", "all_params", "memory"], "value": "None"}, "version": 15, "at": 1712862596.3211572}
{"obj": {"type": "AssignString", "path": ["cls_summary", "all_params", "steps"], "value": "[('rf', RandomForestClassifier(min_samples_split=10, n_estimators=200, random_state=8))]"}, "version": 16, "at": 1712862596.321816}
{"obj": {"type": "AssignBool", "path": ["cls_summary", "all_params", "verbose"], "value": false}, "version": 17, "at": 1712862596.321961}
{"obj": {"type": "AssignString", "path": ["cls_summary", "all_params", "rf"], "value": "RandomForestClassifier(min_samples_split=10, n_estimators=200, random_state=8)"}, "version": 18, "at": 1712862596.322412}
{"obj": {"type": "AssignBool", "path": ["cls_summary", "all_params", "rf__bootstrap"], "value": true}, "version": 19, "at": 1712862596.3225222}
{"obj": {"type": "AssignFloat", "path": ["cls_summary", "all_params", "rf__ccp_alpha"], "value": 0.0}, "version": 20, "at": 1712862596.3226528}
{"obj": {"type": "AssignString", "path": ["cls_summary", "all_params", "rf__class_weight"], "value": "None"}, "version": 21, "at": 1712862596.322737}
{"obj": {"type": "AssignString", "path": ["cls_summary", "all_params", "rf__criterion"], "value": "gini"}, "version": 22, "at": 1712862596.322919}
{"obj": {"type": "AssignString", "path": ["cls_summary", "all_params", "rf__max_depth"], "value": "None"}, "version": 23, "at": 1712862596.323167}
{"obj": {"type": "AssignString", "path": ["cls_summary", "all_params", "rf__max_features"], "value": "sqrt"}, "version": 24, "at": 1712862596.323296}
{"obj": {"type": "AssignString", "path": ["cls_summary", "all_params", "rf__max_leaf_nodes"], "value": "None"}, "version": 25, "at": 1712862596.32346}
{"obj": {"type": "AssignString", "path": ["cls_summary", "all_params", "rf__max_samples"], "value": "None"}, "version": 26, "at": 1712862596.3235772}
{"obj": {"type": "AssignFloat", "path": ["cls_summary", "all_params", "rf__min_impurity_decrease"], "value": 0.0}, "version": 27, "at": 1712862596.32371}
{"obj": {"type": "AssignInt", "path": ["cls_summary", "all_params", "rf__min_samples_leaf"], "value": 1}, "version": 28, "at": 1712862596.323841}
{"obj": {"type": "AssignInt", "path": ["cls_summary", "all_params", "rf__min_samples_split"], "value": 10}, "version": 29, "at": 1712862596.3239932}
{"obj": {"type": "AssignFloat", "path": ["cls_summary", "all_params", "rf__min_weight_fraction_leaf"], "value": 0.0}, "version": 30, "at": 1712862596.3240771}
{"obj": {"type": "AssignInt", "path": ["cls_summary", "all_params", "rf__n_estimators"], "value": 200}, "version": 31, "at": 1712862596.324139}
{"obj": {"type": "AssignString", "path": ["cls_summary", "all_params", "rf__n_jobs"], "value": "None"}, "version": 32, "at": 1712862596.324215}
{"obj": {"type": "AssignBool", "path": ["cls_summary", "all_params", "rf__oob_score"], "value": false}, "version": 33, "at": 1712862596.3242822}
{"obj": {"type": "AssignInt", "path": ["cls_summary", "all_params", "rf__random_state"], "value": 8}, "version": 34, "at": 1712862596.324357}
{"obj": {"type": "AssignInt", "path": ["cls_summary", "all_params", "rf__verbose"], "value": 0}, "version": 35, "at": 1712862596.324418}
{"obj": {"type": "AssignBool", "path": ["cls_summary", "all_params", "rf__warm_start"], "value": false}, "version": 36, "at": 1712862596.324597}
{"obj": {"type": "UploadFile", "path": ["cls_summary", "pickled_model"], "ext": "pkl", "file_path": null, "tmp_file_name": "cls_summary_pickled_model-1712862596.324722-2024-04-11_15.09.56.324722.pkl", "clean_after_upload": false}, "version": 37, "at": 1712862596.341962}
{"obj": {"type": "UploadFile", "path": ["cls_summary", "test", "preds"], "ext": "html", "file_path": null, "tmp_file_name": "cls_summary_test_preds-1712862596.342193-2024-04-11_15.09.56.342193.html", "clean_after_upload": false}, "version": 38, "at": 1712862596.3425899}
{"obj": {"type": "UploadFile", "path": ["cls_summary", "test", "preds_proba"], "ext": "html", "file_path": null, "tmp_file_name": "cls_summary_test_preds_proba-1712862596.342752-2024-04-11_15.09.56.342752.html", "clean_after_upload": false}, "version": 39, "at": 1712862596.342995}
{"obj": {"type": "AssignFloat", "path": ["cls_summary", "test", "scores", "class_0", "precision"], "value": 0.8040238450074516}, "version": 40, "at": 1712862596.34319}
{"obj": {"type": "AssignFloat", "path": ["cls_summary", "test", "scores", "class_0", "recall"], "value": 0.9729486023444545}, "version": 41, "at": 1712862596.343285}
{"obj": {"type": "AssignFloat", "path": ["cls_summary", "test", "scores", "class_0", "fbeta_score"], "value": 0.8804569563443494}, "version": 42, "at": 1712862596.343342}
{"obj": {"type": "AssignFloat", "path": ["cls_summary", "test", "scores", "class_0", "support"], "value": 1109.0}, "version": 43, "at": 1712862596.343402}
{"obj": {"type": "AssignFloat", "path": ["cls_summary", "test", "scores", "class_1", "precision"], "value": 0.9657534246575342}, "version": 44, "at": 1712862596.343488}
{"obj": {"type": "AssignFloat", "path": ["cls_summary", "test", "scores", "class_1", "recall"], "value": 0.7628494138863842}, "version": 45, "at": 1712862596.3435462}
{"obj": {"type": "AssignFloat", "path": ["cls_summary", "test", "scores", "class_1", "fbeta_score"], "value": 0.8523929471032747}, "version": 46, "at": 1712862596.343601}
{"obj": {"type": "AssignFloat", "path": ["cls_summary", "test", "scores", "class_1", "support"], "value": 1109.0}, "version": 47, "at": 1712862596.343657}
{"obj": {"type": "UploadFile", "path": ["cls_summary", "diagnostics_charts", "classification_report"], "ext": "png", "file_path": null, "tmp_file_name": "cls_summary_diagnostics_charts_classification_report-1712862596.343741-2024-04-11_15.09.56.343741.png", "clean_after_upload": false}, "version": 48, "at": 1712862596.3439748}
{"obj": {"type": "UploadFile", "path": ["cls_summary", "diagnostics_charts", "confusion_matrix"], "ext": "png", "file_path": null, "tmp_file_name": "cls_summary_diagnostics_charts_confusion_matrix-1712862596.344045-2024-04-11_15.09.56.344045.png", "clean_after_upload": false}, "version": 49, "at": 1712862596.344384}
{"obj": {"type": "UploadFile", "path": ["cls_summary", "diagnostics_charts", "ROC_AUC"], "ext": "png", "file_path": null, "tmp_file_name": "cls_summary_diagnostics_charts_ROC_AUC-1712862596.344582-2024-04-11_15.09.56.344582.png", "clean_after_upload": false}, "version": 50, "at": 1712862596.344925}
{"obj": {"type": "UploadFile", "path": ["cls_summary", "diagnostics_charts", "precision_recall"], "ext": "png", "file_path": null, "tmp_file_name": "cls_summary_diagnostics_charts_precision_recall-1712862596.345178-2024-04-11_15.09.56.345178.png", "clean_after_upload": false}, "version": 51, "at": 1712862596.345622}
{"obj": {"type": "UploadFile", "path": ["cls_summary", "diagnostics_charts", "class_prediction_error"], "ext": "png", "file_path": null, "tmp_file_name": "cls_summary_diagnostics_charts_class_prediction_error-1712862596.345872-2024-04-11_15.09.56.345872.png", "clean_after_upload": false}, "version": 52, "at": 1712862596.346223}
{"obj": {"type": "AssignString", "path": ["cls_summary", "integration", "about", "neptune-sklearn"], "value": "2.1.0"}, "version": 53, "at": 1712862596.3464231}
{"obj": {"type": "AssignInt", "path": ["params", "rf__min_samples_split"], "value": 10}, "version": 54, "at": 1712862596.355435}
{"obj": {"type": "AssignInt", "path": ["params", "rf__n_estimators"], "value": 200}, "version": 55, "at": 1712862596.3557608}
{"obj": {"type": "AssignString", "path": ["loss"], "value": "0.13370378719567177"}, "version": 56, "at": 1712864639.928802}
{"obj": {"type": "AssignFloat", "path": ["bias"], "value": 0.1339044183949504}, "version": 57, "at": 1712864639.929465}
{"obj": {"type": "AssignFloat", "path": ["variance"], "value": 0.014912082957619479}, "version": 58, "at": 1712864639.929578}
{"obj": {"type": "UploadFile", "path": ["data", "feature_importance"], "ext": "html", "file_path": null, "tmp_file_name": "data_feature_importance-1712865028.221195-2024-04-11_15.50.28.221195.html", "clean_after_upload": false}, "version": 59, "at": 1712865028.221802}
{"obj": {"type": "UploadFile", "path": ["feature_importance"], "ext": "png", "file_path": "/Users/shehjarsadhu/Desktop/UniversityOfRhodeIsland/Graduate/WBL/Project_Q2Behave/GitQ2Bheave/q2behave_data_analysis/jupyternotebooks/ML_Toolbox/feature_importance.png", "tmp_file_name": null, "clean_after_upload": false}, "version": 60, "at": 1712865028.339995}
{"obj": {"type": "UploadFile", "path": ["roc_curve"], "ext": "png", "file_path": "/Users/shehjarsadhu/Desktop/UniversityOfRhodeIsland/Graduate/WBL/Project_Q2Behave/GitQ2Bheave/q2behave_data_analysis/jupyternotebooks/ML_Toolbox/roc_curve_class.png", "tmp_file_name": null, "clean_after_upload": false}, "version": 61, "at": 1712865028.463365}
{"obj": {"type": "AssignFloat", "path": ["precision"], "value": 0.8848886348324928}, "version": 62, "at": 1712865028.6958542}
{"obj": {"type": "AssignFloat", "path": ["recall"], "value": 0.8678990081154193}, "version": 63, "at": 1712865028.696239}
{"obj": {"type": "AssignFloat", "path": ["f1_score"], "value": 0.8664249517238121}, "version": 64, "at": 1712865028.696355}
{"obj": {"type": "AssignFloat", "path": ["mean_train_accuracy"], "value": 0.9796139497701889}, "version": 65, "at": 1712865028.696457}
{"obj": {"type": "AssignFloat", "path": ["mean_test_accuracy"], "value": 0.8802095232237317}, "version": 66, "at": 1712865028.6965492}
{"obj": {"type": "AssignFloat", "path": ["mean_sensitivity"], "value": 0.799388228327048}, "version": 67, "at": 1712865028.6966789}
