{"obj": {"type": "AssignString", "path": ["sys", "name"], "value": "3-Foldtest_size_0.2_RF"}, "version": 1, "at": 1712107995.335893}
{"obj": {"type": "AssignString", "path": ["sys", "description"], "value": ""}, "version": 2, "at": 1712107995.3363378}
{"obj": {"type": "AssignString", "path": ["monitoring", "84ccd307", "hostname"], "value": "156.4.20.172.s.wireless.uri.edu"}, "version": 3, "at": 1712107995.336561}
{"obj": {"type": "AssignString", "path": ["sys", "hostname"], "value": "156.4.20.172.s.wireless.uri.edu"}, "version": 4, "at": 1712107995.336735}
{"obj": {"type": "AssignString", "path": ["monitoring", "84ccd307", "pid"], "value": "51560"}, "version": 5, "at": 1712107995.336906}
{"obj": {"type": "AssignString", "path": ["monitoring", "84ccd307", "tid"], "value": "140704701883968"}, "version": 6, "at": 1712107995.337067}
{"obj": {"type": "AssignBool", "path": ["sys", "failed"], "value": false}, "version": 7, "at": 1712107995.337182}
{"obj": {"type": "AssignString", "path": ["pid"], "value": "P8"}, "version": 8, "at": 1712107995.3487842}
{"obj": {"type": "UploadFile", "path": ["data", "feature_table"], "ext": "html", "file_path": null, "tmp_file_name": "data_feature_table-1712107996.499797-2024-04-02_21.33.16.499797.html", "clean_after_upload": false}, "version": 9, "at": 1712107996.503754}
{"obj": {"type": "AssignString", "path": ["original"], "value": "type\n0    2368\n1      67\nName: count, dtype: int64"}, "version": 10, "at": 1712107996.504699}
{"obj": {"type": "AssignString", "path": ["train_samples_undersampled"], "value": "type\n0    67\n1    67\nName: count, dtype: int64"}, "version": 11, "at": 1712107996.5052319}
{"obj": {"type": "AssignString", "path": ["test_samples_undersampled"], "value": "type\n1    14\n0    13\nName: count, dtype: int64"}, "version": 12, "at": 1712107996.505565}
{"obj": {"type": "UploadFile", "path": ["data", "test_data"], "ext": "html", "file_path": null, "tmp_file_name": "data_test_data-1712108002.562932-2024-04-02_21.33.22.562932.html", "clean_after_upload": false}, "version": 13, "at": 1712108002.56394}
{"obj": {"type": "AssignString", "path": ["cls_summary", "all_params", "memory"], "value": "None"}, "version": 14, "at": 1712108003.335584}
{"obj": {"type": "AssignString", "path": ["cls_summary", "all_params", "steps"], "value": "[('rf', RandomForestClassifier(random_state=8))]"}, "version": 15, "at": 1712108003.34946}
{"obj": {"type": "AssignBool", "path": ["cls_summary", "all_params", "verbose"], "value": false}, "version": 16, "at": 1712108003.349758}
{"obj": {"type": "AssignString", "path": ["cls_summary", "all_params", "rf"], "value": "RandomForestClassifier(random_state=8)"}, "version": 17, "at": 1712108003.35025}
{"obj": {"type": "AssignBool", "path": ["cls_summary", "all_params", "rf__bootstrap"], "value": true}, "version": 18, "at": 1712108003.350376}
{"obj": {"type": "AssignFloat", "path": ["cls_summary", "all_params", "rf__ccp_alpha"], "value": 0.0}, "version": 19, "at": 1712108003.350503}
{"obj": {"type": "AssignString", "path": ["cls_summary", "all_params", "rf__class_weight"], "value": "None"}, "version": 20, "at": 1712108003.350623}
{"obj": {"type": "AssignString", "path": ["cls_summary", "all_params", "rf__criterion"], "value": "gini"}, "version": 21, "at": 1712108003.350733}
{"obj": {"type": "AssignString", "path": ["cls_summary", "all_params", "rf__max_depth"], "value": "None"}, "version": 22, "at": 1712108003.350847}
{"obj": {"type": "AssignString", "path": ["cls_summary", "all_params", "rf__max_features"], "value": "sqrt"}, "version": 23, "at": 1712108003.350955}
{"obj": {"type": "AssignString", "path": ["cls_summary", "all_params", "rf__max_leaf_nodes"], "value": "None"}, "version": 24, "at": 1712108003.351066}
{"obj": {"type": "AssignString", "path": ["cls_summary", "all_params", "rf__max_samples"], "value": "None"}, "version": 25, "at": 1712108003.351178}
{"obj": {"type": "AssignFloat", "path": ["cls_summary", "all_params", "rf__min_impurity_decrease"], "value": 0.0}, "version": 26, "at": 1712108003.3512802}
{"obj": {"type": "AssignInt", "path": ["cls_summary", "all_params", "rf__min_samples_leaf"], "value": 1}, "version": 27, "at": 1712108003.3513868}
{"obj": {"type": "AssignInt", "path": ["cls_summary", "all_params", "rf__min_samples_split"], "value": 2}, "version": 28, "at": 1712108003.351518}
{"obj": {"type": "AssignFloat", "path": ["cls_summary", "all_params", "rf__min_weight_fraction_leaf"], "value": 0.0}, "version": 29, "at": 1712108003.351604}
{"obj": {"type": "AssignInt", "path": ["cls_summary", "all_params", "rf__n_estimators"], "value": 100}, "version": 30, "at": 1712108003.3516889}
{"obj": {"type": "AssignString", "path": ["cls_summary", "all_params", "rf__n_jobs"], "value": "None"}, "version": 31, "at": 1712108003.3517828}
{"obj": {"type": "AssignBool", "path": ["cls_summary", "all_params", "rf__oob_score"], "value": false}, "version": 32, "at": 1712108003.3518689}
{"obj": {"type": "AssignInt", "path": ["cls_summary", "all_params", "rf__random_state"], "value": 8}, "version": 33, "at": 1712108003.3519511}
{"obj": {"type": "AssignInt", "path": ["cls_summary", "all_params", "rf__verbose"], "value": 0}, "version": 34, "at": 1712108003.3520331}
{"obj": {"type": "AssignBool", "path": ["cls_summary", "all_params", "rf__warm_start"], "value": false}, "version": 35, "at": 1712108003.3521159}
{"obj": {"type": "UploadFile", "path": ["cls_summary", "pickled_model"], "ext": "pkl", "file_path": null, "tmp_file_name": "cls_summary_pickled_model-1712108003.352212-2024-04-02_21.33.23.352212.pkl", "clean_after_upload": false}, "version": 36, "at": 1712108003.35281}
{"obj": {"type": "UploadFile", "path": ["cls_summary", "test", "preds"], "ext": "html", "file_path": null, "tmp_file_name": "cls_summary_test_preds-1712108003.352988-2024-04-02_21.33.23.352988.html", "clean_after_upload": false}, "version": 37, "at": 1712108003.353287}
{"obj": {"type": "UploadFile", "path": ["cls_summary", "test", "preds_proba"], "ext": "html", "file_path": null, "tmp_file_name": "cls_summary_test_preds_proba-1712108003.353405-2024-04-02_21.33.23.353405.html", "clean_after_upload": false}, "version": 38, "at": 1712108003.353673}
{"obj": {"type": "AssignFloat", "path": ["cls_summary", "test", "scores", "class_0", "precision"], "value": 0.8666666666666667}, "version": 39, "at": 1712108003.353893}
{"obj": {"type": "AssignFloat", "path": ["cls_summary", "test", "scores", "class_0", "recall"], "value": 1.0}, "version": 40, "at": 1712108003.353995}
{"obj": {"type": "AssignFloat", "path": ["cls_summary", "test", "scores", "class_0", "fbeta_score"], "value": 0.9285714285714286}, "version": 41, "at": 1712108003.354084}
{"obj": {"type": "AssignFloat", "path": ["cls_summary", "test", "scores", "class_0", "support"], "value": 13.0}, "version": 42, "at": 1712108003.354175}
{"obj": {"type": "AssignFloat", "path": ["cls_summary", "test", "scores", "class_1", "precision"], "value": 1.0}, "version": 43, "at": 1712108003.354304}
{"obj": {"type": "AssignFloat", "path": ["cls_summary", "test", "scores", "class_1", "recall"], "value": 0.8571428571428571}, "version": 44, "at": 1712108003.354391}
{"obj": {"type": "AssignFloat", "path": ["cls_summary", "test", "scores", "class_1", "fbeta_score"], "value": 0.923076923076923}, "version": 45, "at": 1712108003.3544781}
{"obj": {"type": "AssignFloat", "path": ["cls_summary", "test", "scores", "class_1", "support"], "value": 14.0}, "version": 46, "at": 1712108003.3545659}
{"obj": {"type": "UploadFile", "path": ["cls_summary", "diagnostics_charts", "classification_report"], "ext": "png", "file_path": null, "tmp_file_name": "cls_summary_diagnostics_charts_classification_report-1712108003.354692-2024-04-02_21.33.23.354692.png", "clean_after_upload": false}, "version": 47, "at": 1712108003.354995}
{"obj": {"type": "UploadFile", "path": ["cls_summary", "diagnostics_charts", "confusion_matrix"], "ext": "png", "file_path": null, "tmp_file_name": "cls_summary_diagnostics_charts_confusion_matrix-1712108003.355107-2024-04-02_21.33.23.355107.png", "clean_after_upload": false}, "version": 48, "at": 1712108003.3553972}
{"obj": {"type": "UploadFile", "path": ["cls_summary", "diagnostics_charts", "ROC_AUC"], "ext": "png", "file_path": null, "tmp_file_name": "cls_summary_diagnostics_charts_ROC_AUC-1712108003.355519-2024-04-02_21.33.23.355519.png", "clean_after_upload": false}, "version": 49, "at": 1712108003.355805}
{"obj": {"type": "UploadFile", "path": ["cls_summary", "diagnostics_charts", "precision_recall"], "ext": "png", "file_path": null, "tmp_file_name": "cls_summary_diagnostics_charts_precision_recall-1712108003.355914-2024-04-02_21.33.23.355914.png", "clean_after_upload": false}, "version": 50, "at": 1712108003.3561852}
{"obj": {"type": "UploadFile", "path": ["cls_summary", "diagnostics_charts", "class_prediction_error"], "ext": "png", "file_path": null, "tmp_file_name": "cls_summary_diagnostics_charts_class_prediction_error-1712108003.356294-2024-04-02_21.33.23.356294.png", "clean_after_upload": false}, "version": 51, "at": 1712108003.3565571}
{"obj": {"type": "AssignString", "path": ["cls_summary", "integration", "about", "neptune-sklearn"], "value": "2.1.0"}, "version": 52, "at": 1712108003.3567019}
{"obj": {"type": "AssignInt", "path": ["params", "rf__min_samples_split"], "value": 2}, "version": 53, "at": 1712108003.356985}
{"obj": {"type": "AssignInt", "path": ["params", "rf__n_estimators"], "value": 100}, "version": 54, "at": 1712108003.357086}
{"obj": {"type": "UploadFile", "path": ["data", "feature_importance"], "ext": "html", "file_path": null, "tmp_file_name": "data_feature_importance-1712108012.273448-2024-04-02_21.33.32.273448.html", "clean_after_upload": false}, "version": 55, "at": 1712108012.2740228}
{"obj": {"type": "UploadFile", "path": ["feature_importance"], "ext": "png", "file_path": "/Users/shehjarsadhu/Desktop/UniversityOfRhodeIsland/Graduate/WBL/Project_Q2Behave/GitQ2Bheave/q2behave_data_analysis/jupyternotebooks/ML_Toolbox/feature_importance.png", "tmp_file_name": null, "clean_after_upload": false}, "version": 56, "at": 1712108012.354145}
{"obj": {"type": "UploadFile", "path": ["roc_curve"], "ext": "png", "file_path": "/Users/shehjarsadhu/Desktop/UniversityOfRhodeIsland/Graduate/WBL/Project_Q2Behave/GitQ2Bheave/q2behave_data_analysis/jupyternotebooks/ML_Toolbox/roc_curve_class.png", "tmp_file_name": null, "clean_after_upload": false}, "version": 57, "at": 1712108012.465566}
{"obj": {"type": "AssignFloat", "path": ["precision"], "value": 0.9358024691358025}, "version": 58, "at": 1712108012.672064}
{"obj": {"type": "AssignFloat", "path": ["recall"], "value": 0.9259259259259259}, "version": 59, "at": 1712108012.672464}
{"obj": {"type": "AssignFloat", "path": ["f1_score"], "value": 0.9257224257224257}, "version": 60, "at": 1712108012.672617}
{"obj": {"type": "AssignFloat", "path": ["mean_train_accuracy"], "value": 1.0}, "version": 61, "at": 1712108012.672736}
{"obj": {"type": "AssignFloat", "path": ["mean_test_accuracy"], "value": 0.9405723905723905}, "version": 62, "at": 1712108012.672897}
{"obj": {"type": "AssignFloat", "path": ["mean_sensitivity"], "value": 0.8972332015810277}, "version": 63, "at": 1712108012.67312}
