{"obj": {"type": "AssignString", "path": ["sys", "name"], "value": "2-Foldtest_size_0.2_RF"}, "version": 1, "at": 1712694193.722175}
{"obj": {"type": "AssignString", "path": ["sys", "description"], "value": ""}, "version": 2, "at": 1712694193.7223911}
{"obj": {"type": "AssignString", "path": ["monitoring", "b1279506", "hostname"], "value": "156.4.20.172.s.wireless.uri.edu"}, "version": 3, "at": 1712694193.722479}
{"obj": {"type": "AssignString", "path": ["sys", "hostname"], "value": "156.4.20.172.s.wireless.uri.edu"}, "version": 4, "at": 1712694193.7225442}
{"obj": {"type": "AssignString", "path": ["monitoring", "b1279506", "pid"], "value": "65268"}, "version": 5, "at": 1712694193.722608}
{"obj": {"type": "AssignString", "path": ["monitoring", "b1279506", "tid"], "value": "140704351295040"}, "version": 6, "at": 1712694193.722668}
{"obj": {"type": "AssignBool", "path": ["sys", "failed"], "value": false}, "version": 7, "at": 1712694193.722711}
{"obj": {"type": "AssignString", "path": ["pid"], "value": "None"}, "version": 8, "at": 1712694193.729732}
{"obj": {"type": "UploadFile", "path": ["data", "feature_table"], "ext": "html", "file_path": null, "tmp_file_name": "data_feature_table-1712694195.31448-2024-04-09_16.23.15.314480.html", "clean_after_upload": false}, "version": 9, "at": 1712694195.316086}
{"obj": {"type": "AssignString", "path": ["original"], "value": "type\n0    6263\n1     911\nName: count, dtype: int64"}, "version": 10, "at": 1712694195.3169868}
{"obj": {"type": "AssignString", "path": ["train_samples_undersampled"], "value": "type\n0    911\n1    911\nName: count, dtype: int64"}, "version": 11, "at": 1712694195.3175712}
{"obj": {"type": "AssignString", "path": ["test_samples_undersampled"], "value": "type\n0    183\n1    182\nName: count, dtype: int64"}, "version": 12, "at": 1712694195.318235}
{"obj": {"type": "AssignString", "path": ["tag"], "value": "Rus"}, "version": 13, "at": 1712694195.3183901}
{"obj": {"type": "UploadFile", "path": ["data", "test_data"], "ext": "html", "file_path": null, "tmp_file_name": "data_test_data-1712694208.330914-2024-04-09_16.23.28.330914.html", "clean_after_upload": false}, "version": 14, "at": 1712694208.3313742}
{"obj": {"type": "AssignString", "path": ["cls_summary", "all_params", "memory"], "value": "None"}, "version": 15, "at": 1712694209.42135}
{"obj": {"type": "AssignString", "path": ["cls_summary", "all_params", "steps"], "value": "[('rf', RandomForestClassifier(max_depth=20, min_samples_split=5, n_estimators=200,\n                       random_state=8))]"}, "version": 16, "at": 1712694209.4220319}
{"obj": {"type": "AssignBool", "path": ["cls_summary", "all_params", "verbose"], "value": false}, "version": 17, "at": 1712694209.4221299}
{"obj": {"type": "AssignString", "path": ["cls_summary", "all_params", "rf"], "value": "RandomForestClassifier(max_depth=20, min_samples_split=5, n_estimators=200,\n                       random_state=8)"}, "version": 18, "at": 1712694209.422521}
{"obj": {"type": "AssignBool", "path": ["cls_summary", "all_params", "rf__bootstrap"], "value": true}, "version": 19, "at": 1712694209.422595}
{"obj": {"type": "AssignFloat", "path": ["cls_summary", "all_params", "rf__ccp_alpha"], "value": 0.0}, "version": 20, "at": 1712694209.4226618}
{"obj": {"type": "AssignString", "path": ["cls_summary", "all_params", "rf__class_weight"], "value": "None"}, "version": 21, "at": 1712694209.422729}
{"obj": {"type": "AssignString", "path": ["cls_summary", "all_params", "rf__criterion"], "value": "gini"}, "version": 22, "at": 1712694209.422789}
{"obj": {"type": "AssignInt", "path": ["cls_summary", "all_params", "rf__max_depth"], "value": 20}, "version": 23, "at": 1712694209.4228501}
{"obj": {"type": "AssignString", "path": ["cls_summary", "all_params", "rf__max_features"], "value": "sqrt"}, "version": 24, "at": 1712694209.422909}
{"obj": {"type": "AssignString", "path": ["cls_summary", "all_params", "rf__max_leaf_nodes"], "value": "None"}, "version": 25, "at": 1712694209.422972}
{"obj": {"type": "AssignString", "path": ["cls_summary", "all_params", "rf__max_samples"], "value": "None"}, "version": 26, "at": 1712694209.423033}
{"obj": {"type": "AssignFloat", "path": ["cls_summary", "all_params", "rf__min_impurity_decrease"], "value": 0.0}, "version": 27, "at": 1712694209.423088}
{"obj": {"type": "AssignInt", "path": ["cls_summary", "all_params", "rf__min_samples_leaf"], "value": 1}, "version": 28, "at": 1712694209.423142}
{"obj": {"type": "AssignInt", "path": ["cls_summary", "all_params", "rf__min_samples_split"], "value": 5}, "version": 29, "at": 1712694209.4231942}
{"obj": {"type": "AssignFloat", "path": ["cls_summary", "all_params", "rf__min_weight_fraction_leaf"], "value": 0.0}, "version": 30, "at": 1712694209.423245}
{"obj": {"type": "AssignInt", "path": ["cls_summary", "all_params", "rf__n_estimators"], "value": 200}, "version": 31, "at": 1712694209.4232981}
{"obj": {"type": "AssignString", "path": ["cls_summary", "all_params", "rf__n_jobs"], "value": "None"}, "version": 32, "at": 1712694209.423357}
{"obj": {"type": "AssignBool", "path": ["cls_summary", "all_params", "rf__oob_score"], "value": false}, "version": 33, "at": 1712694209.423411}
{"obj": {"type": "AssignInt", "path": ["cls_summary", "all_params", "rf__random_state"], "value": 8}, "version": 34, "at": 1712694209.423462}
{"obj": {"type": "AssignInt", "path": ["cls_summary", "all_params", "rf__verbose"], "value": 0}, "version": 35, "at": 1712694209.423512}
{"obj": {"type": "AssignBool", "path": ["cls_summary", "all_params", "rf__warm_start"], "value": false}, "version": 36, "at": 1712694209.423564}
{"obj": {"type": "UploadFile", "path": ["cls_summary", "pickled_model"], "ext": "pkl", "file_path": null, "tmp_file_name": "cls_summary_pickled_model-1712694209.423625-2024-04-09_16.23.29.423625.pkl", "clean_after_upload": false}, "version": 37, "at": 1712694209.4301062}
{"obj": {"type": "UploadFile", "path": ["cls_summary", "test", "preds"], "ext": "html", "file_path": null, "tmp_file_name": "cls_summary_test_preds-1712694209.430437-2024-04-09_16.23.29.430437.html", "clean_after_upload": false}, "version": 38, "at": 1712694209.430803}
{"obj": {"type": "UploadFile", "path": ["cls_summary", "test", "preds_proba"], "ext": "html", "file_path": null, "tmp_file_name": "cls_summary_test_preds_proba-1712694209.430994-2024-04-09_16.23.29.430994.html", "clean_after_upload": false}, "version": 39, "at": 1712694209.431298}
{"obj": {"type": "AssignFloat", "path": ["cls_summary", "test", "scores", "class_0", "precision"], "value": 0.8805970149253731}, "version": 40, "at": 1712694209.4315178}
{"obj": {"type": "AssignFloat", "path": ["cls_summary", "test", "scores", "class_0", "recall"], "value": 0.3224043715846995}, "version": 41, "at": 1712694209.431585}
{"obj": {"type": "AssignFloat", "path": ["cls_summary", "test", "scores", "class_0", "fbeta_score"], "value": 0.47200000000000003}, "version": 42, "at": 1712694209.431642}
{"obj": {"type": "AssignFloat", "path": ["cls_summary", "test", "scores", "class_0", "support"], "value": 183.0}, "version": 43, "at": 1712694209.4317}
{"obj": {"type": "AssignFloat", "path": ["cls_summary", "test", "scores", "class_1", "precision"], "value": 0.5838926174496645}, "version": 44, "at": 1712694209.431784}
{"obj": {"type": "AssignFloat", "path": ["cls_summary", "test", "scores", "class_1", "recall"], "value": 0.9560439560439561}, "version": 45, "at": 1712694209.431842}
{"obj": {"type": "AssignFloat", "path": ["cls_summary", "test", "scores", "class_1", "fbeta_score"], "value": 0.7250000000000001}, "version": 46, "at": 1712694209.4318972}
{"obj": {"type": "AssignFloat", "path": ["cls_summary", "test", "scores", "class_1", "support"], "value": 182.0}, "version": 47, "at": 1712694209.431954}
{"obj": {"type": "UploadFile", "path": ["cls_summary", "diagnostics_charts", "classification_report"], "ext": "png", "file_path": null, "tmp_file_name": "cls_summary_diagnostics_charts_classification_report-1712694209.432038-2024-04-09_16.23.29.432038.png", "clean_after_upload": false}, "version": 48, "at": 1712694209.432238}
{"obj": {"type": "UploadFile", "path": ["cls_summary", "diagnostics_charts", "confusion_matrix"], "ext": "png", "file_path": null, "tmp_file_name": "cls_summary_diagnostics_charts_confusion_matrix-1712694209.432413-2024-04-09_16.23.29.432413.png", "clean_after_upload": false}, "version": 49, "at": 1712694209.432777}
{"obj": {"type": "UploadFile", "path": ["cls_summary", "diagnostics_charts", "ROC_AUC"], "ext": "png", "file_path": null, "tmp_file_name": "cls_summary_diagnostics_charts_ROC_AUC-1712694209.432948-2024-04-09_16.23.29.432948.png", "clean_after_upload": false}, "version": 50, "at": 1712694209.4331641}
{"obj": {"type": "UploadFile", "path": ["cls_summary", "diagnostics_charts", "precision_recall"], "ext": "png", "file_path": null, "tmp_file_name": "cls_summary_diagnostics_charts_precision_recall-1712694209.433277-2024-04-09_16.23.29.433277.png", "clean_after_upload": false}, "version": 51, "at": 1712694209.433496}
{"obj": {"type": "UploadFile", "path": ["cls_summary", "diagnostics_charts", "class_prediction_error"], "ext": "png", "file_path": null, "tmp_file_name": "cls_summary_diagnostics_charts_class_prediction_error-1712694209.4336-2024-04-09_16.23.29.433600.png", "clean_after_upload": false}, "version": 52, "at": 1712694209.4337962}
{"obj": {"type": "AssignString", "path": ["cls_summary", "integration", "about", "neptune-sklearn"], "value": "2.1.0"}, "version": 53, "at": 1712694209.43394}
{"obj": {"type": "AssignInt", "path": ["params", "rf__max_depth"], "value": 20}, "version": 54, "at": 1712694209.434221}
{"obj": {"type": "AssignInt", "path": ["params", "rf__min_samples_split"], "value": 5}, "version": 55, "at": 1712694209.43432}
{"obj": {"type": "AssignInt", "path": ["params", "rf__n_estimators"], "value": 200}, "version": 56, "at": 1712694209.434531}
{"obj": {"type": "UploadFile", "path": ["data", "feature_importance"], "ext": "html", "file_path": null, "tmp_file_name": "data_feature_importance-1712694237.353502-2024-04-09_16.23.57.353502.html", "clean_after_upload": false}, "version": 57, "at": 1712694237.353919}
{"obj": {"type": "UploadFile", "path": ["feature_importance"], "ext": "png", "file_path": "/Users/shehjarsadhu/Desktop/UniversityOfRhodeIsland/Graduate/WBL/Project_Q2Behave/GitQ2Bheave/q2behave_data_analysis/jupyternotebooks/ML_Toolbox/feature_importance.png", "tmp_file_name": null, "clean_after_upload": false}, "version": 58, "at": 1712694237.438986}
{"obj": {"type": "UploadFile", "path": ["roc_curve"], "ext": "png", "file_path": "/Users/shehjarsadhu/Desktop/UniversityOfRhodeIsland/Graduate/WBL/Project_Q2Behave/GitQ2Bheave/q2behave_data_analysis/jupyternotebooks/ML_Toolbox/roc_curve_class.png", "tmp_file_name": null, "clean_after_upload": false}, "version": 59, "at": 1712694237.550263}
{"obj": {"type": "AssignFloat", "path": ["precision"], "value": 0.7326512605676226}, "version": 60, "at": 1712694237.764939}
{"obj": {"type": "AssignFloat", "path": ["recall"], "value": 0.6383561643835617}, "version": 61, "at": 1712694237.765312}
{"obj": {"type": "AssignFloat", "path": ["f1_score"], "value": 0.5981534246575343}, "version": 62, "at": 1712694237.7654269}
{"obj": {"type": "AssignFloat", "path": ["mean_train_accuracy"], "value": 0.9978046103183315}, "version": 63, "at": 1712694237.765514}
{"obj": {"type": "AssignFloat", "path": ["mean_test_accuracy"], "value": 0.5625686059275521}, "version": 64, "at": 1712694237.765593}
{"obj": {"type": "AssignFloat", "path": ["mean_sensitivity"], "value": 0.5785545594756121}, "version": 65, "at": 1712694237.765667}
