{"obj": {"type": "AssignString", "path": ["sys", "name"], "value": "3-Foldtest_size_0.2_RF"}, "version": 1, "at": 1712092359.0780532}
{"obj": {"type": "AssignString", "path": ["sys", "description"], "value": ""}, "version": 2, "at": 1712092359.078372}
{"obj": {"type": "AssignString", "path": ["monitoring", "11ca8da0", "hostname"], "value": "156.4.20.172.s.wireless.uri.edu"}, "version": 3, "at": 1712092359.078526}
{"obj": {"type": "AssignString", "path": ["sys", "hostname"], "value": "156.4.20.172.s.wireless.uri.edu"}, "version": 4, "at": 1712092359.078654}
{"obj": {"type": "AssignString", "path": ["monitoring", "11ca8da0", "pid"], "value": "85285"}, "version": 5, "at": 1712092359.0788019}
{"obj": {"type": "AssignString", "path": ["monitoring", "11ca8da0", "tid"], "value": "140704701883968"}, "version": 6, "at": 1712092359.078895}
{"obj": {"type": "AssignBool", "path": ["sys", "failed"], "value": false}, "version": 7, "at": 1712092359.078966}
{"obj": {"type": "UploadFile", "path": ["data", "feature_table"], "ext": "html", "file_path": null, "tmp_file_name": "data_feature_table-1712092364.360234-2024-04-02_17.12.44.360234.html", "clean_after_upload": false}, "version": 8, "at": 1712092364.3730218}
{"obj": {"type": "AssignString", "path": ["original"], "value": "type\n0    6965\n1    1419\nName: count, dtype: int64"}, "version": 9, "at": 1712092364.37704}
{"obj": {"type": "AssignString", "path": ["train_samples_undersampled"], "value": "type\n0    1419\n1    1419\nName: count, dtype: int64"}, "version": 10, "at": 1712092364.378189}
{"obj": {"type": "AssignString", "path": ["test_samples_undersampled"], "value": "type\n0    284\n1    284\nName: count, dtype: int64"}, "version": 11, "at": 1712092364.379342}
{"obj": {"type": "UploadFile", "path": ["data", "test_data"], "ext": "html", "file_path": null, "tmp_file_name": "data_test_data-1712092423.878371-2024-04-02_17.13.43.878371.html", "clean_after_upload": false}, "version": 12, "at": 1712092423.879085}
{"obj": {"type": "AssignString", "path": ["cls_summary", "all_params", "memory"], "value": "None"}, "version": 13, "at": 1712092425.056555}
{"obj": {"type": "AssignString", "path": ["cls_summary", "all_params", "steps"], "value": "[('rf', RandomForestClassifier(n_estimators=300, random_state=8))]"}, "version": 14, "at": 1712092425.0570529}
{"obj": {"type": "AssignBool", "path": ["cls_summary", "all_params", "verbose"], "value": false}, "version": 15, "at": 1712092425.057142}
{"obj": {"type": "AssignString", "path": ["cls_summary", "all_params", "rf"], "value": "RandomForestClassifier(n_estimators=300, random_state=8)"}, "version": 16, "at": 1712092425.0573928}
{"obj": {"type": "AssignBool", "path": ["cls_summary", "all_params", "rf__bootstrap"], "value": true}, "version": 17, "at": 1712092425.057468}
{"obj": {"type": "AssignFloat", "path": ["cls_summary", "all_params", "rf__ccp_alpha"], "value": 0.0}, "version": 18, "at": 1712092425.057534}
{"obj": {"type": "AssignString", "path": ["cls_summary", "all_params", "rf__class_weight"], "value": "None"}, "version": 19, "at": 1712092425.057599}
{"obj": {"type": "AssignString", "path": ["cls_summary", "all_params", "rf__criterion"], "value": "gini"}, "version": 20, "at": 1712092425.0576582}
{"obj": {"type": "AssignString", "path": ["cls_summary", "all_params", "rf__max_depth"], "value": "None"}, "version": 21, "at": 1712092425.057719}
{"obj": {"type": "AssignString", "path": ["cls_summary", "all_params", "rf__max_features"], "value": "sqrt"}, "version": 22, "at": 1712092425.057777}
{"obj": {"type": "AssignString", "path": ["cls_summary", "all_params", "rf__max_leaf_nodes"], "value": "None"}, "version": 23, "at": 1712092425.057836}
{"obj": {"type": "AssignString", "path": ["cls_summary", "all_params", "rf__max_samples"], "value": "None"}, "version": 24, "at": 1712092425.057895}
{"obj": {"type": "AssignFloat", "path": ["cls_summary", "all_params", "rf__min_impurity_decrease"], "value": 0.0}, "version": 25, "at": 1712092425.05795}
{"obj": {"type": "AssignInt", "path": ["cls_summary", "all_params", "rf__min_samples_leaf"], "value": 1}, "version": 26, "at": 1712092425.0580091}
{"obj": {"type": "AssignInt", "path": ["cls_summary", "all_params", "rf__min_samples_split"], "value": 2}, "version": 27, "at": 1712092425.058064}
{"obj": {"type": "AssignFloat", "path": ["cls_summary", "all_params", "rf__min_weight_fraction_leaf"], "value": 0.0}, "version": 28, "at": 1712092425.0581172}
{"obj": {"type": "AssignInt", "path": ["cls_summary", "all_params", "rf__n_estimators"], "value": 300}, "version": 29, "at": 1712092425.05817}
{"obj": {"type": "AssignString", "path": ["cls_summary", "all_params", "rf__n_jobs"], "value": "None"}, "version": 30, "at": 1712092425.058228}
{"obj": {"type": "AssignBool", "path": ["cls_summary", "all_params", "rf__oob_score"], "value": false}, "version": 31, "at": 1712092425.058281}
{"obj": {"type": "AssignInt", "path": ["cls_summary", "all_params", "rf__random_state"], "value": 8}, "version": 32, "at": 1712092425.058333}
{"obj": {"type": "AssignInt", "path": ["cls_summary", "all_params", "rf__verbose"], "value": 0}, "version": 33, "at": 1712092425.058383}
{"obj": {"type": "AssignBool", "path": ["cls_summary", "all_params", "rf__warm_start"], "value": false}, "version": 34, "at": 1712092425.058435}
{"obj": {"type": "UploadFile", "path": ["cls_summary", "pickled_model"], "ext": "pkl", "file_path": null, "tmp_file_name": "cls_summary_pickled_model-1712092425.058493-2024-04-02_17.13.45.058493.pkl", "clean_after_upload": false}, "version": 35, "at": 1712092425.0815208}
{"obj": {"type": "UploadFile", "path": ["cls_summary", "test", "preds"], "ext": "html", "file_path": null, "tmp_file_name": "cls_summary_test_preds-1712092425.081866-2024-04-02_17.13.45.081866.html", "clean_after_upload": false}, "version": 36, "at": 1712092425.082471}
{"obj": {"type": "UploadFile", "path": ["cls_summary", "test", "preds_proba"], "ext": "html", "file_path": null, "tmp_file_name": "cls_summary_test_preds_proba-1712092425.082657-2024-04-02_17.13.45.082657.html", "clean_after_upload": false}, "version": 37, "at": 1712092425.083053}
{"obj": {"type": "AssignFloat", "path": ["cls_summary", "test", "scores", "class_0", "precision"], "value": 0.8601036269430051}, "version": 38, "at": 1712092425.083294}
{"obj": {"type": "AssignFloat", "path": ["cls_summary", "test", "scores", "class_0", "recall"], "value": 0.5845070422535211}, "version": 39, "at": 1712092425.0834}
{"obj": {"type": "AssignFloat", "path": ["cls_summary", "test", "scores", "class_0", "fbeta_score"], "value": 0.6960167714884696}, "version": 40, "at": 1712092425.083488}
{"obj": {"type": "AssignFloat", "path": ["cls_summary", "test", "scores", "class_0", "support"], "value": 284.0}, "version": 41, "at": 1712092425.08358}
{"obj": {"type": "AssignFloat", "path": ["cls_summary", "test", "scores", "class_1", "precision"], "value": 0.6853333333333333}, "version": 42, "at": 1712092425.08371}
{"obj": {"type": "AssignFloat", "path": ["cls_summary", "test", "scores", "class_1", "recall"], "value": 0.9049295774647887}, "version": 43, "at": 1712092425.083798}
{"obj": {"type": "AssignFloat", "path": ["cls_summary", "test", "scores", "class_1", "fbeta_score"], "value": 0.7799696509863429}, "version": 44, "at": 1712092425.083888}
{"obj": {"type": "AssignFloat", "path": ["cls_summary", "test", "scores", "class_1", "support"], "value": 284.0}, "version": 45, "at": 1712092425.0839748}
{"obj": {"type": "UploadFile", "path": ["cls_summary", "diagnostics_charts", "classification_report"], "ext": "png", "file_path": null, "tmp_file_name": "cls_summary_diagnostics_charts_classification_report-1712092425.084105-2024-04-02_17.13.45.084105.png", "clean_after_upload": false}, "version": 46, "at": 1712092425.084419}
{"obj": {"type": "UploadFile", "path": ["cls_summary", "diagnostics_charts", "confusion_matrix"], "ext": "png", "file_path": null, "tmp_file_name": "cls_summary_diagnostics_charts_confusion_matrix-1712092425.084534-2024-04-02_17.13.45.084534.png", "clean_after_upload": false}, "version": 47, "at": 1712092425.084842}
{"obj": {"type": "UploadFile", "path": ["cls_summary", "diagnostics_charts", "ROC_AUC"], "ext": "png", "file_path": null, "tmp_file_name": "cls_summary_diagnostics_charts_ROC_AUC-1712092425.08494-2024-04-02_17.13.45.084940.png", "clean_after_upload": false}, "version": 48, "at": 1712092425.085222}
{"obj": {"type": "UploadFile", "path": ["cls_summary", "diagnostics_charts", "precision_recall"], "ext": "png", "file_path": null, "tmp_file_name": "cls_summary_diagnostics_charts_precision_recall-1712092425.085398-2024-04-02_17.13.45.085398.png", "clean_after_upload": false}, "version": 49, "at": 1712092425.0859}
{"obj": {"type": "UploadFile", "path": ["cls_summary", "diagnostics_charts", "class_prediction_error"], "ext": "png", "file_path": null, "tmp_file_name": "cls_summary_diagnostics_charts_class_prediction_error-1712092425.086119-2024-04-02_17.13.45.086119.png", "clean_after_upload": false}, "version": 50, "at": 1712092425.086564}
{"obj": {"type": "AssignString", "path": ["cls_summary", "integration", "about", "neptune-sklearn"], "value": "2.1.0"}, "version": 51, "at": 1712092425.086785}
{"obj": {"type": "AssignInt", "path": ["params", "rf__min_samples_split"], "value": 2}, "version": 52, "at": 1712092425.0944798}
{"obj": {"type": "AssignInt", "path": ["params", "rf__n_estimators"], "value": 300}, "version": 53, "at": 1712092425.095032}
{"obj": {"type": "UploadFile", "path": ["data", "feature_importance"], "ext": "html", "file_path": null, "tmp_file_name": "data_feature_importance-1712092617.931318-2024-04-02_17.16.57.931318.html", "clean_after_upload": false}, "version": 54, "at": 1712092617.934307}
{"obj": {"type": "UploadFile", "path": ["feature_importance"], "ext": "png", "file_path": "/Users/shehjarsadhu/Desktop/UniversityOfRhodeIsland/Graduate/WBL/Project_Q2Behave/GitQ2Bheave/q2behave_data_analysis/jupyternotebooks/ML_Toolbox/feature_importance.png", "tmp_file_name": null, "clean_after_upload": false}, "version": 55, "at": 1712092618.0211751}
{"obj": {"type": "UploadFile", "path": ["roc_curve"], "ext": "png", "file_path": "/Users/shehjarsadhu/Desktop/UniversityOfRhodeIsland/Graduate/WBL/Project_Q2Behave/GitQ2Bheave/q2behave_data_analysis/jupyternotebooks/ML_Toolbox/roc_curve_class.png", "tmp_file_name": null, "clean_after_upload": false}, "version": 56, "at": 1712092618.149274}
{"obj": {"type": "AssignFloat", "path": ["precision"], "value": 0.7727184801381692}, "version": 57, "at": 1712092618.379519}
{"obj": {"type": "AssignFloat", "path": ["recall"], "value": 0.7447183098591549}, "version": 58, "at": 1712092618.37996}
{"obj": {"type": "AssignFloat", "path": ["f1_score"], "value": 0.7379932112374062}, "version": 59, "at": 1712092618.380186}
{"obj": {"type": "AssignFloat", "path": ["mean_train_accuracy"], "value": 0.9973572938689218}, "version": 60, "at": 1712092618.380314}
{"obj": {"type": "AssignFloat", "path": ["mean_test_accuracy"], "value": 0.6314305849189569}, "version": 61, "at": 1712092618.380606}
{"obj": {"type": "AssignFloat", "path": ["mean_sensitivity"], "value": 0.6405919661733616}, "version": 62, "at": 1712092618.3808918}
