{"obj": {"type": "AssignString", "path": ["sys", "name"], "value": "7-Foldtest_size_0.2_RF"}, "version": 1, "at": 1708189130.440435}
{"obj": {"type": "AssignString", "path": ["sys", "description"], "value": ""}, "version": 2, "at": 1708189130.440876}
{"obj": {"type": "AssignString", "path": ["monitoring", "9cf7f3c7", "hostname"], "value": "156.4.20.172.s.wireless.uri.edu"}, "version": 3, "at": 1708189130.441099}
{"obj": {"type": "AssignString", "path": ["sys", "hostname"], "value": "156.4.20.172.s.wireless.uri.edu"}, "version": 4, "at": 1708189130.441275}
{"obj": {"type": "AssignString", "path": ["monitoring", "9cf7f3c7", "pid"], "value": "7372"}, "version": 5, "at": 1708189130.441866}
{"obj": {"type": "AssignString", "path": ["monitoring", "9cf7f3c7", "tid"], "value": "140704465368640"}, "version": 6, "at": 1708189130.442073}
{"obj": {"type": "AssignBool", "path": ["sys", "failed"], "value": false}, "version": 7, "at": 1708189130.4422028}
{"obj": {"type": "UploadFile", "path": ["data", "feature_table"], "ext": "html", "file_path": null, "tmp_file_name": "data_feature_table-1708189130.508283-2024-02-17_11.58.50.508283.html", "clean_after_upload": false}, "version": 8, "at": 1708189130.509789}
{"obj": {"type": "UploadFile", "path": ["data", "test_data"], "ext": "html", "file_path": null, "tmp_file_name": "data_test_data-1708189149.68607-2024-02-17_11.59.09.686070.html", "clean_after_upload": false}, "version": 9, "at": 1708189149.686528}
{"obj": {"type": "AssignString", "path": ["cls_summary", "all_params", "memory"], "value": "None"}, "version": 10, "at": 1708189150.943372}
{"obj": {"type": "AssignString", "path": ["cls_summary", "all_params", "steps"], "value": "[('rf', RandomForestClassifier(n_estimators=300, random_state=8))]"}, "version": 11, "at": 1708189150.943787}
{"obj": {"type": "AssignBool", "path": ["cls_summary", "all_params", "verbose"], "value": false}, "version": 12, "at": 1708189150.943994}
{"obj": {"type": "AssignString", "path": ["cls_summary", "all_params", "rf"], "value": "RandomForestClassifier(n_estimators=300, random_state=8)"}, "version": 13, "at": 1708189150.944273}
{"obj": {"type": "AssignBool", "path": ["cls_summary", "all_params", "rf__bootstrap"], "value": true}, "version": 14, "at": 1708189150.9443798}
{"obj": {"type": "AssignFloat", "path": ["cls_summary", "all_params", "rf__ccp_alpha"], "value": 0.0}, "version": 15, "at": 1708189150.944561}
{"obj": {"type": "AssignString", "path": ["cls_summary", "all_params", "rf__class_weight"], "value": "None"}, "version": 16, "at": 1708189150.944659}
{"obj": {"type": "AssignString", "path": ["cls_summary", "all_params", "rf__criterion"], "value": "gini"}, "version": 17, "at": 1708189150.944724}
{"obj": {"type": "AssignString", "path": ["cls_summary", "all_params", "rf__max_depth"], "value": "None"}, "version": 18, "at": 1708189150.944847}
{"obj": {"type": "AssignString", "path": ["cls_summary", "all_params", "rf__max_features"], "value": "sqrt"}, "version": 19, "at": 1708189150.944942}
{"obj": {"type": "AssignString", "path": ["cls_summary", "all_params", "rf__max_leaf_nodes"], "value": "None"}, "version": 20, "at": 1708189150.945045}
{"obj": {"type": "AssignString", "path": ["cls_summary", "all_params", "rf__max_samples"], "value": "None"}, "version": 21, "at": 1708189150.9451442}
{"obj": {"type": "AssignFloat", "path": ["cls_summary", "all_params", "rf__min_impurity_decrease"], "value": 0.0}, "version": 22, "at": 1708189150.9452338}
{"obj": {"type": "AssignInt", "path": ["cls_summary", "all_params", "rf__min_samples_leaf"], "value": 1}, "version": 23, "at": 1708189150.9453282}
{"obj": {"type": "AssignInt", "path": ["cls_summary", "all_params", "rf__min_samples_split"], "value": 2}, "version": 24, "at": 1708189150.945411}
{"obj": {"type": "AssignFloat", "path": ["cls_summary", "all_params", "rf__min_weight_fraction_leaf"], "value": 0.0}, "version": 25, "at": 1708189150.945503}
{"obj": {"type": "AssignInt", "path": ["cls_summary", "all_params", "rf__n_estimators"], "value": 300}, "version": 26, "at": 1708189150.945584}
{"obj": {"type": "AssignString", "path": ["cls_summary", "all_params", "rf__n_jobs"], "value": "None"}, "version": 27, "at": 1708189150.945676}
{"obj": {"type": "AssignBool", "path": ["cls_summary", "all_params", "rf__oob_score"], "value": false}, "version": 28, "at": 1708189150.945761}
{"obj": {"type": "AssignInt", "path": ["cls_summary", "all_params", "rf__random_state"], "value": 8}, "version": 29, "at": 1708189150.945844}
{"obj": {"type": "AssignInt", "path": ["cls_summary", "all_params", "rf__verbose"], "value": 0}, "version": 30, "at": 1708189150.945911}
{"obj": {"type": "AssignBool", "path": ["cls_summary", "all_params", "rf__warm_start"], "value": false}, "version": 31, "at": 1708189150.9459698}
{"obj": {"type": "UploadFile", "path": ["cls_summary", "pickled_model"], "ext": "pkl", "file_path": null, "tmp_file_name": "cls_summary_pickled_model-1708189150.946048-2024-02-17_11.59.10.946048.pkl", "clean_after_upload": false}, "version": 32, "at": 1708189150.946581}
{"obj": {"type": "UploadFile", "path": ["cls_summary", "test", "preds"], "ext": "html", "file_path": null, "tmp_file_name": "cls_summary_test_preds-1708189150.946734-2024-02-17_11.59.10.946734.html", "clean_after_upload": false}, "version": 33, "at": 1708189150.946969}
{"obj": {"type": "UploadFile", "path": ["cls_summary", "test", "preds_proba"], "ext": "html", "file_path": null, "tmp_file_name": "cls_summary_test_preds_proba-1708189150.947048-2024-02-17_11.59.10.947048.html", "clean_after_upload": false}, "version": 34, "at": 1708189150.94727}
{"obj": {"type": "AssignFloat", "path": ["cls_summary", "test", "scores", "class_0", "precision"], "value": 0.8260869565217391}, "version": 35, "at": 1708189150.9475899}
{"obj": {"type": "AssignFloat", "path": ["cls_summary", "test", "scores", "class_0", "recall"], "value": 0.76}, "version": 36, "at": 1708189150.9477382}
{"obj": {"type": "AssignFloat", "path": ["cls_summary", "test", "scores", "class_0", "fbeta_score"], "value": 0.7916666666666667}, "version": 37, "at": 1708189150.9478369}
{"obj": {"type": "AssignFloat", "path": ["cls_summary", "test", "scores", "class_0", "support"], "value": 25.0}, "version": 38, "at": 1708189150.9479392}
{"obj": {"type": "AssignFloat", "path": ["cls_summary", "test", "scores", "class_1", "precision"], "value": 0.4}, "version": 39, "at": 1708189150.9481118}
{"obj": {"type": "AssignFloat", "path": ["cls_summary", "test", "scores", "class_1", "recall"], "value": 0.5}, "version": 40, "at": 1708189150.948237}
{"obj": {"type": "AssignFloat", "path": ["cls_summary", "test", "scores", "class_1", "fbeta_score"], "value": 0.4444444444444445}, "version": 41, "at": 1708189150.9483478}
{"obj": {"type": "AssignFloat", "path": ["cls_summary", "test", "scores", "class_1", "support"], "value": 8.0}, "version": 42, "at": 1708189150.948459}
{"obj": {"type": "UploadFile", "path": ["cls_summary", "diagnostics_charts", "classification_report"], "ext": "png", "file_path": null, "tmp_file_name": "cls_summary_diagnostics_charts_classification_report-1708189150.948582-2024-02-17_11.59.10.948582.png", "clean_after_upload": false}, "version": 43, "at": 1708189150.948926}
{"obj": {"type": "UploadFile", "path": ["cls_summary", "diagnostics_charts", "confusion_matrix"], "ext": "png", "file_path": null, "tmp_file_name": "cls_summary_diagnostics_charts_confusion_matrix-1708189150.949022-2024-02-17_11.59.10.949022.png", "clean_after_upload": false}, "version": 44, "at": 1708189150.949258}
{"obj": {"type": "UploadFile", "path": ["cls_summary", "diagnostics_charts", "ROC_AUC"], "ext": "png", "file_path": null, "tmp_file_name": "cls_summary_diagnostics_charts_ROC_AUC-1708189150.949343-2024-02-17_11.59.10.949343.png", "clean_after_upload": false}, "version": 45, "at": 1708189150.949644}
{"obj": {"type": "UploadFile", "path": ["cls_summary", "diagnostics_charts", "precision_recall"], "ext": "png", "file_path": null, "tmp_file_name": "cls_summary_diagnostics_charts_precision_recall-1708189150.949793-2024-02-17_11.59.10.949793.png", "clean_after_upload": false}, "version": 46, "at": 1708189150.9500852}
{"obj": {"type": "UploadFile", "path": ["cls_summary", "diagnostics_charts", "class_prediction_error"], "ext": "png", "file_path": null, "tmp_file_name": "cls_summary_diagnostics_charts_class_prediction_error-1708189150.950178-2024-02-17_11.59.10.950178.png", "clean_after_upload": false}, "version": 47, "at": 1708189150.9503949}
{"obj": {"type": "AssignString", "path": ["cls_summary", "integration", "about", "neptune-sklearn"], "value": "2.1.0"}, "version": 48, "at": 1708189150.95051}
{"obj": {"type": "AssignInt", "path": ["params", "rf__min_samples_split"], "value": 2}, "version": 49, "at": 1708189150.9506712}
{"obj": {"type": "AssignInt", "path": ["params", "rf__n_estimators"], "value": 300}, "version": 50, "at": 1708189150.950732}
{"obj": {"type": "UploadFile", "path": ["roc_curve"], "ext": "png", "file_path": "/Users/shehjarsadhu/Desktop/UniversityOfRhodeIsland/Graduate/WBL/Project_Q2Behave/GitQ2Bheave/q2behave_data_analysis/jupyternotebooks/roc_curve_class.png", "tmp_file_name": null, "clean_after_upload": false}, "version": 51, "at": 1708189153.848968}
{"obj": {"type": "AssignFloat", "path": ["precision"], "value": 0.7227931488801054}, "version": 52, "at": 1708189154.0379992}
{"obj": {"type": "AssignFloat", "path": ["recall"], "value": 0.696969696969697}, "version": 53, "at": 1708189154.038452}
{"obj": {"type": "AssignFloat", "path": ["f1_score"], "value": 0.7074915824915826}, "version": 54, "at": 1708189154.0385668}
{"obj": {"type": "AssignFloat", "path": ["mean_train_accuracy"], "value": 1.0}, "version": 55, "at": 1708189154.038665}
{"obj": {"type": "AssignFloat", "path": ["mean_test_accuracy"], "value": 0.6857142857142857}, "version": 56, "at": 1708189154.038754}
{"obj": {"type": "AssignFloat", "path": ["mean_sensitivity"], "value": 0.6904761904761905}, "version": 57, "at": 1708189154.0388422}
